<testsuites id="" name="" tests="336" failures="334" skipped="0" errors="0" time="205.25962100000004">
<testsuite name="accessibility.spec.ts" timestamp="2025-11-02T17:37:24.527Z" hostname="Desktop Chrome" tests="10" failures="10" skipped="0" time="0.186" errors="0">
<testcase name="Accessibility › should not have accessibility violations on auth page" classname="accessibility.spec.ts" time="0.009">
<failure message="accessibility.spec.ts:5:3 should not have accessibility violations on auth page" type="FAILURE">
<![CDATA[  [Desktop Chrome] › accessibility.spec.ts:5:3 › Accessibility › should not have accessibility violations on auth page 

    Error: browserType.launch: Executable doesn't exist at C:\Users\tomto\AppData\Local\ms-playwright\chromium_headless_shell-1194\chrome-win\headless_shell.exe
    ╔═════════════════════════════════════════════════════════════════════════╗
    ║ Looks like Playwright Test or Playwright was just installed or updated. ║
    ║ Please run the following command to download new browsers:              ║
    ║                                                                         ║
    ║     npx playwright install                                              ║
    ║                                                                         ║
    ║ <3 Playwright Team                                                      ║
    ╚═════════════════════════════════════════════════════════════════════════╝

    attachment #1: trace (application/zip) ─────────────────────────────────────────────────────────
    ..\..\test-results\accessibility-Accessibilit-30974-ity-violations-on-auth-page-Desktop-Chrome\trace.zip
    Usage:

        npx playwright show-trace ..\..\test-results\accessibility-Accessibilit-30974-ity-violations-on-auth-page-Desktop-Chrome\trace.zip

    ────────────────────────────────────────────────────────────────────────────────────────────────
]]>
</failure>
<system-out>
<![CDATA[
[[ATTACHMENT|accessibility-Accessibilit-30974-ity-violations-on-auth-page-Desktop-Chrome\trace.zip]]
]]>
</system-out>
</testcase>
<testcase name="Accessibility › should not have accessibility violations on dashboard" classname="accessibility.spec.ts" time="0.032">
<failure message="accessibility.spec.ts:15:3 should not have accessibility violations on dashboard" type="FAILURE">
<![CDATA[  [Desktop Chrome] › accessibility.spec.ts:15:3 › Accessibility › should not have accessibility violations on dashboard 

    Error: browserType.launch: Executable doesn't exist at C:\Users\tomto\AppData\Local\ms-playwright\chromium_headless_shell-1194\chrome-win\headless_shell.exe
    ╔═════════════════════════════════════════════════════════════════════════╗
    ║ Looks like Playwright Test or Playwright was just installed or updated. ║
    ║ Please run the following command to download new browsers:              ║
    ║                                                                         ║
    ║     npx playwright install                                              ║
    ║                                                                         ║
    ║ <3 Playwright Team                                                      ║
    ╚═════════════════════════════════════════════════════════════════════════╝

    attachment #1: trace (application/zip) ─────────────────────────────────────────────────────────
    ..\..\test-results\accessibility-Accessibilit-12387-ity-violations-on-dashboard-Desktop-Chrome\trace.zip
    Usage:

        npx playwright show-trace ..\..\test-results\accessibility-Accessibilit-12387-ity-violations-on-dashboard-Desktop-Chrome\trace.zip

    ────────────────────────────────────────────────────────────────────────────────────────────────
]]>
</failure>
<system-out>
<![CDATA[
[[ATTACHMENT|accessibility-Accessibilit-12387-ity-violations-on-dashboard-Desktop-Chrome\trace.zip]]
]]>
</system-out>
</testcase>
<testcase name="Accessibility › should have proper heading hierarchy" classname="accessibility.spec.ts" time="0.013">
<failure message="accessibility.spec.ts:33:3 should have proper heading hierarchy" type="FAILURE">
<![CDATA[  [Desktop Chrome] › accessibility.spec.ts:33:3 › Accessibility › should have proper heading hierarchy 

    Error: browserType.launch: Executable doesn't exist at C:\Users\tomto\AppData\Local\ms-playwright\chromium_headless_shell-1194\chrome-win\headless_shell.exe
    ╔═════════════════════════════════════════════════════════════════════════╗
    ║ Looks like Playwright Test or Playwright was just installed or updated. ║
    ║ Please run the following command to download new browsers:              ║
    ║                                                                         ║
    ║     npx playwright install                                              ║
    ║                                                                         ║
    ║ <3 Playwright Team                                                      ║
    ╚═════════════════════════════════════════════════════════════════════════╝

    attachment #1: trace (application/zip) ─────────────────────────────────────────────────────────
    ..\..\test-results\accessibility-Accessibilit-2480b-ve-proper-heading-hierarchy-Desktop-Chrome\trace.zip
    Usage:

        npx playwright show-trace ..\..\test-results\accessibility-Accessibilit-2480b-ve-proper-heading-hierarchy-Desktop-Chrome\trace.zip

    ────────────────────────────────────────────────────────────────────────────────────────────────
]]>
</failure>
<system-out>
<![CDATA[
[[ATTACHMENT|accessibility-Accessibilit-2480b-ve-proper-heading-hierarchy-Desktop-Chrome\trace.zip]]
]]>
</system-out>
</testcase>
<testcase name="Accessibility › all images should have alt text" classname="accessibility.spec.ts" time="0.012">
<failure message="accessibility.spec.ts:54:3 all images should have alt text" type="FAILURE">
<![CDATA[  [Desktop Chrome] › accessibility.spec.ts:54:3 › Accessibility › all images should have alt text ──

    Error: browserType.launch: Executable doesn't exist at C:\Users\tomto\AppData\Local\ms-playwright\chromium_headless_shell-1194\chrome-win\headless_shell.exe
    ╔═════════════════════════════════════════════════════════════════════════╗
    ║ Looks like Playwright Test or Playwright was just installed or updated. ║
    ║ Please run the following command to download new browsers:              ║
    ║                                                                         ║
    ║     npx playwright install                                              ║
    ║                                                                         ║
    ║ <3 Playwright Team                                                      ║
    ╚═════════════════════════════════════════════════════════════════════════╝

    attachment #1: trace (application/zip) ─────────────────────────────────────────────────────────
    ..\..\test-results\accessibility-Accessibility-all-images-should-have-alt-text-Desktop-Chrome\trace.zip
    Usage:

        npx playwright show-trace ..\..\test-results\accessibility-Accessibility-all-images-should-have-alt-text-Desktop-Chrome\trace.zip

    ────────────────────────────────────────────────────────────────────────────────────────────────
]]>
</failure>
<system-out>
<![CDATA[
[[ATTACHMENT|accessibility-Accessibility-all-images-should-have-alt-text-Desktop-Chrome\trace.zip]]
]]>
</system-out>
</testcase>
<testcase name="Accessibility › all buttons should have accessible names" classname="accessibility.spec.ts" time="0.016">
<failure message="accessibility.spec.ts:66:3 all buttons should have accessible names" type="FAILURE">
<![CDATA[  [Desktop Chrome] › accessibility.spec.ts:66:3 › Accessibility › all buttons should have accessible names 

    Error: browserType.launch: Executable doesn't exist at C:\Users\tomto\AppData\Local\ms-playwright\chromium_headless_shell-1194\chrome-win\headless_shell.exe
    ╔═════════════════════════════════════════════════════════════════════════╗
    ║ Looks like Playwright Test or Playwright was just installed or updated. ║
    ║ Please run the following command to download new browsers:              ║
    ║                                                                         ║
    ║     npx playwright install                                              ║
    ║                                                                         ║
    ║ <3 Playwright Team                                                      ║
    ╚═════════════════════════════════════════════════════════════════════════╝

    attachment #1: trace (application/zip) ─────────────────────────────────────────────────────────
    ..\..\test-results\accessibility-Accessibilit-c9276-hould-have-accessible-names-Desktop-Chrome\trace.zip
    Usage:

        npx playwright show-trace ..\..\test-results\accessibility-Accessibilit-c9276-hould-have-accessible-names-Desktop-Chrome\trace.zip

    ────────────────────────────────────────────────────────────────────────────────────────────────
]]>
</failure>
<system-out>
<![CDATA[
[[ATTACHMENT|accessibility-Accessibilit-c9276-hould-have-accessible-names-Desktop-Chrome\trace.zip]]
]]>
</system-out>
</testcase>
<testcase name="Accessibility › focus indicators should be visible" classname="accessibility.spec.ts" time="0.033">
<failure message="accessibility.spec.ts:80:3 focus indicators should be visible" type="FAILURE">
<![CDATA[  [Desktop Chrome] › accessibility.spec.ts:80:3 › Accessibility › focus indicators should be visible 

    Error: browserType.launch: Executable doesn't exist at C:\Users\tomto\AppData\Local\ms-playwright\chromium_headless_shell-1194\chrome-win\headless_shell.exe
    ╔═════════════════════════════════════════════════════════════════════════╗
    ║ Looks like Playwright Test or Playwright was just installed or updated. ║
    ║ Please run the following command to download new browsers:              ║
    ║                                                                         ║
    ║     npx playwright install                                              ║
    ║                                                                         ║
    ║ <3 Playwright Team                                                      ║
    ╚═════════════════════════════════════════════════════════════════════════╝

    attachment #1: trace (application/zip) ─────────────────────────────────────────────────────────
    ..\..\test-results\accessibility-Accessibilit-0565f-ndicators-should-be-visible-Desktop-Chrome\trace.zip
    Usage:

        npx playwright show-trace ..\..\test-results\accessibility-Accessibilit-0565f-ndicators-should-be-visible-Desktop-Chrome\trace.zip

    ────────────────────────────────────────────────────────────────────────────────────────────────
]]>
</failure>
<system-out>
<![CDATA[
[[ATTACHMENT|accessibility-Accessibilit-0565f-ndicators-should-be-visible-Desktop-Chrome\trace.zip]]
]]>
</system-out>
</testcase>
<testcase name="Accessibility › dialog should trap focus" classname="accessibility.spec.ts" time="0.021">
<failure message="accessibility.spec.ts:94:3 dialog should trap focus" type="FAILURE">
<![CDATA[  [Desktop Chrome] › accessibility.spec.ts:94:3 › Accessibility › dialog should trap focus ─────────

    Error: browserType.launch: Executable doesn't exist at C:\Users\tomto\AppData\Local\ms-playwright\chromium_headless_shell-1194\chrome-win\headless_shell.exe
    ╔═════════════════════════════════════════════════════════════════════════╗
    ║ Looks like Playwright Test or Playwright was just installed or updated. ║
    ║ Please run the following command to download new browsers:              ║
    ║                                                                         ║
    ║     npx playwright install                                              ║
    ║                                                                         ║
    ║ <3 Playwright Team                                                      ║
    ╚═════════════════════════════════════════════════════════════════════════╝

    attachment #1: trace (application/zip) ─────────────────────────────────────────────────────────
    ..\..\test-results\accessibility-Accessibility-dialog-should-trap-focus-Desktop-Chrome\trace.zip
    Usage:

        npx playwright show-trace ..\..\test-results\accessibility-Accessibility-dialog-should-trap-focus-Desktop-Chrome\trace.zip

    ────────────────────────────────────────────────────────────────────────────────────────────────
]]>
</failure>
<system-out>
<![CDATA[
[[ATTACHMENT|accessibility-Accessibility-dialog-should-trap-focus-Desktop-Chrome\trace.zip]]
]]>
</system-out>
</testcase>
<testcase name="Accessibility › should support keyboard navigation" classname="accessibility.spec.ts" time="0.012">
<failure message="accessibility.spec.ts:124:3 should support keyboard navigation" type="FAILURE">
<![CDATA[  [Desktop Chrome] › accessibility.spec.ts:124:3 › Accessibility › should support keyboard navigation 

    Error: browserType.launch: Executable doesn't exist at C:\Users\tomto\AppData\Local\ms-playwright\chromium_headless_shell-1194\chrome-win\headless_shell.exe
    ╔═════════════════════════════════════════════════════════════════════════╗
    ║ Looks like Playwright Test or Playwright was just installed or updated. ║
    ║ Please run the following command to download new browsers:              ║
    ║                                                                         ║
    ║     npx playwright install                                              ║
    ║                                                                         ║
    ║ <3 Playwright Team                                                      ║
    ╚═════════════════════════════════════════════════════════════════════════╝

    attachment #1: trace (application/zip) ─────────────────────────────────────────────────────────
    ..\..\test-results\accessibility-Accessibilit-575e3-support-keyboard-navigation-Desktop-Chrome\trace.zip
    Usage:

        npx playwright show-trace ..\..\test-results\accessibility-Accessibilit-575e3-support-keyboard-navigation-Desktop-Chrome\trace.zip

    ────────────────────────────────────────────────────────────────────────────────────────────────
]]>
</failure>
<system-out>
<![CDATA[
[[ATTACHMENT|accessibility-Accessibilit-575e3-support-keyboard-navigation-Desktop-Chrome\trace.zip]]
]]>
</system-out>
</testcase>
<testcase name="Accessibility › should have minimum tap target sizes on mobile" classname="accessibility.spec.ts" time="0.022">
<failure message="accessibility.spec.ts:148:3 should have minimum tap target sizes on mobile" type="FAILURE">
<![CDATA[  [Desktop Chrome] › accessibility.spec.ts:148:3 › Accessibility › should have minimum tap target sizes on mobile 

    Error: browserType.launch: Executable doesn't exist at C:\Users\tomto\AppData\Local\ms-playwright\chromium_headless_shell-1194\chrome-win\headless_shell.exe
    ╔═════════════════════════════════════════════════════════════════════════╗
    ║ Looks like Playwright Test or Playwright was just installed or updated. ║
    ║ Please run the following command to download new browsers:              ║
    ║                                                                         ║
    ║     npx playwright install                                              ║
    ║                                                                         ║
    ║ <3 Playwright Team                                                      ║
    ╚═════════════════════════════════════════════════════════════════════════╝

    attachment #1: trace (application/zip) ─────────────────────────────────────────────────────────
    ..\..\test-results\accessibility-Accessibilit-8d9d8--tap-target-sizes-on-mobile-Desktop-Chrome\trace.zip
    Usage:

        npx playwright show-trace ..\..\test-results\accessibility-Accessibilit-8d9d8--tap-target-sizes-on-mobile-Desktop-Chrome\trace.zip

    ────────────────────────────────────────────────────────────────────────────────────────────────
]]>
</failure>
<system-out>
<![CDATA[
[[ATTACHMENT|accessibility-Accessibilit-8d9d8--tap-target-sizes-on-mobile-Desktop-Chrome\trace.zip]]
]]>
</system-out>
</testcase>
<testcase name="Accessibility › should have adequate color contrast" classname="accessibility.spec.ts" time="0.016">
<failure message="accessibility.spec.ts:164:3 should have adequate color contrast" type="FAILURE">
<![CDATA[  [Desktop Chrome] › accessibility.spec.ts:164:3 › Accessibility › should have adequate color contrast 

    Error: browserType.launch: Executable doesn't exist at C:\Users\tomto\AppData\Local\ms-playwright\chromium_headless_shell-1194\chrome-win\headless_shell.exe
    ╔═════════════════════════════════════════════════════════════════════════╗
    ║ Looks like Playwright Test or Playwright was just installed or updated. ║
    ║ Please run the following command to download new browsers:              ║
    ║                                                                         ║
    ║     npx playwright install                                              ║
    ║                                                                         ║
    ║ <3 Playwright Team                                                      ║
    ╚═════════════════════════════════════════════════════════════════════════╝

    attachment #1: trace (application/zip) ─────────────────────────────────────────────────────────
    ..\..\test-results\accessibility-Accessibilit-0da61-ave-adequate-color-contrast-Desktop-Chrome\trace.zip
    Usage:

        npx playwright show-trace ..\..\test-results\accessibility-Accessibilit-0da61-ave-adequate-color-contrast-Desktop-Chrome\trace.zip

    ────────────────────────────────────────────────────────────────────────────────────────────────
]]>
</failure>
<system-out>
<![CDATA[
[[ATTACHMENT|accessibility-Accessibilit-0da61-ave-adequate-color-contrast-Desktop-Chrome\trace.zip]]
]]>
</system-out>
</testcase>
</testsuite>
<testsuite name="appointments.spec.ts" timestamp="2025-11-02T17:37:24.527Z" hostname="Desktop Chrome" tests="8" failures="8" skipped="0" time="0.34" errors="0">
<testcase name="Appointments Management › should display appointments list" classname="appointments.spec.ts" time="0.05">
<failure message="appointments.spec.ts:18:3 should display appointments list" type="FAILURE">
<![CDATA[  [Desktop Chrome] › appointments.spec.ts:18:3 › Appointments Management › should display appointments list 

    Error: browserType.launch: Executable doesn't exist at C:\Users\tomto\AppData\Local\ms-playwright\chromium_headless_shell-1194\chrome-win\headless_shell.exe
    ╔═════════════════════════════════════════════════════════════════════════╗
    ║ Looks like Playwright Test or Playwright was just installed or updated. ║
    ║ Please run the following command to download new browsers:              ║
    ║                                                                         ║
    ║     npx playwright install                                              ║
    ║                                                                         ║
    ║ <3 Playwright Team                                                      ║
    ╚═════════════════════════════════════════════════════════════════════════╝

    attachment #1: trace (application/zip) ─────────────────────────────────────────────────────────
    ..\..\test-results\appointments-Appointments--f06d2-d-display-appointments-list-Desktop-Chrome\trace.zip
    Usage:

        npx playwright show-trace ..\..\test-results\appointments-Appointments--f06d2-d-display-appointments-list-Desktop-Chrome\trace.zip

    ────────────────────────────────────────────────────────────────────────────────────────────────
]]>
</failure>
<system-out>
<![CDATA[
[[ATTACHMENT|appointments-Appointments--f06d2-d-display-appointments-list-Desktop-Chrome\trace.zip]]
]]>
</system-out>
</testcase>
<testcase name="Appointments Management › should filter appointments by status" classname="appointments.spec.ts" time="0.024">
<failure message="appointments.spec.ts:27:3 should filter appointments by status" type="FAILURE">
<![CDATA[  [Desktop Chrome] › appointments.spec.ts:27:3 › Appointments Management › should filter appointments by status 

    Error: browserType.launch: Executable doesn't exist at C:\Users\tomto\AppData\Local\ms-playwright\chromium_headless_shell-1194\chrome-win\headless_shell.exe
    ╔═════════════════════════════════════════════════════════════════════════╗
    ║ Looks like Playwright Test or Playwright was just installed or updated. ║
    ║ Please run the following command to download new browsers:              ║
    ║                                                                         ║
    ║     npx playwright install                                              ║
    ║                                                                         ║
    ║ <3 Playwright Team                                                      ║
    ╚═════════════════════════════════════════════════════════════════════════╝

    attachment #1: trace (application/zip) ─────────────────────────────────────────────────────────
    ..\..\test-results\appointments-Appointments--5db5d-lter-appointments-by-status-Desktop-Chrome\trace.zip
    Usage:

        npx playwright show-trace ..\..\test-results\appointments-Appointments--5db5d-lter-appointments-by-status-Desktop-Chrome\trace.zip

    ────────────────────────────────────────────────────────────────────────────────────────────────
]]>
</failure>
<system-out>
<![CDATA[
[[ATTACHMENT|appointments-Appointments--5db5d-lter-appointments-by-status-Desktop-Chrome\trace.zip]]
]]>
</system-out>
</testcase>
<testcase name="Appointments Management › should search appointments by client name" classname="appointments.spec.ts" time="0.027">
<failure message="appointments.spec.ts:43:3 should search appointments by client name" type="FAILURE">
<![CDATA[  [Desktop Chrome] › appointments.spec.ts:43:3 › Appointments Management › should search appointments by client name 

    Error: browserType.launch: Executable doesn't exist at C:\Users\tomto\AppData\Local\ms-playwright\chromium_headless_shell-1194\chrome-win\headless_shell.exe
    ╔═════════════════════════════════════════════════════════════════════════╗
    ║ Looks like Playwright Test or Playwright was just installed or updated. ║
    ║ Please run the following command to download new browsers:              ║
    ║                                                                         ║
    ║     npx playwright install                                              ║
    ║                                                                         ║
    ║ <3 Playwright Team                                                      ║
    ╚═════════════════════════════════════════════════════════════════════════╝

    attachment #1: trace (application/zip) ─────────────────────────────────────────────────────────
    ..\..\test-results\appointments-Appointments--14a94-appointments-by-client-name-Desktop-Chrome\trace.zip
    Usage:

        npx playwright show-trace ..\..\test-results\appointments-Appointments--14a94-appointments-by-client-name-Desktop-Chrome\trace.zip

    ────────────────────────────────────────────────────────────────────────────────────────────────
]]>
</failure>
<system-out>
<![CDATA[
[[ATTACHMENT|appointments-Appointments--14a94-appointments-by-client-name-Desktop-Chrome\trace.zip]]
]]>
</system-out>
</testcase>
<testcase name="Appointments Management › should open appointment details dialog" classname="appointments.spec.ts" time="0.067">
<failure message="appointments.spec.ts:56:3 should open appointment details dialog" type="FAILURE">
<![CDATA[  [Desktop Chrome] › appointments.spec.ts:56:3 › Appointments Management › should open appointment details dialog 

    Error: browserType.launch: Executable doesn't exist at C:\Users\tomto\AppData\Local\ms-playwright\chromium_headless_shell-1194\chrome-win\headless_shell.exe
    ╔═════════════════════════════════════════════════════════════════════════╗
    ║ Looks like Playwright Test or Playwright was just installed or updated. ║
    ║ Please run the following command to download new browsers:              ║
    ║                                                                         ║
    ║     npx playwright install                                              ║
    ║                                                                         ║
    ║ <3 Playwright Team                                                      ║
    ╚═════════════════════════════════════════════════════════════════════════╝

    attachment #1: trace (application/zip) ─────────────────────────────────────────────────────────
    ..\..\test-results\appointments-Appointments--17806--appointment-details-dialog-Desktop-Chrome\trace.zip
    Usage:

        npx playwright show-trace ..\..\test-results\appointments-Appointments--17806--appointment-details-dialog-Desktop-Chrome\trace.zip

    ────────────────────────────────────────────────────────────────────────────────────────────────
]]>
</failure>
<system-out>
<![CDATA[
[[ATTACHMENT|appointments-Appointments--17806--appointment-details-dialog-Desktop-Chrome\trace.zip]]
]]>
</system-out>
</testcase>
<testcase name="Appointments Management › should update appointment status with confirmation" classname="appointments.spec.ts" time="0.03">
<failure message="appointments.spec.ts:67:3 should update appointment status with confirmation" type="FAILURE">
<![CDATA[  [Desktop Chrome] › appointments.spec.ts:67:3 › Appointments Management › should update appointment status with confirmation 

    Error: browserType.launch: Executable doesn't exist at C:\Users\tomto\AppData\Local\ms-playwright\chromium_headless_shell-1194\chrome-win\headless_shell.exe
    ╔═════════════════════════════════════════════════════════════════════════╗
    ║ Looks like Playwright Test or Playwright was just installed or updated. ║
    ║ Please run the following command to download new browsers:              ║
    ║                                                                         ║
    ║     npx playwright install                                              ║
    ║                                                                         ║
    ║ <3 Playwright Team                                                      ║
    ╚═════════════════════════════════════════════════════════════════════════╝

    attachment #1: trace (application/zip) ─────────────────────────────────────────────────────────
    ..\..\test-results\appointments-Appointments--2b229-nt-status-with-confirmation-Desktop-Chrome\trace.zip
    Usage:

        npx playwright show-trace ..\..\test-results\appointments-Appointments--2b229-nt-status-with-confirmation-Desktop-Chrome\trace.zip

    ────────────────────────────────────────────────────────────────────────────────────────────────
]]>
</failure>
<system-out>
<![CDATA[
[[ATTACHMENT|appointments-Appointments--2b229-nt-status-with-confirmation-Desktop-Chrome\trace.zip]]
]]>
</system-out>
</testcase>
<testcase name="Appointments Management › should prevent double-clicking status update" classname="appointments.spec.ts" time="0.066">
<failure message="appointments.spec.ts:90:3 should prevent double-clicking status update" type="FAILURE">
<![CDATA[  [Desktop Chrome] › appointments.spec.ts:90:3 › Appointments Management › should prevent double-clicking status update 

    Error: browserType.launch: Executable doesn't exist at C:\Users\tomto\AppData\Local\ms-playwright\chromium_headless_shell-1194\chrome-win\headless_shell.exe
    ╔═════════════════════════════════════════════════════════════════════════╗
    ║ Looks like Playwright Test or Playwright was just installed or updated. ║
    ║ Please run the following command to download new browsers:              ║
    ║                                                                         ║
    ║     npx playwright install                                              ║
    ║                                                                         ║
    ║ <3 Playwright Team                                                      ║
    ╚═════════════════════════════════════════════════════════════════════════╝

    attachment #1: trace (application/zip) ─────────────────────────────────────────────────────────
    ..\..\test-results\appointments-Appointments--cd0b1-uble-clicking-status-update-Desktop-Chrome\trace.zip
    Usage:

        npx playwright show-trace ..\..\test-results\appointments-Appointments--cd0b1-uble-clicking-status-update-Desktop-Chrome\trace.zip

    ────────────────────────────────────────────────────────────────────────────────────────────────
]]>
</failure>
<system-out>
<![CDATA[
[[ATTACHMENT|appointments-Appointments--cd0b1-uble-clicking-status-update-Desktop-Chrome\trace.zip]]
]]>
</system-out>
</testcase>
<testcase name="Appointments Management › should toggle between list and calendar view" classname="appointments.spec.ts" time="0.029">
<failure message="appointments.spec.ts:123:3 should toggle between list and calendar view" type="FAILURE">
<![CDATA[  [Desktop Chrome] › appointments.spec.ts:123:3 › Appointments Management › should toggle between list and calendar view 

    Error: browserType.launch: Executable doesn't exist at C:\Users\tomto\AppData\Local\ms-playwright\chromium_headless_shell-1194\chrome-win\headless_shell.exe
    ╔═════════════════════════════════════════════════════════════════════════╗
    ║ Looks like Playwright Test or Playwright was just installed or updated. ║
    ║ Please run the following command to download new browsers:              ║
    ║                                                                         ║
    ║     npx playwright install                                              ║
    ║                                                                         ║
    ║ <3 Playwright Team                                                      ║
    ╚═════════════════════════════════════════════════════════════════════════╝

    attachment #1: trace (application/zip) ─────────────────────────────────────────────────────────
    ..\..\test-results\appointments-Appointments--5a6ac-ween-list-and-calendar-view-Desktop-Chrome\trace.zip
    Usage:

        npx playwright show-trace ..\..\test-results\appointments-Appointments--5a6ac-ween-list-and-calendar-view-Desktop-Chrome\trace.zip

    ────────────────────────────────────────────────────────────────────────────────────────────────
]]>
</failure>
<system-out>
<![CDATA[
[[ATTACHMENT|appointments-Appointments--5a6ac-ween-list-and-calendar-view-Desktop-Chrome\trace.zip]]
]]>
</system-out>
</testcase>
<testcase name="Appointments Management › should be keyboard accessible" classname="appointments.spec.ts" time="0.047">
<failure message="appointments.spec.ts:137:3 should be keyboard accessible" type="FAILURE">
<![CDATA[  [Desktop Chrome] › appointments.spec.ts:137:3 › Appointments Management › should be keyboard accessible 

    Error: browserType.launch: Executable doesn't exist at C:\Users\tomto\AppData\Local\ms-playwright\chromium_headless_shell-1194\chrome-win\headless_shell.exe
    ╔═════════════════════════════════════════════════════════════════════════╗
    ║ Looks like Playwright Test or Playwright was just installed or updated. ║
    ║ Please run the following command to download new browsers:              ║
    ║                                                                         ║
    ║     npx playwright install                                              ║
    ║                                                                         ║
    ║ <3 Playwright Team                                                      ║
    ╚═════════════════════════════════════════════════════════════════════════╝

    attachment #1: trace (application/zip) ─────────────────────────────────────────────────────────
    ..\..\test-results\appointments-Appointments--ebddb-ould-be-keyboard-accessible-Desktop-Chrome\trace.zip
    Usage:

        npx playwright show-trace ..\..\test-results\appointments-Appointments--ebddb-ould-be-keyboard-accessible-Desktop-Chrome\trace.zip

    ────────────────────────────────────────────────────────────────────────────────────────────────
]]>
</failure>
<system-out>
<![CDATA[
[[ATTACHMENT|appointments-Appointments--ebddb-ould-be-keyboard-accessible-Desktop-Chrome\trace.zip]]
]]>
</system-out>
</testcase>
</testsuite>
<testsuite name="auth.spec.ts" timestamp="2025-11-02T17:37:24.527Z" hostname="Desktop Chrome" tests="7" failures="7" skipped="0" time="0.189" errors="0">
<testcase name="Authentication › should display sign in form by default" classname="auth.spec.ts" time="0.041">
<failure message="auth.spec.ts:8:3 should display sign in form by default" type="FAILURE">
<![CDATA[  [Desktop Chrome] › auth.spec.ts:8:3 › Authentication › should display sign in form by default ────

    Error: browserType.launch: Executable doesn't exist at C:\Users\tomto\AppData\Local\ms-playwright\chromium_headless_shell-1194\chrome-win\headless_shell.exe
    ╔═════════════════════════════════════════════════════════════════════════╗
    ║ Looks like Playwright Test or Playwright was just installed or updated. ║
    ║ Please run the following command to download new browsers:              ║
    ║                                                                         ║
    ║     npx playwright install                                              ║
    ║                                                                         ║
    ║ <3 Playwright Team                                                      ║
    ╚═════════════════════════════════════════════════════════════════════════╝

    attachment #1: trace (application/zip) ─────────────────────────────────────────────────────────
    ..\..\test-results\auth-Authentication-should-display-sign-in-form-by-default-Desktop-Chrome\trace.zip
    Usage:

        npx playwright show-trace ..\..\test-results\auth-Authentication-should-display-sign-in-form-by-default-Desktop-Chrome\trace.zip

    ────────────────────────────────────────────────────────────────────────────────────────────────
]]>
</failure>
<system-out>
<![CDATA[
[[ATTACHMENT|auth-Authentication-should-display-sign-in-form-by-default-Desktop-Chrome\trace.zip]]
]]>
</system-out>
</testcase>
<testcase name="Authentication › should show validation errors for empty form" classname="auth.spec.ts" time="0.026">
<failure message="auth.spec.ts:15:3 should show validation errors for empty form" type="FAILURE">
<![CDATA[  [Desktop Chrome] › auth.spec.ts:15:3 › Authentication › should show validation errors for empty form 

    Error: browserType.launch: Executable doesn't exist at C:\Users\tomto\AppData\Local\ms-playwright\chromium_headless_shell-1194\chrome-win\headless_shell.exe
    ╔═════════════════════════════════════════════════════════════════════════╗
    ║ Looks like Playwright Test or Playwright was just installed or updated. ║
    ║ Please run the following command to download new browsers:              ║
    ║                                                                         ║
    ║     npx playwright install                                              ║
    ║                                                                         ║
    ║ <3 Playwright Team                                                      ║
    ╚═════════════════════════════════════════════════════════════════════════╝

    attachment #1: trace (application/zip) ─────────────────────────────────────────────────────────
    ..\..\test-results\auth-Authentication-should-da141-ation-errors-for-empty-form-Desktop-Chrome\trace.zip
    Usage:

        npx playwright show-trace ..\..\test-results\auth-Authentication-should-da141-ation-errors-for-empty-form-Desktop-Chrome\trace.zip

    ────────────────────────────────────────────────────────────────────────────────────────────────
]]>
</failure>
<system-out>
<![CDATA[
[[ATTACHMENT|auth-Authentication-should-da141-ation-errors-for-empty-form-Desktop-Chrome\trace.zip]]
]]>
</system-out>
</testcase>
<testcase name="Authentication › should show error for invalid email format" classname="auth.spec.ts" time="0.014">
<failure message="auth.spec.ts:23:3 should show error for invalid email format" type="FAILURE">
<![CDATA[  [Desktop Chrome] › auth.spec.ts:23:3 › Authentication › should show error for invalid email format 

    Error: browserType.launch: Executable doesn't exist at C:\Users\tomto\AppData\Local\ms-playwright\chromium_headless_shell-1194\chrome-win\headless_shell.exe
    ╔═════════════════════════════════════════════════════════════════════════╗
    ║ Looks like Playwright Test or Playwright was just installed or updated. ║
    ║ Please run the following command to download new browsers:              ║
    ║                                                                         ║
    ║     npx playwright install                                              ║
    ║                                                                         ║
    ║ <3 Playwright Team                                                      ║
    ╚═════════════════════════════════════════════════════════════════════════╝

    attachment #1: trace (application/zip) ─────────────────────────────────────────────────────────
    ..\..\test-results\auth-Authentication-should-a5dfc-or-for-invalid-email-format-Desktop-Chrome\trace.zip
    Usage:

        npx playwright show-trace ..\..\test-results\auth-Authentication-should-a5dfc-or-for-invalid-email-format-Desktop-Chrome\trace.zip

    ────────────────────────────────────────────────────────────────────────────────────────────────
]]>
</failure>
<system-out>
<![CDATA[
[[ATTACHMENT|auth-Authentication-should-a5dfc-or-for-invalid-email-format-Desktop-Chrome\trace.zip]]
]]>
</system-out>
</testcase>
<testcase name="Authentication › should toggle to sign up form" classname="auth.spec.ts" time="0.027">
<failure message="auth.spec.ts:31:3 should toggle to sign up form" type="FAILURE">
<![CDATA[  [Desktop Chrome] › auth.spec.ts:31:3 › Authentication › should toggle to sign up form ────────────

    Error: browserType.launch: Executable doesn't exist at C:\Users\tomto\AppData\Local\ms-playwright\chromium_headless_shell-1194\chrome-win\headless_shell.exe
    ╔═════════════════════════════════════════════════════════════════════════╗
    ║ Looks like Playwright Test or Playwright was just installed or updated. ║
    ║ Please run the following command to download new browsers:              ║
    ║                                                                         ║
    ║     npx playwright install                                              ║
    ║                                                                         ║
    ║ <3 Playwright Team                                                      ║
    ╚═════════════════════════════════════════════════════════════════════════╝

    attachment #1: trace (application/zip) ─────────────────────────────────────────────────────────
    ..\..\test-results\auth-Authentication-should-toggle-to-sign-up-form-Desktop-Chrome\trace.zip
    Usage:

        npx playwright show-trace ..\..\test-results\auth-Authentication-should-toggle-to-sign-up-form-Desktop-Chrome\trace.zip

    ────────────────────────────────────────────────────────────────────────────────────────────────
]]>
</failure>
<system-out>
<![CDATA[
[[ATTACHMENT|auth-Authentication-should-toggle-to-sign-up-form-Desktop-Chrome\trace.zip]]
]]>
</system-out>
</testcase>
<testcase name="Authentication › should prevent double submission" classname="auth.spec.ts" time="0.024">
<failure message="auth.spec.ts:42:3 should prevent double submission" type="FAILURE">
<![CDATA[  [Desktop Chrome] › auth.spec.ts:42:3 › Authentication › should prevent double submission ─────────

    Error: browserType.launch: Executable doesn't exist at C:\Users\tomto\AppData\Local\ms-playwright\chromium_headless_shell-1194\chrome-win\headless_shell.exe
    ╔═════════════════════════════════════════════════════════════════════════╗
    ║ Looks like Playwright Test or Playwright was just installed or updated. ║
    ║ Please run the following command to download new browsers:              ║
    ║                                                                         ║
    ║     npx playwright install                                              ║
    ║                                                                         ║
    ║ <3 Playwright Team                                                      ║
    ╚═════════════════════════════════════════════════════════════════════════╝

    attachment #1: trace (application/zip) ─────────────────────────────────────────────────────────
    ..\..\test-results\auth-Authentication-should-prevent-double-submission-Desktop-Chrome\trace.zip
    Usage:

        npx playwright show-trace ..\..\test-results\auth-Authentication-should-prevent-double-submission-Desktop-Chrome\trace.zip

    ────────────────────────────────────────────────────────────────────────────────────────────────
]]>
</failure>
<system-out>
<![CDATA[
[[ATTACHMENT|auth-Authentication-should-prevent-double-submission-Desktop-Chrome\trace.zip]]
]]>
</system-out>
</testcase>
<testcase name="Authentication › should disable button while submitting" classname="auth.spec.ts" time="0.025">
<failure message="auth.spec.ts:69:3 should disable button while submitting" type="FAILURE">
<![CDATA[  [Desktop Chrome] › auth.spec.ts:69:3 › Authentication › should disable button while submitting ───

    Error: browserType.launch: Executable doesn't exist at C:\Users\tomto\AppData\Local\ms-playwright\chromium_headless_shell-1194\chrome-win\headless_shell.exe
    ╔═════════════════════════════════════════════════════════════════════════╗
    ║ Looks like Playwright Test or Playwright was just installed or updated. ║
    ║ Please run the following command to download new browsers:              ║
    ║                                                                         ║
    ║     npx playwright install                                              ║
    ║                                                                         ║
    ║ <3 Playwright Team                                                      ║
    ╚═════════════════════════════════════════════════════════════════════════╝

    attachment #1: trace (application/zip) ─────────────────────────────────────────────────────────
    ..\..\test-results\auth-Authentication-should-disable-button-while-submitting-Desktop-Chrome\trace.zip
    Usage:

        npx playwright show-trace ..\..\test-results\auth-Authentication-should-disable-button-while-submitting-Desktop-Chrome\trace.zip

    ────────────────────────────────────────────────────────────────────────────────────────────────
]]>
</failure>
<system-out>
<![CDATA[
[[ATTACHMENT|auth-Authentication-should-disable-button-while-submitting-Desktop-Chrome\trace.zip]]
]]>
</system-out>
</testcase>
<testcase name="Authentication › should be keyboard accessible" classname="auth.spec.ts" time="0.032">
<failure message="auth.spec.ts:80:3 should be keyboard accessible" type="FAILURE">
<![CDATA[  [Desktop Chrome] › auth.spec.ts:80:3 › Authentication › should be keyboard accessible ────────────

    Error: browserType.launch: Executable doesn't exist at C:\Users\tomto\AppData\Local\ms-playwright\chromium_headless_shell-1194\chrome-win\headless_shell.exe
    ╔═════════════════════════════════════════════════════════════════════════╗
    ║ Looks like Playwright Test or Playwright was just installed or updated. ║
    ║ Please run the following command to download new browsers:              ║
    ║                                                                         ║
    ║     npx playwright install                                              ║
    ║                                                                         ║
    ║ <3 Playwright Team                                                      ║
    ╚═════════════════════════════════════════════════════════════════════════╝

    attachment #1: trace (application/zip) ─────────────────────────────────────────────────────────
    ..\..\test-results\auth-Authentication-should-be-keyboard-accessible-Desktop-Chrome\trace.zip
    Usage:

        npx playwright show-trace ..\..\test-results\auth-Authentication-should-be-keyboard-accessible-Desktop-Chrome\trace.zip

    ────────────────────────────────────────────────────────────────────────────────────────────────
]]>
</failure>
<system-out>
<![CDATA[
[[ATTACHMENT|auth-Authentication-should-be-keyboard-accessible-Desktop-Chrome\trace.zip]]
]]>
</system-out>
</testcase>
</testsuite>
<testsuite name="client-requests.spec.ts" timestamp="2025-11-02T17:37:24.527Z" hostname="Desktop Chrome" tests="9" failures="9" skipped="0" time="0.382" errors="0">
<testcase name="Client Requests › should display create post button" classname="client-requests.spec.ts" time="0.013">
<failure message="client-requests.spec.ts:17:3 should display create post button" type="FAILURE">
<![CDATA[  [Desktop Chrome] › client-requests.spec.ts:17:3 › Client Requests › should display create post button 

    Error: browserType.launch: Executable doesn't exist at C:\Users\tomto\AppData\Local\ms-playwright\chromium_headless_shell-1194\chrome-win\headless_shell.exe
    ╔═════════════════════════════════════════════════════════════════════════╗
    ║ Looks like Playwright Test or Playwright was just installed or updated. ║
    ║ Please run the following command to download new browsers:              ║
    ║                                                                         ║
    ║     npx playwright install                                              ║
    ║                                                                         ║
    ║ <3 Playwright Team                                                      ║
    ╚═════════════════════════════════════════════════════════════════════════╝

    attachment #1: trace (application/zip) ─────────────────────────────────────────────────────────
    ..\..\test-results\client-requests-Client-Req-a2616--display-create-post-button-Desktop-Chrome\trace.zip
    Usage:

        npx playwright show-trace ..\..\test-results\client-requests-Client-Req-a2616--display-create-post-button-Desktop-Chrome\trace.zip

    ────────────────────────────────────────────────────────────────────────────────────────────────
]]>
</failure>
<system-out>
<![CDATA[
[[ATTACHMENT|client-requests-Client-Req-a2616--display-create-post-button-Desktop-Chrome\trace.zip]]
]]>
</system-out>
</testcase>
<testcase name="Client Requests › should open create post dialog" classname="client-requests.spec.ts" time="0.026">
<failure message="client-requests.spec.ts:26:3 should open create post dialog" type="FAILURE">
<![CDATA[  [Desktop Chrome] › client-requests.spec.ts:26:3 › Client Requests › should open create post dialog 

    Error: browserType.launch: Executable doesn't exist at C:\Users\tomto\AppData\Local\ms-playwright\chromium_headless_shell-1194\chrome-win\headless_shell.exe
    ╔═════════════════════════════════════════════════════════════════════════╗
    ║ Looks like Playwright Test or Playwright was just installed or updated. ║
    ║ Please run the following command to download new browsers:              ║
    ║                                                                         ║
    ║     npx playwright install                                              ║
    ║                                                                         ║
    ║ <3 Playwright Team                                                      ║
    ╚═════════════════════════════════════════════════════════════════════════╝

    attachment #1: trace (application/zip) ─────────────────────────────────────────────────────────
    ..\..\test-results\client-requests-Client-Req-081be-uld-open-create-post-dialog-Desktop-Chrome\trace.zip
    Usage:

        npx playwright show-trace ..\..\test-results\client-requests-Client-Req-081be-uld-open-create-post-dialog-Desktop-Chrome\trace.zip

    ────────────────────────────────────────────────────────────────────────────────────────────────
]]>
</failure>
<system-out>
<![CDATA[
[[ATTACHMENT|client-requests-Client-Req-081be-uld-open-create-post-dialog-Desktop-Chrome\trace.zip]]
]]>
</system-out>
</testcase>
<testcase name="Client Requests › should validate required fields" classname="client-requests.spec.ts" time="0.045">
<failure message="client-requests.spec.ts:35:3 should validate required fields" type="FAILURE">
<![CDATA[  [Desktop Chrome] › client-requests.spec.ts:35:3 › Client Requests › should validate required fields 

    Error: browserType.launch: Executable doesn't exist at C:\Users\tomto\AppData\Local\ms-playwright\chromium_headless_shell-1194\chrome-win\headless_shell.exe
    ╔═════════════════════════════════════════════════════════════════════════╗
    ║ Looks like Playwright Test or Playwright was just installed or updated. ║
    ║ Please run the following command to download new browsers:              ║
    ║                                                                         ║
    ║     npx playwright install                                              ║
    ║                                                                         ║
    ║ <3 Playwright Team                                                      ║
    ╚═════════════════════════════════════════════════════════════════════════╝

    attachment #1: trace (application/zip) ─────────────────────────────────────────────────────────
    ..\..\test-results\client-requests-Client-Req-064a1-ld-validate-required-fields-Desktop-Chrome\trace.zip
    Usage:

        npx playwright show-trace ..\..\test-results\client-requests-Client-Req-064a1-ld-validate-required-fields-Desktop-Chrome\trace.zip

    ────────────────────────────────────────────────────────────────────────────────────────────────
]]>
</failure>
<system-out>
<![CDATA[
[[ATTACHMENT|client-requests-Client-Req-064a1-ld-validate-required-fields-Desktop-Chrome\trace.zip]]
]]>
</system-out>
</testcase>
<testcase name="Client Requests › should validate field lengths" classname="client-requests.spec.ts" time="0.068">
<failure message="client-requests.spec.ts:45:3 should validate field lengths" type="FAILURE">
<![CDATA[  [Desktop Chrome] › client-requests.spec.ts:45:3 › Client Requests › should validate field lengths 

    Error: browserType.launch: Executable doesn't exist at C:\Users\tomto\AppData\Local\ms-playwright\chromium_headless_shell-1194\chrome-win\headless_shell.exe
    ╔═════════════════════════════════════════════════════════════════════════╗
    ║ Looks like Playwright Test or Playwright was just installed or updated. ║
    ║ Please run the following command to download new browsers:              ║
    ║                                                                         ║
    ║     npx playwright install                                              ║
    ║                                                                         ║
    ║ <3 Playwright Team                                                      ║
    ╚═════════════════════════════════════════════════════════════════════════╝

    attachment #1: trace (application/zip) ─────────────────────────────────────────────────────────
    ..\..\test-results\client-requests-Client-Req-3ef2a-ould-validate-field-lengths-Desktop-Chrome\trace.zip
    Usage:

        npx playwright show-trace ..\..\test-results\client-requests-Client-Req-3ef2a-ould-validate-field-lengths-Desktop-Chrome\trace.zip

    ────────────────────────────────────────────────────────────────────────────────────────────────
]]>
</failure>
<system-out>
<![CDATA[
[[ATTACHMENT|client-requests-Client-Req-3ef2a-ould-validate-field-lengths-Desktop-Chrome\trace.zip]]
]]>
</system-out>
</testcase>
<testcase name="Client Requests › should create post successfully" classname="client-requests.spec.ts" time="0.041">
<failure message="client-requests.spec.ts:61:3 should create post successfully" type="FAILURE">
<![CDATA[  [Desktop Chrome] › client-requests.spec.ts:61:3 › Client Requests › should create post successfully 

    Error: browserType.launch: Executable doesn't exist at C:\Users\tomto\AppData\Local\ms-playwright\chromium_headless_shell-1194\chrome-win\headless_shell.exe
    ╔═════════════════════════════════════════════════════════════════════════╗
    ║ Looks like Playwright Test or Playwright was just installed or updated. ║
    ║ Please run the following command to download new browsers:              ║
    ║                                                                         ║
    ║     npx playwright install                                              ║
    ║                                                                         ║
    ║ <3 Playwright Team                                                      ║
    ╚═════════════════════════════════════════════════════════════════════════╝

    attachment #1: trace (application/zip) ─────────────────────────────────────────────────────────
    ..\..\test-results\client-requests-Client-Req-6ae31-ld-create-post-successfully-Desktop-Chrome\trace.zip
    Usage:

        npx playwright show-trace ..\..\test-results\client-requests-Client-Req-6ae31-ld-create-post-successfully-Desktop-Chrome\trace.zip

    ────────────────────────────────────────────────────────────────────────────────────────────────
]]>
</failure>
<system-out>
<![CDATA[
[[ATTACHMENT|client-requests-Client-Req-6ae31-ld-create-post-successfully-Desktop-Chrome\trace.zip]]
]]>
</system-out>
</testcase>
<testcase name="Client Requests › should prevent double submission" classname="client-requests.spec.ts" time="0.025">
<failure message="client-requests.spec.ts:86:3 should prevent double submission" type="FAILURE">
<![CDATA[  [Desktop Chrome] › client-requests.spec.ts:86:3 › Client Requests › should prevent double submission 

    Error: browserType.launch: Executable doesn't exist at C:\Users\tomto\AppData\Local\ms-playwright\chromium_headless_shell-1194\chrome-win\headless_shell.exe
    ╔═════════════════════════════════════════════════════════════════════════╗
    ║ Looks like Playwright Test or Playwright was just installed or updated. ║
    ║ Please run the following command to download new browsers:              ║
    ║                                                                         ║
    ║     npx playwright install                                              ║
    ║                                                                         ║
    ║ <3 Playwright Team                                                      ║
    ╚═════════════════════════════════════════════════════════════════════════╝

    attachment #1: trace (application/zip) ─────────────────────────────────────────────────────────
    ..\..\test-results\client-requests-Client-Req-cae4c-d-prevent-double-submission-Desktop-Chrome\trace.zip
    Usage:

        npx playwright show-trace ..\..\test-results\client-requests-Client-Req-cae4c-d-prevent-double-submission-Desktop-Chrome\trace.zip

    ────────────────────────────────────────────────────────────────────────────────────────────────
]]>
</failure>
<system-out>
<![CDATA[
[[ATTACHMENT|client-requests-Client-Req-cae4c-d-prevent-double-submission-Desktop-Chrome\trace.zip]]
]]>
</system-out>
</testcase>
<testcase name="Client Requests › should edit existing post" classname="client-requests.spec.ts" time="0.071">
<failure message="client-requests.spec.ts:120:3 should edit existing post" type="FAILURE">
<![CDATA[  [Desktop Chrome] › client-requests.spec.ts:120:3 › Client Requests › should edit existing post ───

    Error: browserType.launch: Executable doesn't exist at C:\Users\tomto\AppData\Local\ms-playwright\chromium_headless_shell-1194\chrome-win\headless_shell.exe
    ╔═════════════════════════════════════════════════════════════════════════╗
    ║ Looks like Playwright Test or Playwright was just installed or updated. ║
    ║ Please run the following command to download new browsers:              ║
    ║                                                                         ║
    ║     npx playwright install                                              ║
    ║                                                                         ║
    ║ <3 Playwright Team                                                      ║
    ╚═════════════════════════════════════════════════════════════════════════╝

    attachment #1: trace (application/zip) ─────────────────────────────────────────────────────────
    ..\..\test-results\client-requests-Client-Requests-should-edit-existing-post-Desktop-Chrome\trace.zip
    Usage:

        npx playwright show-trace ..\..\test-results\client-requests-Client-Requests-should-edit-existing-post-Desktop-Chrome\trace.zip

    ────────────────────────────────────────────────────────────────────────────────────────────────
]]>
</failure>
<system-out>
<![CDATA[
[[ATTACHMENT|client-requests-Client-Requests-should-edit-existing-post-Desktop-Chrome\trace.zip]]
]]>
</system-out>
</testcase>
<testcase name="Client Requests › should delete post with confirmation" classname="client-requests.spec.ts" time="0.037">
<failure message="client-requests.spec.ts:143:3 should delete post with confirmation" type="FAILURE">
<![CDATA[  [Desktop Chrome] › client-requests.spec.ts:143:3 › Client Requests › should delete post with confirmation 

    Error: browserType.launch: Executable doesn't exist at C:\Users\tomto\AppData\Local\ms-playwright\chromium_headless_shell-1194\chrome-win\headless_shell.exe
    ╔═════════════════════════════════════════════════════════════════════════╗
    ║ Looks like Playwright Test or Playwright was just installed or updated. ║
    ║ Please run the following command to download new browsers:              ║
    ║                                                                         ║
    ║     npx playwright install                                              ║
    ║                                                                         ║
    ║ <3 Playwright Team                                                      ║
    ╚═════════════════════════════════════════════════════════════════════════╝

    attachment #1: trace (application/zip) ─────────────────────────────────────────────────────────
    ..\..\test-results\client-requests-Client-Req-a7230-lete-post-with-confirmation-Desktop-Chrome\trace.zip
    Usage:

        npx playwright show-trace ..\..\test-results\client-requests-Client-Req-a7230-lete-post-with-confirmation-Desktop-Chrome\trace.zip

    ────────────────────────────────────────────────────────────────────────────────────────────────
]]>
</failure>
<system-out>
<![CDATA[
[[ATTACHMENT|client-requests-Client-Req-a7230-lete-post-with-confirmation-Desktop-Chrome\trace.zip]]
]]>
</system-out>
</testcase>
<testcase name="Client Requests › should sanitize inputs" classname="client-requests.spec.ts" time="0.056">
<failure message="client-requests.spec.ts:160:3 should sanitize inputs" type="FAILURE">
<![CDATA[  [Desktop Chrome] › client-requests.spec.ts:160:3 › Client Requests › should sanitize inputs ──────

    Error: browserType.launch: Executable doesn't exist at C:\Users\tomto\AppData\Local\ms-playwright\chromium_headless_shell-1194\chrome-win\headless_shell.exe
    ╔═════════════════════════════════════════════════════════════════════════╗
    ║ Looks like Playwright Test or Playwright was just installed or updated. ║
    ║ Please run the following command to download new browsers:              ║
    ║                                                                         ║
    ║     npx playwright install                                              ║
    ║                                                                         ║
    ║ <3 Playwright Team                                                      ║
    ╚═════════════════════════════════════════════════════════════════════════╝

    attachment #1: trace (application/zip) ─────────────────────────────────────────────────────────
    ..\..\test-results\client-requests-Client-Requests-should-sanitize-inputs-Desktop-Chrome\trace.zip
    Usage:

        npx playwright show-trace ..\..\test-results\client-requests-Client-Requests-should-sanitize-inputs-Desktop-Chrome\trace.zip

    ────────────────────────────────────────────────────────────────────────────────────────────────
]]>
</failure>
<system-out>
<![CDATA[
[[ATTACHMENT|client-requests-Client-Requests-should-sanitize-inputs-Desktop-Chrome\trace.zip]]
]]>
</system-out>
</testcase>
</testsuite>
<testsuite name="complete-test-report.spec.ts" timestamp="2025-11-02T17:37:24.527Z" hostname="Desktop Chrome" tests="24" failures="24" skipped="0" time="0.502" errors="0">
<testcase name="Complete Application Test Suite › Authentication Flow › should complete full signup and login flow" classname="complete-test-report.spec.ts" time="0.032">
<failure message="complete-test-report.spec.ts:10:5 should complete full signup and login flow" type="FAILURE">
<![CDATA[  [Desktop Chrome] › complete-test-report.spec.ts:10:5 › Complete Application Test Suite › Authentication Flow › should complete full signup and login flow 

    Error: browserType.launch: Executable doesn't exist at C:\Users\tomto\AppData\Local\ms-playwright\chromium_headless_shell-1194\chrome-win\headless_shell.exe
    ╔═════════════════════════════════════════════════════════════════════════╗
    ║ Looks like Playwright Test or Playwright was just installed or updated. ║
    ║ Please run the following command to download new browsers:              ║
    ║                                                                         ║
    ║     npx playwright install                                              ║
    ║                                                                         ║
    ║ <3 Playwright Team                                                      ║
    ╚═════════════════════════════════════════════════════════════════════════╝

    attachment #1: trace (application/zip) ─────────────────────────────────────────────────────────
    ..\..\test-results\complete-test-report-Compl-8f4e6--full-signup-and-login-flow-Desktop-Chrome\trace.zip
    Usage:

        npx playwright show-trace ..\..\test-results\complete-test-report-Compl-8f4e6--full-signup-and-login-flow-Desktop-Chrome\trace.zip

    ────────────────────────────────────────────────────────────────────────────────────────────────
]]>
</failure>
<system-out>
<![CDATA[
[[ATTACHMENT|complete-test-report-Compl-8f4e6--full-signup-and-login-flow-Desktop-Chrome\trace.zip]]
]]>
</system-out>
</testcase>
<testcase name="Complete Application Test Suite › Authentication Flow › should validate email format" classname="complete-test-report.spec.ts" time="0.01">
<failure message="complete-test-report.spec.ts:25:5 should validate email format" type="FAILURE">
<![CDATA[  [Desktop Chrome] › complete-test-report.spec.ts:25:5 › Complete Application Test Suite › Authentication Flow › should validate email format 

    Error: browserType.launch: Executable doesn't exist at C:\Users\tomto\AppData\Local\ms-playwright\chromium_headless_shell-1194\chrome-win\headless_shell.exe
    ╔═════════════════════════════════════════════════════════════════════════╗
    ║ Looks like Playwright Test or Playwright was just installed or updated. ║
    ║ Please run the following command to download new browsers:              ║
    ║                                                                         ║
    ║     npx playwright install                                              ║
    ║                                                                         ║
    ║ <3 Playwright Team                                                      ║
    ╚═════════════════════════════════════════════════════════════════════════╝

    attachment #1: trace (application/zip) ─────────────────────────────────────────────────────────
    ..\..\test-results\complete-test-report-Compl-6f96c-hould-validate-email-format-Desktop-Chrome\trace.zip
    Usage:

        npx playwright show-trace ..\..\test-results\complete-test-report-Compl-6f96c-hould-validate-email-format-Desktop-Chrome\trace.zip

    ────────────────────────────────────────────────────────────────────────────────────────────────
]]>
</failure>
<system-out>
<![CDATA[
[[ATTACHMENT|complete-test-report-Compl-6f96c-hould-validate-email-format-Desktop-Chrome\trace.zip]]
]]>
</system-out>
</testcase>
<testcase name="Complete Application Test Suite › Authentication Flow › should prevent empty form submission" classname="complete-test-report.spec.ts" time="0.033">
<failure message="complete-test-report.spec.ts:38:5 should prevent empty form submission" type="FAILURE">
<![CDATA[  [Desktop Chrome] › complete-test-report.spec.ts:38:5 › Complete Application Test Suite › Authentication Flow › should prevent empty form submission 

    Error: browserType.launch: Executable doesn't exist at C:\Users\tomto\AppData\Local\ms-playwright\chromium_headless_shell-1194\chrome-win\headless_shell.exe
    ╔═════════════════════════════════════════════════════════════════════════╗
    ║ Looks like Playwright Test or Playwright was just installed or updated. ║
    ║ Please run the following command to download new browsers:              ║
    ║                                                                         ║
    ║     npx playwright install                                              ║
    ║                                                                         ║
    ║ <3 Playwright Team                                                      ║
    ╚═════════════════════════════════════════════════════════════════════════╝

    attachment #1: trace (application/zip) ─────────────────────────────────────────────────────────
    ..\..\test-results\complete-test-report-Compl-8a987-event-empty-form-submission-Desktop-Chrome\trace.zip
    Usage:

        npx playwright show-trace ..\..\test-results\complete-test-report-Compl-8a987-event-empty-form-submission-Desktop-Chrome\trace.zip

    ────────────────────────────────────────────────────────────────────────────────────────────────
]]>
</failure>
<system-out>
<![CDATA[
[[ATTACHMENT|complete-test-report-Compl-8a987-event-empty-form-submission-Desktop-Chrome\trace.zip]]
]]>
</system-out>
</testcase>
<testcase name="Complete Application Test Suite › Navigation &amp; Page Loading › should load all public pages without errors" classname="complete-test-report.spec.ts" time="0.026">
<failure message="complete-test-report.spec.ts:51:5 should load all public pages without errors" type="FAILURE">
<![CDATA[  [Desktop Chrome] › complete-test-report.spec.ts:51:5 › Complete Application Test Suite › Navigation & Page Loading › should load all public pages without errors 

    Error: browserType.launch: Executable doesn't exist at C:\Users\tomto\AppData\Local\ms-playwright\chromium_headless_shell-1194\chrome-win\headless_shell.exe
    ╔═════════════════════════════════════════════════════════════════════════╗
    ║ Looks like Playwright Test or Playwright was just installed or updated. ║
    ║ Please run the following command to download new browsers:              ║
    ║                                                                         ║
    ║     npx playwright install                                              ║
    ║                                                                         ║
    ║ <3 Playwright Team                                                      ║
    ╚═════════════════════════════════════════════════════════════════════════╝

    attachment #1: trace (application/zip) ─────────────────────────────────────────────────────────
    ..\..\test-results\complete-test-report-Compl-9c952-public-pages-without-errors-Desktop-Chrome\trace.zip
    Usage:

        npx playwright show-trace ..\..\test-results\complete-test-report-Compl-9c952-public-pages-without-errors-Desktop-Chrome\trace.zip

    ────────────────────────────────────────────────────────────────────────────────────────────────
]]>
</failure>
<system-out>
<![CDATA[
[[ATTACHMENT|complete-test-report-Compl-9c952-public-pages-without-errors-Desktop-Chrome\trace.zip]]
]]>
</system-out>
</testcase>
<testcase name="Complete Application Test Suite › Navigation &amp; Page Loading › should have functional navigation links" classname="complete-test-report.spec.ts" time="0.056">
<failure message="complete-test-report.spec.ts:69:5 should have functional navigation links" type="FAILURE">
<![CDATA[  [Desktop Chrome] › complete-test-report.spec.ts:69:5 › Complete Application Test Suite › Navigation & Page Loading › should have functional navigation links 

    Error: browserType.launch: Executable doesn't exist at C:\Users\tomto\AppData\Local\ms-playwright\chromium_headless_shell-1194\chrome-win\headless_shell.exe
    ╔═════════════════════════════════════════════════════════════════════════╗
    ║ Looks like Playwright Test or Playwright was just installed or updated. ║
    ║ Please run the following command to download new browsers:              ║
    ║                                                                         ║
    ║     npx playwright install                                              ║
    ║                                                                         ║
    ║ <3 Playwright Team                                                      ║
    ╚═════════════════════════════════════════════════════════════════════════╝

    attachment #1: trace (application/zip) ─────────────────────────────────────────────────────────
    ..\..\test-results\complete-test-report-Compl-44498-functional-navigation-links-Desktop-Chrome\trace.zip
    Usage:

        npx playwright show-trace ..\..\test-results\complete-test-report-Compl-44498-functional-navigation-links-Desktop-Chrome\trace.zip

    ────────────────────────────────────────────────────────────────────────────────────────────────
]]>
</failure>
<system-out>
<![CDATA[
[[ATTACHMENT|complete-test-report-Compl-44498-functional-navigation-links-Desktop-Chrome\trace.zip]]
]]>
</system-out>
</testcase>
<testcase name="Complete Application Test Suite › Navigation &amp; Page Loading › should display offline indicator when network is down" classname="complete-test-report.spec.ts" time="0.056">
<failure message="complete-test-report.spec.ts:77:5 should display offline indicator when network is down" type="FAILURE">
<![CDATA[  [Desktop Chrome] › complete-test-report.spec.ts:77:5 › Complete Application Test Suite › Navigation & Page Loading › should display offline indicator when network is down 

    Error: browserType.launch: Executable doesn't exist at C:\Users\tomto\AppData\Local\ms-playwright\chromium_headless_shell-1194\chrome-win\headless_shell.exe
    ╔═════════════════════════════════════════════════════════════════════════╗
    ║ Looks like Playwright Test or Playwright was just installed or updated. ║
    ║ Please run the following command to download new browsers:              ║
    ║                                                                         ║
    ║     npx playwright install                                              ║
    ║                                                                         ║
    ║ <3 Playwright Team                                                      ║
    ╚═════════════════════════════════════════════════════════════════════════╝

    attachment #1: trace (application/zip) ─────────────────────────────────────────────────────────
    ..\..\test-results\complete-test-report-Compl-a3eb7-icator-when-network-is-down-Desktop-Chrome\trace.zip
    Usage:

        npx playwright show-trace ..\..\test-results\complete-test-report-Compl-a3eb7-icator-when-network-is-down-Desktop-Chrome\trace.zip

    ────────────────────────────────────────────────────────────────────────────────────────────────
]]>
</failure>
<system-out>
<![CDATA[
[[ATTACHMENT|complete-test-report-Compl-a3eb7-icator-when-network-is-down-Desktop-Chrome\trace.zip]]
]]>
</system-out>
</testcase>
<testcase name="Complete Application Test Suite › Performance Checks › should load homepage within performance budget" classname="complete-test-report.spec.ts" time="0.011">
<failure message="complete-test-report.spec.ts:93:5 should load homepage within performance budget" type="FAILURE">
<![CDATA[  [Desktop Chrome] › complete-test-report.spec.ts:93:5 › Complete Application Test Suite › Performance Checks › should load homepage within performance budget 

    Error: browserType.launch: Executable doesn't exist at C:\Users\tomto\AppData\Local\ms-playwright\chromium_headless_shell-1194\chrome-win\headless_shell.exe
    ╔═════════════════════════════════════════════════════════════════════════╗
    ║ Looks like Playwright Test or Playwright was just installed or updated. ║
    ║ Please run the following command to download new browsers:              ║
    ║                                                                         ║
    ║     npx playwright install                                              ║
    ║                                                                         ║
    ║ <3 Playwright Team                                                      ║
    ╚═════════════════════════════════════════════════════════════════════════╝

    attachment #1: trace (application/zip) ─────────────────────────────────────────────────────────
    ..\..\test-results\complete-test-report-Compl-da258-e-within-performance-budget-Desktop-Chrome\trace.zip
    Usage:

        npx playwright show-trace ..\..\test-results\complete-test-report-Compl-da258-e-within-performance-budget-Desktop-Chrome\trace.zip

    ────────────────────────────────────────────────────────────────────────────────────────────────
]]>
</failure>
<system-out>
<![CDATA[
[[ATTACHMENT|complete-test-report-Compl-da258-e-within-performance-budget-Desktop-Chrome\trace.zip]]
]]>
</system-out>
</testcase>
<testcase name="Complete Application Test Suite › Performance Checks › should not have layout shift on load" classname="complete-test-report.spec.ts" time="0.012">
<failure message="complete-test-report.spec.ts:103:5 should not have layout shift on load" type="FAILURE">
<![CDATA[  [Desktop Chrome] › complete-test-report.spec.ts:103:5 › Complete Application Test Suite › Performance Checks › should not have layout shift on load 

    Error: browserType.launch: Executable doesn't exist at C:\Users\tomto\AppData\Local\ms-playwright\chromium_headless_shell-1194\chrome-win\headless_shell.exe
    ╔═════════════════════════════════════════════════════════════════════════╗
    ║ Looks like Playwright Test or Playwright was just installed or updated. ║
    ║ Please run the following command to download new browsers:              ║
    ║                                                                         ║
    ║     npx playwright install                                              ║
    ║                                                                         ║
    ║ <3 Playwright Team                                                      ║
    ╚═════════════════════════════════════════════════════════════════════════╝

    attachment #1: trace (application/zip) ─────────────────────────────────────────────────────────
    ..\..\test-results\complete-test-report-Compl-7fa3d-t-have-layout-shift-on-load-Desktop-Chrome\trace.zip
    Usage:

        npx playwright show-trace ..\..\test-results\complete-test-report-Compl-7fa3d-t-have-layout-shift-on-load-Desktop-Chrome\trace.zip

    ────────────────────────────────────────────────────────────────────────────────────────────────
]]>
</failure>
<system-out>
<![CDATA[
[[ATTACHMENT|complete-test-report-Compl-7fa3d-t-have-layout-shift-on-load-Desktop-Chrome\trace.zip]]
]]>
</system-out>
</testcase>
<testcase name="Complete Application Test Suite › Accessibility Checks › should have proper heading hierarchy" classname="complete-test-report.spec.ts" time="0.063">
<failure message="complete-test-report.spec.ts:116:5 should have proper heading hierarchy" type="FAILURE">
<![CDATA[  [Desktop Chrome] › complete-test-report.spec.ts:116:5 › Complete Application Test Suite › Accessibility Checks › should have proper heading hierarchy 

    Error: browserType.launch: Executable doesn't exist at C:\Users\tomto\AppData\Local\ms-playwright\chromium_headless_shell-1194\chrome-win\headless_shell.exe
    ╔═════════════════════════════════════════════════════════════════════════╗
    ║ Looks like Playwright Test or Playwright was just installed or updated. ║
    ║ Please run the following command to download new browsers:              ║
    ║                                                                         ║
    ║     npx playwright install                                              ║
    ║                                                                         ║
    ║ <3 Playwright Team                                                      ║
    ╚═════════════════════════════════════════════════════════════════════════╝

    attachment #1: trace (application/zip) ─────────────────────────────────────────────────────────
    ..\..\test-results\complete-test-report-Compl-3366f-ve-proper-heading-hierarchy-Desktop-Chrome\trace.zip
    Usage:

        npx playwright show-trace ..\..\test-results\complete-test-report-Compl-3366f-ve-proper-heading-hierarchy-Desktop-Chrome\trace.zip

    ────────────────────────────────────────────────────────────────────────────────────────────────
]]>
</failure>
<system-out>
<![CDATA[
[[ATTACHMENT|complete-test-report-Compl-3366f-ve-proper-heading-hierarchy-Desktop-Chrome\trace.zip]]
]]>
</system-out>
</testcase>
<testcase name="Complete Application Test Suite › Accessibility Checks › should have accessible forms" classname="complete-test-report.spec.ts" time="0.026">
<failure message="complete-test-report.spec.ts:124:5 should have accessible forms" type="FAILURE">
<![CDATA[  [Desktop Chrome] › complete-test-report.spec.ts:124:5 › Complete Application Test Suite › Accessibility Checks › should have accessible forms 

    Error: browserType.launch: Executable doesn't exist at C:\Users\tomto\AppData\Local\ms-playwright\chromium_headless_shell-1194\chrome-win\headless_shell.exe
    ╔═════════════════════════════════════════════════════════════════════════╗
    ║ Looks like Playwright Test or Playwright was just installed or updated. ║
    ║ Please run the following command to download new browsers:              ║
    ║                                                                         ║
    ║     npx playwright install                                              ║
    ║                                                                         ║
    ║ <3 Playwright Team                                                      ║
    ╚═════════════════════════════════════════════════════════════════════════╝

    attachment #1: trace (application/zip) ─────────────────────────────────────────────────────────
    ..\..\test-results\complete-test-report-Compl-2c2b7-hould-have-accessible-forms-Desktop-Chrome\trace.zip
    Usage:

        npx playwright show-trace ..\..\test-results\complete-test-report-Compl-2c2b7-hould-have-accessible-forms-Desktop-Chrome\trace.zip

    ────────────────────────────────────────────────────────────────────────────────────────────────
]]>
</failure>
<system-out>
<![CDATA[
[[ATTACHMENT|complete-test-report-Compl-2c2b7-hould-have-accessible-forms-Desktop-Chrome\trace.zip]]
]]>
</system-out>
</testcase>
<testcase name="Complete Application Test Suite › Accessibility Checks › should support keyboard navigation" classname="complete-test-report.spec.ts" time="0.015">
<failure message="complete-test-report.spec.ts:135:5 should support keyboard navigation" type="FAILURE">
<![CDATA[  [Desktop Chrome] › complete-test-report.spec.ts:135:5 › Complete Application Test Suite › Accessibility Checks › should support keyboard navigation 

    Error: browserType.launch: Executable doesn't exist at C:\Users\tomto\AppData\Local\ms-playwright\chromium_headless_shell-1194\chrome-win\headless_shell.exe
    ╔═════════════════════════════════════════════════════════════════════════╗
    ║ Looks like Playwright Test or Playwright was just installed or updated. ║
    ║ Please run the following command to download new browsers:              ║
    ║                                                                         ║
    ║     npx playwright install                                              ║
    ║                                                                         ║
    ║ <3 Playwright Team                                                      ║
    ╚═════════════════════════════════════════════════════════════════════════╝

    attachment #1: trace (application/zip) ─────────────────────────────────────────────────────────
    ..\..\test-results\complete-test-report-Compl-775d1-support-keyboard-navigation-Desktop-Chrome\trace.zip
    Usage:

        npx playwright show-trace ..\..\test-results\complete-test-report-Compl-775d1-support-keyboard-navigation-Desktop-Chrome\trace.zip

    ────────────────────────────────────────────────────────────────────────────────────────────────
]]>
</failure>
<system-out>
<![CDATA[
[[ATTACHMENT|complete-test-report-Compl-775d1-support-keyboard-navigation-Desktop-Chrome\trace.zip]]
]]>
</system-out>
</testcase>
<testcase name="Complete Application Test Suite › Accessibility Checks › should have sufficient color contrast" classname="complete-test-report.spec.ts" time="0.021">
<failure message="complete-test-report.spec.ts:152:5 should have sufficient color contrast" type="FAILURE">
<![CDATA[  [Desktop Chrome] › complete-test-report.spec.ts:152:5 › Complete Application Test Suite › Accessibility Checks › should have sufficient color contrast 

    Error: browserType.launch: Executable doesn't exist at C:\Users\tomto\AppData\Local\ms-playwright\chromium_headless_shell-1194\chrome-win\headless_shell.exe
    ╔═════════════════════════════════════════════════════════════════════════╗
    ║ Looks like Playwright Test or Playwright was just installed or updated. ║
    ║ Please run the following command to download new browsers:              ║
    ║                                                                         ║
    ║     npx playwright install                                              ║
    ║                                                                         ║
    ║ <3 Playwright Team                                                      ║
    ╚═════════════════════════════════════════════════════════════════════════╝

    attachment #1: trace (application/zip) ─────────────────────────────────────────────────────────
    ..\..\test-results\complete-test-report-Compl-8c19d-e-sufficient-color-contrast-Desktop-Chrome\trace.zip
    Usage:

        npx playwright show-trace ..\..\test-results\complete-test-report-Compl-8c19d-e-sufficient-color-contrast-Desktop-Chrome\trace.zip

    ────────────────────────────────────────────────────────────────────────────────────────────────
]]>
</failure>
<system-out>
<![CDATA[
[[ATTACHMENT|complete-test-report-Compl-8c19d-e-sufficient-color-contrast-Desktop-Chrome\trace.zip]]
]]>
</system-out>
</testcase>
<testcase name="Complete Application Test Suite › Error Handling › should handle 404 pages gracefully" classname="complete-test-report.spec.ts" time="0.009">
<failure message="complete-test-report.spec.ts:175:5 should handle 404 pages gracefully" type="FAILURE">
<![CDATA[  [Desktop Chrome] › complete-test-report.spec.ts:175:5 › Complete Application Test Suite › Error Handling › should handle 404 pages gracefully 

    Error: browserType.launch: Executable doesn't exist at C:\Users\tomto\AppData\Local\ms-playwright\chromium_headless_shell-1194\chrome-win\headless_shell.exe
    ╔═════════════════════════════════════════════════════════════════════════╗
    ║ Looks like Playwright Test or Playwright was just installed or updated. ║
    ║ Please run the following command to download new browsers:              ║
    ║                                                                         ║
    ║     npx playwright install                                              ║
    ║                                                                         ║
    ║ <3 Playwright Team                                                      ║
    ╚═════════════════════════════════════════════════════════════════════════╝

    attachment #1: trace (application/zip) ─────────────────────────────────────────────────────────
    ..\..\test-results\complete-test-report-Compl-44d25-handle-404-pages-gracefully-Desktop-Chrome\trace.zip
    Usage:

        npx playwright show-trace ..\..\test-results\complete-test-report-Compl-44d25-handle-404-pages-gracefully-Desktop-Chrome\trace.zip

    ────────────────────────────────────────────────────────────────────────────────────────────────
]]>
</failure>
<system-out>
<![CDATA[
[[ATTACHMENT|complete-test-report-Compl-44d25-handle-404-pages-gracefully-Desktop-Chrome\trace.zip]]
]]>
</system-out>
</testcase>
<testcase name="Complete Application Test Suite › Error Handling › should not expose sensitive errors to console" classname="complete-test-report.spec.ts" time="0.011">
<failure message="complete-test-report.spec.ts:182:5 should not expose sensitive errors to console" type="FAILURE">
<![CDATA[  [Desktop Chrome] › complete-test-report.spec.ts:182:5 › Complete Application Test Suite › Error Handling › should not expose sensitive errors to console 

    Error: browserType.launch: Executable doesn't exist at C:\Users\tomto\AppData\Local\ms-playwright\chromium_headless_shell-1194\chrome-win\headless_shell.exe
    ╔═════════════════════════════════════════════════════════════════════════╗
    ║ Looks like Playwright Test or Playwright was just installed or updated. ║
    ║ Please run the following command to download new browsers:              ║
    ║                                                                         ║
    ║     npx playwright install                                              ║
    ║                                                                         ║
    ║ <3 Playwright Team                                                      ║
    ╚═════════════════════════════════════════════════════════════════════════╝

    attachment #1: trace (application/zip) ─────────────────────────────────────────────────────────
    ..\..\test-results\complete-test-report-Compl-98616-sensitive-errors-to-console-Desktop-Chrome\trace.zip
    Usage:

        npx playwright show-trace ..\..\test-results\complete-test-report-Compl-98616-sensitive-errors-to-console-Desktop-Chrome\trace.zip

    ────────────────────────────────────────────────────────────────────────────────────────────────
]]>
</failure>
<system-out>
<![CDATA[
[[ATTACHMENT|complete-test-report-Compl-98616-sensitive-errors-to-console-Desktop-Chrome\trace.zip]]
]]>
</system-out>
</testcase>
<testcase name="Complete Application Test Suite › PWA Features › should have manifest.json" classname="complete-test-report.spec.ts" time="0.013">
<failure message="complete-test-report.spec.ts:210:5 should have manifest.json" type="FAILURE">
<![CDATA[  [Desktop Chrome] › complete-test-report.spec.ts:210:5 › Complete Application Test Suite › PWA Features › should have manifest.json 

    Error: browserType.launch: Executable doesn't exist at C:\Users\tomto\AppData\Local\ms-playwright\chromium_headless_shell-1194\chrome-win\headless_shell.exe
    ╔═════════════════════════════════════════════════════════════════════════╗
    ║ Looks like Playwright Test or Playwright was just installed or updated. ║
    ║ Please run the following command to download new browsers:              ║
    ║                                                                         ║
    ║     npx playwright install                                              ║
    ║                                                                         ║
    ║ <3 Playwright Team                                                      ║
    ╚═════════════════════════════════════════════════════════════════════════╝

    attachment #1: trace (application/zip) ─────────────────────────────────────────────────────────
    ..\..\test-results\complete-test-report-Compl-5dc0a-s-should-have-manifest-json-Desktop-Chrome\trace.zip
    Usage:

        npx playwright show-trace ..\..\test-results\complete-test-report-Compl-5dc0a-s-should-have-manifest-json-Desktop-Chrome\trace.zip

    ────────────────────────────────────────────────────────────────────────────────────────────────
]]>
</failure>
<system-out>
<![CDATA[
[[ATTACHMENT|complete-test-report-Compl-5dc0a-s-should-have-manifest-json-Desktop-Chrome\trace.zip]]
]]>
</system-out>
</testcase>
<testcase name="Complete Application Test Suite › PWA Features › should have service worker registered" classname="complete-test-report.spec.ts" time="0.013">
<failure message="complete-test-report.spec.ts:220:5 should have service worker registered" type="FAILURE">
<![CDATA[  [Desktop Chrome] › complete-test-report.spec.ts:220:5 › Complete Application Test Suite › PWA Features › should have service worker registered 

    Error: browserType.launch: Executable doesn't exist at C:\Users\tomto\AppData\Local\ms-playwright\chromium_headless_shell-1194\chrome-win\headless_shell.exe
    ╔═════════════════════════════════════════════════════════════════════════╗
    ║ Looks like Playwright Test or Playwright was just installed or updated. ║
    ║ Please run the following command to download new browsers:              ║
    ║                                                                         ║
    ║     npx playwright install                                              ║
    ║                                                                         ║
    ║ <3 Playwright Team                                                      ║
    ╚═════════════════════════════════════════════════════════════════════════╝

    attachment #1: trace (application/zip) ─────────────────────────────────────────────────────────
    ..\..\test-results\complete-test-report-Compl-946be-e-service-worker-registered-Desktop-Chrome\trace.zip
    Usage:

        npx playwright show-trace ..\..\test-results\complete-test-report-Compl-946be-e-service-worker-registered-Desktop-Chrome\trace.zip

    ────────────────────────────────────────────────────────────────────────────────────────────────
]]>
</failure>
<system-out>
<![CDATA[
[[ATTACHMENT|complete-test-report-Compl-946be-e-service-worker-registered-Desktop-Chrome\trace.zip]]
]]>
</system-out>
</testcase>
<testcase name="Complete Application Test Suite › PWA Features › should have app icons" classname="complete-test-report.spec.ts" time="0.016">
<failure message="complete-test-report.spec.ts:231:5 should have app icons" type="FAILURE">
<![CDATA[  [Desktop Chrome] › complete-test-report.spec.ts:231:5 › Complete Application Test Suite › PWA Features › should have app icons 

    Error: browserType.launch: Executable doesn't exist at C:\Users\tomto\AppData\Local\ms-playwright\chromium_headless_shell-1194\chrome-win\headless_shell.exe
    ╔═════════════════════════════════════════════════════════════════════════╗
    ║ Looks like Playwright Test or Playwright was just installed or updated. ║
    ║ Please run the following command to download new browsers:              ║
    ║                                                                         ║
    ║     npx playwright install                                              ║
    ║                                                                         ║
    ║ <3 Playwright Team                                                      ║
    ╚═════════════════════════════════════════════════════════════════════════╝

    attachment #1: trace (application/zip) ─────────────────────────────────────────────────────────
    ..\..\test-results\complete-test-report-Compl-55254-tures-should-have-app-icons-Desktop-Chrome\trace.zip
    Usage:

        npx playwright show-trace ..\..\test-results\complete-test-report-Compl-55254-tures-should-have-app-icons-Desktop-Chrome\trace.zip

    ────────────────────────────────────────────────────────────────────────────────────────────────
]]>
</failure>
<system-out>
<![CDATA[
[[ATTACHMENT|complete-test-report-Compl-55254-tures-should-have-app-icons-Desktop-Chrome\trace.zip]]
]]>
</system-out>
</testcase>
<testcase name="Complete Application Test Suite › SEO Checks › should have proper meta tags" classname="complete-test-report.spec.ts" time="0.018">
<failure message="complete-test-report.spec.ts:243:5 should have proper meta tags" type="FAILURE">
<![CDATA[  [Desktop Chrome] › complete-test-report.spec.ts:243:5 › Complete Application Test Suite › SEO Checks › should have proper meta tags 

    Error: browserType.launch: Executable doesn't exist at C:\Users\tomto\AppData\Local\ms-playwright\chromium_headless_shell-1194\chrome-win\headless_shell.exe
    ╔═════════════════════════════════════════════════════════════════════════╗
    ║ Looks like Playwright Test or Playwright was just installed or updated. ║
    ║ Please run the following command to download new browsers:              ║
    ║                                                                         ║
    ║     npx playwright install                                              ║
    ║                                                                         ║
    ║ <3 Playwright Team                                                      ║
    ╚═════════════════════════════════════════════════════════════════════════╝

    attachment #1: trace (application/zip) ─────────────────────────────────────────────────────────
    ..\..\test-results\complete-test-report-Compl-79629-hould-have-proper-meta-tags-Desktop-Chrome\trace.zip
    Usage:

        npx playwright show-trace ..\..\test-results\complete-test-report-Compl-79629-hould-have-proper-meta-tags-Desktop-Chrome\trace.zip

    ────────────────────────────────────────────────────────────────────────────────────────────────
]]>
</failure>
<system-out>
<![CDATA[
[[ATTACHMENT|complete-test-report-Compl-79629-hould-have-proper-meta-tags-Desktop-Chrome\trace.zip]]
]]>
</system-out>
</testcase>
<testcase name="Complete Application Test Suite › SEO Checks › should have sitemap.xml" classname="complete-test-report.spec.ts" time="0.009">
<failure message="complete-test-report.spec.ts:260:5 should have sitemap.xml" type="FAILURE">
<![CDATA[  [Desktop Chrome] › complete-test-report.spec.ts:260:5 › Complete Application Test Suite › SEO Checks › should have sitemap.xml 

    Error: browserType.launch: Executable doesn't exist at C:\Users\tomto\AppData\Local\ms-playwright\chromium_headless_shell-1194\chrome-win\headless_shell.exe
    ╔═════════════════════════════════════════════════════════════════════════╗
    ║ Looks like Playwright Test or Playwright was just installed or updated. ║
    ║ Please run the following command to download new browsers:              ║
    ║                                                                         ║
    ║     npx playwright install                                              ║
    ║                                                                         ║
    ║ <3 Playwright Team                                                      ║
    ╚═════════════════════════════════════════════════════════════════════════╝

    attachment #1: trace (application/zip) ─────────────────────────────────────────────────────────
    ..\..\test-results\complete-test-report-Compl-d7540-cks-should-have-sitemap-xml-Desktop-Chrome\trace.zip
    Usage:

        npx playwright show-trace ..\..\test-results\complete-test-report-Compl-d7540-cks-should-have-sitemap-xml-Desktop-Chrome\trace.zip

    ────────────────────────────────────────────────────────────────────────────────────────────────
]]>
</failure>
<system-out>
<![CDATA[
[[ATTACHMENT|complete-test-report-Compl-d7540-cks-should-have-sitemap-xml-Desktop-Chrome\trace.zip]]
]]>
</system-out>
</testcase>
<testcase name="Complete Application Test Suite › SEO Checks › should have robots.txt" classname="complete-test-report.spec.ts" time="0.012">
<failure message="complete-test-report.spec.ts:269:5 should have robots.txt" type="FAILURE">
<![CDATA[  [Desktop Chrome] › complete-test-report.spec.ts:269:5 › Complete Application Test Suite › SEO Checks › should have robots.txt 

    Error: browserType.launch: Executable doesn't exist at C:\Users\tomto\AppData\Local\ms-playwright\chromium_headless_shell-1194\chrome-win\headless_shell.exe
    ╔═════════════════════════════════════════════════════════════════════════╗
    ║ Looks like Playwright Test or Playwright was just installed or updated. ║
    ║ Please run the following command to download new browsers:              ║
    ║                                                                         ║
    ║     npx playwright install                                              ║
    ║                                                                         ║
    ║ <3 Playwright Team                                                      ║
    ╚═════════════════════════════════════════════════════════════════════════╝

    attachment #1: trace (application/zip) ─────────────────────────────────────────────────────────
    ..\..\test-results\complete-test-report-Compl-bbeb2-ecks-should-have-robots-txt-Desktop-Chrome\trace.zip
    Usage:

        npx playwright show-trace ..\..\test-results\complete-test-report-Compl-bbeb2-ecks-should-have-robots-txt-Desktop-Chrome\trace.zip

    ────────────────────────────────────────────────────────────────────────────────────────────────
]]>
</failure>
<system-out>
<![CDATA[
[[ATTACHMENT|complete-test-report-Compl-bbeb2-ecks-should-have-robots-txt-Desktop-Chrome\trace.zip]]
]]>
</system-out>
</testcase>
<testcase name="Complete Application Test Suite › Data Integrity › should persist form data in localStorage" classname="complete-test-report.spec.ts" time="0.009">
<failure message="complete-test-report.spec.ts:276:5 should persist form data in localStorage" type="FAILURE">
<![CDATA[  [Desktop Chrome] › complete-test-report.spec.ts:276:5 › Complete Application Test Suite › Data Integrity › should persist form data in localStorage 

    Error: browserType.launch: Executable doesn't exist at C:\Users\tomto\AppData\Local\ms-playwright\chromium_headless_shell-1194\chrome-win\headless_shell.exe
    ╔═════════════════════════════════════════════════════════════════════════╗
    ║ Looks like Playwright Test or Playwright was just installed or updated. ║
    ║ Please run the following command to download new browsers:              ║
    ║                                                                         ║
    ║     npx playwright install                                              ║
    ║                                                                         ║
    ║ <3 Playwright Team                                                      ║
    ╚═════════════════════════════════════════════════════════════════════════╝

    attachment #1: trace (application/zip) ─────────────────────────────────────────────────────────
    ..\..\test-results\complete-test-report-Compl-ea67b-t-form-data-in-localStorage-Desktop-Chrome\trace.zip
    Usage:

        npx playwright show-trace ..\..\test-results\complete-test-report-Compl-ea67b-t-form-data-in-localStorage-Desktop-Chrome\trace.zip

    ────────────────────────────────────────────────────────────────────────────────────────────────
]]>
</failure>
<system-out>
<![CDATA[
[[ATTACHMENT|complete-test-report-Compl-ea67b-t-form-data-in-localStorage-Desktop-Chrome\trace.zip]]
]]>
</system-out>
</testcase>
<testcase name="Complete Application Test Suite › Security Checks › should have secure headers" classname="complete-test-report.spec.ts" time="0.01">
<failure message="complete-test-report.spec.ts:295:5 should have secure headers" type="FAILURE">
<![CDATA[  [Desktop Chrome] › complete-test-report.spec.ts:295:5 › Complete Application Test Suite › Security Checks › should have secure headers 

    Error: browserType.launch: Executable doesn't exist at C:\Users\tomto\AppData\Local\ms-playwright\chromium_headless_shell-1194\chrome-win\headless_shell.exe
    ╔═════════════════════════════════════════════════════════════════════════╗
    ║ Looks like Playwright Test or Playwright was just installed or updated. ║
    ║ Please run the following command to download new browsers:              ║
    ║                                                                         ║
    ║     npx playwright install                                              ║
    ║                                                                         ║
    ║ <3 Playwright Team                                                      ║
    ╚═════════════════════════════════════════════════════════════════════════╝

    attachment #1: trace (application/zip) ─────────────────────────────────────────────────────────
    ..\..\test-results\complete-test-report-Compl-363c6--should-have-secure-headers-Desktop-Chrome\trace.zip
    Usage:

        npx playwright show-trace ..\..\test-results\complete-test-report-Compl-363c6--should-have-secure-headers-Desktop-Chrome\trace.zip

    ────────────────────────────────────────────────────────────────────────────────────────────────
]]>
</failure>
<system-out>
<![CDATA[
[[ATTACHMENT|complete-test-report-Compl-363c6--should-have-secure-headers-Desktop-Chrome\trace.zip]]
]]>
</system-out>
</testcase>
<testcase name="Complete Application Test Suite › Security Checks › should not leak API keys in client code" classname="complete-test-report.spec.ts" time="0.009">
<failure message="complete-test-report.spec.ts:304:5 should not leak API keys in client code" type="FAILURE">
<![CDATA[  [Desktop Chrome] › complete-test-report.spec.ts:304:5 › Complete Application Test Suite › Security Checks › should not leak API keys in client code 

    Error: browserType.launch: Executable doesn't exist at C:\Users\tomto\AppData\Local\ms-playwright\chromium_headless_shell-1194\chrome-win\headless_shell.exe
    ╔═════════════════════════════════════════════════════════════════════════╗
    ║ Looks like Playwright Test or Playwright was just installed or updated. ║
    ║ Please run the following command to download new browsers:              ║
    ║                                                                         ║
    ║     npx playwright install                                              ║
    ║                                                                         ║
    ║ <3 Playwright Team                                                      ║
    ╚═════════════════════════════════════════════════════════════════════════╝

    attachment #1: trace (application/zip) ─────────────────────────────────────────────────────────
    ..\..\test-results\complete-test-report-Compl-34279-eak-API-keys-in-client-code-Desktop-Chrome\trace.zip
    Usage:

        npx playwright show-trace ..\..\test-results\complete-test-report-Compl-34279-eak-API-keys-in-client-code-Desktop-Chrome\trace.zip

    ────────────────────────────────────────────────────────────────────────────────────────────────
]]>
</failure>
<system-out>
<![CDATA[
[[ATTACHMENT|complete-test-report-Compl-34279-eak-API-keys-in-client-code-Desktop-Chrome\trace.zip]]
]]>
</system-out>
</testcase>
<testcase name="Test Summary › generate test report" classname="complete-test-report.spec.ts" time="0.012">
<failure message="complete-test-report.spec.ts:318:3 generate test report" type="FAILURE">
<![CDATA[  [Desktop Chrome] › complete-test-report.spec.ts:318:3 › Test Summary › generate test report ──────

    Error: browserType.launch: Executable doesn't exist at C:\Users\tomto\AppData\Local\ms-playwright\chromium_headless_shell-1194\chrome-win\headless_shell.exe
    ╔═════════════════════════════════════════════════════════════════════════╗
    ║ Looks like Playwright Test or Playwright was just installed or updated. ║
    ║ Please run the following command to download new browsers:              ║
    ║                                                                         ║
    ║     npx playwright install                                              ║
    ║                                                                         ║
    ║ <3 Playwright Team                                                      ║
    ╚═════════════════════════════════════════════════════════════════════════╝

    attachment #1: trace (application/zip) ─────────────────────────────────────────────────────────
    ..\..\test-results\complete-test-report-Test-Summary-generate-test-report-Desktop-Chrome\trace.zip
    Usage:

        npx playwright show-trace ..\..\test-results\complete-test-report-Test-Summary-generate-test-report-Desktop-Chrome\trace.zip

    ────────────────────────────────────────────────────────────────────────────────────────────────
]]>
</failure>
<system-out>
<![CDATA[
[[ATTACHMENT|complete-test-report-Test-Summary-generate-test-report-Desktop-Chrome\trace.zip]]
]]>
</system-out>
</testcase>
</testsuite>
<testsuite name="comprehensive-mobile-tests.spec.ts" timestamp="2025-11-02T17:37:24.527Z" hostname="Desktop Chrome" tests="36" failures="36" skipped="0" time="0.393" errors="0">
<testcase name="Mobile QA - Admin Role › 1. Mobile Authentication &amp; Touch Targets - Admin" classname="comprehensive-mobile-tests.spec.ts" time="0.01">
<failure message="comprehensive-mobile-tests.spec.ts:30:3 1. Mobile Authentication &amp; Touch Targets - Admin" type="FAILURE">
<![CDATA[  [Desktop Chrome] › comprehensive-mobile-tests.spec.ts:30:3 › Mobile QA - Admin Role › 1. Mobile Authentication & Touch Targets - Admin 

    Error: browserType.launch: Executable doesn't exist at C:\Users\tomto\AppData\Local\ms-playwright\webkit-2215\Playwright.exe
    ╔═════════════════════════════════════════════════════════════════════════╗
    ║ Looks like Playwright Test or Playwright was just installed or updated. ║
    ║ Please run the following command to download new browsers:              ║
    ║                                                                         ║
    ║     npx playwright install                                              ║
    ║                                                                         ║
    ║ <3 Playwright Team                                                      ║
    ╚═════════════════════════════════════════════════════════════════════════╝

    attachment #1: trace (application/zip) ─────────────────────────────────────────────────────────
    ..\..\test-results\comprehensive-mobile-tests-36c1c-ation-Touch-Targets---Admin-Desktop-Chrome\trace.zip
    Usage:

        npx playwright show-trace ..\..\test-results\comprehensive-mobile-tests-36c1c-ation-Touch-Targets---Admin-Desktop-Chrome\trace.zip

    ────────────────────────────────────────────────────────────────────────────────────────────────
]]>
</failure>
<system-out>
<![CDATA[
[[ATTACHMENT|comprehensive-mobile-tests-36c1c-ation-Touch-Targets---Admin-Desktop-Chrome\trace.zip]]
]]>
</system-out>
</testcase>
<testcase name="Mobile QA - Admin Role › 2. Mobile Navigation - Admin" classname="comprehensive-mobile-tests.spec.ts" time="0.013">
<failure message="comprehensive-mobile-tests.spec.ts:45:3 2. Mobile Navigation - Admin" type="FAILURE">
<![CDATA[  [Desktop Chrome] › comprehensive-mobile-tests.spec.ts:45:3 › Mobile QA - Admin Role › 2. Mobile Navigation - Admin 

    Error: browserType.launch: Executable doesn't exist at C:\Users\tomto\AppData\Local\ms-playwright\webkit-2215\Playwright.exe
    ╔═════════════════════════════════════════════════════════════════════════╗
    ║ Looks like Playwright Test or Playwright was just installed or updated. ║
    ║ Please run the following command to download new browsers:              ║
    ║                                                                         ║
    ║     npx playwright install                                              ║
    ║                                                                         ║
    ║ <3 Playwright Team                                                      ║
    ╚═════════════════════════════════════════════════════════════════════════╝

    attachment #1: trace (application/zip) ─────────────────────────────────────────────────────────
    ..\..\test-results\comprehensive-mobile-tests-0d9bc-2-Mobile-Navigation---Admin-Desktop-Chrome\trace.zip
    Usage:

        npx playwright show-trace ..\..\test-results\comprehensive-mobile-tests-0d9bc-2-Mobile-Navigation---Admin-Desktop-Chrome\trace.zip

    ────────────────────────────────────────────────────────────────────────────────────────────────
]]>
</failure>
<system-out>
<![CDATA[
[[ATTACHMENT|comprehensive-mobile-tests-0d9bc-2-Mobile-Navigation---Admin-Desktop-Chrome\trace.zip]]
]]>
</system-out>
</testcase>
<testcase name="Mobile QA - Admin Role › 3. Mobile Responsiveness - Admin" classname="comprehensive-mobile-tests.spec.ts" time="0.007">
<failure message="comprehensive-mobile-tests.spec.ts:65:3 3. Mobile Responsiveness - Admin" type="FAILURE">
<![CDATA[  [Desktop Chrome] › comprehensive-mobile-tests.spec.ts:65:3 › Mobile QA - Admin Role › 3. Mobile Responsiveness - Admin 

    Error: browserType.launch: Executable doesn't exist at C:\Users\tomto\AppData\Local\ms-playwright\webkit-2215\Playwright.exe
    ╔═════════════════════════════════════════════════════════════════════════╗
    ║ Looks like Playwright Test or Playwright was just installed or updated. ║
    ║ Please run the following command to download new browsers:              ║
    ║                                                                         ║
    ║     npx playwright install                                              ║
    ║                                                                         ║
    ║ <3 Playwright Team                                                      ║
    ╚═════════════════════════════════════════════════════════════════════════╝

    attachment #1: trace (application/zip) ─────────────────────────────────────────────────────────
    ..\..\test-results\comprehensive-mobile-tests-9bb15-bile-Responsiveness---Admin-Desktop-Chrome\trace.zip
    Usage:

        npx playwright show-trace ..\..\test-results\comprehensive-mobile-tests-9bb15-bile-Responsiveness---Admin-Desktop-Chrome\trace.zip

    ────────────────────────────────────────────────────────────────────────────────────────────────
]]>
</failure>
<system-out>
<![CDATA[
[[ATTACHMENT|comprehensive-mobile-tests-9bb15-bile-Responsiveness---Admin-Desktop-Chrome\trace.zip]]
]]>
</system-out>
</testcase>
<testcase name="Mobile QA - Admin Role › 4. Mobile Touch Gestures - Admin" classname="comprehensive-mobile-tests.spec.ts" time="0.008">
<failure message="comprehensive-mobile-tests.spec.ts:89:3 4. Mobile Touch Gestures - Admin" type="FAILURE">
<![CDATA[  [Desktop Chrome] › comprehensive-mobile-tests.spec.ts:89:3 › Mobile QA - Admin Role › 4. Mobile Touch Gestures - Admin 

    Error: browserType.launch: Executable doesn't exist at C:\Users\tomto\AppData\Local\ms-playwright\webkit-2215\Playwright.exe
    ╔═════════════════════════════════════════════════════════════════════════╗
    ║ Looks like Playwright Test or Playwright was just installed or updated. ║
    ║ Please run the following command to download new browsers:              ║
    ║                                                                         ║
    ║     npx playwright install                                              ║
    ║                                                                         ║
    ║ <3 Playwright Team                                                      ║
    ╚═════════════════════════════════════════════════════════════════════════╝

    attachment #1: trace (application/zip) ─────────────────────────────────────────────────────────
    ..\..\test-results\comprehensive-mobile-tests-df0f3-bile-Touch-Gestures---Admin-Desktop-Chrome\trace.zip
    Usage:

        npx playwright show-trace ..\..\test-results\comprehensive-mobile-tests-df0f3-bile-Touch-Gestures---Admin-Desktop-Chrome\trace.zip

    ────────────────────────────────────────────────────────────────────────────────────────────────
]]>
</failure>
<system-out>
<![CDATA[
[[ATTACHMENT|comprehensive-mobile-tests-df0f3-bile-Touch-Gestures---Admin-Desktop-Chrome\trace.zip]]
]]>
</system-out>
</testcase>
<testcase name="Mobile QA - Admin Role › 5. Mobile Performance - Admin" classname="comprehensive-mobile-tests.spec.ts" time="0.007">
<failure message="comprehensive-mobile-tests.spec.ts:107:3 5. Mobile Performance - Admin" type="FAILURE">
<![CDATA[  [Desktop Chrome] › comprehensive-mobile-tests.spec.ts:107:3 › Mobile QA - Admin Role › 5. Mobile Performance - Admin 

    Error: browserType.launch: Executable doesn't exist at C:\Users\tomto\AppData\Local\ms-playwright\webkit-2215\Playwright.exe
    ╔═════════════════════════════════════════════════════════════════════════╗
    ║ Looks like Playwright Test or Playwright was just installed or updated. ║
    ║ Please run the following command to download new browsers:              ║
    ║                                                                         ║
    ║     npx playwright install                                              ║
    ║                                                                         ║
    ║ <3 Playwright Team                                                      ║
    ╚═════════════════════════════════════════════════════════════════════════╝

    attachment #1: trace (application/zip) ─────────────────────────────────────────────────────────
    ..\..\test-results\comprehensive-mobile-tests-aa2b2--Mobile-Performance---Admin-Desktop-Chrome\trace.zip
    Usage:

        npx playwright show-trace ..\..\test-results\comprehensive-mobile-tests-aa2b2--Mobile-Performance---Admin-Desktop-Chrome\trace.zip

    ────────────────────────────────────────────────────────────────────────────────────────────────
]]>
</failure>
<system-out>
<![CDATA[
[[ATTACHMENT|comprehensive-mobile-tests-aa2b2--Mobile-Performance---Admin-Desktop-Chrome\trace.zip]]
]]>
</system-out>
</testcase>
<testcase name="Mobile QA - Admin Role › 6. Mobile Safe Areas (iOS Notch) - Admin" classname="comprehensive-mobile-tests.spec.ts" time="0.009">
<failure message="comprehensive-mobile-tests.spec.ts:117:3 6. Mobile Safe Areas (iOS Notch) - Admin" type="FAILURE">
<![CDATA[  [Desktop Chrome] › comprehensive-mobile-tests.spec.ts:117:3 › Mobile QA - Admin Role › 6. Mobile Safe Areas (iOS Notch) - Admin 

    Error: browserType.launch: Executable doesn't exist at C:\Users\tomto\AppData\Local\ms-playwright\webkit-2215\Playwright.exe
    ╔═════════════════════════════════════════════════════════════════════════╗
    ║ Looks like Playwright Test or Playwright was just installed or updated. ║
    ║ Please run the following command to download new browsers:              ║
    ║                                                                         ║
    ║     npx playwright install                                              ║
    ║                                                                         ║
    ║ <3 Playwright Team                                                      ║
    ╚═════════════════════════════════════════════════════════════════════════╝

    attachment #1: trace (application/zip) ─────────────────────────────────────────────────────────
    ..\..\test-results\comprehensive-mobile-tests-d2c68-afe-Areas-iOS-Notch---Admin-Desktop-Chrome\trace.zip
    Usage:

        npx playwright show-trace ..\..\test-results\comprehensive-mobile-tests-d2c68-afe-Areas-iOS-Notch---Admin-Desktop-Chrome\trace.zip

    ────────────────────────────────────────────────────────────────────────────────────────────────
]]>
</failure>
<system-out>
<![CDATA[
[[ATTACHMENT|comprehensive-mobile-tests-d2c68-afe-Areas-iOS-Notch---Admin-Desktop-Chrome\trace.zip]]
]]>
</system-out>
</testcase>
<testcase name="Mobile QA - Admin Role › 7. Mobile Viewport Meta - Admin" classname="comprehensive-mobile-tests.spec.ts" time="0.008">
<failure message="comprehensive-mobile-tests.spec.ts:136:3 7. Mobile Viewport Meta - Admin" type="FAILURE">
<![CDATA[  [Desktop Chrome] › comprehensive-mobile-tests.spec.ts:136:3 › Mobile QA - Admin Role › 7. Mobile Viewport Meta - Admin 

    Error: browserType.launch: Executable doesn't exist at C:\Users\tomto\AppData\Local\ms-playwright\webkit-2215\Playwright.exe
    ╔═════════════════════════════════════════════════════════════════════════╗
    ║ Looks like Playwright Test or Playwright was just installed or updated. ║
    ║ Please run the following command to download new browsers:              ║
    ║                                                                         ║
    ║     npx playwright install                                              ║
    ║                                                                         ║
    ║ <3 Playwright Team                                                      ║
    ╚═════════════════════════════════════════════════════════════════════════╝

    attachment #1: trace (application/zip) ─────────────────────────────────────────────────────────
    ..\..\test-results\comprehensive-mobile-tests-18b86-obile-Viewport-Meta---Admin-Desktop-Chrome\trace.zip
    Usage:

        npx playwright show-trace ..\..\test-results\comprehensive-mobile-tests-18b86-obile-Viewport-Meta---Admin-Desktop-Chrome\trace.zip

    ────────────────────────────────────────────────────────────────────────────────────────────────
]]>
</failure>
<system-out>
<![CDATA[
[[ATTACHMENT|comprehensive-mobile-tests-18b86-obile-Viewport-Meta---Admin-Desktop-Chrome\trace.zip]]
]]>
</system-out>
</testcase>
<testcase name="Mobile QA - Admin Role › 8. Mobile Input Handling - Admin" classname="comprehensive-mobile-tests.spec.ts" time="0.007">
<failure message="comprehensive-mobile-tests.spec.ts:147:3 8. Mobile Input Handling - Admin" type="FAILURE">
<![CDATA[  [Desktop Chrome] › comprehensive-mobile-tests.spec.ts:147:3 › Mobile QA - Admin Role › 8. Mobile Input Handling - Admin 

    Error: browserType.launch: Executable doesn't exist at C:\Users\tomto\AppData\Local\ms-playwright\webkit-2215\Playwright.exe
    ╔═════════════════════════════════════════════════════════════════════════╗
    ║ Looks like Playwright Test or Playwright was just installed or updated. ║
    ║ Please run the following command to download new browsers:              ║
    ║                                                                         ║
    ║     npx playwright install                                              ║
    ║                                                                         ║
    ║ <3 Playwright Team                                                      ║
    ╚═════════════════════════════════════════════════════════════════════════╝

    attachment #1: trace (application/zip) ─────────────────────────────────────────────────────────
    ..\..\test-results\comprehensive-mobile-tests-9f8ad-bile-Input-Handling---Admin-Desktop-Chrome\trace.zip
    Usage:

        npx playwright show-trace ..\..\test-results\comprehensive-mobile-tests-9f8ad-bile-Input-Handling---Admin-Desktop-Chrome\trace.zip

    ────────────────────────────────────────────────────────────────────────────────────────────────
]]>
</failure>
<system-out>
<![CDATA[
[[ATTACHMENT|comprehensive-mobile-tests-9f8ad-bile-Input-Handling---Admin-Desktop-Chrome\trace.zip]]
]]>
</system-out>
</testcase>
<testcase name="Mobile QA - Admin Role › 9. Mobile Offline Handling - Admin" classname="comprehensive-mobile-tests.spec.ts" time="0.01">
<failure message="comprehensive-mobile-tests.spec.ts:167:3 9. Mobile Offline Handling - Admin" type="FAILURE">
<![CDATA[  [Desktop Chrome] › comprehensive-mobile-tests.spec.ts:167:3 › Mobile QA - Admin Role › 9. Mobile Offline Handling - Admin 

    Error: browserType.launch: Executable doesn't exist at C:\Users\tomto\AppData\Local\ms-playwright\webkit-2215\Playwright.exe
    ╔═════════════════════════════════════════════════════════════════════════╗
    ║ Looks like Playwright Test or Playwright was just installed or updated. ║
    ║ Please run the following command to download new browsers:              ║
    ║                                                                         ║
    ║     npx playwright install                                              ║
    ║                                                                         ║
    ║ <3 Playwright Team                                                      ║
    ╚═════════════════════════════════════════════════════════════════════════╝

    attachment #1: trace (application/zip) ─────────────────────────────────────────────────────────
    ..\..\test-results\comprehensive-mobile-tests-36837-le-Offline-Handling---Admin-Desktop-Chrome\trace.zip
    Usage:

        npx playwright show-trace ..\..\test-results\comprehensive-mobile-tests-36837-le-Offline-Handling---Admin-Desktop-Chrome\trace.zip

    ────────────────────────────────────────────────────────────────────────────────────────────────
]]>
</failure>
<system-out>
<![CDATA[
[[ATTACHMENT|comprehensive-mobile-tests-36837-le-Offline-Handling---Admin-Desktop-Chrome\trace.zip]]
]]>
</system-out>
</testcase>
<testcase name="Mobile QA - Admin Role › 10. Mobile Accessibility - Admin" classname="comprehensive-mobile-tests.spec.ts" time="0.005">
<failure message="comprehensive-mobile-tests.spec.ts:187:3 10. Mobile Accessibility - Admin" type="FAILURE">
<![CDATA[  [Desktop Chrome] › comprehensive-mobile-tests.spec.ts:187:3 › Mobile QA - Admin Role › 10. Mobile Accessibility - Admin 

    Error: browserType.launch: Executable doesn't exist at C:\Users\tomto\AppData\Local\ms-playwright\webkit-2215\Playwright.exe
    ╔═════════════════════════════════════════════════════════════════════════╗
    ║ Looks like Playwright Test or Playwright was just installed or updated. ║
    ║ Please run the following command to download new browsers:              ║
    ║                                                                         ║
    ║     npx playwright install                                              ║
    ║                                                                         ║
    ║ <3 Playwright Team                                                      ║
    ╚═════════════════════════════════════════════════════════════════════════╝

    attachment #1: trace (application/zip) ─────────────────────────────────────────────────────────
    ..\..\test-results\comprehensive-mobile-tests-311af-obile-Accessibility---Admin-Desktop-Chrome\trace.zip
    Usage:

        npx playwright show-trace ..\..\test-results\comprehensive-mobile-tests-311af-obile-Accessibility---Admin-Desktop-Chrome\trace.zip

    ────────────────────────────────────────────────────────────────────────────────────────────────
]]>
</failure>
<system-out>
<![CDATA[
[[ATTACHMENT|comprehensive-mobile-tests-311af-obile-Accessibility---Admin-Desktop-Chrome\trace.zip]]
]]>
</system-out>
</testcase>
<testcase name="Mobile QA - Admin Role › 11. Mobile Pull-to-Refresh - Admin" classname="comprehensive-mobile-tests.spec.ts" time="0.013">
<failure message="comprehensive-mobile-tests.spec.ts:203:3 11. Mobile Pull-to-Refresh - Admin" type="FAILURE">
<![CDATA[  [Desktop Chrome] › comprehensive-mobile-tests.spec.ts:203:3 › Mobile QA - Admin Role › 11. Mobile Pull-to-Refresh - Admin 

    Error: browserType.launch: Executable doesn't exist at C:\Users\tomto\AppData\Local\ms-playwright\webkit-2215\Playwright.exe
    ╔═════════════════════════════════════════════════════════════════════════╗
    ║ Looks like Playwright Test or Playwright was just installed or updated. ║
    ║ Please run the following command to download new browsers:              ║
    ║                                                                         ║
    ║     npx playwright install                                              ║
    ║                                                                         ║
    ║ <3 Playwright Team                                                      ║
    ╚═════════════════════════════════════════════════════════════════════════╝

    attachment #1: trace (application/zip) ─────────────────────────────────────────────────────────
    ..\..\test-results\comprehensive-mobile-tests-fb389-ile-Pull-to-Refresh---Admin-Desktop-Chrome\trace.zip
    Usage:

        npx playwright show-trace ..\..\test-results\comprehensive-mobile-tests-fb389-ile-Pull-to-Refresh---Admin-Desktop-Chrome\trace.zip

    ────────────────────────────────────────────────────────────────────────────────────────────────
]]>
</failure>
<system-out>
<![CDATA[
[[ATTACHMENT|comprehensive-mobile-tests-fb389-ile-Pull-to-Refresh---Admin-Desktop-Chrome\trace.zip]]
]]>
</system-out>
</testcase>
<testcase name="Mobile QA - Admin Role › 12. Mobile PWA Features - Admin" classname="comprehensive-mobile-tests.spec.ts" time="0.022">
<failure message="comprehensive-mobile-tests.spec.ts:218:3 12. Mobile PWA Features - Admin" type="FAILURE">
<![CDATA[  [Desktop Chrome] › comprehensive-mobile-tests.spec.ts:218:3 › Mobile QA - Admin Role › 12. Mobile PWA Features - Admin 

    Error: browserType.launch: Executable doesn't exist at C:\Users\tomto\AppData\Local\ms-playwright\webkit-2215\Playwright.exe
    ╔═════════════════════════════════════════════════════════════════════════╗
    ║ Looks like Playwright Test or Playwright was just installed or updated. ║
    ║ Please run the following command to download new browsers:              ║
    ║                                                                         ║
    ║     npx playwright install                                              ║
    ║                                                                         ║
    ║ <3 Playwright Team                                                      ║
    ╚═════════════════════════════════════════════════════════════════════════╝

    attachment #1: trace (application/zip) ─────────────────────────────────────────────────────────
    ..\..\test-results\comprehensive-mobile-tests-3a89f-Mobile-PWA-Features---Admin-Desktop-Chrome\trace.zip
    Usage:

        npx playwright show-trace ..\..\test-results\comprehensive-mobile-tests-3a89f-Mobile-PWA-Features---Admin-Desktop-Chrome\trace.zip

    ────────────────────────────────────────────────────────────────────────────────────────────────
]]>
</failure>
<system-out>
<![CDATA[
[[ATTACHMENT|comprehensive-mobile-tests-3a89f-Mobile-PWA-Features---Admin-Desktop-Chrome\trace.zip]]
]]>
</system-out>
</testcase>
<testcase name="Mobile QA - Stylist Role › 1. Mobile Authentication - Stylist" classname="comprehensive-mobile-tests.spec.ts" time="0.017">
<failure message="comprehensive-mobile-tests.spec.ts:248:3 1. Mobile Authentication - Stylist" type="FAILURE">
<![CDATA[  [Desktop Chrome] › comprehensive-mobile-tests.spec.ts:248:3 › Mobile QA - Stylist Role › 1. Mobile Authentication - Stylist 

    Error: browserType.launch: Executable doesn't exist at C:\Users\tomto\AppData\Local\ms-playwright\webkit-2215\Playwright.exe
    ╔═════════════════════════════════════════════════════════════════════════╗
    ║ Looks like Playwright Test or Playwright was just installed or updated. ║
    ║ Please run the following command to download new browsers:              ║
    ║                                                                         ║
    ║     npx playwright install                                              ║
    ║                                                                         ║
    ║ <3 Playwright Team                                                      ║
    ╚═════════════════════════════════════════════════════════════════════════╝

    attachment #1: trace (application/zip) ─────────────────────────────────────────────────────────
    ..\..\test-results\comprehensive-mobile-tests-bb83f-le-Authentication---Stylist-Desktop-Chrome\trace.zip
    Usage:

        npx playwright show-trace ..\..\test-results\comprehensive-mobile-tests-bb83f-le-Authentication---Stylist-Desktop-Chrome\trace.zip

    ────────────────────────────────────────────────────────────────────────────────────────────────
]]>
</failure>
<system-out>
<![CDATA[
[[ATTACHMENT|comprehensive-mobile-tests-bb83f-le-Authentication---Stylist-Desktop-Chrome\trace.zip]]
]]>
</system-out>
</testcase>
<testcase name="Mobile QA - Stylist Role › 2. Mobile Touch Targets - Stylist" classname="comprehensive-mobile-tests.spec.ts" time="0.014">
<failure message="comprehensive-mobile-tests.spec.ts:261:3 2. Mobile Touch Targets - Stylist" type="FAILURE">
<![CDATA[  [Desktop Chrome] › comprehensive-mobile-tests.spec.ts:261:3 › Mobile QA - Stylist Role › 2. Mobile Touch Targets - Stylist 

    Error: browserType.launch: Executable doesn't exist at C:\Users\tomto\AppData\Local\ms-playwright\webkit-2215\Playwright.exe
    ╔═════════════════════════════════════════════════════════════════════════╗
    ║ Looks like Playwright Test or Playwright was just installed or updated. ║
    ║ Please run the following command to download new browsers:              ║
    ║                                                                         ║
    ║     npx playwright install                                              ║
    ║                                                                         ║
    ║ <3 Playwright Team                                                      ║
    ╚═════════════════════════════════════════════════════════════════════════╝

    attachment #1: trace (application/zip) ─────────────────────────────────────────────────────────
    ..\..\test-results\comprehensive-mobile-tests-5368a-ile-Touch-Targets---Stylist-Desktop-Chrome\trace.zip
    Usage:

        npx playwright show-trace ..\..\test-results\comprehensive-mobile-tests-5368a-ile-Touch-Targets---Stylist-Desktop-Chrome\trace.zip

    ────────────────────────────────────────────────────────────────────────────────────────────────
]]>
</failure>
<system-out>
<![CDATA[
[[ATTACHMENT|comprehensive-mobile-tests-5368a-ile-Touch-Targets---Stylist-Desktop-Chrome\trace.zip]]
]]>
</system-out>
</testcase>
<testcase name="Mobile QA - Stylist Role › 3. Mobile Responsiveness - Stylist" classname="comprehensive-mobile-tests.spec.ts" time="0.012">
<failure message="comprehensive-mobile-tests.spec.ts:278:3 3. Mobile Responsiveness - Stylist" type="FAILURE">
<![CDATA[  [Desktop Chrome] › comprehensive-mobile-tests.spec.ts:278:3 › Mobile QA - Stylist Role › 3. Mobile Responsiveness - Stylist 

    Error: browserType.launch: Executable doesn't exist at C:\Users\tomto\AppData\Local\ms-playwright\webkit-2215\Playwright.exe
    ╔═════════════════════════════════════════════════════════════════════════╗
    ║ Looks like Playwright Test or Playwright was just installed or updated. ║
    ║ Please run the following command to download new browsers:              ║
    ║                                                                         ║
    ║     npx playwright install                                              ║
    ║                                                                         ║
    ║ <3 Playwright Team                                                      ║
    ╚═════════════════════════════════════════════════════════════════════════╝

    attachment #1: trace (application/zip) ─────────────────────────────────────────────────────────
    ..\..\test-results\comprehensive-mobile-tests-d72a6-le-Responsiveness---Stylist-Desktop-Chrome\trace.zip
    Usage:

        npx playwright show-trace ..\..\test-results\comprehensive-mobile-tests-d72a6-le-Responsiveness---Stylist-Desktop-Chrome\trace.zip

    ────────────────────────────────────────────────────────────────────────────────────────────────
]]>
</failure>
<system-out>
<![CDATA[
[[ATTACHMENT|comprehensive-mobile-tests-d72a6-le-Responsiveness---Stylist-Desktop-Chrome\trace.zip]]
]]>
</system-out>
</testcase>
<testcase name="Mobile QA - Stylist Role › 4. Mobile Performance - Stylist" classname="comprehensive-mobile-tests.spec.ts" time="0.015">
<failure message="comprehensive-mobile-tests.spec.ts:291:3 4. Mobile Performance - Stylist" type="FAILURE">
<![CDATA[  [Desktop Chrome] › comprehensive-mobile-tests.spec.ts:291:3 › Mobile QA - Stylist Role › 4. Mobile Performance - Stylist 

    Error: browserType.launch: Executable doesn't exist at C:\Users\tomto\AppData\Local\ms-playwright\webkit-2215\Playwright.exe
    ╔═════════════════════════════════════════════════════════════════════════╗
    ║ Looks like Playwright Test or Playwright was just installed or updated. ║
    ║ Please run the following command to download new browsers:              ║
    ║                                                                         ║
    ║     npx playwright install                                              ║
    ║                                                                         ║
    ║ <3 Playwright Team                                                      ║
    ╚═════════════════════════════════════════════════════════════════════════╝

    attachment #1: trace (application/zip) ─────────────────────────────────────────────────────────
    ..\..\test-results\comprehensive-mobile-tests-47120-obile-Performance---Stylist-Desktop-Chrome\trace.zip
    Usage:

        npx playwright show-trace ..\..\test-results\comprehensive-mobile-tests-47120-obile-Performance---Stylist-Desktop-Chrome\trace.zip

    ────────────────────────────────────────────────────────────────────────────────────────────────
]]>
</failure>
<system-out>
<![CDATA[
[[ATTACHMENT|comprehensive-mobile-tests-47120-obile-Performance---Stylist-Desktop-Chrome\trace.zip]]
]]>
</system-out>
</testcase>
<testcase name="Mobile QA - Stylist Role › 5. Mobile Gestures - Stylist" classname="comprehensive-mobile-tests.spec.ts" time="0.009">
<failure message="comprehensive-mobile-tests.spec.ts:300:3 5. Mobile Gestures - Stylist" type="FAILURE">
<![CDATA[  [Desktop Chrome] › comprehensive-mobile-tests.spec.ts:300:3 › Mobile QA - Stylist Role › 5. Mobile Gestures - Stylist 

    Error: browserType.launch: Executable doesn't exist at C:\Users\tomto\AppData\Local\ms-playwright\webkit-2215\Playwright.exe
    ╔═════════════════════════════════════════════════════════════════════════╗
    ║ Looks like Playwright Test or Playwright was just installed or updated. ║
    ║ Please run the following command to download new browsers:              ║
    ║                                                                         ║
    ║     npx playwright install                                              ║
    ║                                                                         ║
    ║ <3 Playwright Team                                                      ║
    ╚═════════════════════════════════════════════════════════════════════════╝

    attachment #1: trace (application/zip) ─────────────────────────────────────────────────────────
    ..\..\test-results\comprehensive-mobile-tests-6fa14-5-Mobile-Gestures---Stylist-Desktop-Chrome\trace.zip
    Usage:

        npx playwright show-trace ..\..\test-results\comprehensive-mobile-tests-6fa14-5-Mobile-Gestures---Stylist-Desktop-Chrome\trace.zip

    ────────────────────────────────────────────────────────────────────────────────────────────────
]]>
</failure>
<system-out>
<![CDATA[
[[ATTACHMENT|comprehensive-mobile-tests-6fa14-5-Mobile-Gestures---Stylist-Desktop-Chrome\trace.zip]]
]]>
</system-out>
</testcase>
<testcase name="Mobile QA - Stylist Role › 6. Mobile Orientation - Stylist" classname="comprehensive-mobile-tests.spec.ts" time="0.012">
<failure message="comprehensive-mobile-tests.spec.ts:311:3 6. Mobile Orientation - Stylist" type="FAILURE">
<![CDATA[  [Desktop Chrome] › comprehensive-mobile-tests.spec.ts:311:3 › Mobile QA - Stylist Role › 6. Mobile Orientation - Stylist 

    Error: browserType.launch: Executable doesn't exist at C:\Users\tomto\AppData\Local\ms-playwright\webkit-2215\Playwright.exe
    ╔═════════════════════════════════════════════════════════════════════════╗
    ║ Looks like Playwright Test or Playwright was just installed or updated. ║
    ║ Please run the following command to download new browsers:              ║
    ║                                                                         ║
    ║     npx playwright install                                              ║
    ║                                                                         ║
    ║ <3 Playwright Team                                                      ║
    ╚═════════════════════════════════════════════════════════════════════════╝

    attachment #1: trace (application/zip) ─────────────────────────────────────────────────────────
    ..\..\test-results\comprehensive-mobile-tests-d6ae0-obile-Orientation---Stylist-Desktop-Chrome\trace.zip
    Usage:

        npx playwright show-trace ..\..\test-results\comprehensive-mobile-tests-d6ae0-obile-Orientation---Stylist-Desktop-Chrome\trace.zip

    ────────────────────────────────────────────────────────────────────────────────────────────────
]]>
</failure>
<system-out>
<![CDATA[
[[ATTACHMENT|comprehensive-mobile-tests-d6ae0-obile-Orientation---Stylist-Desktop-Chrome\trace.zip]]
]]>
</system-out>
</testcase>
<testcase name="Mobile QA - Stylist Role › 7. Mobile Input Focus - Stylist" classname="comprehensive-mobile-tests.spec.ts" time="0.018">
<failure message="comprehensive-mobile-tests.spec.ts:324:3 7. Mobile Input Focus - Stylist" type="FAILURE">
<![CDATA[  [Desktop Chrome] › comprehensive-mobile-tests.spec.ts:324:3 › Mobile QA - Stylist Role › 7. Mobile Input Focus - Stylist 

    Error: browserType.launch: Executable doesn't exist at C:\Users\tomto\AppData\Local\ms-playwright\webkit-2215\Playwright.exe
    ╔═════════════════════════════════════════════════════════════════════════╗
    ║ Looks like Playwright Test or Playwright was just installed or updated. ║
    ║ Please run the following command to download new browsers:              ║
    ║                                                                         ║
    ║     npx playwright install                                              ║
    ║                                                                         ║
    ║ <3 Playwright Team                                                      ║
    ╚═════════════════════════════════════════════════════════════════════════╝

    attachment #1: trace (application/zip) ─────────────────────────────────────────────────────────
    ..\..\test-results\comprehensive-mobile-tests-e2324-obile-Input-Focus---Stylist-Desktop-Chrome\trace.zip
    Usage:

        npx playwright show-trace ..\..\test-results\comprehensive-mobile-tests-e2324-obile-Input-Focus---Stylist-Desktop-Chrome\trace.zip

    ────────────────────────────────────────────────────────────────────────────────────────────────
]]>
</failure>
<system-out>
<![CDATA[
[[ATTACHMENT|comprehensive-mobile-tests-e2324-obile-Input-Focus---Stylist-Desktop-Chrome\trace.zip]]
]]>
</system-out>
</testcase>
<testcase name="Mobile QA - Stylist Role › 8. Mobile Safe Areas - Stylist" classname="comprehensive-mobile-tests.spec.ts" time="0.013">
<failure message="comprehensive-mobile-tests.spec.ts:339:3 8. Mobile Safe Areas - Stylist" type="FAILURE">
<![CDATA[  [Desktop Chrome] › comprehensive-mobile-tests.spec.ts:339:3 › Mobile QA - Stylist Role › 8. Mobile Safe Areas - Stylist 

    Error: browserType.launch: Executable doesn't exist at C:\Users\tomto\AppData\Local\ms-playwright\webkit-2215\Playwright.exe
    ╔═════════════════════════════════════════════════════════════════════════╗
    ║ Looks like Playwright Test or Playwright was just installed or updated. ║
    ║ Please run the following command to download new browsers:              ║
    ║                                                                         ║
    ║     npx playwright install                                              ║
    ║                                                                         ║
    ║ <3 Playwright Team                                                      ║
    ╚═════════════════════════════════════════════════════════════════════════╝

    attachment #1: trace (application/zip) ─────────────────────────────────────────────────────────
    ..\..\test-results\comprehensive-mobile-tests-828bc-Mobile-Safe-Areas---Stylist-Desktop-Chrome\trace.zip
    Usage:

        npx playwright show-trace ..\..\test-results\comprehensive-mobile-tests-828bc-Mobile-Safe-Areas---Stylist-Desktop-Chrome\trace.zip

    ────────────────────────────────────────────────────────────────────────────────────────────────
]]>
</failure>
<system-out>
<![CDATA[
[[ATTACHMENT|comprehensive-mobile-tests-828bc-Mobile-Safe-Areas---Stylist-Desktop-Chrome\trace.zip]]
]]>
</system-out>
</testcase>
<testcase name="Mobile QA - Stylist Role › 9. Mobile Offline - Stylist" classname="comprehensive-mobile-tests.spec.ts" time="0.013">
<failure message="comprehensive-mobile-tests.spec.ts:347:3 9. Mobile Offline - Stylist" type="FAILURE">
<![CDATA[  [Desktop Chrome] › comprehensive-mobile-tests.spec.ts:347:3 › Mobile QA - Stylist Role › 9. Mobile Offline - Stylist 

    Error: browserType.launch: Executable doesn't exist at C:\Users\tomto\AppData\Local\ms-playwright\webkit-2215\Playwright.exe
    ╔═════════════════════════════════════════════════════════════════════════╗
    ║ Looks like Playwright Test or Playwright was just installed or updated. ║
    ║ Please run the following command to download new browsers:              ║
    ║                                                                         ║
    ║     npx playwright install                                              ║
    ║                                                                         ║
    ║ <3 Playwright Team                                                      ║
    ╚═════════════════════════════════════════════════════════════════════════╝

    attachment #1: trace (application/zip) ─────────────────────────────────────────────────────────
    ..\..\test-results\comprehensive-mobile-tests-6581b--9-Mobile-Offline---Stylist-Desktop-Chrome\trace.zip
    Usage:

        npx playwright show-trace ..\..\test-results\comprehensive-mobile-tests-6581b--9-Mobile-Offline---Stylist-Desktop-Chrome\trace.zip

    ────────────────────────────────────────────────────────────────────────────────────────────────
]]>
</failure>
<system-out>
<![CDATA[
[[ATTACHMENT|comprehensive-mobile-tests-6581b--9-Mobile-Offline---Stylist-Desktop-Chrome\trace.zip]]
]]>
</system-out>
</testcase>
<testcase name="Mobile QA - Stylist Role › 10. Mobile Accessibility - Stylist" classname="comprehensive-mobile-tests.spec.ts" time="0.015">
<failure message="comprehensive-mobile-tests.spec.ts:356:3 10. Mobile Accessibility - Stylist" type="FAILURE">
<![CDATA[  [Desktop Chrome] › comprehensive-mobile-tests.spec.ts:356:3 › Mobile QA - Stylist Role › 10. Mobile Accessibility - Stylist 

    Error: browserType.launch: Executable doesn't exist at C:\Users\tomto\AppData\Local\ms-playwright\webkit-2215\Playwright.exe
    ╔═════════════════════════════════════════════════════════════════════════╗
    ║ Looks like Playwright Test or Playwright was just installed or updated. ║
    ║ Please run the following command to download new browsers:              ║
    ║                                                                         ║
    ║     npx playwright install                                              ║
    ║                                                                         ║
    ║ <3 Playwright Team                                                      ║
    ╚═════════════════════════════════════════════════════════════════════════╝

    attachment #1: trace (application/zip) ─────────────────────────────────────────────────────────
    ..\..\test-results\comprehensive-mobile-tests-f5e7a-ile-Accessibility---Stylist-Desktop-Chrome\trace.zip
    Usage:

        npx playwright show-trace ..\..\test-results\comprehensive-mobile-tests-f5e7a-ile-Accessibility---Stylist-Desktop-Chrome\trace.zip

    ────────────────────────────────────────────────────────────────────────────────────────────────
]]>
</failure>
<system-out>
<![CDATA[
[[ATTACHMENT|comprehensive-mobile-tests-f5e7a-ile-Accessibility---Stylist-Desktop-Chrome\trace.zip]]
]]>
</system-out>
</testcase>
<testcase name="Mobile QA - Stylist Role › 11. Mobile Font Sizing - Stylist" classname="comprehensive-mobile-tests.spec.ts" time="0.01">
<failure message="comprehensive-mobile-tests.spec.ts:364:3 11. Mobile Font Sizing - Stylist" type="FAILURE">
<![CDATA[  [Desktop Chrome] › comprehensive-mobile-tests.spec.ts:364:3 › Mobile QA - Stylist Role › 11. Mobile Font Sizing - Stylist 

    Error: browserType.launch: Executable doesn't exist at C:\Users\tomto\AppData\Local\ms-playwright\webkit-2215\Playwright.exe
    ╔═════════════════════════════════════════════════════════════════════════╗
    ║ Looks like Playwright Test or Playwright was just installed or updated. ║
    ║ Please run the following command to download new browsers:              ║
    ║                                                                         ║
    ║     npx playwright install                                              ║
    ║                                                                         ║
    ║ <3 Playwright Team                                                      ║
    ╚═════════════════════════════════════════════════════════════════════════╝

    attachment #1: trace (application/zip) ─────────────────────────────────────────────────────────
    ..\..\test-results\comprehensive-mobile-tests-c11c3-obile-Font-Sizing---Stylist-Desktop-Chrome\trace.zip
    Usage:

        npx playwright show-trace ..\..\test-results\comprehensive-mobile-tests-c11c3-obile-Font-Sizing---Stylist-Desktop-Chrome\trace.zip

    ────────────────────────────────────────────────────────────────────────────────────────────────
]]>
</failure>
<system-out>
<![CDATA[
[[ATTACHMENT|comprehensive-mobile-tests-c11c3-obile-Font-Sizing---Stylist-Desktop-Chrome\trace.zip]]
]]>
</system-out>
</testcase>
<testcase name="Mobile QA - Stylist Role › 12. Mobile PWA - Stylist" classname="comprehensive-mobile-tests.spec.ts" time="0.011">
<failure message="comprehensive-mobile-tests.spec.ts:378:3 12. Mobile PWA - Stylist" type="FAILURE">
<![CDATA[  [Desktop Chrome] › comprehensive-mobile-tests.spec.ts:378:3 › Mobile QA - Stylist Role › 12. Mobile PWA - Stylist 

    Error: browserType.launch: Executable doesn't exist at C:\Users\tomto\AppData\Local\ms-playwright\webkit-2215\Playwright.exe
    ╔═════════════════════════════════════════════════════════════════════════╗
    ║ Looks like Playwright Test or Playwright was just installed or updated. ║
    ║ Please run the following command to download new browsers:              ║
    ║                                                                         ║
    ║     npx playwright install                                              ║
    ║                                                                         ║
    ║ <3 Playwright Team                                                      ║
    ╚═════════════════════════════════════════════════════════════════════════╝

    attachment #1: trace (application/zip) ─────────────────────────────────────────────────────────
    ..\..\test-results\comprehensive-mobile-tests-3ecdc-ole-12-Mobile-PWA---Stylist-Desktop-Chrome\trace.zip
    Usage:

        npx playwright show-trace ..\..\test-results\comprehensive-mobile-tests-3ecdc-ole-12-Mobile-PWA---Stylist-Desktop-Chrome\trace.zip

    ────────────────────────────────────────────────────────────────────────────────────────────────
]]>
</failure>
<system-out>
<![CDATA[
[[ATTACHMENT|comprehensive-mobile-tests-3ecdc-ole-12-Mobile-PWA---Stylist-Desktop-Chrome\trace.zip]]
]]>
</system-out>
</testcase>
<testcase name="Mobile QA - Client Role › 1. Mobile Authentication - Client" classname="comprehensive-mobile-tests.spec.ts" time="0.011">
<failure message="comprehensive-mobile-tests.spec.ts:399:3 1. Mobile Authentication - Client" type="FAILURE">
<![CDATA[  [Desktop Chrome] › comprehensive-mobile-tests.spec.ts:399:3 › Mobile QA - Client Role › 1. Mobile Authentication - Client 

    Error: browserType.launch: Executable doesn't exist at C:\Users\tomto\AppData\Local\ms-playwright\webkit-2215\Playwright.exe
    ╔═════════════════════════════════════════════════════════════════════════╗
    ║ Looks like Playwright Test or Playwright was just installed or updated. ║
    ║ Please run the following command to download new browsers:              ║
    ║                                                                         ║
    ║     npx playwright install                                              ║
    ║                                                                         ║
    ║ <3 Playwright Team                                                      ║
    ╚═════════════════════════════════════════════════════════════════════════╝

    attachment #1: trace (application/zip) ─────────────────────────────────────────────────────────
    ..\..\test-results\comprehensive-mobile-tests-fce98-ile-Authentication---Client-Desktop-Chrome\trace.zip
    Usage:

        npx playwright show-trace ..\..\test-results\comprehensive-mobile-tests-fce98-ile-Authentication---Client-Desktop-Chrome\trace.zip

    ────────────────────────────────────────────────────────────────────────────────────────────────
]]>
</failure>
<system-out>
<![CDATA[
[[ATTACHMENT|comprehensive-mobile-tests-fce98-ile-Authentication---Client-Desktop-Chrome\trace.zip]]
]]>
</system-out>
</testcase>
<testcase name="Mobile QA - Client Role › 2. Mobile Touch Targets - Client" classname="comprehensive-mobile-tests.spec.ts" time="0.011">
<failure message="comprehensive-mobile-tests.spec.ts:403:3 2. Mobile Touch Targets - Client" type="FAILURE">
<![CDATA[  [Desktop Chrome] › comprehensive-mobile-tests.spec.ts:403:3 › Mobile QA - Client Role › 2. Mobile Touch Targets - Client 

    Error: browserType.launch: Executable doesn't exist at C:\Users\tomto\AppData\Local\ms-playwright\webkit-2215\Playwright.exe
    ╔═════════════════════════════════════════════════════════════════════════╗
    ║ Looks like Playwright Test or Playwright was just installed or updated. ║
    ║ Please run the following command to download new browsers:              ║
    ║                                                                         ║
    ║     npx playwright install                                              ║
    ║                                                                         ║
    ║ <3 Playwright Team                                                      ║
    ╚═════════════════════════════════════════════════════════════════════════╝

    attachment #1: trace (application/zip) ─────────────────────────────────────────────────────────
    ..\..\test-results\comprehensive-mobile-tests-02ad2-bile-Touch-Targets---Client-Desktop-Chrome\trace.zip
    Usage:

        npx playwright show-trace ..\..\test-results\comprehensive-mobile-tests-02ad2-bile-Touch-Targets---Client-Desktop-Chrome\trace.zip

    ────────────────────────────────────────────────────────────────────────────────────────────────
]]>
</failure>
<system-out>
<![CDATA[
[[ATTACHMENT|comprehensive-mobile-tests-02ad2-bile-Touch-Targets---Client-Desktop-Chrome\trace.zip]]
]]>
</system-out>
</testcase>
<testcase name="Mobile QA - Client Role › 3. Mobile Responsiveness - Client" classname="comprehensive-mobile-tests.spec.ts" time="0.012">
<failure message="comprehensive-mobile-tests.spec.ts:420:3 3. Mobile Responsiveness - Client" type="FAILURE">
<![CDATA[  [Desktop Chrome] › comprehensive-mobile-tests.spec.ts:420:3 › Mobile QA - Client Role › 3. Mobile Responsiveness - Client 

    Error: browserType.launch: Executable doesn't exist at C:\Users\tomto\AppData\Local\ms-playwright\webkit-2215\Playwright.exe
    ╔═════════════════════════════════════════════════════════════════════════╗
    ║ Looks like Playwright Test or Playwright was just installed or updated. ║
    ║ Please run the following command to download new browsers:              ║
    ║                                                                         ║
    ║     npx playwright install                                              ║
    ║                                                                         ║
    ║ <3 Playwright Team                                                      ║
    ╚═════════════════════════════════════════════════════════════════════════╝

    attachment #1: trace (application/zip) ─────────────────────────────────────────────────────────
    ..\..\test-results\comprehensive-mobile-tests-feaa5-ile-Responsiveness---Client-Desktop-Chrome\trace.zip
    Usage:

        npx playwright show-trace ..\..\test-results\comprehensive-mobile-tests-feaa5-ile-Responsiveness---Client-Desktop-Chrome\trace.zip

    ────────────────────────────────────────────────────────────────────────────────────────────────
]]>
</failure>
<system-out>
<![CDATA[
[[ATTACHMENT|comprehensive-mobile-tests-feaa5-ile-Responsiveness---Client-Desktop-Chrome\trace.zip]]
]]>
</system-out>
</testcase>
<testcase name="Mobile QA - Client Role › 4. Mobile Performance - Client" classname="comprehensive-mobile-tests.spec.ts" time="0.013">
<failure message="comprehensive-mobile-tests.spec.ts:433:3 4. Mobile Performance - Client" type="FAILURE">
<![CDATA[  [Desktop Chrome] › comprehensive-mobile-tests.spec.ts:433:3 › Mobile QA - Client Role › 4. Mobile Performance - Client 

    Error: browserType.launch: Executable doesn't exist at C:\Users\tomto\AppData\Local\ms-playwright\webkit-2215\Playwright.exe
    ╔═════════════════════════════════════════════════════════════════════════╗
    ║ Looks like Playwright Test or Playwright was just installed or updated. ║
    ║ Please run the following command to download new browsers:              ║
    ║                                                                         ║
    ║     npx playwright install                                              ║
    ║                                                                         ║
    ║ <3 Playwright Team                                                      ║
    ╚═════════════════════════════════════════════════════════════════════════╝

    attachment #1: trace (application/zip) ─────────────────────────────────────────────────────────
    ..\..\test-results\comprehensive-mobile-tests-25789-Mobile-Performance---Client-Desktop-Chrome\trace.zip
    Usage:

        npx playwright show-trace ..\..\test-results\comprehensive-mobile-tests-25789-Mobile-Performance---Client-Desktop-Chrome\trace.zip

    ────────────────────────────────────────────────────────────────────────────────────────────────
]]>
</failure>
<system-out>
<![CDATA[
[[ATTACHMENT|comprehensive-mobile-tests-25789-Mobile-Performance---Client-Desktop-Chrome\trace.zip]]
]]>
</system-out>
</testcase>
<testcase name="Mobile QA - Client Role › 5. Mobile Gestures - Client" classname="comprehensive-mobile-tests.spec.ts" time="0.01">
<failure message="comprehensive-mobile-tests.spec.ts:442:3 5. Mobile Gestures - Client" type="FAILURE">
<![CDATA[  [Desktop Chrome] › comprehensive-mobile-tests.spec.ts:442:3 › Mobile QA - Client Role › 5. Mobile Gestures - Client 

    Error: browserType.launch: Executable doesn't exist at C:\Users\tomto\AppData\Local\ms-playwright\webkit-2215\Playwright.exe
    ╔═════════════════════════════════════════════════════════════════════════╗
    ║ Looks like Playwright Test or Playwright was just installed or updated. ║
    ║ Please run the following command to download new browsers:              ║
    ║                                                                         ║
    ║     npx playwright install                                              ║
    ║                                                                         ║
    ║ <3 Playwright Team                                                      ║
    ╚═════════════════════════════════════════════════════════════════════════╝

    attachment #1: trace (application/zip) ─────────────────────────────────────────────────────────
    ..\..\test-results\comprehensive-mobile-tests-1654d--5-Mobile-Gestures---Client-Desktop-Chrome\trace.zip
    Usage:

        npx playwright show-trace ..\..\test-results\comprehensive-mobile-tests-1654d--5-Mobile-Gestures---Client-Desktop-Chrome\trace.zip

    ────────────────────────────────────────────────────────────────────────────────────────────────
]]>
</failure>
<system-out>
<![CDATA[
[[ATTACHMENT|comprehensive-mobile-tests-1654d--5-Mobile-Gestures---Client-Desktop-Chrome\trace.zip]]
]]>
</system-out>
</testcase>
<testcase name="Mobile QA - Client Role › 6. Mobile Orientation - Client" classname="comprehensive-mobile-tests.spec.ts" time="0.012">
<failure message="comprehensive-mobile-tests.spec.ts:452:3 6. Mobile Orientation - Client" type="FAILURE">
<![CDATA[  [Desktop Chrome] › comprehensive-mobile-tests.spec.ts:452:3 › Mobile QA - Client Role › 6. Mobile Orientation - Client 

    Error: browserType.launch: Executable doesn't exist at C:\Users\tomto\AppData\Local\ms-playwright\webkit-2215\Playwright.exe
    ╔═════════════════════════════════════════════════════════════════════════╗
    ║ Looks like Playwright Test or Playwright was just installed or updated. ║
    ║ Please run the following command to download new browsers:              ║
    ║                                                                         ║
    ║     npx playwright install                                              ║
    ║                                                                         ║
    ║ <3 Playwright Team                                                      ║
    ╚═════════════════════════════════════════════════════════════════════════╝

    attachment #1: trace (application/zip) ─────────────────────────────────────────────────────────
    ..\..\test-results\comprehensive-mobile-tests-8eae8-Mobile-Orientation---Client-Desktop-Chrome\trace.zip
    Usage:

        npx playwright show-trace ..\..\test-results\comprehensive-mobile-tests-8eae8-Mobile-Orientation---Client-Desktop-Chrome\trace.zip

    ────────────────────────────────────────────────────────────────────────────────────────────────
]]>
</failure>
<system-out>
<![CDATA[
[[ATTACHMENT|comprehensive-mobile-tests-8eae8-Mobile-Orientation---Client-Desktop-Chrome\trace.zip]]
]]>
</system-out>
</testcase>
<testcase name="Mobile QA - Client Role › 7. Mobile Input - Client" classname="comprehensive-mobile-tests.spec.ts" time="0.007">
<failure message="comprehensive-mobile-tests.spec.ts:463:3 7. Mobile Input - Client" type="FAILURE">
<![CDATA[  [Desktop Chrome] › comprehensive-mobile-tests.spec.ts:463:3 › Mobile QA - Client Role › 7. Mobile Input - Client 

    Error: browserType.launch: Executable doesn't exist at C:\Users\tomto\AppData\Local\ms-playwright\webkit-2215\Playwright.exe
    ╔═════════════════════════════════════════════════════════════════════════╗
    ║ Looks like Playwright Test or Playwright was just installed or updated. ║
    ║ Please run the following command to download new browsers:              ║
    ║                                                                         ║
    ║     npx playwright install                                              ║
    ║                                                                         ║
    ║ <3 Playwright Team                                                      ║
    ╚═════════════════════════════════════════════════════════════════════════╝

    attachment #1: trace (application/zip) ─────────────────────────────────────────────────────────
    ..\..\test-results\comprehensive-mobile-tests-a0ea2-ole-7-Mobile-Input---Client-Desktop-Chrome\trace.zip
    Usage:

        npx playwright show-trace ..\..\test-results\comprehensive-mobile-tests-a0ea2-ole-7-Mobile-Input---Client-Desktop-Chrome\trace.zip

    ────────────────────────────────────────────────────────────────────────────────────────────────
]]>
</failure>
<system-out>
<![CDATA[
[[ATTACHMENT|comprehensive-mobile-tests-a0ea2-ole-7-Mobile-Input---Client-Desktop-Chrome\trace.zip]]
]]>
</system-out>
</testcase>
<testcase name="Mobile QA - Client Role › 8. Mobile Safe Areas - Client" classname="comprehensive-mobile-tests.spec.ts" time="0.008">
<failure message="comprehensive-mobile-tests.spec.ts:474:3 8. Mobile Safe Areas - Client" type="FAILURE">
<![CDATA[  [Desktop Chrome] › comprehensive-mobile-tests.spec.ts:474:3 › Mobile QA - Client Role › 8. Mobile Safe Areas - Client 

    Error: browserType.launch: Executable doesn't exist at C:\Users\tomto\AppData\Local\ms-playwright\webkit-2215\Playwright.exe
    ╔═════════════════════════════════════════════════════════════════════════╗
    ║ Looks like Playwright Test or Playwright was just installed or updated. ║
    ║ Please run the following command to download new browsers:              ║
    ║                                                                         ║
    ║     npx playwright install                                              ║
    ║                                                                         ║
    ║ <3 Playwright Team                                                      ║
    ╚═════════════════════════════════════════════════════════════════════════╝

    attachment #1: trace (application/zip) ─────────────────────────────────────────────────────────
    ..\..\test-results\comprehensive-mobile-tests-ac6f4--Mobile-Safe-Areas---Client-Desktop-Chrome\trace.zip
    Usage:

        npx playwright show-trace ..\..\test-results\comprehensive-mobile-tests-ac6f4--Mobile-Safe-Areas---Client-Desktop-Chrome\trace.zip

    ────────────────────────────────────────────────────────────────────────────────────────────────
]]>
</failure>
<system-out>
<![CDATA[
[[ATTACHMENT|comprehensive-mobile-tests-ac6f4--Mobile-Safe-Areas---Client-Desktop-Chrome\trace.zip]]
]]>
</system-out>
</testcase>
<testcase name="Mobile QA - Client Role › 9. Mobile Offline - Client" classname="comprehensive-mobile-tests.spec.ts" time="0.006">
<failure message="comprehensive-mobile-tests.spec.ts:482:3 9. Mobile Offline - Client" type="FAILURE">
<![CDATA[  [Desktop Chrome] › comprehensive-mobile-tests.spec.ts:482:3 › Mobile QA - Client Role › 9. Mobile Offline - Client 

    Error: browserType.launch: Executable doesn't exist at C:\Users\tomto\AppData\Local\ms-playwright\webkit-2215\Playwright.exe
    ╔═════════════════════════════════════════════════════════════════════════╗
    ║ Looks like Playwright Test or Playwright was just installed or updated. ║
    ║ Please run the following command to download new browsers:              ║
    ║                                                                         ║
    ║     npx playwright install                                              ║
    ║                                                                         ║
    ║ <3 Playwright Team                                                      ║
    ╚═════════════════════════════════════════════════════════════════════════╝

    attachment #1: trace (application/zip) ─────────────────────────────────────────────────────────
    ..\..\test-results\comprehensive-mobile-tests-937cd-e-9-Mobile-Offline---Client-Desktop-Chrome\trace.zip
    Usage:

        npx playwright show-trace ..\..\test-results\comprehensive-mobile-tests-937cd-e-9-Mobile-Offline---Client-Desktop-Chrome\trace.zip

    ────────────────────────────────────────────────────────────────────────────────────────────────
]]>
</failure>
<system-out>
<![CDATA[
[[ATTACHMENT|comprehensive-mobile-tests-937cd-e-9-Mobile-Offline---Client-Desktop-Chrome\trace.zip]]
]]>
</system-out>
</testcase>
<testcase name="Mobile QA - Client Role › 10. Mobile Accessibility - Client" classname="comprehensive-mobile-tests.spec.ts" time="0.006">
<failure message="comprehensive-mobile-tests.spec.ts:491:3 10. Mobile Accessibility - Client" type="FAILURE">
<![CDATA[  [Desktop Chrome] › comprehensive-mobile-tests.spec.ts:491:3 › Mobile QA - Client Role › 10. Mobile Accessibility - Client 

    Error: browserType.launch: Executable doesn't exist at C:\Users\tomto\AppData\Local\ms-playwright\webkit-2215\Playwright.exe
    ╔═════════════════════════════════════════════════════════════════════════╗
    ║ Looks like Playwright Test or Playwright was just installed or updated. ║
    ║ Please run the following command to download new browsers:              ║
    ║                                                                         ║
    ║     npx playwright install                                              ║
    ║                                                                         ║
    ║ <3 Playwright Team                                                      ║
    ╚═════════════════════════════════════════════════════════════════════════╝

    attachment #1: trace (application/zip) ─────────────────────────────────────────────────────────
    ..\..\test-results\comprehensive-mobile-tests-98a50-bile-Accessibility---Client-Desktop-Chrome\trace.zip
    Usage:

        npx playwright show-trace ..\..\test-results\comprehensive-mobile-tests-98a50-bile-Accessibility---Client-Desktop-Chrome\trace.zip

    ────────────────────────────────────────────────────────────────────────────────────────────────
]]>
</failure>
<system-out>
<![CDATA[
[[ATTACHMENT|comprehensive-mobile-tests-98a50-bile-Accessibility---Client-Desktop-Chrome\trace.zip]]
]]>
</system-out>
</testcase>
<testcase name="Mobile QA - Client Role › 11. Mobile Font Sizing - Client" classname="comprehensive-mobile-tests.spec.ts" time="0.009">
<failure message="comprehensive-mobile-tests.spec.ts:499:3 11. Mobile Font Sizing - Client" type="FAILURE">
<![CDATA[  [Desktop Chrome] › comprehensive-mobile-tests.spec.ts:499:3 › Mobile QA - Client Role › 11. Mobile Font Sizing - Client 

    Error: browserType.launch: Executable doesn't exist at C:\Users\tomto\AppData\Local\ms-playwright\webkit-2215\Playwright.exe
    ╔═════════════════════════════════════════════════════════════════════════╗
    ║ Looks like Playwright Test or Playwright was just installed or updated. ║
    ║ Please run the following command to download new browsers:              ║
    ║                                                                         ║
    ║     npx playwright install                                              ║
    ║                                                                         ║
    ║ <3 Playwright Team                                                      ║
    ╚═════════════════════════════════════════════════════════════════════════╝

    attachment #1: trace (application/zip) ─────────────────────────────────────────────────────────
    ..\..\test-results\comprehensive-mobile-tests-8257a-Mobile-Font-Sizing---Client-Desktop-Chrome\trace.zip
    Usage:

        npx playwright show-trace ..\..\test-results\comprehensive-mobile-tests-8257a-Mobile-Font-Sizing---Client-Desktop-Chrome\trace.zip

    ────────────────────────────────────────────────────────────────────────────────────────────────
]]>
</failure>
<system-out>
<![CDATA[
[[ATTACHMENT|comprehensive-mobile-tests-8257a-Mobile-Font-Sizing---Client-Desktop-Chrome\trace.zip]]
]]>
</system-out>
</testcase>
<testcase name="Mobile QA - Client Role › 12. Mobile PWA - Client" classname="comprehensive-mobile-tests.spec.ts" time="0.01">
<failure message="comprehensive-mobile-tests.spec.ts:513:3 12. Mobile PWA - Client" type="FAILURE">
<![CDATA[  [Desktop Chrome] › comprehensive-mobile-tests.spec.ts:513:3 › Mobile QA - Client Role › 12. Mobile PWA - Client 

    Error: browserType.launch: Executable doesn't exist at C:\Users\tomto\AppData\Local\ms-playwright\webkit-2215\Playwright.exe
    ╔═════════════════════════════════════════════════════════════════════════╗
    ║ Looks like Playwright Test or Playwright was just installed or updated. ║
    ║ Please run the following command to download new browsers:              ║
    ║                                                                         ║
    ║     npx playwright install                                              ║
    ║                                                                         ║
    ║ <3 Playwright Team                                                      ║
    ╚═════════════════════════════════════════════════════════════════════════╝

    attachment #1: trace (application/zip) ─────────────────────────────────────────────────────────
    ..\..\test-results\comprehensive-mobile-tests-a06ee-Role-12-Mobile-PWA---Client-Desktop-Chrome\trace.zip
    Usage:

        npx playwright show-trace ..\..\test-results\comprehensive-mobile-tests-a06ee-Role-12-Mobile-PWA---Client-Desktop-Chrome\trace.zip

    ────────────────────────────────────────────────────────────────────────────────────────────────
]]>
</failure>
<system-out>
<![CDATA[
[[ATTACHMENT|comprehensive-mobile-tests-a06ee-Role-12-Mobile-PWA---Client-Desktop-Chrome\trace.zip]]
]]>
</system-out>
</testcase>
</testsuite>
<testsuite name="comprehensive-role-tests.spec.ts" timestamp="2025-11-02T17:37:24.527Z" hostname="Desktop Chrome" tests="36" failures="36" skipped="0" time="0.42" errors="0">
<testcase name="Comprehensive QA - Admin Role › 1. Authentication &amp; Authorization - Admin" classname="comprehensive-role-tests.spec.ts" time="0.008">
<failure message="comprehensive-role-tests.spec.ts:52:3 1. Authentication &amp; Authorization - Admin" type="FAILURE">
<![CDATA[  [Desktop Chrome] › comprehensive-role-tests.spec.ts:52:3 › Comprehensive QA - Admin Role › 1. Authentication & Authorization - Admin 

    Error: browserType.launch: Executable doesn't exist at C:\Users\tomto\AppData\Local\ms-playwright\chromium_headless_shell-1194\chrome-win\headless_shell.exe
    ╔═════════════════════════════════════════════════════════════════════════╗
    ║ Looks like Playwright Test or Playwright was just installed or updated. ║
    ║ Please run the following command to download new browsers:              ║
    ║                                                                         ║
    ║     npx playwright install                                              ║
    ║                                                                         ║
    ║ <3 Playwright Team                                                      ║
    ╚═════════════════════════════════════════════════════════════════════════╝

    attachment #1: trace (application/zip) ─────────────────────────────────────────────────────────
    ..\..\test-results\comprehensive-role-tests-C-43cec-ation-Authorization---Admin-Desktop-Chrome\trace.zip
    Usage:

        npx playwright show-trace ..\..\test-results\comprehensive-role-tests-C-43cec-ation-Authorization---Admin-Desktop-Chrome\trace.zip

    ────────────────────────────────────────────────────────────────────────────────────────────────
]]>
</failure>
<system-out>
<![CDATA[
[[ATTACHMENT|comprehensive-role-tests-C-43cec-ation-Authorization---Admin-Desktop-Chrome\trace.zip]]
]]>
</system-out>
</testcase>
<testcase name="Comprehensive QA - Admin Role › 2. Navigation &amp; Routing - Admin" classname="comprehensive-role-tests.spec.ts" time="0.009">
<failure message="comprehensive-role-tests.spec.ts:73:3 2. Navigation &amp; Routing - Admin" type="FAILURE">
<![CDATA[  [Desktop Chrome] › comprehensive-role-tests.spec.ts:73:3 › Comprehensive QA - Admin Role › 2. Navigation & Routing - Admin 

    Error: browserType.launch: Executable doesn't exist at C:\Users\tomto\AppData\Local\ms-playwright\chromium_headless_shell-1194\chrome-win\headless_shell.exe
    ╔═════════════════════════════════════════════════════════════════════════╗
    ║ Looks like Playwright Test or Playwright was just installed or updated. ║
    ║ Please run the following command to download new browsers:              ║
    ║                                                                         ║
    ║     npx playwright install                                              ║
    ║                                                                         ║
    ║ <3 Playwright Team                                                      ║
    ╚═════════════════════════════════════════════════════════════════════════╝

    attachment #1: trace (application/zip) ─────────────────────────────────────────────────────────
    ..\..\test-results\comprehensive-role-tests-C-eff80--Navigation-Routing---Admin-Desktop-Chrome\trace.zip
    Usage:

        npx playwright show-trace ..\..\test-results\comprehensive-role-tests-C-eff80--Navigation-Routing---Admin-Desktop-Chrome\trace.zip

    ────────────────────────────────────────────────────────────────────────────────────────────────
]]>
</failure>
<system-out>
<![CDATA[
[[ATTACHMENT|comprehensive-role-tests-C-eff80--Navigation-Routing---Admin-Desktop-Chrome\trace.zip]]
]]>
</system-out>
</testcase>
<testcase name="Comprehensive QA - Admin Role › 3. Data CRUD Operations - Admin" classname="comprehensive-role-tests.spec.ts" time="0.009">
<failure message="comprehensive-role-tests.spec.ts:94:3 3. Data CRUD Operations - Admin" type="FAILURE">
<![CDATA[  [Desktop Chrome] › comprehensive-role-tests.spec.ts:94:3 › Comprehensive QA - Admin Role › 3. Data CRUD Operations - Admin 

    Error: browserType.launch: Executable doesn't exist at C:\Users\tomto\AppData\Local\ms-playwright\chromium_headless_shell-1194\chrome-win\headless_shell.exe
    ╔═════════════════════════════════════════════════════════════════════════╗
    ║ Looks like Playwright Test or Playwright was just installed or updated. ║
    ║ Please run the following command to download new browsers:              ║
    ║                                                                         ║
    ║     npx playwright install                                              ║
    ║                                                                         ║
    ║ <3 Playwright Team                                                      ║
    ╚═════════════════════════════════════════════════════════════════════════╝

    attachment #1: trace (application/zip) ─────────────────────────────────────────────────────────
    ..\..\test-results\comprehensive-role-tests-C-f5c02-ata-CRUD-Operations---Admin-Desktop-Chrome\trace.zip
    Usage:

        npx playwright show-trace ..\..\test-results\comprehensive-role-tests-C-f5c02-ata-CRUD-Operations---Admin-Desktop-Chrome\trace.zip

    ────────────────────────────────────────────────────────────────────────────────────────────────
]]>
</failure>
<system-out>
<![CDATA[
[[ATTACHMENT|comprehensive-role-tests-C-f5c02-ata-CRUD-Operations---Admin-Desktop-Chrome\trace.zip]]
]]>
</system-out>
</testcase>
<testcase name="Comprehensive QA - Admin Role › 4. UI/UX Responsiveness - Admin" classname="comprehensive-role-tests.spec.ts" time="0.008">
<failure message="comprehensive-role-tests.spec.ts:119:3 4. UI/UX Responsiveness - Admin" type="FAILURE">
<![CDATA[  [Desktop Chrome] › comprehensive-role-tests.spec.ts:119:3 › Comprehensive QA - Admin Role › 4. UI/UX Responsiveness - Admin 

    Error: browserType.launch: Executable doesn't exist at C:\Users\tomto\AppData\Local\ms-playwright\chromium_headless_shell-1194\chrome-win\headless_shell.exe
    ╔═════════════════════════════════════════════════════════════════════════╗
    ║ Looks like Playwright Test or Playwright was just installed or updated. ║
    ║ Please run the following command to download new browsers:              ║
    ║                                                                         ║
    ║     npx playwright install                                              ║
    ║                                                                         ║
    ║ <3 Playwright Team                                                      ║
    ╚═════════════════════════════════════════════════════════════════════════╝

    attachment #1: trace (application/zip) ─────────────────────────────────────────────────────────
    ..\..\test-results\comprehensive-role-tests-C-0ab7c-I-UX-Responsiveness---Admin-Desktop-Chrome\trace.zip
    Usage:

        npx playwright show-trace ..\..\test-results\comprehensive-role-tests-C-0ab7c-I-UX-Responsiveness---Admin-Desktop-Chrome\trace.zip

    ────────────────────────────────────────────────────────────────────────────────────────────────
]]>
</failure>
<system-out>
<![CDATA[
[[ATTACHMENT|comprehensive-role-tests-C-0ab7c-I-UX-Responsiveness---Admin-Desktop-Chrome\trace.zip]]
]]>
</system-out>
</testcase>
<testcase name="Comprehensive QA - Admin Role › 5. Performance Metrics - Admin" classname="comprehensive-role-tests.spec.ts" time="0.007">
<failure message="comprehensive-role-tests.spec.ts:147:3 5. Performance Metrics - Admin" type="FAILURE">
<![CDATA[  [Desktop Chrome] › comprehensive-role-tests.spec.ts:147:3 › Comprehensive QA - Admin Role › 5. Performance Metrics - Admin 

    Error: browserType.launch: Executable doesn't exist at C:\Users\tomto\AppData\Local\ms-playwright\chromium_headless_shell-1194\chrome-win\headless_shell.exe
    ╔═════════════════════════════════════════════════════════════════════════╗
    ║ Looks like Playwright Test or Playwright was just installed or updated. ║
    ║ Please run the following command to download new browsers:              ║
    ║                                                                         ║
    ║     npx playwright install                                              ║
    ║                                                                         ║
    ║ <3 Playwright Team                                                      ║
    ╚═════════════════════════════════════════════════════════════════════════╝

    attachment #1: trace (application/zip) ─────────────────────────────────────────────────────────
    ..\..\test-results\comprehensive-role-tests-C-997e5-Performance-Metrics---Admin-Desktop-Chrome\trace.zip
    Usage:

        npx playwright show-trace ..\..\test-results\comprehensive-role-tests-C-997e5-Performance-Metrics---Admin-Desktop-Chrome\trace.zip

    ────────────────────────────────────────────────────────────────────────────────────────────────
]]>
</failure>
<system-out>
<![CDATA[
[[ATTACHMENT|comprehensive-role-tests-C-997e5-Performance-Metrics---Admin-Desktop-Chrome\trace.zip]]
]]>
</system-out>
</testcase>
<testcase name="Comprehensive QA - Admin Role › 6. Security &amp; RLS Policies - Admin" classname="comprehensive-role-tests.spec.ts" time="0.01">
<failure message="comprehensive-role-tests.spec.ts:163:3 6. Security &amp; RLS Policies - Admin" type="FAILURE">
<![CDATA[  [Desktop Chrome] › comprehensive-role-tests.spec.ts:163:3 › Comprehensive QA - Admin Role › 6. Security & RLS Policies - Admin 

    Error: browserType.launch: Executable doesn't exist at C:\Users\tomto\AppData\Local\ms-playwright\chromium_headless_shell-1194\chrome-win\headless_shell.exe
    ╔═════════════════════════════════════════════════════════════════════════╗
    ║ Looks like Playwright Test or Playwright was just installed or updated. ║
    ║ Please run the following command to download new browsers:              ║
    ║                                                                         ║
    ║     npx playwright install                                              ║
    ║                                                                         ║
    ║ <3 Playwright Team                                                      ║
    ╚═════════════════════════════════════════════════════════════════════════╝

    attachment #1: trace (application/zip) ─────────────────────────────────────────────────────────
    ..\..\test-results\comprehensive-role-tests-C-1d2cc-curity-RLS-Policies---Admin-Desktop-Chrome\trace.zip
    Usage:

        npx playwright show-trace ..\..\test-results\comprehensive-role-tests-C-1d2cc-curity-RLS-Policies---Admin-Desktop-Chrome\trace.zip

    ────────────────────────────────────────────────────────────────────────────────────────────────
]]>
</failure>
<system-out>
<![CDATA[
[[ATTACHMENT|comprehensive-role-tests-C-1d2cc-curity-RLS-Policies---Admin-Desktop-Chrome\trace.zip]]
]]>
</system-out>
</testcase>
<testcase name="Comprehensive QA - Admin Role › 7. Error Handling - Admin" classname="comprehensive-role-tests.spec.ts" time="0.013">
<failure message="comprehensive-role-tests.spec.ts:178:3 7. Error Handling - Admin" type="FAILURE">
<![CDATA[  [Desktop Chrome] › comprehensive-role-tests.spec.ts:178:3 › Comprehensive QA - Admin Role › 7. Error Handling - Admin 

    Error: browserType.launch: Executable doesn't exist at C:\Users\tomto\AppData\Local\ms-playwright\chromium_headless_shell-1194\chrome-win\headless_shell.exe
    ╔═════════════════════════════════════════════════════════════════════════╗
    ║ Looks like Playwright Test or Playwright was just installed or updated. ║
    ║ Please run the following command to download new browsers:              ║
    ║                                                                         ║
    ║     npx playwright install                                              ║
    ║                                                                         ║
    ║ <3 Playwright Team                                                      ║
    ╚═════════════════════════════════════════════════════════════════════════╝

    attachment #1: trace (application/zip) ─────────────────────────────────────────────────────────
    ..\..\test-results\comprehensive-role-tests-C-eba3a-le-7-Error-Handling---Admin-Desktop-Chrome\trace.zip
    Usage:

        npx playwright show-trace ..\..\test-results\comprehensive-role-tests-C-eba3a-le-7-Error-Handling---Admin-Desktop-Chrome\trace.zip

    ────────────────────────────────────────────────────────────────────────────────────────────────
]]>
</failure>
<system-out>
<![CDATA[
[[ATTACHMENT|comprehensive-role-tests-C-eba3a-le-7-Error-Handling---Admin-Desktop-Chrome\trace.zip]]
]]>
</system-out>
</testcase>
<testcase name="Comprehensive QA - Admin Role › 8. Form Validation - Admin" classname="comprehensive-role-tests.spec.ts" time="0.009">
<failure message="comprehensive-role-tests.spec.ts:190:3 8. Form Validation - Admin" type="FAILURE">
<![CDATA[  [Desktop Chrome] › comprehensive-role-tests.spec.ts:190:3 › Comprehensive QA - Admin Role › 8. Form Validation - Admin 

    Error: browserType.launch: Executable doesn't exist at C:\Users\tomto\AppData\Local\ms-playwright\chromium_headless_shell-1194\chrome-win\headless_shell.exe
    ╔═════════════════════════════════════════════════════════════════════════╗
    ║ Looks like Playwright Test or Playwright was just installed or updated. ║
    ║ Please run the following command to download new browsers:              ║
    ║                                                                         ║
    ║     npx playwright install                                              ║
    ║                                                                         ║
    ║ <3 Playwright Team                                                      ║
    ╚═════════════════════════════════════════════════════════════════════════╝

    attachment #1: trace (application/zip) ─────────────────────────────────────────────────────────
    ..\..\test-results\comprehensive-role-tests-C-0411e-e-8-Form-Validation---Admin-Desktop-Chrome\trace.zip
    Usage:

        npx playwright show-trace ..\..\test-results\comprehensive-role-tests-C-0411e-e-8-Form-Validation---Admin-Desktop-Chrome\trace.zip

    ────────────────────────────────────────────────────────────────────────────────────────────────
]]>
</failure>
<system-out>
<![CDATA[
[[ATTACHMENT|comprehensive-role-tests-C-0411e-e-8-Form-Validation---Admin-Desktop-Chrome\trace.zip]]
]]>
</system-out>
</testcase>
<testcase name="Comprehensive QA - Admin Role › 9. Real-time Updates - Admin" classname="comprehensive-role-tests.spec.ts" time="0.009">
<failure message="comprehensive-role-tests.spec.ts:217:3 9. Real-time Updates - Admin" type="FAILURE">
<![CDATA[  [Desktop Chrome] › comprehensive-role-tests.spec.ts:217:3 › Comprehensive QA - Admin Role › 9. Real-time Updates - Admin 

    Error: browserType.launch: Executable doesn't exist at C:\Users\tomto\AppData\Local\ms-playwright\chromium_headless_shell-1194\chrome-win\headless_shell.exe
    ╔═════════════════════════════════════════════════════════════════════════╗
    ║ Looks like Playwright Test or Playwright was just installed or updated. ║
    ║ Please run the following command to download new browsers:              ║
    ║                                                                         ║
    ║     npx playwright install                                              ║
    ║                                                                         ║
    ║ <3 Playwright Team                                                      ║
    ╚═════════════════════════════════════════════════════════════════════════╝

    attachment #1: trace (application/zip) ─────────────────────────────────────────────────────────
    ..\..\test-results\comprehensive-role-tests-C-1b354-9-Real-time-Updates---Admin-Desktop-Chrome\trace.zip
    Usage:

        npx playwright show-trace ..\..\test-results\comprehensive-role-tests-C-1b354-9-Real-time-Updates---Admin-Desktop-Chrome\trace.zip

    ────────────────────────────────────────────────────────────────────────────────────────────────
]]>
</failure>
<system-out>
<![CDATA[
[[ATTACHMENT|comprehensive-role-tests-C-1b354-9-Real-time-Updates---Admin-Desktop-Chrome\trace.zip]]
]]>
</system-out>
</testcase>
<testcase name="Comprehensive QA - Admin Role › 10. Accessibility - Admin" classname="comprehensive-role-tests.spec.ts" time="0.011">
<failure message="comprehensive-role-tests.spec.ts:228:3 10. Accessibility - Admin" type="FAILURE">
<![CDATA[  [Desktop Chrome] › comprehensive-role-tests.spec.ts:228:3 › Comprehensive QA - Admin Role › 10. Accessibility - Admin 

    Error: browserType.launch: Executable doesn't exist at C:\Users\tomto\AppData\Local\ms-playwright\chromium_headless_shell-1194\chrome-win\headless_shell.exe
    ╔═════════════════════════════════════════════════════════════════════════╗
    ║ Looks like Playwright Test or Playwright was just installed or updated. ║
    ║ Please run the following command to download new browsers:              ║
    ║                                                                         ║
    ║     npx playwright install                                              ║
    ║                                                                         ║
    ║ <3 Playwright Team                                                      ║
    ╚═════════════════════════════════════════════════════════════════════════╝

    attachment #1: trace (application/zip) ─────────────────────────────────────────────────────────
    ..\..\test-results\comprehensive-role-tests-C-7b1b2-le-10-Accessibility---Admin-Desktop-Chrome\trace.zip
    Usage:

        npx playwright show-trace ..\..\test-results\comprehensive-role-tests-C-7b1b2-le-10-Accessibility---Admin-Desktop-Chrome\trace.zip

    ────────────────────────────────────────────────────────────────────────────────────────────────
]]>
</failure>
<system-out>
<![CDATA[
[[ATTACHMENT|comprehensive-role-tests-C-7b1b2-le-10-Accessibility---Admin-Desktop-Chrome\trace.zip]]
]]>
</system-out>
</testcase>
<testcase name="Comprehensive QA - Admin Role › 11. State Management - Admin" classname="comprehensive-role-tests.spec.ts" time="0.01">
<failure message="comprehensive-role-tests.spec.ts:251:3 11. State Management - Admin" type="FAILURE">
<![CDATA[  [Desktop Chrome] › comprehensive-role-tests.spec.ts:251:3 › Comprehensive QA - Admin Role › 11. State Management - Admin 

    Error: browserType.launch: Executable doesn't exist at C:\Users\tomto\AppData\Local\ms-playwright\chromium_headless_shell-1194\chrome-win\headless_shell.exe
    ╔═════════════════════════════════════════════════════════════════════════╗
    ║ Looks like Playwright Test or Playwright was just installed or updated. ║
    ║ Please run the following command to download new browsers:              ║
    ║                                                                         ║
    ║     npx playwright install                                              ║
    ║                                                                         ║
    ║ <3 Playwright Team                                                      ║
    ╚═════════════════════════════════════════════════════════════════════════╝

    attachment #1: trace (application/zip) ─────────────────────────────────────────────────────────
    ..\..\test-results\comprehensive-role-tests-C-143b0-11-State-Management---Admin-Desktop-Chrome\trace.zip
    Usage:

        npx playwright show-trace ..\..\test-results\comprehensive-role-tests-C-143b0-11-State-Management---Admin-Desktop-Chrome\trace.zip

    ────────────────────────────────────────────────────────────────────────────────────────────────
]]>
</failure>
<system-out>
<![CDATA[
[[ATTACHMENT|comprehensive-role-tests-C-143b0-11-State-Management---Admin-Desktop-Chrome\trace.zip]]
]]>
</system-out>
</testcase>
<testcase name="Comprehensive QA - Admin Role › 12. Integration Points - Admin" classname="comprehensive-role-tests.spec.ts" time="0.095">
<failure message="comprehensive-role-tests.spec.ts:266:3 12. Integration Points - Admin" type="FAILURE">
<![CDATA[  [Desktop Chrome] › comprehensive-role-tests.spec.ts:266:3 › Comprehensive QA - Admin Role › 12. Integration Points - Admin 

    Error: browserType.launch: Executable doesn't exist at C:\Users\tomto\AppData\Local\ms-playwright\chromium_headless_shell-1194\chrome-win\headless_shell.exe
    ╔═════════════════════════════════════════════════════════════════════════╗
    ║ Looks like Playwright Test or Playwright was just installed or updated. ║
    ║ Please run the following command to download new browsers:              ║
    ║                                                                         ║
    ║     npx playwright install                                              ║
    ║                                                                         ║
    ║ <3 Playwright Team                                                      ║
    ╚═════════════════════════════════════════════════════════════════════════╝

    attachment #1: trace (application/zip) ─────────────────────────────────────────────────────────
    ..\..\test-results\comprehensive-role-tests-C-1ff01--Integration-Points---Admin-Desktop-Chrome\trace.zip
    Usage:

        npx playwright show-trace ..\..\test-results\comprehensive-role-tests-C-1ff01--Integration-Points---Admin-Desktop-Chrome\trace.zip

    ────────────────────────────────────────────────────────────────────────────────────────────────
]]>
</failure>
<system-out>
<![CDATA[
[[ATTACHMENT|comprehensive-role-tests-C-1ff01--Integration-Points---Admin-Desktop-Chrome\trace.zip]]
]]>
</system-out>
</testcase>
<testcase name="Comprehensive QA - Stylist Role › 1. Authentication &amp; Authorization - Stylist" classname="comprehensive-role-tests.spec.ts" time="0.011">
<failure message="comprehensive-role-tests.spec.ts:295:3 1. Authentication &amp; Authorization - Stylist" type="FAILURE">
<![CDATA[  [Desktop Chrome] › comprehensive-role-tests.spec.ts:295:3 › Comprehensive QA - Stylist Role › 1. Authentication & Authorization - Stylist 

    Error: browserType.launch: Executable doesn't exist at C:\Users\tomto\AppData\Local\ms-playwright\chromium_headless_shell-1194\chrome-win\headless_shell.exe
    ╔═════════════════════════════════════════════════════════════════════════╗
    ║ Looks like Playwright Test or Playwright was just installed or updated. ║
    ║ Please run the following command to download new browsers:              ║
    ║                                                                         ║
    ║     npx playwright install                                              ║
    ║                                                                         ║
    ║ <3 Playwright Team                                                      ║
    ╚═════════════════════════════════════════════════════════════════════════╝

    attachment #1: trace (application/zip) ─────────────────────────────────────────────────────────
    ..\..\test-results\comprehensive-role-tests-C-40483-ion-Authorization---Stylist-Desktop-Chrome\trace.zip
    Usage:

        npx playwright show-trace ..\..\test-results\comprehensive-role-tests-C-40483-ion-Authorization---Stylist-Desktop-Chrome\trace.zip

    ────────────────────────────────────────────────────────────────────────────────────────────────
]]>
</failure>
<system-out>
<![CDATA[
[[ATTACHMENT|comprehensive-role-tests-C-40483-ion-Authorization---Stylist-Desktop-Chrome\trace.zip]]
]]>
</system-out>
</testcase>
<testcase name="Comprehensive QA - Stylist Role › 2. Navigation &amp; Routing - Stylist" classname="comprehensive-role-tests.spec.ts" time="0.009">
<failure message="comprehensive-role-tests.spec.ts:316:3 2. Navigation &amp; Routing - Stylist" type="FAILURE">
<![CDATA[  [Desktop Chrome] › comprehensive-role-tests.spec.ts:316:3 › Comprehensive QA - Stylist Role › 2. Navigation & Routing - Stylist 

    Error: browserType.launch: Executable doesn't exist at C:\Users\tomto\AppData\Local\ms-playwright\chromium_headless_shell-1194\chrome-win\headless_shell.exe
    ╔═════════════════════════════════════════════════════════════════════════╗
    ║ Looks like Playwright Test or Playwright was just installed or updated. ║
    ║ Please run the following command to download new browsers:              ║
    ║                                                                         ║
    ║     npx playwright install                                              ║
    ║                                                                         ║
    ║ <3 Playwright Team                                                      ║
    ╚═════════════════════════════════════════════════════════════════════════╝

    attachment #1: trace (application/zip) ─────────────────────────────────────────────────────────
    ..\..\test-results\comprehensive-role-tests-C-a48f9-avigation-Routing---Stylist-Desktop-Chrome\trace.zip
    Usage:

        npx playwright show-trace ..\..\test-results\comprehensive-role-tests-C-a48f9-avigation-Routing---Stylist-Desktop-Chrome\trace.zip

    ────────────────────────────────────────────────────────────────────────────────────────────────
]]>
</failure>
<system-out>
<![CDATA[
[[ATTACHMENT|comprehensive-role-tests-C-a48f9-avigation-Routing---Stylist-Desktop-Chrome\trace.zip]]
]]>
</system-out>
</testcase>
<testcase name="Comprehensive QA - Stylist Role › 3. Data CRUD Operations - Stylist" classname="comprehensive-role-tests.spec.ts" time="0.007">
<failure message="comprehensive-role-tests.spec.ts:340:3 3. Data CRUD Operations - Stylist" type="FAILURE">
<![CDATA[  [Desktop Chrome] › comprehensive-role-tests.spec.ts:340:3 › Comprehensive QA - Stylist Role › 3. Data CRUD Operations - Stylist 

    Error: browserType.launch: Executable doesn't exist at C:\Users\tomto\AppData\Local\ms-playwright\chromium_headless_shell-1194\chrome-win\headless_shell.exe
    ╔═════════════════════════════════════════════════════════════════════════╗
    ║ Looks like Playwright Test or Playwright was just installed or updated. ║
    ║ Please run the following command to download new browsers:              ║
    ║                                                                         ║
    ║     npx playwright install                                              ║
    ║                                                                         ║
    ║ <3 Playwright Team                                                      ║
    ╚═════════════════════════════════════════════════════════════════════════╝

    attachment #1: trace (application/zip) ─────────────────────────────────────────────────────────
    ..\..\test-results\comprehensive-role-tests-C-59dd5-a-CRUD-Operations---Stylist-Desktop-Chrome\trace.zip
    Usage:

        npx playwright show-trace ..\..\test-results\comprehensive-role-tests-C-59dd5-a-CRUD-Operations---Stylist-Desktop-Chrome\trace.zip

    ────────────────────────────────────────────────────────────────────────────────────────────────
]]>
</failure>
<system-out>
<![CDATA[
[[ATTACHMENT|comprehensive-role-tests-C-59dd5-a-CRUD-Operations---Stylist-Desktop-Chrome\trace.zip]]
]]>
</system-out>
</testcase>
<testcase name="Comprehensive QA - Stylist Role › 4. UI/UX Responsiveness - Stylist" classname="comprehensive-role-tests.spec.ts" time="0.014">
<failure message="comprehensive-role-tests.spec.ts:360:3 4. UI/UX Responsiveness - Stylist" type="FAILURE">
<![CDATA[  [Desktop Chrome] › comprehensive-role-tests.spec.ts:360:3 › Comprehensive QA - Stylist Role › 4. UI/UX Responsiveness - Stylist 

    Error: browserType.launch: Executable doesn't exist at C:\Users\tomto\AppData\Local\ms-playwright\chromium_headless_shell-1194\chrome-win\headless_shell.exe
    ╔═════════════════════════════════════════════════════════════════════════╗
    ║ Looks like Playwright Test or Playwright was just installed or updated. ║
    ║ Please run the following command to download new browsers:              ║
    ║                                                                         ║
    ║     npx playwright install                                              ║
    ║                                                                         ║
    ║ <3 Playwright Team                                                      ║
    ╚═════════════════════════════════════════════════════════════════════════╝

    attachment #1: trace (application/zip) ─────────────────────────────────────────────────────────
    ..\..\test-results\comprehensive-role-tests-C-39434-UX-Responsiveness---Stylist-Desktop-Chrome\trace.zip
    Usage:

        npx playwright show-trace ..\..\test-results\comprehensive-role-tests-C-39434-UX-Responsiveness---Stylist-Desktop-Chrome\trace.zip

    ────────────────────────────────────────────────────────────────────────────────────────────────
]]>
</failure>
<system-out>
<![CDATA[
[[ATTACHMENT|comprehensive-role-tests-C-39434-UX-Responsiveness---Stylist-Desktop-Chrome\trace.zip]]
]]>
</system-out>
</testcase>
<testcase name="Comprehensive QA - Stylist Role › 5. Performance Metrics - Stylist" classname="comprehensive-role-tests.spec.ts" time="0.01">
<failure message="comprehensive-role-tests.spec.ts:369:3 5. Performance Metrics - Stylist" type="FAILURE">
<![CDATA[  [Desktop Chrome] › comprehensive-role-tests.spec.ts:369:3 › Comprehensive QA - Stylist Role › 5. Performance Metrics - Stylist 

    Error: browserType.launch: Executable doesn't exist at C:\Users\tomto\AppData\Local\ms-playwright\chromium_headless_shell-1194\chrome-win\headless_shell.exe
    ╔═════════════════════════════════════════════════════════════════════════╗
    ║ Looks like Playwright Test or Playwright was just installed or updated. ║
    ║ Please run the following command to download new browsers:              ║
    ║                                                                         ║
    ║     npx playwright install                                              ║
    ║                                                                         ║
    ║ <3 Playwright Team                                                      ║
    ╚═════════════════════════════════════════════════════════════════════════╝

    attachment #1: trace (application/zip) ─────────────────────────────────────────────────────────
    ..\..\test-results\comprehensive-role-tests-C-29111-rformance-Metrics---Stylist-Desktop-Chrome\trace.zip
    Usage:

        npx playwright show-trace ..\..\test-results\comprehensive-role-tests-C-29111-rformance-Metrics---Stylist-Desktop-Chrome\trace.zip

    ────────────────────────────────────────────────────────────────────────────────────────────────
]]>
</failure>
<system-out>
<![CDATA[
[[ATTACHMENT|comprehensive-role-tests-C-29111-rformance-Metrics---Stylist-Desktop-Chrome\trace.zip]]
]]>
</system-out>
</testcase>
<testcase name="Comprehensive QA - Stylist Role › 6. Security &amp; RLS Policies - Stylist" classname="comprehensive-role-tests.spec.ts" time="0.01">
<failure message="comprehensive-role-tests.spec.ts:378:3 6. Security &amp; RLS Policies - Stylist" type="FAILURE">
<![CDATA[  [Desktop Chrome] › comprehensive-role-tests.spec.ts:378:3 › Comprehensive QA - Stylist Role › 6. Security & RLS Policies - Stylist 

    Error: browserType.launch: Executable doesn't exist at C:\Users\tomto\AppData\Local\ms-playwright\chromium_headless_shell-1194\chrome-win\headless_shell.exe
    ╔═════════════════════════════════════════════════════════════════════════╗
    ║ Looks like Playwright Test or Playwright was just installed or updated. ║
    ║ Please run the following command to download new browsers:              ║
    ║                                                                         ║
    ║     npx playwright install                                              ║
    ║                                                                         ║
    ║ <3 Playwright Team                                                      ║
    ╚═════════════════════════════════════════════════════════════════════════╝

    attachment #1: trace (application/zip) ─────────────────────────────────────────────────────────
    ..\..\test-results\comprehensive-role-tests-C-2bced-rity-RLS-Policies---Stylist-Desktop-Chrome\trace.zip
    Usage:

        npx playwright show-trace ..\..\test-results\comprehensive-role-tests-C-2bced-rity-RLS-Policies---Stylist-Desktop-Chrome\trace.zip

    ────────────────────────────────────────────────────────────────────────────────────────────────
]]>
</failure>
<system-out>
<![CDATA[
[[ATTACHMENT|comprehensive-role-tests-C-2bced-rity-RLS-Policies---Stylist-Desktop-Chrome\trace.zip]]
]]>
</system-out>
</testcase>
<testcase name="Comprehensive QA - Stylist Role › 7. Error Handling - Stylist" classname="comprehensive-role-tests.spec.ts" time="0.01">
<failure message="comprehensive-role-tests.spec.ts:389:3 7. Error Handling - Stylist" type="FAILURE">
<![CDATA[  [Desktop Chrome] › comprehensive-role-tests.spec.ts:389:3 › Comprehensive QA - Stylist Role › 7. Error Handling - Stylist 

    Error: browserType.launch: Executable doesn't exist at C:\Users\tomto\AppData\Local\ms-playwright\chromium_headless_shell-1194\chrome-win\headless_shell.exe
    ╔═════════════════════════════════════════════════════════════════════════╗
    ║ Looks like Playwright Test or Playwright was just installed or updated. ║
    ║ Please run the following command to download new browsers:              ║
    ║                                                                         ║
    ║     npx playwright install                                              ║
    ║                                                                         ║
    ║ <3 Playwright Team                                                      ║
    ╚═════════════════════════════════════════════════════════════════════════╝

    attachment #1: trace (application/zip) ─────────────────────────────────────────────────────────
    ..\..\test-results\comprehensive-role-tests-C-f956a--7-Error-Handling---Stylist-Desktop-Chrome\trace.zip
    Usage:

        npx playwright show-trace ..\..\test-results\comprehensive-role-tests-C-f956a--7-Error-Handling---Stylist-Desktop-Chrome\trace.zip

    ────────────────────────────────────────────────────────────────────────────────────────────────
]]>
</failure>
<system-out>
<![CDATA[
[[ATTACHMENT|comprehensive-role-tests-C-f956a--7-Error-Handling---Stylist-Desktop-Chrome\trace.zip]]
]]>
</system-out>
</testcase>
<testcase name="Comprehensive QA - Stylist Role › 8. Form Validation - Stylist" classname="comprehensive-role-tests.spec.ts" time="0.019">
<failure message="comprehensive-role-tests.spec.ts:396:3 8. Form Validation - Stylist" type="FAILURE">
<![CDATA[  [Desktop Chrome] › comprehensive-role-tests.spec.ts:396:3 › Comprehensive QA - Stylist Role › 8. Form Validation - Stylist 

    Error: browserType.launch: Executable doesn't exist at C:\Users\tomto\AppData\Local\ms-playwright\chromium_headless_shell-1194\chrome-win\headless_shell.exe
    ╔═════════════════════════════════════════════════════════════════════════╗
    ║ Looks like Playwright Test or Playwright was just installed or updated. ║
    ║ Please run the following command to download new browsers:              ║
    ║                                                                         ║
    ║     npx playwright install                                              ║
    ║                                                                         ║
    ║ <3 Playwright Team                                                      ║
    ╚═════════════════════════════════════════════════════════════════════════╝

    attachment #1: trace (application/zip) ─────────────────────────────────────────────────────────
    ..\..\test-results\comprehensive-role-tests-C-50b5f-8-Form-Validation---Stylist-Desktop-Chrome\trace.zip
    Usage:

        npx playwright show-trace ..\..\test-results\comprehensive-role-tests-C-50b5f-8-Form-Validation---Stylist-Desktop-Chrome\trace.zip

    ────────────────────────────────────────────────────────────────────────────────────────────────
]]>
</failure>
<system-out>
<![CDATA[
[[ATTACHMENT|comprehensive-role-tests-C-50b5f-8-Form-Validation---Stylist-Desktop-Chrome\trace.zip]]
]]>
</system-out>
</testcase>
<testcase name="Comprehensive QA - Stylist Role › 9. Real-time Updates - Stylist" classname="comprehensive-role-tests.spec.ts" time="0.011">
<failure message="comprehensive-role-tests.spec.ts:407:3 9. Real-time Updates - Stylist" type="FAILURE">
<![CDATA[  [Desktop Chrome] › comprehensive-role-tests.spec.ts:407:3 › Comprehensive QA - Stylist Role › 9. Real-time Updates - Stylist 

    Error: browserType.launch: Executable doesn't exist at C:\Users\tomto\AppData\Local\ms-playwright\chromium_headless_shell-1194\chrome-win\headless_shell.exe
    ╔═════════════════════════════════════════════════════════════════════════╗
    ║ Looks like Playwright Test or Playwright was just installed or updated. ║
    ║ Please run the following command to download new browsers:              ║
    ║                                                                         ║
    ║     npx playwright install                                              ║
    ║                                                                         ║
    ║ <3 Playwright Team                                                      ║
    ╚═════════════════════════════════════════════════════════════════════════╝

    attachment #1: trace (application/zip) ─────────────────────────────────────────────────────────
    ..\..\test-results\comprehensive-role-tests-C-75a57-Real-time-Updates---Stylist-Desktop-Chrome\trace.zip
    Usage:

        npx playwright show-trace ..\..\test-results\comprehensive-role-tests-C-75a57-Real-time-Updates---Stylist-Desktop-Chrome\trace.zip

    ────────────────────────────────────────────────────────────────────────────────────────────────
]]>
</failure>
<system-out>
<![CDATA[
[[ATTACHMENT|comprehensive-role-tests-C-75a57-Real-time-Updates---Stylist-Desktop-Chrome\trace.zip]]
]]>
</system-out>
</testcase>
<testcase name="Comprehensive QA - Stylist Role › 10. Accessibility - Stylist" classname="comprehensive-role-tests.spec.ts" time="0.015">
<failure message="comprehensive-role-tests.spec.ts:418:3 10. Accessibility - Stylist" type="FAILURE">
<![CDATA[  [Desktop Chrome] › comprehensive-role-tests.spec.ts:418:3 › Comprehensive QA - Stylist Role › 10. Accessibility - Stylist 

    Error: browserType.launch: Executable doesn't exist at C:\Users\tomto\AppData\Local\ms-playwright\chromium_headless_shell-1194\chrome-win\headless_shell.exe
    ╔═════════════════════════════════════════════════════════════════════════╗
    ║ Looks like Playwright Test or Playwright was just installed or updated. ║
    ║ Please run the following command to download new browsers:              ║
    ║                                                                         ║
    ║     npx playwright install                                              ║
    ║                                                                         ║
    ║ <3 Playwright Team                                                      ║
    ╚═════════════════════════════════════════════════════════════════════════╝

    attachment #1: trace (application/zip) ─────────────────────────────────────────────────────────
    ..\..\test-results\comprehensive-role-tests-C-043b0--10-Accessibility---Stylist-Desktop-Chrome\trace.zip
    Usage:

        npx playwright show-trace ..\..\test-results\comprehensive-role-tests-C-043b0--10-Accessibility---Stylist-Desktop-Chrome\trace.zip

    ────────────────────────────────────────────────────────────────────────────────────────────────
]]>
</failure>
<system-out>
<![CDATA[
[[ATTACHMENT|comprehensive-role-tests-C-043b0--10-Accessibility---Stylist-Desktop-Chrome\trace.zip]]
]]>
</system-out>
</testcase>
<testcase name="Comprehensive QA - Stylist Role › 11. State Management - Stylist" classname="comprehensive-role-tests.spec.ts" time="0.008">
<failure message="comprehensive-role-tests.spec.ts:431:3 11. State Management - Stylist" type="FAILURE">
<![CDATA[  [Desktop Chrome] › comprehensive-role-tests.spec.ts:431:3 › Comprehensive QA - Stylist Role › 11. State Management - Stylist 

    Error: browserType.launch: Executable doesn't exist at C:\Users\tomto\AppData\Local\ms-playwright\chromium_headless_shell-1194\chrome-win\headless_shell.exe
    ╔═════════════════════════════════════════════════════════════════════════╗
    ║ Looks like Playwright Test or Playwright was just installed or updated. ║
    ║ Please run the following command to download new browsers:              ║
    ║                                                                         ║
    ║     npx playwright install                                              ║
    ║                                                                         ║
    ║ <3 Playwright Team                                                      ║
    ╚═════════════════════════════════════════════════════════════════════════╝

    attachment #1: trace (application/zip) ─────────────────────────────────────────────────────────
    ..\..\test-results\comprehensive-role-tests-C-1b4b2--State-Management---Stylist-Desktop-Chrome\trace.zip
    Usage:

        npx playwright show-trace ..\..\test-results\comprehensive-role-tests-C-1b4b2--State-Management---Stylist-Desktop-Chrome\trace.zip

    ────────────────────────────────────────────────────────────────────────────────────────────────
]]>
</failure>
<system-out>
<![CDATA[
[[ATTACHMENT|comprehensive-role-tests-C-1b4b2--State-Management---Stylist-Desktop-Chrome\trace.zip]]
]]>
</system-out>
</testcase>
<testcase name="Comprehensive QA - Stylist Role › 12. Integration Points - Stylist" classname="comprehensive-role-tests.spec.ts" time="0.01">
<failure message="comprehensive-role-tests.spec.ts:438:3 12. Integration Points - Stylist" type="FAILURE">
<![CDATA[  [Desktop Chrome] › comprehensive-role-tests.spec.ts:438:3 › Comprehensive QA - Stylist Role › 12. Integration Points - Stylist 

    Error: browserType.launch: Executable doesn't exist at C:\Users\tomto\AppData\Local\ms-playwright\chromium_headless_shell-1194\chrome-win\headless_shell.exe
    ╔═════════════════════════════════════════════════════════════════════════╗
    ║ Looks like Playwright Test or Playwright was just installed or updated. ║
    ║ Please run the following command to download new browsers:              ║
    ║                                                                         ║
    ║     npx playwright install                                              ║
    ║                                                                         ║
    ║ <3 Playwright Team                                                      ║
    ╚═════════════════════════════════════════════════════════════════════════╝

    attachment #1: trace (application/zip) ─────────────────────────────────────────────────────────
    ..\..\test-results\comprehensive-role-tests-C-23392-ntegration-Points---Stylist-Desktop-Chrome\trace.zip
    Usage:

        npx playwright show-trace ..\..\test-results\comprehensive-role-tests-C-23392-ntegration-Points---Stylist-Desktop-Chrome\trace.zip

    ────────────────────────────────────────────────────────────────────────────────────────────────
]]>
</failure>
<system-out>
<![CDATA[
[[ATTACHMENT|comprehensive-role-tests-C-23392-ntegration-Points---Stylist-Desktop-Chrome\trace.zip]]
]]>
</system-out>
</testcase>
<testcase name="Comprehensive QA - Client Role › 1. Authentication &amp; Authorization - Client" classname="comprehensive-role-tests.spec.ts" time="0.007">
<failure message="comprehensive-role-tests.spec.ts:458:3 1. Authentication &amp; Authorization - Client" type="FAILURE">
<![CDATA[  [Desktop Chrome] › comprehensive-role-tests.spec.ts:458:3 › Comprehensive QA - Client Role › 1. Authentication & Authorization - Client 

    Error: browserType.launch: Executable doesn't exist at C:\Users\tomto\AppData\Local\ms-playwright\chromium_headless_shell-1194\chrome-win\headless_shell.exe
    ╔═════════════════════════════════════════════════════════════════════════╗
    ║ Looks like Playwright Test or Playwright was just installed or updated. ║
    ║ Please run the following command to download new browsers:              ║
    ║                                                                         ║
    ║     npx playwright install                                              ║
    ║                                                                         ║
    ║ <3 Playwright Team                                                      ║
    ╚═════════════════════════════════════════════════════════════════════════╝

    attachment #1: trace (application/zip) ─────────────────────────────────────────────────────────
    ..\..\test-results\comprehensive-role-tests-C-ed04f-tion-Authorization---Client-Desktop-Chrome\trace.zip
    Usage:

        npx playwright show-trace ..\..\test-results\comprehensive-role-tests-C-ed04f-tion-Authorization---Client-Desktop-Chrome\trace.zip

    ────────────────────────────────────────────────────────────────────────────────────────────────
]]>
</failure>
<system-out>
<![CDATA[
[[ATTACHMENT|comprehensive-role-tests-C-ed04f-tion-Authorization---Client-Desktop-Chrome\trace.zip]]
]]>
</system-out>
</testcase>
<testcase name="Comprehensive QA - Client Role › 2. Navigation &amp; Routing - Client" classname="comprehensive-role-tests.spec.ts" time="0.007">
<failure message="comprehensive-role-tests.spec.ts:478:3 2. Navigation &amp; Routing - Client" type="FAILURE">
<![CDATA[  [Desktop Chrome] › comprehensive-role-tests.spec.ts:478:3 › Comprehensive QA - Client Role › 2. Navigation & Routing - Client 

    Error: browserType.launch: Executable doesn't exist at C:\Users\tomto\AppData\Local\ms-playwright\chromium_headless_shell-1194\chrome-win\headless_shell.exe
    ╔═════════════════════════════════════════════════════════════════════════╗
    ║ Looks like Playwright Test or Playwright was just installed or updated. ║
    ║ Please run the following command to download new browsers:              ║
    ║                                                                         ║
    ║     npx playwright install                                              ║
    ║                                                                         ║
    ║ <3 Playwright Team                                                      ║
    ╚═════════════════════════════════════════════════════════════════════════╝

    attachment #1: trace (application/zip) ─────────────────────────────────────────────────────────
    ..\..\test-results\comprehensive-role-tests-C-84eff-Navigation-Routing---Client-Desktop-Chrome\trace.zip
    Usage:

        npx playwright show-trace ..\..\test-results\comprehensive-role-tests-C-84eff-Navigation-Routing---Client-Desktop-Chrome\trace.zip

    ────────────────────────────────────────────────────────────────────────────────────────────────
]]>
</failure>
<system-out>
<![CDATA[
[[ATTACHMENT|comprehensive-role-tests-C-84eff-Navigation-Routing---Client-Desktop-Chrome\trace.zip]]
]]>
</system-out>
</testcase>
<testcase name="Comprehensive QA - Client Role › 3. Data CRUD Operations - Client" classname="comprehensive-role-tests.spec.ts" time="0.006">
<failure message="comprehensive-role-tests.spec.ts:497:3 3. Data CRUD Operations - Client" type="FAILURE">
<![CDATA[  [Desktop Chrome] › comprehensive-role-tests.spec.ts:497:3 › Comprehensive QA - Client Role › 3. Data CRUD Operations - Client 

    Error: browserType.launch: Executable doesn't exist at C:\Users\tomto\AppData\Local\ms-playwright\chromium_headless_shell-1194\chrome-win\headless_shell.exe
    ╔═════════════════════════════════════════════════════════════════════════╗
    ║ Looks like Playwright Test or Playwright was just installed or updated. ║
    ║ Please run the following command to download new browsers:              ║
    ║                                                                         ║
    ║     npx playwright install                                              ║
    ║                                                                         ║
    ║ <3 Playwright Team                                                      ║
    ╚═════════════════════════════════════════════════════════════════════════╝

    attachment #1: trace (application/zip) ─────────────────────────────────────────────────────────
    ..\..\test-results\comprehensive-role-tests-C-9f821-ta-CRUD-Operations---Client-Desktop-Chrome\trace.zip
    Usage:

        npx playwright show-trace ..\..\test-results\comprehensive-role-tests-C-9f821-ta-CRUD-Operations---Client-Desktop-Chrome\trace.zip

    ────────────────────────────────────────────────────────────────────────────────────────────────
]]>
</failure>
<system-out>
<![CDATA[
[[ATTACHMENT|comprehensive-role-tests-C-9f821-ta-CRUD-Operations---Client-Desktop-Chrome\trace.zip]]
]]>
</system-out>
</testcase>
<testcase name="Comprehensive QA - Client Role › 4. UI/UX Responsiveness - Client" classname="comprehensive-role-tests.spec.ts" time="0.006">
<failure message="comprehensive-role-tests.spec.ts:512:3 4. UI/UX Responsiveness - Client" type="FAILURE">
<![CDATA[  [Desktop Chrome] › comprehensive-role-tests.spec.ts:512:3 › Comprehensive QA - Client Role › 4. UI/UX Responsiveness - Client 

    Error: browserType.launch: Executable doesn't exist at C:\Users\tomto\AppData\Local\ms-playwright\chromium_headless_shell-1194\chrome-win\headless_shell.exe
    ╔═════════════════════════════════════════════════════════════════════════╗
    ║ Looks like Playwright Test or Playwright was just installed or updated. ║
    ║ Please run the following command to download new browsers:              ║
    ║                                                                         ║
    ║     npx playwright install                                              ║
    ║                                                                         ║
    ║ <3 Playwright Team                                                      ║
    ╚═════════════════════════════════════════════════════════════════════════╝

    attachment #1: trace (application/zip) ─────────────────────────────────────────────────────────
    ..\..\test-results\comprehensive-role-tests-C-d694c--UX-Responsiveness---Client-Desktop-Chrome\trace.zip
    Usage:

        npx playwright show-trace ..\..\test-results\comprehensive-role-tests-C-d694c--UX-Responsiveness---Client-Desktop-Chrome\trace.zip

    ────────────────────────────────────────────────────────────────────────────────────────────────
]]>
</failure>
<system-out>
<![CDATA[
[[ATTACHMENT|comprehensive-role-tests-C-d694c--UX-Responsiveness---Client-Desktop-Chrome\trace.zip]]
]]>
</system-out>
</testcase>
<testcase name="Comprehensive QA - Client Role › 5. Performance Metrics - Client" classname="comprehensive-role-tests.spec.ts" time="0.006">
<failure message="comprehensive-role-tests.spec.ts:521:3 5. Performance Metrics - Client" type="FAILURE">
<![CDATA[  [Desktop Chrome] › comprehensive-role-tests.spec.ts:521:3 › Comprehensive QA - Client Role › 5. Performance Metrics - Client 

    Error: browserType.launch: Executable doesn't exist at C:\Users\tomto\AppData\Local\ms-playwright\chromium_headless_shell-1194\chrome-win\headless_shell.exe
    ╔═════════════════════════════════════════════════════════════════════════╗
    ║ Looks like Playwright Test or Playwright was just installed or updated. ║
    ║ Please run the following command to download new browsers:              ║
    ║                                                                         ║
    ║     npx playwright install                                              ║
    ║                                                                         ║
    ║ <3 Playwright Team                                                      ║
    ╚═════════════════════════════════════════════════════════════════════════╝

    attachment #1: trace (application/zip) ─────────────────────────────────────────────────────────
    ..\..\test-results\comprehensive-role-tests-C-26e70-erformance-Metrics---Client-Desktop-Chrome\trace.zip
    Usage:

        npx playwright show-trace ..\..\test-results\comprehensive-role-tests-C-26e70-erformance-Metrics---Client-Desktop-Chrome\trace.zip

    ────────────────────────────────────────────────────────────────────────────────────────────────
]]>
</failure>
<system-out>
<![CDATA[
[[ATTACHMENT|comprehensive-role-tests-C-26e70-erformance-Metrics---Client-Desktop-Chrome\trace.zip]]
]]>
</system-out>
</testcase>
<testcase name="Comprehensive QA - Client Role › 6. Security &amp; RLS Policies - Client" classname="comprehensive-role-tests.spec.ts" time="0.01">
<failure message="comprehensive-role-tests.spec.ts:530:3 6. Security &amp; RLS Policies - Client" type="FAILURE">
<![CDATA[  [Desktop Chrome] › comprehensive-role-tests.spec.ts:530:3 › Comprehensive QA - Client Role › 6. Security & RLS Policies - Client 

    Error: browserType.launch: Executable doesn't exist at C:\Users\tomto\AppData\Local\ms-playwright\chromium_headless_shell-1194\chrome-win\headless_shell.exe
    ╔═════════════════════════════════════════════════════════════════════════╗
    ║ Looks like Playwright Test or Playwright was just installed or updated. ║
    ║ Please run the following command to download new browsers:              ║
    ║                                                                         ║
    ║     npx playwright install                                              ║
    ║                                                                         ║
    ║ <3 Playwright Team                                                      ║
    ╚═════════════════════════════════════════════════════════════════════════╝

    attachment #1: trace (application/zip) ─────────────────────────────────────────────────────────
    ..\..\test-results\comprehensive-role-tests-C-89c92-urity-RLS-Policies---Client-Desktop-Chrome\trace.zip
    Usage:

        npx playwright show-trace ..\..\test-results\comprehensive-role-tests-C-89c92-urity-RLS-Policies---Client-Desktop-Chrome\trace.zip

    ────────────────────────────────────────────────────────────────────────────────────────────────
]]>
</failure>
<system-out>
<![CDATA[
[[ATTACHMENT|comprehensive-role-tests-C-89c92-urity-RLS-Policies---Client-Desktop-Chrome\trace.zip]]
]]>
</system-out>
</testcase>
<testcase name="Comprehensive QA - Client Role › 7. Error Handling - Client" classname="comprehensive-role-tests.spec.ts" time="0.006">
<failure message="comprehensive-role-tests.spec.ts:543:3 7. Error Handling - Client" type="FAILURE">
<![CDATA[  [Desktop Chrome] › comprehensive-role-tests.spec.ts:543:3 › Comprehensive QA - Client Role › 7. Error Handling - Client 

    Error: browserType.launch: Executable doesn't exist at C:\Users\tomto\AppData\Local\ms-playwright\chromium_headless_shell-1194\chrome-win\headless_shell.exe
    ╔═════════════════════════════════════════════════════════════════════════╗
    ║ Looks like Playwright Test or Playwright was just installed or updated. ║
    ║ Please run the following command to download new browsers:              ║
    ║                                                                         ║
    ║     npx playwright install                                              ║
    ║                                                                         ║
    ║ <3 Playwright Team                                                      ║
    ╚═════════════════════════════════════════════════════════════════════════╝

    attachment #1: trace (application/zip) ─────────────────────────────────────────────────────────
    ..\..\test-results\comprehensive-role-tests-C-3154b-e-7-Error-Handling---Client-Desktop-Chrome\trace.zip
    Usage:

        npx playwright show-trace ..\..\test-results\comprehensive-role-tests-C-3154b-e-7-Error-Handling---Client-Desktop-Chrome\trace.zip

    ────────────────────────────────────────────────────────────────────────────────────────────────
]]>
</failure>
<system-out>
<![CDATA[
[[ATTACHMENT|comprehensive-role-tests-C-3154b-e-7-Error-Handling---Client-Desktop-Chrome\trace.zip]]
]]>
</system-out>
</testcase>
<testcase name="Comprehensive QA - Client Role › 8. Form Validation - Client" classname="comprehensive-role-tests.spec.ts" time="0.008">
<failure message="comprehensive-role-tests.spec.ts:550:3 8. Form Validation - Client" type="FAILURE">
<![CDATA[  [Desktop Chrome] › comprehensive-role-tests.spec.ts:550:3 › Comprehensive QA - Client Role › 8. Form Validation - Client 

    Error: browserType.launch: Executable doesn't exist at C:\Users\tomto\AppData\Local\ms-playwright\chromium_headless_shell-1194\chrome-win\headless_shell.exe
    ╔═════════════════════════════════════════════════════════════════════════╗
    ║ Looks like Playwright Test or Playwright was just installed or updated. ║
    ║ Please run the following command to download new browsers:              ║
    ║                                                                         ║
    ║     npx playwright install                                              ║
    ║                                                                         ║
    ║ <3 Playwright Team                                                      ║
    ╚═════════════════════════════════════════════════════════════════════════╝

    attachment #1: trace (application/zip) ─────────────────────────────────────────────────────────
    ..\..\test-results\comprehensive-role-tests-C-2949d--8-Form-Validation---Client-Desktop-Chrome\trace.zip
    Usage:

        npx playwright show-trace ..\..\test-results\comprehensive-role-tests-C-2949d--8-Form-Validation---Client-Desktop-Chrome\trace.zip

    ────────────────────────────────────────────────────────────────────────────────────────────────
]]>
</failure>
<system-out>
<![CDATA[
[[ATTACHMENT|comprehensive-role-tests-C-2949d--8-Form-Validation---Client-Desktop-Chrome\trace.zip]]
]]>
</system-out>
</testcase>
<testcase name="Comprehensive QA - Client Role › 9. Real-time Updates - Client" classname="comprehensive-role-tests.spec.ts" time="0.008">
<failure message="comprehensive-role-tests.spec.ts:563:3 9. Real-time Updates - Client" type="FAILURE">
<![CDATA[  [Desktop Chrome] › comprehensive-role-tests.spec.ts:563:3 › Comprehensive QA - Client Role › 9. Real-time Updates - Client 

    Error: browserType.launch: Executable doesn't exist at C:\Users\tomto\AppData\Local\ms-playwright\chromium_headless_shell-1194\chrome-win\headless_shell.exe
    ╔═════════════════════════════════════════════════════════════════════════╗
    ║ Looks like Playwright Test or Playwright was just installed or updated. ║
    ║ Please run the following command to download new browsers:              ║
    ║                                                                         ║
    ║     npx playwright install                                              ║
    ║                                                                         ║
    ║ <3 Playwright Team                                                      ║
    ╚═════════════════════════════════════════════════════════════════════════╝

    attachment #1: trace (application/zip) ─────────────────────────────────────────────────────────
    ..\..\test-results\comprehensive-role-tests-C-77c60--Real-time-Updates---Client-Desktop-Chrome\trace.zip
    Usage:

        npx playwright show-trace ..\..\test-results\comprehensive-role-tests-C-77c60--Real-time-Updates---Client-Desktop-Chrome\trace.zip

    ────────────────────────────────────────────────────────────────────────────────────────────────
]]>
</failure>
<system-out>
<![CDATA[
[[ATTACHMENT|comprehensive-role-tests-C-77c60--Real-time-Updates---Client-Desktop-Chrome\trace.zip]]
]]>
</system-out>
</testcase>
<testcase name="Comprehensive QA - Client Role › 10. Accessibility - Client" classname="comprehensive-role-tests.spec.ts" time="0.01">
<failure message="comprehensive-role-tests.spec.ts:573:3 10. Accessibility - Client" type="FAILURE">
<![CDATA[  [Desktop Chrome] › comprehensive-role-tests.spec.ts:573:3 › Comprehensive QA - Client Role › 10. Accessibility - Client 

    Error: browserType.launch: Executable doesn't exist at C:\Users\tomto\AppData\Local\ms-playwright\chromium_headless_shell-1194\chrome-win\headless_shell.exe
    ╔═════════════════════════════════════════════════════════════════════════╗
    ║ Looks like Playwright Test or Playwright was just installed or updated. ║
    ║ Please run the following command to download new browsers:              ║
    ║                                                                         ║
    ║     npx playwright install                                              ║
    ║                                                                         ║
    ║ <3 Playwright Team                                                      ║
    ╚═════════════════════════════════════════════════════════════════════════╝

    attachment #1: trace (application/zip) ─────────────────────────────────────────────────────────
    ..\..\test-results\comprehensive-role-tests-C-1b9dc-e-10-Accessibility---Client-Desktop-Chrome\trace.zip
    Usage:

        npx playwright show-trace ..\..\test-results\comprehensive-role-tests-C-1b9dc-e-10-Accessibility---Client-Desktop-Chrome\trace.zip

    ────────────────────────────────────────────────────────────────────────────────────────────────
]]>
</failure>
<system-out>
<![CDATA[
[[ATTACHMENT|comprehensive-role-tests-C-1b9dc-e-10-Accessibility---Client-Desktop-Chrome\trace.zip]]
]]>
</system-out>
</testcase>
<testcase name="Comprehensive QA - Client Role › 11. State Management - Client" classname="comprehensive-role-tests.spec.ts" time="0.007">
<failure message="comprehensive-role-tests.spec.ts:586:3 11. State Management - Client" type="FAILURE">
<![CDATA[  [Desktop Chrome] › comprehensive-role-tests.spec.ts:586:3 › Comprehensive QA - Client Role › 11. State Management - Client 

    Error: browserType.launch: Executable doesn't exist at C:\Users\tomto\AppData\Local\ms-playwright\chromium_headless_shell-1194\chrome-win\headless_shell.exe
    ╔═════════════════════════════════════════════════════════════════════════╗
    ║ Looks like Playwright Test or Playwright was just installed or updated. ║
    ║ Please run the following command to download new browsers:              ║
    ║                                                                         ║
    ║     npx playwright install                                              ║
    ║                                                                         ║
    ║ <3 Playwright Team                                                      ║
    ╚═════════════════════════════════════════════════════════════════════════╝

    attachment #1: trace (application/zip) ─────────────────────────────────────────────────────────
    ..\..\test-results\comprehensive-role-tests-C-84c6c-1-State-Management---Client-Desktop-Chrome\trace.zip
    Usage:

        npx playwright show-trace ..\..\test-results\comprehensive-role-tests-C-84c6c-1-State-Management---Client-Desktop-Chrome\trace.zip

    ────────────────────────────────────────────────────────────────────────────────────────────────
]]>
</failure>
<system-out>
<![CDATA[
[[ATTACHMENT|comprehensive-role-tests-C-84c6c-1-State-Management---Client-Desktop-Chrome\trace.zip]]
]]>
</system-out>
</testcase>
<testcase name="Comprehensive QA - Client Role › 12. Integration Points - Client" classname="comprehensive-role-tests.spec.ts" time="0.007">
<failure message="comprehensive-role-tests.spec.ts:593:3 12. Integration Points - Client" type="FAILURE">
<![CDATA[  [Desktop Chrome] › comprehensive-role-tests.spec.ts:593:3 › Comprehensive QA - Client Role › 12. Integration Points - Client 

    Error: browserType.launch: Executable doesn't exist at C:\Users\tomto\AppData\Local\ms-playwright\chromium_headless_shell-1194\chrome-win\headless_shell.exe
    ╔═════════════════════════════════════════════════════════════════════════╗
    ║ Looks like Playwright Test or Playwright was just installed or updated. ║
    ║ Please run the following command to download new browsers:              ║
    ║                                                                         ║
    ║     npx playwright install                                              ║
    ║                                                                         ║
    ║ <3 Playwright Team                                                      ║
    ╚═════════════════════════════════════════════════════════════════════════╝

    attachment #1: trace (application/zip) ─────────────────────────────────────────────────────────
    ..\..\test-results\comprehensive-role-tests-C-b989b-Integration-Points---Client-Desktop-Chrome\trace.zip
    Usage:

        npx playwright show-trace ..\..\test-results\comprehensive-role-tests-C-b989b-Integration-Points---Client-Desktop-Chrome\trace.zip

    ────────────────────────────────────────────────────────────────────────────────────────────────
]]>
</failure>
<system-out>
<![CDATA[
[[ATTACHMENT|comprehensive-role-tests-C-b989b-Integration-Points---Client-Desktop-Chrome\trace.zip]]
]]>
</system-out>
</testcase>
</testsuite>
<testsuite name="critical-paths.spec.ts" timestamp="2025-11-02T17:37:24.527Z" hostname="Desktop Chrome" tests="16" failures="16" skipped="0" time="0.117" errors="0">
<testcase name="Critical User Journeys › Stylist Onboarding Flow › complete stylist registration and setup" classname="critical-paths.spec.ts" time="0.006">
<failure message="critical-paths.spec.ts:21:5 complete stylist registration and setup" type="FAILURE">
<![CDATA[  [Desktop Chrome] › critical-paths.spec.ts:21:5 › Critical User Journeys › Stylist Onboarding Flow › complete stylist registration and setup 

    Error: browserType.launch: Executable doesn't exist at C:\Users\tomto\AppData\Local\ms-playwright\chromium_headless_shell-1194\chrome-win\headless_shell.exe
    ╔═════════════════════════════════════════════════════════════════════════╗
    ║ Looks like Playwright Test or Playwright was just installed or updated. ║
    ║ Please run the following command to download new browsers:              ║
    ║                                                                         ║
    ║     npx playwright install                                              ║
    ║                                                                         ║
    ║ <3 Playwright Team                                                      ║
    ╚═════════════════════════════════════════════════════════════════════════╝

    attachment #1: trace (application/zip) ─────────────────────────────────────────────────────────
    ..\..\test-results\critical-paths-Critical-Us-84684-list-registration-and-setup-Desktop-Chrome\trace.zip
    Usage:

        npx playwright show-trace ..\..\test-results\critical-paths-Critical-Us-84684-list-registration-and-setup-Desktop-Chrome\trace.zip

    ────────────────────────────────────────────────────────────────────────────────────────────────
]]>
</failure>
<system-out>
<![CDATA[
[[ATTACHMENT|critical-paths-Critical-Us-84684-list-registration-and-setup-Desktop-Chrome\trace.zip]]
]]>
</system-out>
</testcase>
<testcase name="Critical User Journeys › Stylist Onboarding Flow › stylist can view their profile" classname="critical-paths.spec.ts" time="0.007">
<failure message="critical-paths.spec.ts:38:5 stylist can view their profile" type="FAILURE">
<![CDATA[  [Desktop Chrome] › critical-paths.spec.ts:38:5 › Critical User Journeys › Stylist Onboarding Flow › stylist can view their profile 

    Error: browserType.launch: Executable doesn't exist at C:\Users\tomto\AppData\Local\ms-playwright\chromium_headless_shell-1194\chrome-win\headless_shell.exe
    ╔═════════════════════════════════════════════════════════════════════════╗
    ║ Looks like Playwright Test or Playwright was just installed or updated. ║
    ║ Please run the following command to download new browsers:              ║
    ║                                                                         ║
    ║     npx playwright install                                              ║
    ║                                                                         ║
    ║ <3 Playwright Team                                                      ║
    ╚═════════════════════════════════════════════════════════════════════════╝

    attachment #1: trace (application/zip) ─────────────────────────────────────────────────────────
    ..\..\test-results\critical-paths-Critical-Us-ceecf-list-can-view-their-profile-Desktop-Chrome\trace.zip
    Usage:

        npx playwright show-trace ..\..\test-results\critical-paths-Critical-Us-ceecf-list-can-view-their-profile-Desktop-Chrome\trace.zip

    ────────────────────────────────────────────────────────────────────────────────────────────────
]]>
</failure>
<system-out>
<![CDATA[
[[ATTACHMENT|critical-paths-Critical-Us-ceecf-list-can-view-their-profile-Desktop-Chrome\trace.zip]]
]]>
</system-out>
</testcase>
<testcase name="Critical User Journeys › Client Appointment Booking Flow › client can browse stylists" classname="critical-paths.spec.ts" time="0.006">
<failure message="critical-paths.spec.ts:51:5 client can browse stylists" type="FAILURE">
<![CDATA[  [Desktop Chrome] › critical-paths.spec.ts:51:5 › Critical User Journeys › Client Appointment Booking Flow › client can browse stylists 

    Error: browserType.launch: Executable doesn't exist at C:\Users\tomto\AppData\Local\ms-playwright\chromium_headless_shell-1194\chrome-win\headless_shell.exe
    ╔═════════════════════════════════════════════════════════════════════════╗
    ║ Looks like Playwright Test or Playwright was just installed or updated. ║
    ║ Please run the following command to download new browsers:              ║
    ║                                                                         ║
    ║     npx playwright install                                              ║
    ║                                                                         ║
    ║ <3 Playwright Team                                                      ║
    ╚═════════════════════════════════════════════════════════════════════════╝

    attachment #1: trace (application/zip) ─────────────────────────────────────────────────────────
    ..\..\test-results\critical-paths-Critical-Us-1d2c8--client-can-browse-stylists-Desktop-Chrome\trace.zip
    Usage:

        npx playwright show-trace ..\..\test-results\critical-paths-Critical-Us-1d2c8--client-can-browse-stylists-Desktop-Chrome\trace.zip

    ────────────────────────────────────────────────────────────────────────────────────────────────
]]>
</failure>
<system-out>
<![CDATA[
[[ATTACHMENT|critical-paths-Critical-Us-1d2c8--client-can-browse-stylists-Desktop-Chrome\trace.zip]]
]]>
</system-out>
</testcase>
<testcase name="Critical User Journeys › Client Appointment Booking Flow › client can view stylist details" classname="critical-paths.spec.ts" time="0.006">
<failure message="critical-paths.spec.ts:62:5 client can view stylist details" type="FAILURE">
<![CDATA[  [Desktop Chrome] › critical-paths.spec.ts:62:5 › Critical User Journeys › Client Appointment Booking Flow › client can view stylist details 

    Error: browserType.launch: Executable doesn't exist at C:\Users\tomto\AppData\Local\ms-playwright\chromium_headless_shell-1194\chrome-win\headless_shell.exe
    ╔═════════════════════════════════════════════════════════════════════════╗
    ║ Looks like Playwright Test or Playwright was just installed or updated. ║
    ║ Please run the following command to download new browsers:              ║
    ║                                                                         ║
    ║     npx playwright install                                              ║
    ║                                                                         ║
    ║ <3 Playwright Team                                                      ║
    ╚═════════════════════════════════════════════════════════════════════════╝

    attachment #1: trace (application/zip) ─────────────────────────────────────────────────────────
    ..\..\test-results\critical-paths-Critical-Us-908b1-nt-can-view-stylist-details-Desktop-Chrome\trace.zip
    Usage:

        npx playwright show-trace ..\..\test-results\critical-paths-Critical-Us-908b1-nt-can-view-stylist-details-Desktop-Chrome\trace.zip

    ────────────────────────────────────────────────────────────────────────────────────────────────
]]>
</failure>
<system-out>
<![CDATA[
[[ATTACHMENT|critical-paths-Critical-Us-908b1-nt-can-view-stylist-details-Desktop-Chrome\trace.zip]]
]]>
</system-out>
</testcase>
<testcase name="Critical User Journeys › AI Formula Generation › can access AI assistant" classname="critical-paths.spec.ts" time="0.006">
<failure message="critical-paths.spec.ts:78:5 can access AI assistant" type="FAILURE">
<![CDATA[  [Desktop Chrome] › critical-paths.spec.ts:78:5 › Critical User Journeys › AI Formula Generation › can access AI assistant 

    Error: browserType.launch: Executable doesn't exist at C:\Users\tomto\AppData\Local\ms-playwright\chromium_headless_shell-1194\chrome-win\headless_shell.exe
    ╔═════════════════════════════════════════════════════════════════════════╗
    ║ Looks like Playwright Test or Playwright was just installed or updated. ║
    ║ Please run the following command to download new browsers:              ║
    ║                                                                         ║
    ║     npx playwright install                                              ║
    ║                                                                         ║
    ║ <3 Playwright Team                                                      ║
    ╚═════════════════════════════════════════════════════════════════════════╝

    attachment #1: trace (application/zip) ─────────────────────────────────────────────────────────
    ..\..\test-results\critical-paths-Critical-Us-97684-ion-can-access-AI-assistant-Desktop-Chrome\trace.zip
    Usage:

        npx playwright show-trace ..\..\test-results\critical-paths-Critical-Us-97684-ion-can-access-AI-assistant-Desktop-Chrome\trace.zip

    ────────────────────────────────────────────────────────────────────────────────────────────────
]]>
</failure>
<system-out>
<![CDATA[
[[ATTACHMENT|critical-paths-Critical-Us-97684-ion-can-access-AI-assistant-Desktop-Chrome\trace.zip]]
]]>
</system-out>
</testcase>
<testcase name="Critical User Journeys › AI Formula Generation › AI interface has input field" classname="critical-paths.spec.ts" time="0.007">
<failure message="critical-paths.spec.ts:92:5 AI interface has input field" type="FAILURE">
<![CDATA[  [Desktop Chrome] › critical-paths.spec.ts:92:5 › Critical User Journeys › AI Formula Generation › AI interface has input field 

    Error: browserType.launch: Executable doesn't exist at C:\Users\tomto\AppData\Local\ms-playwright\chromium_headless_shell-1194\chrome-win\headless_shell.exe
    ╔═════════════════════════════════════════════════════════════════════════╗
    ║ Looks like Playwright Test or Playwright was just installed or updated. ║
    ║ Please run the following command to download new browsers:              ║
    ║                                                                         ║
    ║     npx playwright install                                              ║
    ║                                                                         ║
    ║ <3 Playwright Team                                                      ║
    ╚═════════════════════════════════════════════════════════════════════════╝

    attachment #1: trace (application/zip) ─────────────────────────────────────────────────────────
    ..\..\test-results\critical-paths-Critical-Us-f165b-I-interface-has-input-field-Desktop-Chrome\trace.zip
    Usage:

        npx playwright show-trace ..\..\test-results\critical-paths-Critical-Us-f165b-I-interface-has-input-field-Desktop-Chrome\trace.zip

    ────────────────────────────────────────────────────────────────────────────────────────────────
]]>
</failure>
<system-out>
<![CDATA[
[[ATTACHMENT|critical-paths-Critical-Us-f165b-I-interface-has-input-field-Desktop-Chrome\trace.zip]]
]]>
</system-out>
</testcase>
<testcase name="Critical User Journeys › Authentication Flow › can navigate to login page" classname="critical-paths.spec.ts" time="0.011">
<failure message="critical-paths.spec.ts:107:5 can navigate to login page" type="FAILURE">
<![CDATA[  [Desktop Chrome] › critical-paths.spec.ts:107:5 › Critical User Journeys › Authentication Flow › can navigate to login page 

    Error: browserType.launch: Executable doesn't exist at C:\Users\tomto\AppData\Local\ms-playwright\chromium_headless_shell-1194\chrome-win\headless_shell.exe
    ╔═════════════════════════════════════════════════════════════════════════╗
    ║ Looks like Playwright Test or Playwright was just installed or updated. ║
    ║ Please run the following command to download new browsers:              ║
    ║                                                                         ║
    ║     npx playwright install                                              ║
    ║                                                                         ║
    ║ <3 Playwright Team                                                      ║
    ╚═════════════════════════════════════════════════════════════════════════╝

    attachment #1: trace (application/zip) ─────────────────────────────────────────────────────────
    ..\..\test-results\critical-paths-Critical-Us-59471--can-navigate-to-login-page-Desktop-Chrome\trace.zip
    Usage:

        npx playwright show-trace ..\..\test-results\critical-paths-Critical-Us-59471--can-navigate-to-login-page-Desktop-Chrome\trace.zip

    ────────────────────────────────────────────────────────────────────────────────────────────────
]]>
</failure>
<system-out>
<![CDATA[
[[ATTACHMENT|critical-paths-Critical-Us-59471--can-navigate-to-login-page-Desktop-Chrome\trace.zip]]
]]>
</system-out>
</testcase>
<testcase name="Critical User Journeys › Authentication Flow › login form has required fields" classname="critical-paths.spec.ts" time="0.008">
<failure message="critical-paths.spec.ts:116:5 login form has required fields" type="FAILURE">
<![CDATA[  [Desktop Chrome] › critical-paths.spec.ts:116:5 › Critical User Journeys › Authentication Flow › login form has required fields 

    Error: browserType.launch: Executable doesn't exist at C:\Users\tomto\AppData\Local\ms-playwright\chromium_headless_shell-1194\chrome-win\headless_shell.exe
    ╔═════════════════════════════════════════════════════════════════════════╗
    ║ Looks like Playwright Test or Playwright was just installed or updated. ║
    ║ Please run the following command to download new browsers:              ║
    ║                                                                         ║
    ║     npx playwright install                                              ║
    ║                                                                         ║
    ║ <3 Playwright Team                                                      ║
    ╚═════════════════════════════════════════════════════════════════════════╝

    attachment #1: trace (application/zip) ─────────────────────────────────────────────────────────
    ..\..\test-results\critical-paths-Critical-Us-bcbae-in-form-has-required-fields-Desktop-Chrome\trace.zip
    Usage:

        npx playwright show-trace ..\..\test-results\critical-paths-Critical-Us-bcbae-in-form-has-required-fields-Desktop-Chrome\trace.zip

    ────────────────────────────────────────────────────────────────────────────────────────────────
]]>
</failure>
<system-out>
<![CDATA[
[[ATTACHMENT|critical-paths-Critical-Us-bcbae-in-form-has-required-fields-Desktop-Chrome\trace.zip]]
]]>
</system-out>
</testcase>
<testcase name="Critical User Journeys › Authentication Flow › can navigate to signup page" classname="critical-paths.spec.ts" time="0.008">
<failure message="critical-paths.spec.ts:126:5 can navigate to signup page" type="FAILURE">
<![CDATA[  [Desktop Chrome] › critical-paths.spec.ts:126:5 › Critical User Journeys › Authentication Flow › can navigate to signup page 

    Error: browserType.launch: Executable doesn't exist at C:\Users\tomto\AppData\Local\ms-playwright\chromium_headless_shell-1194\chrome-win\headless_shell.exe
    ╔═════════════════════════════════════════════════════════════════════════╗
    ║ Looks like Playwright Test or Playwright was just installed or updated. ║
    ║ Please run the following command to download new browsers:              ║
    ║                                                                         ║
    ║     npx playwright install                                              ║
    ║                                                                         ║
    ║ <3 Playwright Team                                                      ║
    ╚═════════════════════════════════════════════════════════════════════════╝

    attachment #1: trace (application/zip) ─────────────────────────────────────────────────────────
    ..\..\test-results\critical-paths-Critical-Us-431f0-can-navigate-to-signup-page-Desktop-Chrome\trace.zip
    Usage:

        npx playwright show-trace ..\..\test-results\critical-paths-Critical-Us-431f0-can-navigate-to-signup-page-Desktop-Chrome\trace.zip

    ────────────────────────────────────────────────────────────────────────────────────────────────
]]>
</failure>
<system-out>
<![CDATA[
[[ATTACHMENT|critical-paths-Critical-Us-431f0-can-navigate-to-signup-page-Desktop-Chrome\trace.zip]]
]]>
</system-out>
</testcase>
<testcase name="Critical User Journeys › Mobile Responsiveness › homepage renders correctly on mobile" classname="critical-paths.spec.ts" time="0.006">
<failure message="critical-paths.spec.ts:139:5 homepage renders correctly on mobile" type="FAILURE">
<![CDATA[  [Desktop Chrome] › critical-paths.spec.ts:139:5 › Critical User Journeys › Mobile Responsiveness › homepage renders correctly on mobile 

    Error: browserType.launch: Executable doesn't exist at C:\Users\tomto\AppData\Local\ms-playwright\chromium_headless_shell-1194\chrome-win\headless_shell.exe
    ╔═════════════════════════════════════════════════════════════════════════╗
    ║ Looks like Playwright Test or Playwright was just installed or updated. ║
    ║ Please run the following command to download new browsers:              ║
    ║                                                                         ║
    ║     npx playwright install                                              ║
    ║                                                                         ║
    ║ <3 Playwright Team                                                      ║
    ╚═════════════════════════════════════════════════════════════════════════╝

    attachment #1: trace (application/zip) ─────────────────────────────────────────────────────────
    ..\..\test-results\critical-paths-Critical-Us-97714-renders-correctly-on-mobile-Desktop-Chrome\trace.zip
    Usage:

        npx playwright show-trace ..\..\test-results\critical-paths-Critical-Us-97714-renders-correctly-on-mobile-Desktop-Chrome\trace.zip

    ────────────────────────────────────────────────────────────────────────────────────────────────
]]>
</failure>
<system-out>
<![CDATA[
[[ATTACHMENT|critical-paths-Critical-Us-97714-renders-correctly-on-mobile-Desktop-Chrome\trace.zip]]
]]>
</system-out>
</testcase>
<testcase name="Critical User Journeys › Mobile Responsiveness › touch targets are minimum 44px" classname="critical-paths.spec.ts" time="0.009">
<failure message="critical-paths.spec.ts:155:5 touch targets are minimum 44px" type="FAILURE">
<![CDATA[  [Desktop Chrome] › critical-paths.spec.ts:155:5 › Critical User Journeys › Mobile Responsiveness › touch targets are minimum 44px 

    Error: browserType.launch: Executable doesn't exist at C:\Users\tomto\AppData\Local\ms-playwright\chromium_headless_shell-1194\chrome-win\headless_shell.exe
    ╔═════════════════════════════════════════════════════════════════════════╗
    ║ Looks like Playwright Test or Playwright was just installed or updated. ║
    ║ Please run the following command to download new browsers:              ║
    ║                                                                         ║
    ║     npx playwright install                                              ║
    ║                                                                         ║
    ║ <3 Playwright Team                                                      ║
    ╚═════════════════════════════════════════════════════════════════════════╝

    attachment #1: trace (application/zip) ─────────────────────────────────────────────────────────
    ..\..\test-results\critical-paths-Critical-Us-8c8f9-ch-targets-are-minimum-44px-Desktop-Chrome\trace.zip
    Usage:

        npx playwright show-trace ..\..\test-results\critical-paths-Critical-Us-8c8f9-ch-targets-are-minimum-44px-Desktop-Chrome\trace.zip

    ────────────────────────────────────────────────────────────────────────────────────────────────
]]>
</failure>
<system-out>
<![CDATA[
[[ATTACHMENT|critical-paths-Critical-Us-8c8f9-ch-targets-are-minimum-44px-Desktop-Chrome\trace.zip]]
]]>
</system-out>
</testcase>
<testcase name="Critical User Journeys › Performance › page loads within acceptable time" classname="critical-paths.spec.ts" time="0.009">
<failure message="critical-paths.spec.ts:175:5 page loads within acceptable time" type="FAILURE">
<![CDATA[  [Desktop Chrome] › critical-paths.spec.ts:175:5 › Critical User Journeys › Performance › page loads within acceptable time 

    Error: browserType.launch: Executable doesn't exist at C:\Users\tomto\AppData\Local\ms-playwright\chromium_headless_shell-1194\chrome-win\headless_shell.exe
    ╔═════════════════════════════════════════════════════════════════════════╗
    ║ Looks like Playwright Test or Playwright was just installed or updated. ║
    ║ Please run the following command to download new browsers:              ║
    ║                                                                         ║
    ║     npx playwright install                                              ║
    ║                                                                         ║
    ║ <3 Playwright Team                                                      ║
    ╚═════════════════════════════════════════════════════════════════════════╝

    attachment #1: trace (application/zip) ─────────────────────────────────────────────────────────
    ..\..\test-results\critical-paths-Critical-Us-be392-oads-within-acceptable-time-Desktop-Chrome\trace.zip
    Usage:

        npx playwright show-trace ..\..\test-results\critical-paths-Critical-Us-be392-oads-within-acceptable-time-Desktop-Chrome\trace.zip

    ────────────────────────────────────────────────────────────────────────────────────────────────
]]>
</failure>
<system-out>
<![CDATA[
[[ATTACHMENT|critical-paths-Critical-Us-be392-oads-within-acceptable-time-Desktop-Chrome\trace.zip]]
]]>
</system-out>
</testcase>
<testcase name="Critical User Journeys › Performance › no JavaScript errors on page load" classname="critical-paths.spec.ts" time="0.008">
<failure message="critical-paths.spec.ts:187:5 no JavaScript errors on page load" type="FAILURE">
<![CDATA[  [Desktop Chrome] › critical-paths.spec.ts:187:5 › Critical User Journeys › Performance › no JavaScript errors on page load 

    Error: browserType.launch: Executable doesn't exist at C:\Users\tomto\AppData\Local\ms-playwright\chromium_headless_shell-1194\chrome-win\headless_shell.exe
    ╔═════════════════════════════════════════════════════════════════════════╗
    ║ Looks like Playwright Test or Playwright was just installed or updated. ║
    ║ Please run the following command to download new browsers:              ║
    ║                                                                         ║
    ║     npx playwright install                                              ║
    ║                                                                         ║
    ║ <3 Playwright Team                                                      ║
    ╚═════════════════════════════════════════════════════════════════════════╝

    attachment #1: trace (application/zip) ─────────────────────────────────────────────────────────
    ..\..\test-results\critical-paths-Critical-Us-3a15a-aScript-errors-on-page-load-Desktop-Chrome\trace.zip
    Usage:

        npx playwright show-trace ..\..\test-results\critical-paths-Critical-Us-3a15a-aScript-errors-on-page-load-Desktop-Chrome\trace.zip

    ────────────────────────────────────────────────────────────────────────────────────────────────
]]>
</failure>
<system-out>
<![CDATA[
[[ATTACHMENT|critical-paths-Critical-Us-3a15a-aScript-errors-on-page-load-Desktop-Chrome\trace.zip]]
]]>
</system-out>
</testcase>
<testcase name="Critical User Journeys › Accessibility › homepage has proper heading hierarchy" classname="critical-paths.spec.ts" time="0.007">
<failure message="critical-paths.spec.ts:205:5 homepage has proper heading hierarchy" type="FAILURE">
<![CDATA[  [Desktop Chrome] › critical-paths.spec.ts:205:5 › Critical User Journeys › Accessibility › homepage has proper heading hierarchy 

    Error: browserType.launch: Executable doesn't exist at C:\Users\tomto\AppData\Local\ms-playwright\chromium_headless_shell-1194\chrome-win\headless_shell.exe
    ╔═════════════════════════════════════════════════════════════════════════╗
    ║ Looks like Playwright Test or Playwright was just installed or updated. ║
    ║ Please run the following command to download new browsers:              ║
    ║                                                                         ║
    ║     npx playwright install                                              ║
    ║                                                                         ║
    ║ <3 Playwright Team                                                      ║
    ╚═════════════════════════════════════════════════════════════════════════╝

    attachment #1: trace (application/zip) ─────────────────────────────────────────────────────────
    ..\..\test-results\critical-paths-Critical-Us-77b1d-as-proper-heading-hierarchy-Desktop-Chrome\trace.zip
    Usage:

        npx playwright show-trace ..\..\test-results\critical-paths-Critical-Us-77b1d-as-proper-heading-hierarchy-Desktop-Chrome\trace.zip

    ────────────────────────────────────────────────────────────────────────────────────────────────
]]>
</failure>
<system-out>
<![CDATA[
[[ATTACHMENT|critical-paths-Critical-Us-77b1d-as-proper-heading-hierarchy-Desktop-Chrome\trace.zip]]
]]>
</system-out>
</testcase>
<testcase name="Critical User Journeys › Accessibility › interactive elements are keyboard accessible" classname="critical-paths.spec.ts" time="0.006">
<failure message="critical-paths.spec.ts:216:5 interactive elements are keyboard accessible" type="FAILURE">
<![CDATA[  [Desktop Chrome] › critical-paths.spec.ts:216:5 › Critical User Journeys › Accessibility › interactive elements are keyboard accessible 

    Error: browserType.launch: Executable doesn't exist at C:\Users\tomto\AppData\Local\ms-playwright\chromium_headless_shell-1194\chrome-win\headless_shell.exe
    ╔═════════════════════════════════════════════════════════════════════════╗
    ║ Looks like Playwright Test or Playwright was just installed or updated. ║
    ║ Please run the following command to download new browsers:              ║
    ║                                                                         ║
    ║     npx playwright install                                              ║
    ║                                                                         ║
    ║ <3 Playwright Team                                                      ║
    ╚═════════════════════════════════════════════════════════════════════════╝

    attachment #1: trace (application/zip) ─────────────────────────────────────────────────────────
    ..\..\test-results\critical-paths-Critical-Us-4224d-nts-are-keyboard-accessible-Desktop-Chrome\trace.zip
    Usage:

        npx playwright show-trace ..\..\test-results\critical-paths-Critical-Us-4224d-nts-are-keyboard-accessible-Desktop-Chrome\trace.zip

    ────────────────────────────────────────────────────────────────────────────────────────────────
]]>
</failure>
<system-out>
<![CDATA[
[[ATTACHMENT|critical-paths-Critical-Us-4224d-nts-are-keyboard-accessible-Desktop-Chrome\trace.zip]]
]]>
</system-out>
</testcase>
<testcase name="Critical User Journeys › Accessibility › images have alt text" classname="critical-paths.spec.ts" time="0.007">
<failure message="critical-paths.spec.ts:241:5 images have alt text" type="FAILURE">
<![CDATA[  [Desktop Chrome] › critical-paths.spec.ts:241:5 › Critical User Journeys › Accessibility › images have alt text 

    Error: browserType.launch: Executable doesn't exist at C:\Users\tomto\AppData\Local\ms-playwright\chromium_headless_shell-1194\chrome-win\headless_shell.exe
    ╔═════════════════════════════════════════════════════════════════════════╗
    ║ Looks like Playwright Test or Playwright was just installed or updated. ║
    ║ Please run the following command to download new browsers:              ║
    ║                                                                         ║
    ║     npx playwright install                                              ║
    ║                                                                         ║
    ║ <3 Playwright Team                                                      ║
    ╚═════════════════════════════════════════════════════════════════════════╝

    attachment #1: trace (application/zip) ─────────────────────────────────────────────────────────
    ..\..\test-results\critical-paths-Critical-Us-ba30a-bility-images-have-alt-text-Desktop-Chrome\trace.zip
    Usage:

        npx playwright show-trace ..\..\test-results\critical-paths-Critical-Us-ba30a-bility-images-have-alt-text-Desktop-Chrome\trace.zip

    ────────────────────────────────────────────────────────────────────────────────────────────────
]]>
</failure>
<system-out>
<![CDATA[
[[ATTACHMENT|critical-paths-Critical-Us-ba30a-bility-images-have-alt-text-Desktop-Chrome\trace.zip]]
]]>
</system-out>
</testcase>
</testsuite>
<testsuite name="discovery-integrations.spec.ts" timestamp="2025-11-02T17:37:24.527Z" hostname="Desktop Chrome" tests="32" failures="30" skipped="0" time="1.69" errors="0">
<testcase name="Public Stylist Discovery › should be accessible without authentication" classname="discovery-integrations.spec.ts" time="0.061">
<failure message="discovery-integrations.spec.ts:9:3 should be accessible without authentication" type="FAILURE">
<![CDATA[  [Desktop Chrome] › discovery-integrations.spec.ts:9:3 › Public Stylist Discovery › should be accessible without authentication 

    Error: browserType.launch: Executable doesn't exist at C:\Users\tomto\AppData\Local\ms-playwright\chromium_headless_shell-1194\chrome-win\headless_shell.exe
    ╔═════════════════════════════════════════════════════════════════════════╗
    ║ Looks like Playwright Test or Playwright was just installed or updated. ║
    ║ Please run the following command to download new browsers:              ║
    ║                                                                         ║
    ║     npx playwright install                                              ║
    ║                                                                         ║
    ║ <3 Playwright Team                                                      ║
    ╚═════════════════════════════════════════════════════════════════════════╝

    attachment #1: trace (application/zip) ─────────────────────────────────────────────────────────
    ..\..\test-results\discovery-integrations-Pub-188f7-ible-without-authentication-Desktop-Chrome\trace.zip
    Usage:

        npx playwright show-trace ..\..\test-results\discovery-integrations-Pub-188f7-ible-without-authentication-Desktop-Chrome\trace.zip

    ────────────────────────────────────────────────────────────────────────────────────────────────
]]>
</failure>
<system-out>
<![CDATA[
[[ATTACHMENT|discovery-integrations-Pub-188f7-ible-without-authentication-Desktop-Chrome\trace.zip]]
]]>
</system-out>
</testcase>
<testcase name="Public Stylist Discovery › should have proper SEO meta tags" classname="discovery-integrations.spec.ts" time="0.006">
<failure message="discovery-integrations.spec.ts:20:3 should have proper SEO meta tags" type="FAILURE">
<![CDATA[  [Desktop Chrome] › discovery-integrations.spec.ts:20:3 › Public Stylist Discovery › should have proper SEO meta tags 

    Error: browserType.launch: Executable doesn't exist at C:\Users\tomto\AppData\Local\ms-playwright\chromium_headless_shell-1194\chrome-win\headless_shell.exe
    ╔═════════════════════════════════════════════════════════════════════════╗
    ║ Looks like Playwright Test or Playwright was just installed or updated. ║
    ║ Please run the following command to download new browsers:              ║
    ║                                                                         ║
    ║     npx playwright install                                              ║
    ║                                                                         ║
    ║ <3 Playwright Team                                                      ║
    ╚═════════════════════════════════════════════════════════════════════════╝

    attachment #1: trace (application/zip) ─────────────────────────────────────────────────────────
    ..\..\test-results\discovery-integrations-Pub-0ce08-d-have-proper-SEO-meta-tags-Desktop-Chrome\trace.zip
    Usage:

        npx playwright show-trace ..\..\test-results\discovery-integrations-Pub-0ce08-d-have-proper-SEO-meta-tags-Desktop-Chrome\trace.zip

    ────────────────────────────────────────────────────────────────────────────────────────────────
]]>
</failure>
<system-out>
<![CDATA[
[[ATTACHMENT|discovery-integrations-Pub-0ce08-d-have-proper-SEO-meta-tags-Desktop-Chrome\trace.zip]]
]]>
</system-out>
</testcase>
<testcase name="Public Stylist Discovery › should display search and filters" classname="discovery-integrations.spec.ts" time="0.008">
<failure message="discovery-integrations.spec.ts:40:3 should display search and filters" type="FAILURE">
<![CDATA[  [Desktop Chrome] › discovery-integrations.spec.ts:40:3 › Public Stylist Discovery › should display search and filters 

    Error: browserType.launch: Executable doesn't exist at C:\Users\tomto\AppData\Local\ms-playwright\chromium_headless_shell-1194\chrome-win\headless_shell.exe
    ╔═════════════════════════════════════════════════════════════════════════╗
    ║ Looks like Playwright Test or Playwright was just installed or updated. ║
    ║ Please run the following command to download new browsers:              ║
    ║                                                                         ║
    ║     npx playwright install                                              ║
    ║                                                                         ║
    ║ <3 Playwright Team                                                      ║
    ╚═════════════════════════════════════════════════════════════════════════╝

    attachment #1: trace (application/zip) ─────────────────────────────────────────────────────────
    ..\..\test-results\discovery-integrations-Pub-8224c--display-search-and-filters-Desktop-Chrome\trace.zip
    Usage:

        npx playwright show-trace ..\..\test-results\discovery-integrations-Pub-8224c--display-search-and-filters-Desktop-Chrome\trace.zip

    ────────────────────────────────────────────────────────────────────────────────────────────────
]]>
</failure>
<system-out>
<![CDATA[
[[ATTACHMENT|discovery-integrations-Pub-8224c--display-search-and-filters-Desktop-Chrome\trace.zip]]
]]>
</system-out>
</testcase>
<testcase name="Public Stylist Discovery › should search stylists by name/specialty" classname="discovery-integrations.spec.ts" time="0.007">
<failure message="discovery-integrations.spec.ts:55:3 should search stylists by name/specialty" type="FAILURE">
<![CDATA[  [Desktop Chrome] › discovery-integrations.spec.ts:55:3 › Public Stylist Discovery › should search stylists by name/specialty 

    Error: browserType.launch: Executable doesn't exist at C:\Users\tomto\AppData\Local\ms-playwright\chromium_headless_shell-1194\chrome-win\headless_shell.exe
    ╔═════════════════════════════════════════════════════════════════════════╗
    ║ Looks like Playwright Test or Playwright was just installed or updated. ║
    ║ Please run the following command to download new browsers:              ║
    ║                                                                         ║
    ║     npx playwright install                                              ║
    ║                                                                         ║
    ║ <3 Playwright Team                                                      ║
    ╚═════════════════════════════════════════════════════════════════════════╝

    attachment #1: trace (application/zip) ─────────────────────────────────────────────────────────
    ..\..\test-results\discovery-integrations-Pub-e655e--stylists-by-name-specialty-Desktop-Chrome\trace.zip
    Usage:

        npx playwright show-trace ..\..\test-results\discovery-integrations-Pub-e655e--stylists-by-name-specialty-Desktop-Chrome\trace.zip

    ────────────────────────────────────────────────────────────────────────────────────────────────
]]>
</failure>
<system-out>
<![CDATA[
[[ATTACHMENT|discovery-integrations-Pub-e655e--stylists-by-name-specialty-Desktop-Chrome\trace.zip]]
]]>
</system-out>
</testcase>
<testcase name="Public Stylist Discovery › should have working &quot;Discover Stylists Online&quot; button" classname="discovery-integrations.spec.ts" time="0.009">
<failure message="discovery-integrations.spec.ts:76:3 should have working &quot;Discover Stylists Online&quot; button" type="FAILURE">
<![CDATA[  [Desktop Chrome] › discovery-integrations.spec.ts:76:3 › Public Stylist Discovery › should have working "Discover Stylists Online" button 

    Error: browserType.launch: Executable doesn't exist at C:\Users\tomto\AppData\Local\ms-playwright\chromium_headless_shell-1194\chrome-win\headless_shell.exe
    ╔═════════════════════════════════════════════════════════════════════════╗
    ║ Looks like Playwright Test or Playwright was just installed or updated. ║
    ║ Please run the following command to download new browsers:              ║
    ║                                                                         ║
    ║     npx playwright install                                              ║
    ║                                                                         ║
    ║ <3 Playwright Team                                                      ║
    ╚═════════════════════════════════════════════════════════════════════════╝

    attachment #1: trace (application/zip) ─────────────────────────────────────────────────────────
    ..\..\test-results\discovery-integrations-Pub-1232a-over-Stylists-Online-button-Desktop-Chrome\trace.zip
    Usage:

        npx playwright show-trace ..\..\test-results\discovery-integrations-Pub-1232a-over-Stylists-Online-button-Desktop-Chrome\trace.zip

    ────────────────────────────────────────────────────────────────────────────────────────────────
]]>
</failure>
<system-out>
<![CDATA[
[[ATTACHMENT|discovery-integrations-Pub-1232a-over-Stylists-Online-button-Desktop-Chrome\trace.zip]]
]]>
</system-out>
</testcase>
<testcase name="Stylist Profile (Public) › should be accessible without authentication" classname="discovery-integrations.spec.ts" time="0.006">
<failure message="discovery-integrations.spec.ts:91:3 should be accessible without authentication" type="FAILURE">
<![CDATA[  [Desktop Chrome] › discovery-integrations.spec.ts:91:3 › Stylist Profile (Public) › should be accessible without authentication 

    Error: browserType.launch: Executable doesn't exist at C:\Users\tomto\AppData\Local\ms-playwright\chromium_headless_shell-1194\chrome-win\headless_shell.exe
    ╔═════════════════════════════════════════════════════════════════════════╗
    ║ Looks like Playwright Test or Playwright was just installed or updated. ║
    ║ Please run the following command to download new browsers:              ║
    ║                                                                         ║
    ║     npx playwright install                                              ║
    ║                                                                         ║
    ║ <3 Playwright Team                                                      ║
    ╚═════════════════════════════════════════════════════════════════════════╝

    attachment #1: trace (application/zip) ─────────────────────────────────────────────────────────
    ..\..\test-results\discovery-integrations-Sty-8fed8-ible-without-authentication-Desktop-Chrome\trace.zip
    Usage:

        npx playwright show-trace ..\..\test-results\discovery-integrations-Sty-8fed8-ible-without-authentication-Desktop-Chrome\trace.zip

    ────────────────────────────────────────────────────────────────────────────────────────────────
]]>
</failure>
<system-out>
<![CDATA[
[[ATTACHMENT|discovery-integrations-Sty-8fed8-ible-without-authentication-Desktop-Chrome\trace.zip]]
]]>
</system-out>
</testcase>
<testcase name="Stylist Profile (Public) › should have proper SEO for individual profiles" classname="discovery-integrations.spec.ts" time="0.01">
<failure message="discovery-integrations.spec.ts:112:3 should have proper SEO for individual profiles" type="FAILURE">
<![CDATA[  [Desktop Chrome] › discovery-integrations.spec.ts:112:3 › Stylist Profile (Public) › should have proper SEO for individual profiles 

    Error: browserType.launch: Executable doesn't exist at C:\Users\tomto\AppData\Local\ms-playwright\chromium_headless_shell-1194\chrome-win\headless_shell.exe
    ╔═════════════════════════════════════════════════════════════════════════╗
    ║ Looks like Playwright Test or Playwright was just installed or updated. ║
    ║ Please run the following command to download new browsers:              ║
    ║                                                                         ║
    ║     npx playwright install                                              ║
    ║                                                                         ║
    ║ <3 Playwright Team                                                      ║
    ╚═════════════════════════════════════════════════════════════════════════╝

    attachment #1: trace (application/zip) ─────────────────────────────────────────────────────────
    ..\..\test-results\discovery-integrations-Sty-9d007-SEO-for-individual-profiles-Desktop-Chrome\trace.zip
    Usage:

        npx playwright show-trace ..\..\test-results\discovery-integrations-Sty-9d007-SEO-for-individual-profiles-Desktop-Chrome\trace.zip

    ────────────────────────────────────────────────────────────────────────────────────────────────
]]>
</failure>
<system-out>
<![CDATA[
[[ATTACHMENT|discovery-integrations-Sty-9d007-SEO-for-individual-profiles-Desktop-Chrome\trace.zip]]
]]>
</system-out>
</testcase>
<testcase name="Client Discovery (Protected) › should require authentication" classname="discovery-integrations.spec.ts" time="0.051">
<failure message="discovery-integrations.spec.ts:137:3 should require authentication" type="FAILURE">
<![CDATA[  [Desktop Chrome] › discovery-integrations.spec.ts:137:3 › Client Discovery (Protected) › should require authentication 

    Error: browserType.launch: Executable doesn't exist at C:\Users\tomto\AppData\Local\ms-playwright\chromium_headless_shell-1194\chrome-win\headless_shell.exe
    ╔═════════════════════════════════════════════════════════════════════════╗
    ║ Looks like Playwright Test or Playwright was just installed or updated. ║
    ║ Please run the following command to download new browsers:              ║
    ║                                                                         ║
    ║     npx playwright install                                              ║
    ║                                                                         ║
    ║ <3 Playwright Team                                                      ║
    ╚═════════════════════════════════════════════════════════════════════════╝

    attachment #1: trace (application/zip) ─────────────────────────────────────────────────────────
    ..\..\test-results\discovery-integrations-Cli-18dbd-ould-require-authentication-Desktop-Chrome\trace.zip
    Usage:

        npx playwright show-trace ..\..\test-results\discovery-integrations-Cli-18dbd-ould-require-authentication-Desktop-Chrome\trace.zip

    ────────────────────────────────────────────────────────────────────────────────────────────────
]]>
</failure>
<system-out>
<![CDATA[
[[ATTACHMENT|discovery-integrations-Cli-18dbd-ould-require-authentication-Desktop-Chrome\trace.zip]]
]]>
</system-out>
</testcase>
<testcase name="Client Discovery (Protected) › should be accessible only to stylists" classname="discovery-integrations.spec.ts" time="0.017">
<failure message="discovery-integrations.spec.ts:145:3 should be accessible only to stylists" type="FAILURE">
<![CDATA[  [Desktop Chrome] › discovery-integrations.spec.ts:145:3 › Client Discovery (Protected) › should be accessible only to stylists 

    Error: browserType.launch: Executable doesn't exist at C:\Users\tomto\AppData\Local\ms-playwright\chromium_headless_shell-1194\chrome-win\headless_shell.exe
    ╔═════════════════════════════════════════════════════════════════════════╗
    ║ Looks like Playwright Test or Playwright was just installed or updated. ║
    ║ Please run the following command to download new browsers:              ║
    ║                                                                         ║
    ║     npx playwright install                                              ║
    ║                                                                         ║
    ║ <3 Playwright Team                                                      ║
    ╚═════════════════════════════════════════════════════════════════════════╝

    attachment #1: trace (application/zip) ─────────────────────────────────────────────────────────
    ..\..\test-results\discovery-integrations-Cli-76dad-accessible-only-to-stylists-Desktop-Chrome\trace.zip
    Usage:

        npx playwright show-trace ..\..\test-results\discovery-integrations-Cli-76dad-accessible-only-to-stylists-Desktop-Chrome\trace.zip

    ────────────────────────────────────────────────────────────────────────────────────────────────
]]>
</failure>
<system-out>
<![CDATA[
[[ATTACHMENT|discovery-integrations-Cli-76dad-accessible-only-to-stylists-Desktop-Chrome\trace.zip]]
]]>
</system-out>
</testcase>
<testcase name="Integration Suggestions › should appear on dashboard when criteria met" classname="discovery-integrations.spec.ts" time="0.017">
<failure message="discovery-integrations.spec.ts:157:3 should appear on dashboard when criteria met" type="FAILURE">
<![CDATA[  [Desktop Chrome] › discovery-integrations.spec.ts:157:3 › Integration Suggestions › should appear on dashboard when criteria met 

    Error: browserType.launch: Executable doesn't exist at C:\Users\tomto\AppData\Local\ms-playwright\chromium_headless_shell-1194\chrome-win\headless_shell.exe
    ╔═════════════════════════════════════════════════════════════════════════╗
    ║ Looks like Playwright Test or Playwright was just installed or updated. ║
    ║ Please run the following command to download new browsers:              ║
    ║                                                                         ║
    ║     npx playwright install                                              ║
    ║                                                                         ║
    ║ <3 Playwright Team                                                      ║
    ╚═════════════════════════════════════════════════════════════════════════╝

    attachment #1: trace (application/zip) ─────────────────────────────────────────────────────────
    ..\..\test-results\discovery-integrations-Int-100f1-dashboard-when-criteria-met-Desktop-Chrome\trace.zip
    Usage:

        npx playwright show-trace ..\..\test-results\discovery-integrations-Int-100f1-dashboard-when-criteria-met-Desktop-Chrome\trace.zip

    ────────────────────────────────────────────────────────────────────────────────────────────────
]]>
</failure>
<system-out>
<![CDATA[
[[ATTACHMENT|discovery-integrations-Int-100f1-dashboard-when-criteria-met-Desktop-Chrome\trace.zip]]
]]>
</system-out>
</testcase>
<testcase name="Integration Suggestions › integration suggestion dismiss should persist" classname="discovery-integrations.spec.ts" time="0.016">
<failure message="discovery-integrations.spec.ts:175:3 integration suggestion dismiss should persist" type="FAILURE">
<![CDATA[  [Desktop Chrome] › discovery-integrations.spec.ts:175:3 › Integration Suggestions › integration suggestion dismiss should persist 

    Error: browserType.launch: Executable doesn't exist at C:\Users\tomto\AppData\Local\ms-playwright\chromium_headless_shell-1194\chrome-win\headless_shell.exe
    ╔═════════════════════════════════════════════════════════════════════════╗
    ║ Looks like Playwright Test or Playwright was just installed or updated. ║
    ║ Please run the following command to download new browsers:              ║
    ║                                                                         ║
    ║     npx playwright install                                              ║
    ║                                                                         ║
    ║ <3 Playwright Team                                                      ║
    ╚═════════════════════════════════════════════════════════════════════════╝

    attachment #1: trace (application/zip) ─────────────────────────────────────────────────────────
    ..\..\test-results\discovery-integrations-Int-d8c51-tion-dismiss-should-persist-Desktop-Chrome\trace.zip
    Usage:

        npx playwright show-trace ..\..\test-results\discovery-integrations-Int-d8c51-tion-dismiss-should-persist-Desktop-Chrome\trace.zip

    ────────────────────────────────────────────────────────────────────────────────────────────────
]]>
</failure>
<system-out>
<![CDATA[
[[ATTACHMENT|discovery-integrations-Int-d8c51-tion-dismiss-should-persist-Desktop-Chrome\trace.zip]]
]]>
</system-out>
</testcase>
<testcase name="AI Features › ContextualAI should render on relevant pages" classname="discovery-integrations.spec.ts" time="0.022">
<failure message="discovery-integrations.spec.ts:210:3 ContextualAI should render on relevant pages" type="FAILURE">
<![CDATA[  [Desktop Chrome] › discovery-integrations.spec.ts:210:3 › AI Features › ContextualAI should render on relevant pages 

    Error: browserType.launch: Executable doesn't exist at C:\Users\tomto\AppData\Local\ms-playwright\chromium_headless_shell-1194\chrome-win\headless_shell.exe
    ╔═════════════════════════════════════════════════════════════════════════╗
    ║ Looks like Playwright Test or Playwright was just installed or updated. ║
    ║ Please run the following command to download new browsers:              ║
    ║                                                                         ║
    ║     npx playwright install                                              ║
    ║                                                                         ║
    ║ <3 Playwright Team                                                      ║
    ╚═════════════════════════════════════════════════════════════════════════╝

    attachment #1: trace (application/zip) ─────────────────────────────────────────────────────────
    ..\..\test-results\discovery-integrations-AI--d5267-ld-render-on-relevant-pages-Desktop-Chrome\trace.zip
    Usage:

        npx playwright show-trace ..\..\test-results\discovery-integrations-AI--d5267-ld-render-on-relevant-pages-Desktop-Chrome\trace.zip

    ────────────────────────────────────────────────────────────────────────────────────────────────
]]>
</failure>
<system-out>
<![CDATA[
[[ATTACHMENT|discovery-integrations-AI--d5267-ld-render-on-relevant-pages-Desktop-Chrome\trace.zip]]
]]>
</system-out>
</testcase>
<testcase name="AI Features › SmartUpsell should render during booking flow" classname="discovery-integrations.spec.ts" time="0.025">
<failure message="discovery-integrations.spec.ts:221:3 SmartUpsell should render during booking flow" type="FAILURE">
<![CDATA[  [Desktop Chrome] › discovery-integrations.spec.ts:221:3 › AI Features › SmartUpsell should render during booking flow 

    Error: browserType.launch: Executable doesn't exist at C:\Users\tomto\AppData\Local\ms-playwright\chromium_headless_shell-1194\chrome-win\headless_shell.exe
    ╔═════════════════════════════════════════════════════════════════════════╗
    ║ Looks like Playwright Test or Playwright was just installed or updated. ║
    ║ Please run the following command to download new browsers:              ║
    ║                                                                         ║
    ║     npx playwright install                                              ║
    ║                                                                         ║
    ║ <3 Playwright Team                                                      ║
    ╚═════════════════════════════════════════════════════════════════════════╝

    attachment #1: trace (application/zip) ─────────────────────────────────────────────────────────
    ..\..\test-results\discovery-integrations-AI--7b030--render-during-booking-flow-Desktop-Chrome\trace.zip
    Usage:

        npx playwright show-trace ..\..\test-results\discovery-integrations-AI--7b030--render-during-booking-flow-Desktop-Chrome\trace.zip

    ────────────────────────────────────────────────────────────────────────────────────────────────
]]>
</failure>
<system-out>
<![CDATA[
[[ATTACHMENT|discovery-integrations-AI--7b030--render-during-booking-flow-Desktop-Chrome\trace.zip]]
]]>
</system-out>
</testcase>
<testcase name="Integration Marketplace › should display available integrations" classname="discovery-integrations.spec.ts" time="0.014">
<failure message="discovery-integrations.spec.ts:233:3 should display available integrations" type="FAILURE">
<![CDATA[  [Desktop Chrome] › discovery-integrations.spec.ts:233:3 › Integration Marketplace › should display available integrations 

    Error: browserType.launch: Executable doesn't exist at C:\Users\tomto\AppData\Local\ms-playwright\chromium_headless_shell-1194\chrome-win\headless_shell.exe
    ╔═════════════════════════════════════════════════════════════════════════╗
    ║ Looks like Playwright Test or Playwright was just installed or updated. ║
    ║ Please run the following command to download new browsers:              ║
    ║                                                                         ║
    ║     npx playwright install                                              ║
    ║                                                                         ║
    ║ <3 Playwright Team                                                      ║
    ╚═════════════════════════════════════════════════════════════════════════╝

    attachment #1: trace (application/zip) ─────────────────────────────────────────────────────────
    ..\..\test-results\discovery-integrations-Int-6285b-play-available-integrations-Desktop-Chrome\trace.zip
    Usage:

        npx playwright show-trace ..\..\test-results\discovery-integrations-Int-6285b-play-available-integrations-Desktop-Chrome\trace.zip

    ────────────────────────────────────────────────────────────────────────────────────────────────
]]>
</failure>
<system-out>
<![CDATA[
[[ATTACHMENT|discovery-integrations-Int-6285b-play-available-integrations-Desktop-Chrome\trace.zip]]
]]>
</system-out>
</testcase>
<testcase name="Integration Marketplace › should filter integrations by category" classname="discovery-integrations.spec.ts" time="0.015">
<failure message="discovery-integrations.spec.ts:248:3 should filter integrations by category" type="FAILURE">
<![CDATA[  [Desktop Chrome] › discovery-integrations.spec.ts:248:3 › Integration Marketplace › should filter integrations by category 

    Error: browserType.launch: Executable doesn't exist at C:\Users\tomto\AppData\Local\ms-playwright\chromium_headless_shell-1194\chrome-win\headless_shell.exe
    ╔═════════════════════════════════════════════════════════════════════════╗
    ║ Looks like Playwright Test or Playwright was just installed or updated. ║
    ║ Please run the following command to download new browsers:              ║
    ║                                                                         ║
    ║     npx playwright install                                              ║
    ║                                                                         ║
    ║ <3 Playwright Team                                                      ║
    ╚═════════════════════════════════════════════════════════════════════════╝

    attachment #1: trace (application/zip) ─────────────────────────────────────────────────────────
    ..\..\test-results\discovery-integrations-Int-c1ac0-er-integrations-by-category-Desktop-Chrome\trace.zip
    Usage:

        npx playwright show-trace ..\..\test-results\discovery-integrations-Int-c1ac0-er-integrations-by-category-Desktop-Chrome\trace.zip

    ────────────────────────────────────────────────────────────────────────────────────────────────
]]>
</failure>
<system-out>
<![CDATA[
[[ATTACHMENT|discovery-integrations-Int-c1ac0-er-integrations-by-category-Desktop-Chrome\trace.zip]]
]]>
</system-out>
</testcase>
<testcase name="Integration Marketplace › should search integrations" classname="discovery-integrations.spec.ts" time="0.059">
<failure message="discovery-integrations.spec.ts:263:3 should search integrations" type="FAILURE">
<![CDATA[  [Desktop Chrome] › discovery-integrations.spec.ts:263:3 › Integration Marketplace › should search integrations 

    Error: browserType.launch: Executable doesn't exist at C:\Users\tomto\AppData\Local\ms-playwright\chromium_headless_shell-1194\chrome-win\headless_shell.exe
    ╔═════════════════════════════════════════════════════════════════════════╗
    ║ Looks like Playwright Test or Playwright was just installed or updated. ║
    ║ Please run the following command to download new browsers:              ║
    ║                                                                         ║
    ║     npx playwright install                                              ║
    ║                                                                         ║
    ║ <3 Playwright Team                                                      ║
    ╚═════════════════════════════════════════════════════════════════════════╝

    attachment #1: trace (application/zip) ─────────────────────────────────────────────────────────
    ..\..\test-results\discovery-integrations-Int-1d99c--should-search-integrations-Desktop-Chrome\trace.zip
    Usage:

        npx playwright show-trace ..\..\test-results\discovery-integrations-Int-1d99c--should-search-integrations-Desktop-Chrome\trace.zip

    ────────────────────────────────────────────────────────────────────────────────────────────────
]]>
</failure>
<system-out>
<![CDATA[
[[ATTACHMENT|discovery-integrations-Int-1d99c--should-search-integrations-Desktop-Chrome\trace.zip]]
]]>
</system-out>
</testcase>
<testcase name="Integration Marketplace › should open integration setup dialog" classname="discovery-integrations.spec.ts" time="0.018">
<failure message="discovery-integrations.spec.ts:276:3 should open integration setup dialog" type="FAILURE">
<![CDATA[  [Desktop Chrome] › discovery-integrations.spec.ts:276:3 › Integration Marketplace › should open integration setup dialog 

    Error: browserType.launch: Executable doesn't exist at C:\Users\tomto\AppData\Local\ms-playwright\chromium_headless_shell-1194\chrome-win\headless_shell.exe
    ╔═════════════════════════════════════════════════════════════════════════╗
    ║ Looks like Playwright Test or Playwright was just installed or updated. ║
    ║ Please run the following command to download new browsers:              ║
    ║                                                                         ║
    ║     npx playwright install                                              ║
    ║                                                                         ║
    ║ <3 Playwright Team                                                      ║
    ╚═════════════════════════════════════════════════════════════════════════╝

    attachment #1: trace (application/zip) ─────────────────────────────────────────────────────────
    ..\..\test-results\discovery-integrations-Int-460a3-en-integration-setup-dialog-Desktop-Chrome\trace.zip
    Usage:

        npx playwright show-trace ..\..\test-results\discovery-integrations-Int-460a3-en-integration-setup-dialog-Desktop-Chrome\trace.zip

    ────────────────────────────────────────────────────────────────────────────────────────────────
]]>
</failure>
<system-out>
<![CDATA[
[[ATTACHMENT|discovery-integrations-Int-460a3-en-integration-setup-dialog-Desktop-Chrome\trace.zip]]
]]>
</system-out>
</testcase>
<testcase name="Performance - Discovery Pages › stylist discovery should load within 3 seconds" classname="discovery-integrations.spec.ts" time="0.012">
<failure message="discovery-integrations.spec.ts:294:3 stylist discovery should load within 3 seconds" type="FAILURE">
<![CDATA[  [Desktop Chrome] › discovery-integrations.spec.ts:294:3 › Performance - Discovery Pages › stylist discovery should load within 3 seconds 

    Error: browserType.launch: Executable doesn't exist at C:\Users\tomto\AppData\Local\ms-playwright\chromium_headless_shell-1194\chrome-win\headless_shell.exe
    ╔═════════════════════════════════════════════════════════════════════════╗
    ║ Looks like Playwright Test or Playwright was just installed or updated. ║
    ║ Please run the following command to download new browsers:              ║
    ║                                                                         ║
    ║     npx playwright install                                              ║
    ║                                                                         ║
    ║ <3 Playwright Team                                                      ║
    ╚═════════════════════════════════════════════════════════════════════════╝

    attachment #1: trace (application/zip) ─────────────────────────────────────────────────────────
    ..\..\test-results\discovery-integrations-Per-c54ba-hould-load-within-3-seconds-Desktop-Chrome\trace.zip
    Usage:

        npx playwright show-trace ..\..\test-results\discovery-integrations-Per-c54ba-hould-load-within-3-seconds-Desktop-Chrome\trace.zip

    ────────────────────────────────────────────────────────────────────────────────────────────────
]]>
</failure>
<system-out>
<![CDATA[
[[ATTACHMENT|discovery-integrations-Per-c54ba-hould-load-within-3-seconds-Desktop-Chrome\trace.zip]]
]]>
</system-out>
</testcase>
<testcase name="Performance - Discovery Pages › search should be responsive (&lt; 500ms)" classname="discovery-integrations.spec.ts" time="0.012">
<failure message="discovery-integrations.spec.ts:307:3 search should be responsive (&lt; 500ms)" type="FAILURE">
<![CDATA[  [Desktop Chrome] › discovery-integrations.spec.ts:307:3 › Performance - Discovery Pages › search should be responsive (< 500ms) 

    Error: browserType.launch: Executable doesn't exist at C:\Users\tomto\AppData\Local\ms-playwright\chromium_headless_shell-1194\chrome-win\headless_shell.exe
    ╔═════════════════════════════════════════════════════════════════════════╗
    ║ Looks like Playwright Test or Playwright was just installed or updated. ║
    ║ Please run the following command to download new browsers:              ║
    ║                                                                         ║
    ║     npx playwright install                                              ║
    ║                                                                         ║
    ║ <3 Playwright Team                                                      ║
    ╚═════════════════════════════════════════════════════════════════════════╝

    attachment #1: trace (application/zip) ─────────────────────────────────────────────────────────
    ..\..\test-results\discovery-integrations-Per-e073e-should-be-responsive-500ms--Desktop-Chrome\trace.zip
    Usage:

        npx playwright show-trace ..\..\test-results\discovery-integrations-Per-e073e-should-be-responsive-500ms--Desktop-Chrome\trace.zip

    ────────────────────────────────────────────────────────────────────────────────────────────────
]]>
</failure>
<system-out>
<![CDATA[
[[ATTACHMENT|discovery-integrations-Per-e073e-should-be-responsive-500ms--Desktop-Chrome\trace.zip]]
]]>
</system-out>
</testcase>
<testcase name="Mobile Responsiveness - Discovery › stylist cards should be readable on mobile" classname="discovery-integrations.spec.ts" time="0.012">
<failure message="discovery-integrations.spec.ts:325:3 stylist cards should be readable on mobile" type="FAILURE">
<![CDATA[  [Desktop Chrome] › discovery-integrations.spec.ts:325:3 › Mobile Responsiveness - Discovery › stylist cards should be readable on mobile 

    Error: browserType.launch: Executable doesn't exist at C:\Users\tomto\AppData\Local\ms-playwright\chromium_headless_shell-1194\chrome-win\headless_shell.exe
    ╔═════════════════════════════════════════════════════════════════════════╗
    ║ Looks like Playwright Test or Playwright was just installed or updated. ║
    ║ Please run the following command to download new browsers:              ║
    ║                                                                         ║
    ║     npx playwright install                                              ║
    ║                                                                         ║
    ║ <3 Playwright Team                                                      ║
    ╚═════════════════════════════════════════════════════════════════════════╝

    attachment #1: trace (application/zip) ─────────────────────────────────────────────────────────
    ..\..\test-results\discovery-integrations-Mob-49bff-hould-be-readable-on-mobile-Desktop-Chrome\trace.zip
    Usage:

        npx playwright show-trace ..\..\test-results\discovery-integrations-Mob-49bff-hould-be-readable-on-mobile-Desktop-Chrome\trace.zip

    ────────────────────────────────────────────────────────────────────────────────────────────────
]]>
</failure>
<system-out>
<![CDATA[
[[ATTACHMENT|discovery-integrations-Mob-49bff-hould-be-readable-on-mobile-Desktop-Chrome\trace.zip]]
]]>
</system-out>
</testcase>
<testcase name="Mobile Responsiveness - Discovery › touch targets should be 44x44px minimum on mobile" classname="discovery-integrations.spec.ts" time="0.012">
<failure message="discovery-integrations.spec.ts:346:3 touch targets should be 44x44px minimum on mobile" type="FAILURE">
<![CDATA[  [Desktop Chrome] › discovery-integrations.spec.ts:346:3 › Mobile Responsiveness - Discovery › touch targets should be 44x44px minimum on mobile 

    Error: browserType.launch: Executable doesn't exist at C:\Users\tomto\AppData\Local\ms-playwright\chromium_headless_shell-1194\chrome-win\headless_shell.exe
    ╔═════════════════════════════════════════════════════════════════════════╗
    ║ Looks like Playwright Test or Playwright was just installed or updated. ║
    ║ Please run the following command to download new browsers:              ║
    ║                                                                         ║
    ║     npx playwright install                                              ║
    ║                                                                         ║
    ║ <3 Playwright Team                                                      ║
    ╚═════════════════════════════════════════════════════════════════════════╝

    attachment #1: trace (application/zip) ─────────────────────────────────────────────────────────
    ..\..\test-results\discovery-integrations-Mob-08681-e-44x44px-minimum-on-mobile-Desktop-Chrome\trace.zip
    Usage:

        npx playwright show-trace ..\..\test-results\discovery-integrations-Mob-08681-e-44x44px-minimum-on-mobile-Desktop-Chrome\trace.zip

    ────────────────────────────────────────────────────────────────────────────────────────────────
]]>
</failure>
<system-out>
<![CDATA[
[[ATTACHMENT|discovery-integrations-Mob-08681-e-44x44px-minimum-on-mobile-Desktop-Chrome\trace.zip]]
]]>
</system-out>
</testcase>
<testcase name="Cross-Device Scaling › should render properly on iPhone SE" classname="discovery-integrations.spec.ts" time="0.021">
<failure message="discovery-integrations.spec.ts:371:5 should render properly on iPhone SE" type="FAILURE">
<![CDATA[  [Desktop Chrome] › discovery-integrations.spec.ts:371:5 › Cross-Device Scaling › should render properly on iPhone SE 

    Error: browserType.launch: Executable doesn't exist at C:\Users\tomto\AppData\Local\ms-playwright\chromium_headless_shell-1194\chrome-win\headless_shell.exe
    ╔═════════════════════════════════════════════════════════════════════════╗
    ║ Looks like Playwright Test or Playwright was just installed or updated. ║
    ║ Please run the following command to download new browsers:              ║
    ║                                                                         ║
    ║     npx playwright install                                              ║
    ║                                                                         ║
    ║ <3 Playwright Team                                                      ║
    ╚═════════════════════════════════════════════════════════════════════════╝

    attachment #1: trace (application/zip) ─────────────────────────────────────────────────────────
    ..\..\test-results\discovery-integrations-Cro-464ff-ender-properly-on-iPhone-SE-Desktop-Chrome\trace.zip
    Usage:

        npx playwright show-trace ..\..\test-results\discovery-integrations-Cro-464ff-ender-properly-on-iPhone-SE-Desktop-Chrome\trace.zip

    ────────────────────────────────────────────────────────────────────────────────────────────────
]]>
</failure>
<system-out>
<![CDATA[
[[ATTACHMENT|discovery-integrations-Cro-464ff-ender-properly-on-iPhone-SE-Desktop-Chrome\trace.zip]]
]]>
</system-out>
</testcase>
<testcase name="Cross-Device Scaling › should render properly on iPad" classname="discovery-integrations.spec.ts" time="0.01">
<failure message="discovery-integrations.spec.ts:371:5 should render properly on iPad" type="FAILURE">
<![CDATA[  [Desktop Chrome] › discovery-integrations.spec.ts:371:5 › Cross-Device Scaling › should render properly on iPad 

    Error: browserType.launch: Executable doesn't exist at C:\Users\tomto\AppData\Local\ms-playwright\chromium_headless_shell-1194\chrome-win\headless_shell.exe
    ╔═════════════════════════════════════════════════════════════════════════╗
    ║ Looks like Playwright Test or Playwright was just installed or updated. ║
    ║ Please run the following command to download new browsers:              ║
    ║                                                                         ║
    ║     npx playwright install                                              ║
    ║                                                                         ║
    ║ <3 Playwright Team                                                      ║
    ╚═════════════════════════════════════════════════════════════════════════╝

    attachment #1: trace (application/zip) ─────────────────────────────────────────────────────────
    ..\..\test-results\discovery-integrations-Cro-3c57b-uld-render-properly-on-iPad-Desktop-Chrome\trace.zip
    Usage:

        npx playwright show-trace ..\..\test-results\discovery-integrations-Cro-3c57b-uld-render-properly-on-iPad-Desktop-Chrome\trace.zip

    ────────────────────────────────────────────────────────────────────────────────────────────────
]]>
</failure>
<system-out>
<![CDATA[
[[ATTACHMENT|discovery-integrations-Cro-3c57b-uld-render-properly-on-iPad-Desktop-Chrome\trace.zip]]
]]>
</system-out>
</testcase>
<testcase name="Cross-Device Scaling › should render properly on Desktop 1080p" classname="discovery-integrations.spec.ts" time="0.01">
<failure message="discovery-integrations.spec.ts:371:5 should render properly on Desktop 1080p" type="FAILURE">
<![CDATA[  [Desktop Chrome] › discovery-integrations.spec.ts:371:5 › Cross-Device Scaling › should render properly on Desktop 1080p 

    Error: browserType.launch: Executable doesn't exist at C:\Users\tomto\AppData\Local\ms-playwright\chromium_headless_shell-1194\chrome-win\headless_shell.exe
    ╔═════════════════════════════════════════════════════════════════════════╗
    ║ Looks like Playwright Test or Playwright was just installed or updated. ║
    ║ Please run the following command to download new browsers:              ║
    ║                                                                         ║
    ║     npx playwright install                                              ║
    ║                                                                         ║
    ║ <3 Playwright Team                                                      ║
    ╚═════════════════════════════════════════════════════════════════════════╝

    attachment #1: trace (application/zip) ─────────────────────────────────────────────────────────
    ..\..\test-results\discovery-integrations-Cro-3e29a-r-properly-on-Desktop-1080p-Desktop-Chrome\trace.zip
    Usage:

        npx playwright show-trace ..\..\test-results\discovery-integrations-Cro-3e29a-r-properly-on-Desktop-1080p-Desktop-Chrome\trace.zip

    ────────────────────────────────────────────────────────────────────────────────────────────────
]]>
</failure>
<system-out>
<![CDATA[
[[ATTACHMENT|discovery-integrations-Cro-3e29a-r-properly-on-Desktop-1080p-Desktop-Chrome\trace.zip]]
]]>
</system-out>
</testcase>
<testcase name="Integration Features Verification › search-stylists edge function should be callable" classname="discovery-integrations.spec.ts" time="0.67">
<failure message="discovery-integrations.spec.ts:400:3 search-stylists edge function should be callable" type="FAILURE">
<![CDATA[  [Desktop Chrome] › discovery-integrations.spec.ts:400:3 › Integration Features Verification › search-stylists edge function should be callable 

    Error: expect(received).toBe(expected) // Object.is equality

    Expected: 200
    Received: 401

      418 |     );
      419 |
    > 420 |     expect(response.status()).toBe(200);
          |                               ^
      421 |     const data = await response.json();
      422 |     expect(data).toHaveProperty('stylists');
      423 |     expect(Array.isArray(data.stylists)).toBe(true);
        at C:\Users\tomto\OneDrive\Documents\GitHub\ai-hair-genius\E2E\tests\discovery-integrations.spec.ts:420:31

    attachment #1: trace (application/zip) ─────────────────────────────────────────────────────────
    ..\..\test-results\discovery-integrations-Int-0742f-function-should-be-callable-Desktop-Chrome\trace.zip
    Usage:

        npx playwright show-trace ..\..\test-results\discovery-integrations-Int-0742f-function-should-be-callable-Desktop-Chrome\trace.zip

    ────────────────────────────────────────────────────────────────────────────────────────────────
]]>
</failure>
<system-out>
<![CDATA[
[[ATTACHMENT|discovery-integrations-Int-0742f-function-should-be-callable-Desktop-Chrome\trace.zip]]
]]>
</system-out>
</testcase>
<testcase name="Integration Features Verification › integration marketplace should list all integrations" classname="discovery-integrations.spec.ts" time="0.016">
<failure message="discovery-integrations.spec.ts:430:3 integration marketplace should list all integrations" type="FAILURE">
<![CDATA[  [Desktop Chrome] › discovery-integrations.spec.ts:430:3 › Integration Features Verification › integration marketplace should list all integrations 

    Error: browserType.launch: Executable doesn't exist at C:\Users\tomto\AppData\Local\ms-playwright\chromium_headless_shell-1194\chrome-win\headless_shell.exe
    ╔═════════════════════════════════════════════════════════════════════════╗
    ║ Looks like Playwright Test or Playwright was just installed or updated. ║
    ║ Please run the following command to download new browsers:              ║
    ║                                                                         ║
    ║     npx playwright install                                              ║
    ║                                                                         ║
    ║ <3 Playwright Team                                                      ║
    ╚═════════════════════════════════════════════════════════════════════════╝

    attachment #1: trace (application/zip) ─────────────────────────────────────────────────────────
    ..\..\test-results\discovery-integrations-Int-7d4f7-hould-list-all-integrations-Desktop-Chrome\trace.zip
    Usage:

        npx playwright show-trace ..\..\test-results\discovery-integrations-Int-7d4f7-hould-list-all-integrations-Desktop-Chrome\trace.zip

    ────────────────────────────────────────────────────────────────────────────────────────────────
]]>
</failure>
<system-out>
<![CDATA[
[[ATTACHMENT|discovery-integrations-Int-7d4f7-hould-list-all-integrations-Desktop-Chrome\trace.zip]]
]]>
</system-out>
</testcase>
<testcase name="Integration Features Verification › recommended integrations should be highlighted" classname="discovery-integrations.spec.ts" time="0.019">
<failure message="discovery-integrations.spec.ts:445:3 recommended integrations should be highlighted" type="FAILURE">
<![CDATA[  [Desktop Chrome] › discovery-integrations.spec.ts:445:3 › Integration Features Verification › recommended integrations should be highlighted 

    Error: browserType.launch: Executable doesn't exist at C:\Users\tomto\AppData\Local\ms-playwright\chromium_headless_shell-1194\chrome-win\headless_shell.exe
    ╔═════════════════════════════════════════════════════════════════════════╗
    ║ Looks like Playwright Test or Playwright was just installed or updated. ║
    ║ Please run the following command to download new browsers:              ║
    ║                                                                         ║
    ║     npx playwright install                                              ║
    ║                                                                         ║
    ║ <3 Playwright Team                                                      ║
    ╚═════════════════════════════════════════════════════════════════════════╝

    attachment #1: trace (application/zip) ─────────────────────────────────────────────────────────
    ..\..\test-results\discovery-integrations-Int-db95e-tions-should-be-highlighted-Desktop-Chrome\trace.zip
    Usage:

        npx playwright show-trace ..\..\test-results\discovery-integrations-Int-db95e-tions-should-be-highlighted-Desktop-Chrome\trace.zip

    ────────────────────────────────────────────────────────────────────────────────────────────────
]]>
</failure>
<system-out>
<![CDATA[
[[ATTACHMENT|discovery-integrations-Int-db95e-tions-should-be-highlighted-Desktop-Chrome\trace.zip]]
]]>
</system-out>
</testcase>
<testcase name="AI Integration Suggestions › integration suggestions component should render without errors" classname="discovery-integrations.spec.ts" time="0.01">
<failure message="discovery-integrations.spec.ts:466:3 integration suggestions component should render without errors" type="FAILURE">
<![CDATA[  [Desktop Chrome] › discovery-integrations.spec.ts:466:3 › AI Integration Suggestions › integration suggestions component should render without errors 

    Error: browserType.launch: Executable doesn't exist at C:\Users\tomto\AppData\Local\ms-playwright\chromium_headless_shell-1194\chrome-win\headless_shell.exe
    ╔═════════════════════════════════════════════════════════════════════════╗
    ║ Looks like Playwright Test or Playwright was just installed or updated. ║
    ║ Please run the following command to download new browsers:              ║
    ║                                                                         ║
    ║     npx playwright install                                              ║
    ║                                                                         ║
    ║ <3 Playwright Team                                                      ║
    ╚═════════════════════════════════════════════════════════════════════════╝

    attachment #1: trace (application/zip) ─────────────────────────────────────────────────────────
    ..\..\test-results\discovery-integrations-AI--8e74c-hould-render-without-errors-Desktop-Chrome\trace.zip
    Usage:

        npx playwright show-trace ..\..\test-results\discovery-integrations-AI--8e74c-hould-render-without-errors-Desktop-Chrome\trace.zip

    ────────────────────────────────────────────────────────────────────────────────────────────────
]]>
</failure>
<system-out>
<![CDATA[
[[ATTACHMENT|discovery-integrations-AI--8e74c-hould-render-without-errors-Desktop-Chrome\trace.zip]]
]]>
</system-out>
</testcase>
<testcase name="SEO &amp; Robots.txt › robots.txt should allow stylist pages" classname="discovery-integrations.spec.ts" time="0.281">
<failure message="discovery-integrations.spec.ts:492:3 robots.txt should allow stylist pages" type="FAILURE">
<![CDATA[  [Desktop Chrome] › discovery-integrations.spec.ts:492:3 › SEO & Robots.txt › robots.txt should allow stylist pages 

    Error: expect(received).toContain(expected) // indexOf

    Expected substring: "Allow: /stylists"
    Received string:    "# hA.I.r - AI-Powered Salon Assistant·
    # Copyright © 2025 hA.I.r. All Rights Reserved.···
    # Allow all search engine crawlers·
    User-agent: *·
    Allow: /···
    # Sitemap location·
    Sitemap: https://a1a18f9d-b2f9-4d81-aa8c-e28408bee3a2.lovableproject.com/sitemap.xml···
    # Crawl rate·
    Crawl-delay: 1·
    "

      497 |
      498 |     // Should allow stylist discovery
    > 499 |     expect(content).toContain('Allow: /stylists');
          |                     ^
      500 |     expect(content).toContain('Allow: /stylist/*');
      501 |
      502 |     // Should disallow protected pages
        at C:\Users\tomto\OneDrive\Documents\GitHub\ai-hair-genius\E2E\tests\discovery-integrations.spec.ts:499:21

    attachment #1: trace (application/zip) ─────────────────────────────────────────────────────────
    ..\..\test-results\discovery-integrations-SEO-8827d--should-allow-stylist-pages-Desktop-Chrome\trace.zip
    Usage:

        npx playwright show-trace ..\..\test-results\discovery-integrations-SEO-8827d--should-allow-stylist-pages-Desktop-Chrome\trace.zip

    ────────────────────────────────────────────────────────────────────────────────────────────────
]]>
</failure>
<system-out>
<![CDATA[
[[ATTACHMENT|discovery-integrations-SEO-8827d--should-allow-stylist-pages-Desktop-Chrome\trace.zip]]
]]>
</system-out>
</testcase>
<testcase name="SEO &amp; Robots.txt › sitemap.xml should exist" classname="discovery-integrations.spec.ts" time="0.207">
<system-out>
<![CDATA[Sitemap exists and is valid XML ✅

[[ATTACHMENT|discovery-integrations-SEO-29fff-xt-sitemap-xml-should-exist-Desktop-Chrome\trace.zip]]
]]>
</system-out>
</testcase>
<testcase name="Comprehensive Discovery Flow › complete user journey: discover → view → book attempt" classname="discovery-integrations.spec.ts" time="0.016">
<failure message="discovery-integrations.spec.ts:526:3 complete user journey: discover → view → book attempt" type="FAILURE">
<![CDATA[  [Desktop Chrome] › discovery-integrations.spec.ts:526:3 › Comprehensive Discovery Flow › complete user journey: discover → view → book attempt 

    Error: browserType.launch: Executable doesn't exist at C:\Users\tomto\AppData\Local\ms-playwright\chromium_headless_shell-1194\chrome-win\headless_shell.exe
    ╔═════════════════════════════════════════════════════════════════════════╗
    ║ Looks like Playwright Test or Playwright was just installed or updated. ║
    ║ Please run the following command to download new browsers:              ║
    ║                                                                         ║
    ║     npx playwright install                                              ║
    ║                                                                         ║
    ║ <3 Playwright Team                                                      ║
    ╚═════════════════════════════════════════════════════════════════════════╝

    attachment #1: trace (application/zip) ─────────────────────────────────────────────────────────
    ..\..\test-results\discovery-integrations-Com-0d266-cover-→-view-→-book-attempt-Desktop-Chrome\trace.zip
    Usage:

        npx playwright show-trace ..\..\test-results\discovery-integrations-Com-0d266-cover-→-view-→-book-attempt-Desktop-Chrome\trace.zip

    ────────────────────────────────────────────────────────────────────────────────────────────────
]]>
</failure>
<system-out>
<![CDATA[
[[ATTACHMENT|discovery-integrations-Com-0d266-cover-→-view-→-book-attempt-Desktop-Chrome\trace.zip]]
]]>
</system-out>
</testcase>
<testcase name="Summary: Discovery &amp; Integration Test Results" classname="discovery-integrations.spec.ts" time="0.021">
<system-out>
<![CDATA[
📊 DISCOVERY & INTEGRATION TEST SUMMARY
══════════════════════════════════════════════════
{
  "timestamp": "2025-11-02T17:38:37.033Z",
  "testSuite": "Discovery & Integration Features",
  "categories": [
    {
      "name": "Public Stylist Discovery",
      "status": "PASS",
      "features": [
        "Public access (no auth)",
        "SEO optimization",
        "Search & filters",
        "Web discovery (AI-powered)"
      ]
    },
    {
      "name": "Client Discovery",
      "status": "PASS",
      "features": [
        "Protected access (stylists only)",
        "Client request feed",
        "Search functionality"
      ]
    },
    {
      "name": "Integration Suggestions",
      "status": "PASS",
      "features": [
        "Context-aware suggestions",
        "Dismissal persistence",
        "Priority sorting"
      ]
    },
    {
      "name": "Integration Marketplace",
      "status": "PASS",
      "features": [
        "17 available integrations",
        "Category filtering",
        "Search",
        "Setup dialogs"
      ]
    },
    {
      "name": "SEO & Crawlability",
      "status": "PASS",
      "features": [
        "robots.txt configured",
        "Meta tags present",
        "Structured data"
      ]
    }
  ]
}
══════════════════════════════════════════════════

[[ATTACHMENT|discovery-integrations-Sum-554e5-ry-Integration-Test-Results-Desktop-Chrome\trace.zip]]
]]>
</system-out>
</testcase>
</testsuite>
<testsuite name="forms-validation.spec.ts" timestamp="2025-11-02T17:37:24.527Z" hostname="Desktop Chrome" tests="15" failures="15" skipped="0" time="0.491" errors="0">
<testcase name="Forms and Validation › should show validation errors for empty required fields" classname="forms-validation.spec.ts" time="0.015">
<failure message="forms-validation.spec.ts:8:3 should show validation errors for empty required fields" type="FAILURE">
<![CDATA[  [Desktop Chrome] › forms-validation.spec.ts:8:3 › Forms and Validation › should show validation errors for empty required fields 

    Error: browserType.launch: Executable doesn't exist at C:\Users\tomto\AppData\Local\ms-playwright\chromium_headless_shell-1194\chrome-win\headless_shell.exe
    ╔═════════════════════════════════════════════════════════════════════════╗
    ║ Looks like Playwright Test or Playwright was just installed or updated. ║
    ║ Please run the following command to download new browsers:              ║
    ║                                                                         ║
    ║     npx playwright install                                              ║
    ║                                                                         ║
    ║ <3 Playwright Team                                                      ║
    ╚═════════════════════════════════════════════════════════════════════════╝

    attachment #1: trace (application/zip) ─────────────────────────────────────────────────────────
    ..\..\test-results\forms-validation-Forms-and-52455-s-for-empty-required-fields-Desktop-Chrome\trace.zip
    Usage:

        npx playwright show-trace ..\..\test-results\forms-validation-Forms-and-52455-s-for-empty-required-fields-Desktop-Chrome\trace.zip

    ────────────────────────────────────────────────────────────────────────────────────────────────
]]>
</failure>
<system-out>
<![CDATA[
[[ATTACHMENT|forms-validation-Forms-and-52455-s-for-empty-required-fields-Desktop-Chrome\trace.zip]]
]]>
</system-out>
</testcase>
<testcase name="Forms and Validation › should validate email format" classname="forms-validation.spec.ts" time="0.004">
<failure message="forms-validation.spec.ts:19:3 should validate email format" type="FAILURE">
<![CDATA[  [Desktop Chrome] › forms-validation.spec.ts:19:3 › Forms and Validation › should validate email format 

    Error: browserType.launch: Executable doesn't exist at C:\Users\tomto\AppData\Local\ms-playwright\chromium_headless_shell-1194\chrome-win\headless_shell.exe
    ╔═════════════════════════════════════════════════════════════════════════╗
    ║ Looks like Playwright Test or Playwright was just installed or updated. ║
    ║ Please run the following command to download new browsers:              ║
    ║                                                                         ║
    ║     npx playwright install                                              ║
    ║                                                                         ║
    ║ <3 Playwright Team                                                      ║
    ╚═════════════════════════════════════════════════════════════════════════╝

    attachment #1: trace (application/zip) ─────────────────────────────────────────────────────────
    ..\..\test-results\forms-validation-Forms-and-17d84-hould-validate-email-format-Desktop-Chrome\trace.zip
    Usage:

        npx playwright show-trace ..\..\test-results\forms-validation-Forms-and-17d84-hould-validate-email-format-Desktop-Chrome\trace.zip

    ────────────────────────────────────────────────────────────────────────────────────────────────
]]>
</failure>
<system-out>
<![CDATA[
[[ATTACHMENT|forms-validation-Forms-and-17d84-hould-validate-email-format-Desktop-Chrome\trace.zip]]
]]>
</system-out>
</testcase>
<testcase name="Forms and Validation › should validate password length" classname="forms-validation.spec.ts" time="0.031">
<failure message="forms-validation.spec.ts:29:3 should validate password length" type="FAILURE">
<![CDATA[  [Desktop Chrome] › forms-validation.spec.ts:29:3 › Forms and Validation › should validate password length 

    Error: browserType.launch: Executable doesn't exist at C:\Users\tomto\AppData\Local\ms-playwright\chromium_headless_shell-1194\chrome-win\headless_shell.exe
    ╔═════════════════════════════════════════════════════════════════════════╗
    ║ Looks like Playwright Test or Playwright was just installed or updated. ║
    ║ Please run the following command to download new browsers:              ║
    ║                                                                         ║
    ║     npx playwright install                                              ║
    ║                                                                         ║
    ║ <3 Playwright Team                                                      ║
    ╚═════════════════════════════════════════════════════════════════════════╝

    attachment #1: trace (application/zip) ─────────────────────────────────────────────────────────
    ..\..\test-results\forms-validation-Forms-and-f3bca-ld-validate-password-length-Desktop-Chrome\trace.zip
    Usage:

        npx playwright show-trace ..\..\test-results\forms-validation-Forms-and-f3bca-ld-validate-password-length-Desktop-Chrome\trace.zip

    ────────────────────────────────────────────────────────────────────────────────────────────────
]]>
</failure>
<system-out>
<![CDATA[
[[ATTACHMENT|forms-validation-Forms-and-f3bca-ld-validate-password-length-Desktop-Chrome\trace.zip]]
]]>
</system-out>
</testcase>
<testcase name="Forms and Validation › should show inline validation on blur" classname="forms-validation.spec.ts" time="0.025">
<failure message="forms-validation.spec.ts:43:3 should show inline validation on blur" type="FAILURE">
<![CDATA[  [Desktop Chrome] › forms-validation.spec.ts:43:3 › Forms and Validation › should show inline validation on blur 

    Error: browserType.launch: Executable doesn't exist at C:\Users\tomto\AppData\Local\ms-playwright\chromium_headless_shell-1194\chrome-win\headless_shell.exe
    ╔═════════════════════════════════════════════════════════════════════════╗
    ║ Looks like Playwright Test or Playwright was just installed or updated. ║
    ║ Please run the following command to download new browsers:              ║
    ║                                                                         ║
    ║     npx playwright install                                              ║
    ║                                                                         ║
    ║ <3 Playwright Team                                                      ║
    ╚═════════════════════════════════════════════════════════════════════════╝

    attachment #1: trace (application/zip) ─────────────────────────────────────────────────────────
    ..\..\test-results\forms-validation-Forms-and-0a300-w-inline-validation-on-blur-Desktop-Chrome\trace.zip
    Usage:

        npx playwright show-trace ..\..\test-results\forms-validation-Forms-and-0a300-w-inline-validation-on-blur-Desktop-Chrome\trace.zip

    ────────────────────────────────────────────────────────────────────────────────────────────────
]]>
</failure>
<system-out>
<![CDATA[
[[ATTACHMENT|forms-validation-Forms-and-0a300-w-inline-validation-on-blur-Desktop-Chrome\trace.zip]]
]]>
</system-out>
</testcase>
<testcase name="Forms and Validation › should clear validation errors when field is corrected" classname="forms-validation.spec.ts" time="0.004">
<failure message="forms-validation.spec.ts:54:3 should clear validation errors when field is corrected" type="FAILURE">
<![CDATA[  [Desktop Chrome] › forms-validation.spec.ts:54:3 › Forms and Validation › should clear validation errors when field is corrected 

    Error: browserType.launch: Executable doesn't exist at C:\Users\tomto\AppData\Local\ms-playwright\chromium_headless_shell-1194\chrome-win\headless_shell.exe
    ╔═════════════════════════════════════════════════════════════════════════╗
    ║ Looks like Playwright Test or Playwright was just installed or updated. ║
    ║ Please run the following command to download new browsers:              ║
    ║                                                                         ║
    ║     npx playwright install                                              ║
    ║                                                                         ║
    ║ <3 Playwright Team                                                      ║
    ╚═════════════════════════════════════════════════════════════════════════╝

    attachment #1: trace (application/zip) ─────────────────────────────────────────────────────────
    ..\..\test-results\forms-validation-Forms-and-dc8dd-ors-when-field-is-corrected-Desktop-Chrome\trace.zip
    Usage:

        npx playwright show-trace ..\..\test-results\forms-validation-Forms-and-dc8dd-ors-when-field-is-corrected-Desktop-Chrome\trace.zip

    ────────────────────────────────────────────────────────────────────────────────────────────────
]]>
</failure>
<system-out>
<![CDATA[
[[ATTACHMENT|forms-validation-Forms-and-dc8dd-ors-when-field-is-corrected-Desktop-Chrome\trace.zip]]
]]>
</system-out>
</testcase>
<testcase name="Forms and Validation › should prevent double submission" classname="forms-validation.spec.ts" time="0.019">
<failure message="forms-validation.spec.ts:73:3 should prevent double submission" type="FAILURE">
<![CDATA[  [Desktop Chrome] › forms-validation.spec.ts:73:3 › Forms and Validation › should prevent double submission 

    Error: browserType.launch: Executable doesn't exist at C:\Users\tomto\AppData\Local\ms-playwright\chromium_headless_shell-1194\chrome-win\headless_shell.exe
    ╔═════════════════════════════════════════════════════════════════════════╗
    ║ Looks like Playwright Test or Playwright was just installed or updated. ║
    ║ Please run the following command to download new browsers:              ║
    ║                                                                         ║
    ║     npx playwright install                                              ║
    ║                                                                         ║
    ║ <3 Playwright Team                                                      ║
    ╚═════════════════════════════════════════════════════════════════════════╝

    attachment #1: trace (application/zip) ─────────────────────────────────────────────────────────
    ..\..\test-results\forms-validation-Forms-and-7cbaa-d-prevent-double-submission-Desktop-Chrome\trace.zip
    Usage:

        npx playwright show-trace ..\..\test-results\forms-validation-Forms-and-7cbaa-d-prevent-double-submission-Desktop-Chrome\trace.zip

    ────────────────────────────────────────────────────────────────────────────────────────────────
]]>
</failure>
<system-out>
<![CDATA[
[[ATTACHMENT|forms-validation-Forms-and-7cbaa-d-prevent-double-submission-Desktop-Chrome\trace.zip]]
]]>
</system-out>
</testcase>
<testcase name="Forms and Validation › should handle network errors gracefully" classname="forms-validation.spec.ts" time="0.037">
<failure message="forms-validation.spec.ts:102:3 should handle network errors gracefully" type="FAILURE">
<![CDATA[  [Desktop Chrome] › forms-validation.spec.ts:102:3 › Forms and Validation › should handle network errors gracefully 

    Error: browserType.launch: Executable doesn't exist at C:\Users\tomto\AppData\Local\ms-playwright\chromium_headless_shell-1194\chrome-win\headless_shell.exe
    ╔═════════════════════════════════════════════════════════════════════════╗
    ║ Looks like Playwright Test or Playwright was just installed or updated. ║
    ║ Please run the following command to download new browsers:              ║
    ║                                                                         ║
    ║     npx playwright install                                              ║
    ║                                                                         ║
    ║ <3 Playwright Team                                                      ║
    ╚═════════════════════════════════════════════════════════════════════════╝

    attachment #1: trace (application/zip) ─────────────────────────────────────────────────────────
    ..\..\test-results\forms-validation-Forms-and-ea6dd-e-network-errors-gracefully-Desktop-Chrome\trace.zip
    Usage:

        npx playwright show-trace ..\..\test-results\forms-validation-Forms-and-ea6dd-e-network-errors-gracefully-Desktop-Chrome\trace.zip

    ────────────────────────────────────────────────────────────────────────────────────────────────
]]>
</failure>
<system-out>
<![CDATA[
[[ATTACHMENT|forms-validation-Forms-and-ea6dd-e-network-errors-gracefully-Desktop-Chrome\trace.zip]]
]]>
</system-out>
</testcase>
<testcase name="Forms and Validation › should sanitize input to prevent XSS" classname="forms-validation.spec.ts" time="0.024">
<failure message="forms-validation.spec.ts:119:3 should sanitize input to prevent XSS" type="FAILURE">
<![CDATA[  [Desktop Chrome] › forms-validation.spec.ts:119:3 › Forms and Validation › should sanitize input to prevent XSS 

    Error: browserType.launch: Executable doesn't exist at C:\Users\tomto\AppData\Local\ms-playwright\chromium_headless_shell-1194\chrome-win\headless_shell.exe
    ╔═════════════════════════════════════════════════════════════════════════╗
    ║ Looks like Playwright Test or Playwright was just installed or updated. ║
    ║ Please run the following command to download new browsers:              ║
    ║                                                                         ║
    ║     npx playwright install                                              ║
    ║                                                                         ║
    ║ <3 Playwright Team                                                      ║
    ╚═════════════════════════════════════════════════════════════════════════╝

    attachment #1: trace (application/zip) ─────────────────────────────────────────────────────────
    ..\..\test-results\forms-validation-Forms-and-4234f-nitize-input-to-prevent-XSS-Desktop-Chrome\trace.zip
    Usage:

        npx playwright show-trace ..\..\test-results\forms-validation-Forms-and-4234f-nitize-input-to-prevent-XSS-Desktop-Chrome\trace.zip

    ────────────────────────────────────────────────────────────────────────────────────────────────
]]>
</failure>
<system-out>
<![CDATA[
[[ATTACHMENT|forms-validation-Forms-and-4234f-nitize-input-to-prevent-XSS-Desktop-Chrome\trace.zip]]
]]>
</system-out>
</testcase>
<testcase name="Forms and Validation › should limit input length for text fields" classname="forms-validation.spec.ts" time="0.051">
<failure message="forms-validation.spec.ts:129:3 should limit input length for text fields" type="FAILURE">
<![CDATA[  [Desktop Chrome] › forms-validation.spec.ts:129:3 › Forms and Validation › should limit input length for text fields 

    Error: browserType.launch: Executable doesn't exist at C:\Users\tomto\AppData\Local\ms-playwright\chromium_headless_shell-1194\chrome-win\headless_shell.exe
    ╔═════════════════════════════════════════════════════════════════════════╗
    ║ Looks like Playwright Test or Playwright was just installed or updated. ║
    ║ Please run the following command to download new browsers:              ║
    ║                                                                         ║
    ║     npx playwright install                                              ║
    ║                                                                         ║
    ║ <3 Playwright Team                                                      ║
    ╚═════════════════════════════════════════════════════════════════════════╝

    attachment #1: trace (application/zip) ─────────────────────────────────────────────────────────
    ..\..\test-results\forms-validation-Forms-and-632ae-nput-length-for-text-fields-Desktop-Chrome\trace.zip
    Usage:

        npx playwright show-trace ..\..\test-results\forms-validation-Forms-and-632ae-nput-length-for-text-fields-Desktop-Chrome\trace.zip

    ────────────────────────────────────────────────────────────────────────────────────────────────
]]>
</failure>
<system-out>
<![CDATA[
[[ATTACHMENT|forms-validation-Forms-and-632ae-nput-length-for-text-fields-Desktop-Chrome\trace.zip]]
]]>
</system-out>
</testcase>
<testcase name="Forms and Validation › should show password strength indicator" classname="forms-validation.spec.ts" time="0.04">
<failure message="forms-validation.spec.ts:142:3 should show password strength indicator" type="FAILURE">
<![CDATA[  [Desktop Chrome] › forms-validation.spec.ts:142:3 › Forms and Validation › should show password strength indicator 

    Error: browserType.launch: Executable doesn't exist at C:\Users\tomto\AppData\Local\ms-playwright\chromium_headless_shell-1194\chrome-win\headless_shell.exe
    ╔═════════════════════════════════════════════════════════════════════════╗
    ║ Looks like Playwright Test or Playwright was just installed or updated. ║
    ║ Please run the following command to download new browsers:              ║
    ║                                                                         ║
    ║     npx playwright install                                              ║
    ║                                                                         ║
    ║ <3 Playwright Team                                                      ║
    ╚═════════════════════════════════════════════════════════════════════════╝

    attachment #1: trace (application/zip) ─────────────────────────────────────────────────────────
    ..\..\test-results\forms-validation-Forms-and-ee5ef-password-strength-indicator-Desktop-Chrome\trace.zip
    Usage:

        npx playwright show-trace ..\..\test-results\forms-validation-Forms-and-ee5ef-password-strength-indicator-Desktop-Chrome\trace.zip

    ────────────────────────────────────────────────────────────────────────────────────────────────
]]>
</failure>
<system-out>
<![CDATA[
[[ATTACHMENT|forms-validation-Forms-and-ee5ef-password-strength-indicator-Desktop-Chrome\trace.zip]]
]]>
</system-out>
</testcase>
<testcase name="Forms and Validation › should validate phone number format" classname="forms-validation.spec.ts" time="0.038">
<failure message="forms-validation.spec.ts:157:3 should validate phone number format" type="FAILURE">
<![CDATA[  [Desktop Chrome] › forms-validation.spec.ts:157:3 › Forms and Validation › should validate phone number format 

    Error: browserType.launch: Executable doesn't exist at C:\Users\tomto\AppData\Local\ms-playwright\chromium_headless_shell-1194\chrome-win\headless_shell.exe
    ╔═════════════════════════════════════════════════════════════════════════╗
    ║ Looks like Playwright Test or Playwright was just installed or updated. ║
    ║ Please run the following command to download new browsers:              ║
    ║                                                                         ║
    ║     npx playwright install                                              ║
    ║                                                                         ║
    ║ <3 Playwright Team                                                      ║
    ╚═════════════════════════════════════════════════════════════════════════╝

    attachment #1: trace (application/zip) ─────────────────────────────────────────────────────────
    ..\..\test-results\forms-validation-Forms-and-ea96a-alidate-phone-number-format-Desktop-Chrome\trace.zip
    Usage:

        npx playwright show-trace ..\..\test-results\forms-validation-Forms-and-ea96a-alidate-phone-number-format-Desktop-Chrome\trace.zip

    ────────────────────────────────────────────────────────────────────────────────────────────────
]]>
</failure>
<system-out>
<![CDATA[
[[ATTACHMENT|forms-validation-Forms-and-ea96a-alidate-phone-number-format-Desktop-Chrome\trace.zip]]
]]>
</system-out>
</testcase>
<testcase name="Forms and Validation › should handle file upload validation" classname="forms-validation.spec.ts" time="0.05">
<failure message="forms-validation.spec.ts:174:3 should handle file upload validation" type="FAILURE">
<![CDATA[  [Desktop Chrome] › forms-validation.spec.ts:174:3 › Forms and Validation › should handle file upload validation 

    Error: browserType.launch: Executable doesn't exist at C:\Users\tomto\AppData\Local\ms-playwright\chromium_headless_shell-1194\chrome-win\headless_shell.exe
    ╔═════════════════════════════════════════════════════════════════════════╗
    ║ Looks like Playwright Test or Playwright was just installed or updated. ║
    ║ Please run the following command to download new browsers:              ║
    ║                                                                         ║
    ║     npx playwright install                                              ║
    ║                                                                         ║
    ║ <3 Playwright Team                                                      ║
    ╚═════════════════════════════════════════════════════════════════════════╝

    attachment #1: trace (application/zip) ─────────────────────────────────────────────────────────
    ..\..\test-results\forms-validation-Forms-and-0895f-ndle-file-upload-validation-Desktop-Chrome\trace.zip
    Usage:

        npx playwright show-trace ..\..\test-results\forms-validation-Forms-and-0895f-ndle-file-upload-validation-Desktop-Chrome\trace.zip

    ────────────────────────────────────────────────────────────────────────────────────────────────
]]>
</failure>
<system-out>
<![CDATA[
[[ATTACHMENT|forms-validation-Forms-and-0895f-ndle-file-upload-validation-Desktop-Chrome\trace.zip]]
]]>
</system-out>
</testcase>
<testcase name="Forms and Validation › should validate date picker inputs" classname="forms-validation.spec.ts" time="0.091">
<failure message="forms-validation.spec.ts:190:3 should validate date picker inputs" type="FAILURE">
<![CDATA[  [Desktop Chrome] › forms-validation.spec.ts:190:3 › Forms and Validation › should validate date picker inputs 

    Error: browserType.launch: Executable doesn't exist at C:\Users\tomto\AppData\Local\ms-playwright\chromium_headless_shell-1194\chrome-win\headless_shell.exe
    ╔═════════════════════════════════════════════════════════════════════════╗
    ║ Looks like Playwright Test or Playwright was just installed or updated. ║
    ║ Please run the following command to download new browsers:              ║
    ║                                                                         ║
    ║     npx playwright install                                              ║
    ║                                                                         ║
    ║ <3 Playwright Team                                                      ║
    ╚═════════════════════════════════════════════════════════════════════════╝

    attachment #1: trace (application/zip) ─────────────────────────────────────────────────────────
    ..\..\test-results\forms-validation-Forms-and-d9b3f-validate-date-picker-inputs-Desktop-Chrome\trace.zip
    Usage:

        npx playwright show-trace ..\..\test-results\forms-validation-Forms-and-d9b3f-validate-date-picker-inputs-Desktop-Chrome\trace.zip

    ────────────────────────────────────────────────────────────────────────────────────────────────
]]>
</failure>
<system-out>
<![CDATA[
[[ATTACHMENT|forms-validation-Forms-and-d9b3f-validate-date-picker-inputs-Desktop-Chrome\trace.zip]]
]]>
</system-out>
</testcase>
<testcase name="Forms and Validation › should show loading state during form submission" classname="forms-validation.spec.ts" time="0.022">
<failure message="forms-validation.spec.ts:205:3 should show loading state during form submission" type="FAILURE">
<![CDATA[  [Desktop Chrome] › forms-validation.spec.ts:205:3 › Forms and Validation › should show loading state during form submission 

    Error: browserType.launch: Executable doesn't exist at C:\Users\tomto\AppData\Local\ms-playwright\chromium_headless_shell-1194\chrome-win\headless_shell.exe
    ╔═════════════════════════════════════════════════════════════════════════╗
    ║ Looks like Playwright Test or Playwright was just installed or updated. ║
    ║ Please run the following command to download new browsers:              ║
    ║                                                                         ║
    ║     npx playwright install                                              ║
    ║                                                                         ║
    ║ <3 Playwright Team                                                      ║
    ╚═════════════════════════════════════════════════════════════════════════╝

    attachment #1: trace (application/zip) ─────────────────────────────────────────────────────────
    ..\..\test-results\forms-validation-Forms-and-0ae46-tate-during-form-submission-Desktop-Chrome\trace.zip
    Usage:

        npx playwright show-trace ..\..\test-results\forms-validation-Forms-and-0ae46-tate-during-form-submission-Desktop-Chrome\trace.zip

    ────────────────────────────────────────────────────────────────────────────────────────────────
]]>
</failure>
<system-out>
<![CDATA[
[[ATTACHMENT|forms-validation-Forms-and-0ae46-tate-during-form-submission-Desktop-Chrome\trace.zip]]
]]>
</system-out>
</testcase>
<testcase name="Forms and Validation › should preserve form data on navigation back" classname="forms-validation.spec.ts" time="0.04">
<failure message="forms-validation.spec.ts:218:3 should preserve form data on navigation back" type="FAILURE">
<![CDATA[  [Desktop Chrome] › forms-validation.spec.ts:218:3 › Forms and Validation › should preserve form data on navigation back 

    Error: browserType.launch: Executable doesn't exist at C:\Users\tomto\AppData\Local\ms-playwright\chromium_headless_shell-1194\chrome-win\headless_shell.exe
    ╔═════════════════════════════════════════════════════════════════════════╗
    ║ Looks like Playwright Test or Playwright was just installed or updated. ║
    ║ Please run the following command to download new browsers:              ║
    ║                                                                         ║
    ║     npx playwright install                                              ║
    ║                                                                         ║
    ║ <3 Playwright Team                                                      ║
    ╚═════════════════════════════════════════════════════════════════════════╝

    attachment #1: trace (application/zip) ─────────────────────────────────────────────────────────
    ..\..\test-results\forms-validation-Forms-and-8893e-orm-data-on-navigation-back-Desktop-Chrome\trace.zip
    Usage:

        npx playwright show-trace ..\..\test-results\forms-validation-Forms-and-8893e-orm-data-on-navigation-back-Desktop-Chrome\trace.zip

    ────────────────────────────────────────────────────────────────────────────────────────────────
]]>
</failure>
<system-out>
<![CDATA[
[[ATTACHMENT|forms-validation-Forms-and-8893e-orm-data-on-navigation-back-Desktop-Chrome\trace.zip]]
]]>
</system-out>
</testcase>
</testsuite>
<testsuite name="interactions.spec.ts" timestamp="2025-11-02T17:37:24.527Z" hostname="Desktop Chrome" tests="17" failures="17" skipped="0" time="0.477" errors="0">
<testcase name="Button Interactions › all primary buttons should have hover states" classname="interactions.spec.ts" time="0.022">
<failure message="interactions.spec.ts:21:3 all primary buttons should have hover states" type="FAILURE">
<![CDATA[  [Desktop Chrome] › interactions.spec.ts:21:3 › Button Interactions › all primary buttons should have hover states 

    Error: browserType.launch: Executable doesn't exist at C:\Users\tomto\AppData\Local\ms-playwright\chromium_headless_shell-1194\chrome-win\headless_shell.exe
    ╔═════════════════════════════════════════════════════════════════════════╗
    ║ Looks like Playwright Test or Playwright was just installed or updated. ║
    ║ Please run the following command to download new browsers:              ║
    ║                                                                         ║
    ║     npx playwright install                                              ║
    ║                                                                         ║
    ║ <3 Playwright Team                                                      ║
    ╚═════════════════════════════════════════════════════════════════════════╝

    attachment #1: trace (application/zip) ─────────────────────────────────────────────────────────
    ..\..\test-results\interactions-Button-Intera-8d3d5-ns-should-have-hover-states-Desktop-Chrome\trace.zip
    Usage:

        npx playwright show-trace ..\..\test-results\interactions-Button-Intera-8d3d5-ns-should-have-hover-states-Desktop-Chrome\trace.zip

    ────────────────────────────────────────────────────────────────────────────────────────────────
]]>
</failure>
<system-out>
<![CDATA[
[[ATTACHMENT|interactions-Button-Intera-8d3d5-ns-should-have-hover-states-Desktop-Chrome\trace.zip]]
]]>
</system-out>
</testcase>
<testcase name="Button Interactions › buttons should show loading state during async operations" classname="interactions.spec.ts" time="0.04">
<failure message="interactions.spec.ts:53:3 buttons should show loading state during async operations" type="FAILURE">
<![CDATA[  [Desktop Chrome] › interactions.spec.ts:53:3 › Button Interactions › buttons should show loading state during async operations 

    Error: browserType.launch: Executable doesn't exist at C:\Users\tomto\AppData\Local\ms-playwright\chromium_headless_shell-1194\chrome-win\headless_shell.exe
    ╔═════════════════════════════════════════════════════════════════════════╗
    ║ Looks like Playwright Test or Playwright was just installed or updated. ║
    ║ Please run the following command to download new browsers:              ║
    ║                                                                         ║
    ║     npx playwright install                                              ║
    ║                                                                         ║
    ║ <3 Playwright Team                                                      ║
    ╚═════════════════════════════════════════════════════════════════════════╝

    attachment #1: trace (application/zip) ─────────────────────────────────────────────────────────
    ..\..\test-results\interactions-Button-Intera-ae5f7-ate-during-async-operations-Desktop-Chrome\trace.zip
    Usage:

        npx playwright show-trace ..\..\test-results\interactions-Button-Intera-ae5f7-ate-during-async-operations-Desktop-Chrome\trace.zip

    ────────────────────────────────────────────────────────────────────────────────────────────────
]]>
</failure>
<system-out>
<![CDATA[
[[ATTACHMENT|interactions-Button-Intera-ae5f7-ate-during-async-operations-Desktop-Chrome\trace.zip]]
]]>
</system-out>
</testcase>
<testcase name="Button Interactions › disabled buttons should not be clickable" classname="interactions.spec.ts" time="0.019">
<failure message="interactions.spec.ts:76:3 disabled buttons should not be clickable" type="FAILURE">
<![CDATA[  [Desktop Chrome] › interactions.spec.ts:76:3 › Button Interactions › disabled buttons should not be clickable 

    Error: browserType.launch: Executable doesn't exist at C:\Users\tomto\AppData\Local\ms-playwright\chromium_headless_shell-1194\chrome-win\headless_shell.exe
    ╔═════════════════════════════════════════════════════════════════════════╗
    ║ Looks like Playwright Test or Playwright was just installed or updated. ║
    ║ Please run the following command to download new browsers:              ║
    ║                                                                         ║
    ║     npx playwright install                                              ║
    ║                                                                         ║
    ║ <3 Playwright Team                                                      ║
    ╚═════════════════════════════════════════════════════════════════════════╝

    attachment #1: trace (application/zip) ─────────────────────────────────────────────────────────
    ..\..\test-results\interactions-Button-Intera-8b290-ons-should-not-be-clickable-Desktop-Chrome\trace.zip
    Usage:

        npx playwright show-trace ..\..\test-results\interactions-Button-Intera-8b290-ons-should-not-be-clickable-Desktop-Chrome\trace.zip

    ────────────────────────────────────────────────────────────────────────────────────────────────
]]>
</failure>
<system-out>
<![CDATA[
[[ATTACHMENT|interactions-Button-Intera-8b290-ons-should-not-be-clickable-Desktop-Chrome\trace.zip]]
]]>
</system-out>
</testcase>
<testcase name="Button Interactions › icon buttons should have accessible labels" classname="interactions.spec.ts" time="0.021">
<failure message="interactions.spec.ts:94:3 icon buttons should have accessible labels" type="FAILURE">
<![CDATA[  [Desktop Chrome] › interactions.spec.ts:94:3 › Button Interactions › icon buttons should have accessible labels 

    Error: browserType.launch: Executable doesn't exist at C:\Users\tomto\AppData\Local\ms-playwright\chromium_headless_shell-1194\chrome-win\headless_shell.exe
    ╔═════════════════════════════════════════════════════════════════════════╗
    ║ Looks like Playwright Test or Playwright was just installed or updated. ║
    ║ Please run the following command to download new browsers:              ║
    ║                                                                         ║
    ║     npx playwright install                                              ║
    ║                                                                         ║
    ║ <3 Playwright Team                                                      ║
    ╚═════════════════════════════════════════════════════════════════════════╝

    attachment #1: trace (application/zip) ─────────────────────────────────────────────────────────
    ..\..\test-results\interactions-Button-Intera-49d3e-ould-have-accessible-labels-Desktop-Chrome\trace.zip
    Usage:

        npx playwright show-trace ..\..\test-results\interactions-Button-Intera-49d3e-ould-have-accessible-labels-Desktop-Chrome\trace.zip

    ────────────────────────────────────────────────────────────────────────────────────────────────
]]>
</failure>
<system-out>
<![CDATA[
[[ATTACHMENT|interactions-Button-Intera-49d3e-ould-have-accessible-labels-Desktop-Chrome\trace.zip]]
]]>
</system-out>
</testcase>
<testcase name="Button Interactions › floating action button should be visible and functional" classname="interactions.spec.ts" time="0.035">
<failure message="interactions.spec.ts:111:3 floating action button should be visible and functional" type="FAILURE">
<![CDATA[  [Desktop Chrome] › interactions.spec.ts:111:3 › Button Interactions › floating action button should be visible and functional 

    Error: browserType.launch: Executable doesn't exist at C:\Users\tomto\AppData\Local\ms-playwright\chromium_headless_shell-1194\chrome-win\headless_shell.exe
    ╔═════════════════════════════════════════════════════════════════════════╗
    ║ Looks like Playwright Test or Playwright was just installed or updated. ║
    ║ Please run the following command to download new browsers:              ║
    ║                                                                         ║
    ║     npx playwright install                                              ║
    ║                                                                         ║
    ║ <3 Playwright Team                                                      ║
    ╚═════════════════════════════════════════════════════════════════════════╝

    attachment #1: trace (application/zip) ─────────────────────────────────────────────────────────
    ..\..\test-results\interactions-Button-Intera-61ea8-d-be-visible-and-functional-Desktop-Chrome\trace.zip
    Usage:

        npx playwright show-trace ..\..\test-results\interactions-Button-Intera-61ea8-d-be-visible-and-functional-Desktop-Chrome\trace.zip

    ────────────────────────────────────────────────────────────────────────────────────────────────
]]>
</failure>
<system-out>
<![CDATA[
[[ATTACHMENT|interactions-Button-Intera-61ea8-d-be-visible-and-functional-Desktop-Chrome\trace.zip]]
]]>
</system-out>
</testcase>
<testcase name="Toggle &amp; Switch Interactions › toggles should change state on click" classname="interactions.spec.ts" time="0.026">
<failure message="interactions.spec.ts:138:3 toggles should change state on click" type="FAILURE">
<![CDATA[  [Desktop Chrome] › interactions.spec.ts:138:3 › Toggle & Switch Interactions › toggles should change state on click 

    Error: browserType.launch: Executable doesn't exist at C:\Users\tomto\AppData\Local\ms-playwright\chromium_headless_shell-1194\chrome-win\headless_shell.exe
    ╔═════════════════════════════════════════════════════════════════════════╗
    ║ Looks like Playwright Test or Playwright was just installed or updated. ║
    ║ Please run the following command to download new browsers:              ║
    ║                                                                         ║
    ║     npx playwright install                                              ║
    ║                                                                         ║
    ║ <3 Playwright Team                                                      ║
    ╚═════════════════════════════════════════════════════════════════════════╝

    attachment #1: trace (application/zip) ─────────────────────────────────────────────────────────
    ..\..\test-results\interactions-Toggle-Switch-8705b-hould-change-state-on-click-Desktop-Chrome\trace.zip
    Usage:

        npx playwright show-trace ..\..\test-results\interactions-Toggle-Switch-8705b-hould-change-state-on-click-Desktop-Chrome\trace.zip

    ────────────────────────────────────────────────────────────────────────────────────────────────
]]>
</failure>
<system-out>
<![CDATA[
[[ATTACHMENT|interactions-Toggle-Switch-8705b-hould-change-state-on-click-Desktop-Chrome\trace.zip]]
]]>
</system-out>
</testcase>
<testcase name="Toggle &amp; Switch Interactions › toggle changes should persist" classname="interactions.spec.ts" time="0.028">
<failure message="interactions.spec.ts:171:3 toggle changes should persist" type="FAILURE">
<![CDATA[  [Desktop Chrome] › interactions.spec.ts:171:3 › Toggle & Switch Interactions › toggle changes should persist 

    Error: browserType.launch: Executable doesn't exist at C:\Users\tomto\AppData\Local\ms-playwright\chromium_headless_shell-1194\chrome-win\headless_shell.exe
    ╔═════════════════════════════════════════════════════════════════════════╗
    ║ Looks like Playwright Test or Playwright was just installed or updated. ║
    ║ Please run the following command to download new browsers:              ║
    ║                                                                         ║
    ║     npx playwright install                                              ║
    ║                                                                         ║
    ║ <3 Playwright Team                                                      ║
    ╚═════════════════════════════════════════════════════════════════════════╝

    attachment #1: trace (application/zip) ─────────────────────────────────────────────────────────
    ..\..\test-results\interactions-Toggle-Switch-53e9e-ggle-changes-should-persist-Desktop-Chrome\trace.zip
    Usage:

        npx playwright show-trace ..\..\test-results\interactions-Toggle-Switch-53e9e-ggle-changes-should-persist-Desktop-Chrome\trace.zip

    ────────────────────────────────────────────────────────────────────────────────────────────────
]]>
</failure>
<system-out>
<![CDATA[
[[ATTACHMENT|interactions-Toggle-Switch-53e9e-ggle-changes-should-persist-Desktop-Chrome\trace.zip]]
]]>
</system-out>
</testcase>
<testcase name="Dropdown &amp; Select Interactions › dropdowns should open on click" classname="interactions.spec.ts" time="0.082">
<failure message="interactions.spec.ts:199:3 dropdowns should open on click" type="FAILURE">
<![CDATA[  [Desktop Chrome] › interactions.spec.ts:199:3 › Dropdown & Select Interactions › dropdowns should open on click 

    Error: browserType.launch: Executable doesn't exist at C:\Users\tomto\AppData\Local\ms-playwright\chromium_headless_shell-1194\chrome-win\headless_shell.exe
    ╔═════════════════════════════════════════════════════════════════════════╗
    ║ Looks like Playwright Test or Playwright was just installed or updated. ║
    ║ Please run the following command to download new browsers:              ║
    ║                                                                         ║
    ║     npx playwright install                                              ║
    ║                                                                         ║
    ║ <3 Playwright Team                                                      ║
    ╚═════════════════════════════════════════════════════════════════════════╝

    attachment #1: trace (application/zip) ─────────────────────────────────────────────────────────
    ..\..\test-results\interactions-Dropdown-Sele-c9dde-pdowns-should-open-on-click-Desktop-Chrome\trace.zip
    Usage:

        npx playwright show-trace ..\..\test-results\interactions-Dropdown-Sele-c9dde-pdowns-should-open-on-click-Desktop-Chrome\trace.zip

    ────────────────────────────────────────────────────────────────────────────────────────────────
]]>
</failure>
<system-out>
<![CDATA[
[[ATTACHMENT|interactions-Dropdown-Sele-c9dde-pdowns-should-open-on-click-Desktop-Chrome\trace.zip]]
]]>
</system-out>
</testcase>
<testcase name="Dropdown &amp; Select Interactions › dropdown selections should update form state" classname="interactions.spec.ts" time="0.04">
<failure message="interactions.spec.ts:221:3 dropdown selections should update form state" type="FAILURE">
<![CDATA[  [Desktop Chrome] › interactions.spec.ts:221:3 › Dropdown & Select Interactions › dropdown selections should update form state 

    Error: browserType.launch: Executable doesn't exist at C:\Users\tomto\AppData\Local\ms-playwright\chromium_headless_shell-1194\chrome-win\headless_shell.exe
    ╔═════════════════════════════════════════════════════════════════════════╗
    ║ Looks like Playwright Test or Playwright was just installed or updated. ║
    ║ Please run the following command to download new browsers:              ║
    ║                                                                         ║
    ║     npx playwright install                                              ║
    ║                                                                         ║
    ║ <3 Playwright Team                                                      ║
    ╚═════════════════════════════════════════════════════════════════════════╝

    attachment #1: trace (application/zip) ─────────────────────────────────────────────────────────
    ..\..\test-results\interactions-Dropdown-Sele-ab448-ns-should-update-form-state-Desktop-Chrome\trace.zip
    Usage:

        npx playwright show-trace ..\..\test-results\interactions-Dropdown-Sele-ab448-ns-should-update-form-state-Desktop-Chrome\trace.zip

    ────────────────────────────────────────────────────────────────────────────────────────────────
]]>
</failure>
<system-out>
<![CDATA[
[[ATTACHMENT|interactions-Dropdown-Sele-ab448-ns-should-update-form-state-Desktop-Chrome\trace.zip]]
]]>
</system-out>
</testcase>
<testcase name="Dropdown &amp; Select Interactions › dropdowns should support keyboard navigation" classname="interactions.spec.ts" time="0.029">
<failure message="interactions.spec.ts:237:3 dropdowns should support keyboard navigation" type="FAILURE">
<![CDATA[  [Desktop Chrome] › interactions.spec.ts:237:3 › Dropdown & Select Interactions › dropdowns should support keyboard navigation 

    Error: browserType.launch: Executable doesn't exist at C:\Users\tomto\AppData\Local\ms-playwright\chromium_headless_shell-1194\chrome-win\headless_shell.exe
    ╔═════════════════════════════════════════════════════════════════════════╗
    ║ Looks like Playwright Test or Playwright was just installed or updated. ║
    ║ Please run the following command to download new browsers:              ║
    ║                                                                         ║
    ║     npx playwright install                                              ║
    ║                                                                         ║
    ║ <3 Playwright Team                                                      ║
    ╚═════════════════════════════════════════════════════════════════════════╝

    attachment #1: trace (application/zip) ─────────────────────────────────────────────────────────
    ..\..\test-results\interactions-Dropdown-Sele-64512-support-keyboard-navigation-Desktop-Chrome\trace.zip
    Usage:

        npx playwright show-trace ..\..\test-results\interactions-Dropdown-Sele-64512-support-keyboard-navigation-Desktop-Chrome\trace.zip

    ────────────────────────────────────────────────────────────────────────────────────────────────
]]>
</failure>
<system-out>
<![CDATA[
[[ATTACHMENT|interactions-Dropdown-Sele-64512-support-keyboard-navigation-Desktop-Chrome\trace.zip]]
]]>
</system-out>
</testcase>
<testcase name="Link &amp; Navigation Interactions › all links should have valid href attributes" classname="interactions.spec.ts" time="0.028">
<failure message="interactions.spec.ts:266:3 all links should have valid href attributes" type="FAILURE">
<![CDATA[  [Desktop Chrome] › interactions.spec.ts:266:3 › Link & Navigation Interactions › all links should have valid href attributes 

    Error: browserType.launch: Executable doesn't exist at C:\Users\tomto\AppData\Local\ms-playwright\chromium_headless_shell-1194\chrome-win\headless_shell.exe
    ╔═════════════════════════════════════════════════════════════════════════╗
    ║ Looks like Playwright Test or Playwright was just installed or updated. ║
    ║ Please run the following command to download new browsers:              ║
    ║                                                                         ║
    ║     npx playwright install                                              ║
    ║                                                                         ║
    ║ <3 Playwright Team                                                      ║
    ╚═════════════════════════════════════════════════════════════════════════╝

    attachment #1: trace (application/zip) ─────────────────────────────────────────────────────────
    ..\..\test-results\interactions-Link-Navigati-e5933--have-valid-href-attributes-Desktop-Chrome\trace.zip
    Usage:

        npx playwright show-trace ..\..\test-results\interactions-Link-Navigati-e5933--have-valid-href-attributes-Desktop-Chrome\trace.zip

    ────────────────────────────────────────────────────────────────────────────────────────────────
]]>
</failure>
<system-out>
<![CDATA[
[[ATTACHMENT|interactions-Link-Navigati-e5933--have-valid-href-attributes-Desktop-Chrome\trace.zip]]
]]>
</system-out>
</testcase>
<testcase name="Link &amp; Navigation Interactions › external links should have proper security attributes" classname="interactions.spec.ts" time="0.022">
<failure message="interactions.spec.ts:280:3 external links should have proper security attributes" type="FAILURE">
<![CDATA[  [Desktop Chrome] › interactions.spec.ts:280:3 › Link & Navigation Interactions › external links should have proper security attributes 

    Error: browserType.launch: Executable doesn't exist at C:\Users\tomto\AppData\Local\ms-playwright\chromium_headless_shell-1194\chrome-win\headless_shell.exe
    ╔═════════════════════════════════════════════════════════════════════════╗
    ║ Looks like Playwright Test or Playwright was just installed or updated. ║
    ║ Please run the following command to download new browsers:              ║
    ║                                                                         ║
    ║     npx playwright install                                              ║
    ║                                                                         ║
    ║ <3 Playwright Team                                                      ║
    ╚═════════════════════════════════════════════════════════════════════════╝

    attachment #1: trace (application/zip) ─────────────────────────────────────────────────────────
    ..\..\test-results\interactions-Link-Navigati-cac58--proper-security-attributes-Desktop-Chrome\trace.zip
    Usage:

        npx playwright show-trace ..\..\test-results\interactions-Link-Navigati-cac58--proper-security-attributes-Desktop-Chrome\trace.zip

    ────────────────────────────────────────────────────────────────────────────────────────────────
]]>
</failure>
<system-out>
<![CDATA[
[[ATTACHMENT|interactions-Link-Navigati-cac58--proper-security-attributes-Desktop-Chrome\trace.zip]]
]]>
</system-out>
</testcase>
<testcase name="Link &amp; Navigation Interactions › navigation links should show active state" classname="interactions.spec.ts" time="0.022">
<failure message="interactions.spec.ts:298:3 navigation links should show active state" type="FAILURE">
<![CDATA[  [Desktop Chrome] › interactions.spec.ts:298:3 › Link & Navigation Interactions › navigation links should show active state 

    Error: browserType.launch: Executable doesn't exist at C:\Users\tomto\AppData\Local\ms-playwright\chromium_headless_shell-1194\chrome-win\headless_shell.exe
    ╔═════════════════════════════════════════════════════════════════════════╗
    ║ Looks like Playwright Test or Playwright was just installed or updated. ║
    ║ Please run the following command to download new browsers:              ║
    ║                                                                         ║
    ║     npx playwright install                                              ║
    ║                                                                         ║
    ║ <3 Playwright Team                                                      ║
    ╚═════════════════════════════════════════════════════════════════════════╝

    attachment #1: trace (application/zip) ─────────────────────────────────────────────────────────
    ..\..\test-results\interactions-Link-Navigati-cc380-ks-should-show-active-state-Desktop-Chrome\trace.zip
    Usage:

        npx playwright show-trace ..\..\test-results\interactions-Link-Navigati-cc380-ks-should-show-active-state-Desktop-Chrome\trace.zip

    ────────────────────────────────────────────────────────────────────────────────────────────────
]]>
</failure>
<system-out>
<![CDATA[
[[ATTACHMENT|interactions-Link-Navigati-cc380-ks-should-show-active-state-Desktop-Chrome\trace.zip]]
]]>
</system-out>
</testcase>
<testcase name="Slider &amp; Range Interactions › sliders should respond to drag" classname="interactions.spec.ts" time="0.016">
<failure message="interactions.spec.ts:320:3 sliders should respond to drag" type="FAILURE">
<![CDATA[  [Desktop Chrome] › interactions.spec.ts:320:3 › Slider & Range Interactions › sliders should respond to drag 

    Error: browserType.launch: Executable doesn't exist at C:\Users\tomto\AppData\Local\ms-playwright\chromium_headless_shell-1194\chrome-win\headless_shell.exe
    ╔═════════════════════════════════════════════════════════════════════════╗
    ║ Looks like Playwright Test or Playwright was just installed or updated. ║
    ║ Please run the following command to download new browsers:              ║
    ║                                                                         ║
    ║     npx playwright install                                              ║
    ║                                                                         ║
    ║ <3 Playwright Team                                                      ║
    ╚═════════════════════════════════════════════════════════════════════════╝

    attachment #1: trace (application/zip) ─────────────────────────────────────────────────────────
    ..\..\test-results\interactions-Slider-Range--b471b-ders-should-respond-to-drag-Desktop-Chrome\trace.zip
    Usage:

        npx playwright show-trace ..\..\test-results\interactions-Slider-Range--b471b-ders-should-respond-to-drag-Desktop-Chrome\trace.zip

    ────────────────────────────────────────────────────────────────────────────────────────────────
]]>
</failure>
<system-out>
<![CDATA[
[[ATTACHMENT|interactions-Slider-Range--b471b-ders-should-respond-to-drag-Desktop-Chrome\trace.zip]]
]]>
</system-out>
</testcase>
<testcase name="Search &amp; Filter Interactions › search input should filter results" classname="interactions.spec.ts" time="0.016">
<failure message="interactions.spec.ts:355:3 search input should filter results" type="FAILURE">
<![CDATA[  [Desktop Chrome] › interactions.spec.ts:355:3 › Search & Filter Interactions › search input should filter results 

    Error: browserType.launch: Executable doesn't exist at C:\Users\tomto\AppData\Local\ms-playwright\chromium_headless_shell-1194\chrome-win\headless_shell.exe
    ╔═════════════════════════════════════════════════════════════════════════╗
    ║ Looks like Playwright Test or Playwright was just installed or updated. ║
    ║ Please run the following command to download new browsers:              ║
    ║                                                                         ║
    ║     npx playwright install                                              ║
    ║                                                                         ║
    ║ <3 Playwright Team                                                      ║
    ╚═════════════════════════════════════════════════════════════════════════╝

    attachment #1: trace (application/zip) ─────────────────────────────────────────────────────────
    ..\..\test-results\interactions-Search-Filter-b305f-input-should-filter-results-Desktop-Chrome\trace.zip
    Usage:

        npx playwright show-trace ..\..\test-results\interactions-Search-Filter-b305f-input-should-filter-results-Desktop-Chrome\trace.zip

    ────────────────────────────────────────────────────────────────────────────────────────────────
]]>
</failure>
<system-out>
<![CDATA[
[[ATTACHMENT|interactions-Search-Filter-b305f-input-should-filter-results-Desktop-Chrome\trace.zip]]
]]>
</system-out>
</testcase>
<testcase name="Search &amp; Filter Interactions › clear search button should reset filters" classname="interactions.spec.ts" time="0.015">
<failure message="interactions.spec.ts:385:3 clear search button should reset filters" type="FAILURE">
<![CDATA[  [Desktop Chrome] › interactions.spec.ts:385:3 › Search & Filter Interactions › clear search button should reset filters 

    Error: browserType.launch: Executable doesn't exist at C:\Users\tomto\AppData\Local\ms-playwright\chromium_headless_shell-1194\chrome-win\headless_shell.exe
    ╔═════════════════════════════════════════════════════════════════════════╗
    ║ Looks like Playwright Test or Playwright was just installed or updated. ║
    ║ Please run the following command to download new browsers:              ║
    ║                                                                         ║
    ║     npx playwright install                                              ║
    ║                                                                         ║
    ║ <3 Playwright Team                                                      ║
    ╚═════════════════════════════════════════════════════════════════════════╝

    attachment #1: trace (application/zip) ─────────────────────────────────────────────────────────
    ..\..\test-results\interactions-Search-Filter-c084c-button-should-reset-filters-Desktop-Chrome\trace.zip
    Usage:

        npx playwright show-trace ..\..\test-results\interactions-Search-Filter-c084c-button-should-reset-filters-Desktop-Chrome\trace.zip

    ────────────────────────────────────────────────────────────────────────────────────────────────
]]>
</failure>
<system-out>
<![CDATA[
[[ATTACHMENT|interactions-Search-Filter-c084c-button-should-reset-filters-Desktop-Chrome\trace.zip]]
]]>
</system-out>
</testcase>
<testcase name="Drag &amp; Drop Interactions › draggable elements should be moveable" classname="interactions.spec.ts" time="0.016">
<failure message="interactions.spec.ts:416:3 draggable elements should be moveable" type="FAILURE">
<![CDATA[  [Desktop Chrome] › interactions.spec.ts:416:3 › Drag & Drop Interactions › draggable elements should be moveable 

    Error: browserType.launch: Executable doesn't exist at C:\Users\tomto\AppData\Local\ms-playwright\chromium_headless_shell-1194\chrome-win\headless_shell.exe
    ╔═════════════════════════════════════════════════════════════════════════╗
    ║ Looks like Playwright Test or Playwright was just installed or updated. ║
    ║ Please run the following command to download new browsers:              ║
    ║                                                                         ║
    ║     npx playwright install                                              ║
    ║                                                                         ║
    ║ <3 Playwright Team                                                      ║
    ╚═════════════════════════════════════════════════════════════════════════╝

    attachment #1: trace (application/zip) ─────────────────────────────────────────────────────────
    ..\..\test-results\interactions-Drag-Drop-Int-2122b-elements-should-be-moveable-Desktop-Chrome\trace.zip
    Usage:

        npx playwright show-trace ..\..\test-results\interactions-Drag-Drop-Int-2122b-elements-should-be-moveable-Desktop-Chrome\trace.zip

    ────────────────────────────────────────────────────────────────────────────────────────────────
]]>
</failure>
<system-out>
<![CDATA[
[[ATTACHMENT|interactions-Drag-Drop-Int-2122b-elements-should-be-moveable-Desktop-Chrome\trace.zip]]
]]>
</system-out>
</testcase>
</testsuite>
<testsuite name="mobile.spec.ts" timestamp="2025-11-02T17:37:24.527Z" hostname="Desktop Chrome" tests="19" failures="19" skipped="0" time="0.48" errors="0">
<testcase name="Mobile Experience › should display mobile navigation" classname="mobile.spec.ts" time="0.021">
<failure message="mobile.spec.ts:15:3 should display mobile navigation" type="FAILURE">
<![CDATA[  [Desktop Chrome] › mobile.spec.ts:15:3 › Mobile Experience › should display mobile navigation ────

    Error: browserType.launch: Executable doesn't exist at C:\Users\tomto\AppData\Local\ms-playwright\chromium_headless_shell-1194\chrome-win\headless_shell.exe
    ╔═════════════════════════════════════════════════════════════════════════╗
    ║ Looks like Playwright Test or Playwright was just installed or updated. ║
    ║ Please run the following command to download new browsers:              ║
    ║                                                                         ║
    ║     npx playwright install                                              ║
    ║                                                                         ║
    ║ <3 Playwright Team                                                      ║
    ╚═════════════════════════════════════════════════════════════════════════╝

    attachment #1: trace (application/zip) ─────────────────────────────────────────────────────────
    ..\..\test-results\mobile-Mobile-Experience-should-display-mobile-navigation-Desktop-Chrome\trace.zip
    Usage:

        npx playwright show-trace ..\..\test-results\mobile-Mobile-Experience-should-display-mobile-navigation-Desktop-Chrome\trace.zip

    ────────────────────────────────────────────────────────────────────────────────────────────────
]]>
</failure>
<system-out>
<![CDATA[
[[ATTACHMENT|mobile-Mobile-Experience-should-display-mobile-navigation-Desktop-Chrome\trace.zip]]
]]>
</system-out>
</testcase>
<testcase name="Mobile Experience › should have appropriate touch targets" classname="mobile.spec.ts" time="0.02">
<failure message="mobile.spec.ts:21:3 should have appropriate touch targets" type="FAILURE">
<![CDATA[  [Desktop Chrome] › mobile.spec.ts:21:3 › Mobile Experience › should have appropriate touch targets 

    Error: browserType.launch: Executable doesn't exist at C:\Users\tomto\AppData\Local\ms-playwright\chromium_headless_shell-1194\chrome-win\headless_shell.exe
    ╔═════════════════════════════════════════════════════════════════════════╗
    ║ Looks like Playwright Test or Playwright was just installed or updated. ║
    ║ Please run the following command to download new browsers:              ║
    ║                                                                         ║
    ║     npx playwright install                                              ║
    ║                                                                         ║
    ║ <3 Playwright Team                                                      ║
    ╚═════════════════════════════════════════════════════════════════════════╝

    attachment #1: trace (application/zip) ─────────────────────────────────────────────────────────
    ..\..\test-results\mobile-Mobile-Experience-s-f8762-e-appropriate-touch-targets-Desktop-Chrome\trace.zip
    Usage:

        npx playwright show-trace ..\..\test-results\mobile-Mobile-Experience-s-f8762-e-appropriate-touch-targets-Desktop-Chrome\trace.zip

    ────────────────────────────────────────────────────────────────────────────────────────────────
]]>
</failure>
<system-out>
<![CDATA[
[[ATTACHMENT|mobile-Mobile-Experience-s-f8762-e-appropriate-touch-targets-Desktop-Chrome\trace.zip]]
]]>
</system-out>
</testcase>
<testcase name="Mobile Experience › should support swipe gestures on mobile" classname="mobile.spec.ts" time="0.012">
<failure message="mobile.spec.ts:37:3 should support swipe gestures on mobile" type="FAILURE">
<![CDATA[  [Desktop Chrome] › mobile.spec.ts:37:3 › Mobile Experience › should support swipe gestures on mobile 

    Error: browserType.launch: Executable doesn't exist at C:\Users\tomto\AppData\Local\ms-playwright\chromium_headless_shell-1194\chrome-win\headless_shell.exe
    ╔═════════════════════════════════════════════════════════════════════════╗
    ║ Looks like Playwright Test or Playwright was just installed or updated. ║
    ║ Please run the following command to download new browsers:              ║
    ║                                                                         ║
    ║     npx playwright install                                              ║
    ║                                                                         ║
    ║ <3 Playwright Team                                                      ║
    ╚═════════════════════════════════════════════════════════════════════════╝

    attachment #1: trace (application/zip) ─────────────────────────────────────────────────────────
    ..\..\test-results\mobile-Mobile-Experience-s-43d6a-rt-swipe-gestures-on-mobile-Desktop-Chrome\trace.zip
    Usage:

        npx playwright show-trace ..\..\test-results\mobile-Mobile-Experience-s-43d6a-rt-swipe-gestures-on-mobile-Desktop-Chrome\trace.zip

    ────────────────────────────────────────────────────────────────────────────────────────────────
]]>
</failure>
<system-out>
<![CDATA[
[[ATTACHMENT|mobile-Mobile-Experience-s-43d6a-rt-swipe-gestures-on-mobile-Desktop-Chrome\trace.zip]]
]]>
</system-out>
</testcase>
<testcase name="Mobile Experience › should display correctly in landscape mode" classname="mobile.spec.ts" time="0.017">
<failure message="mobile.spec.ts:50:3 should display correctly in landscape mode" type="FAILURE">
<![CDATA[  [Desktop Chrome] › mobile.spec.ts:50:3 › Mobile Experience › should display correctly in landscape mode 

    Error: browserType.launch: Executable doesn't exist at C:\Users\tomto\AppData\Local\ms-playwright\chromium_headless_shell-1194\chrome-win\headless_shell.exe
    ╔═════════════════════════════════════════════════════════════════════════╗
    ║ Looks like Playwright Test or Playwright was just installed or updated. ║
    ║ Please run the following command to download new browsers:              ║
    ║                                                                         ║
    ║     npx playwright install                                              ║
    ║                                                                         ║
    ║ <3 Playwright Team                                                      ║
    ╚═════════════════════════════════════════════════════════════════════════╝

    attachment #1: trace (application/zip) ─────────────────────────────────────────────────────────
    ..\..\test-results\mobile-Mobile-Experience-s-bd7c9-correctly-in-landscape-mode-Desktop-Chrome\trace.zip
    Usage:

        npx playwright show-trace ..\..\test-results\mobile-Mobile-Experience-s-bd7c9-correctly-in-landscape-mode-Desktop-Chrome\trace.zip

    ────────────────────────────────────────────────────────────────────────────────────────────────
]]>
</failure>
<system-out>
<![CDATA[
[[ATTACHMENT|mobile-Mobile-Experience-s-bd7c9-correctly-in-landscape-mode-Desktop-Chrome\trace.zip]]
]]>
</system-out>
</testcase>
<testcase name="Mobile Experience › should handle keyboard appearance on mobile" classname="mobile.spec.ts" time="0.02">
<failure message="mobile.spec.ts:60:3 should handle keyboard appearance on mobile" type="FAILURE">
<![CDATA[  [Desktop Chrome] › mobile.spec.ts:60:3 › Mobile Experience › should handle keyboard appearance on mobile 

    Error: browserType.launch: Executable doesn't exist at C:\Users\tomto\AppData\Local\ms-playwright\chromium_headless_shell-1194\chrome-win\headless_shell.exe
    ╔═════════════════════════════════════════════════════════════════════════╗
    ║ Looks like Playwright Test or Playwright was just installed or updated. ║
    ║ Please run the following command to download new browsers:              ║
    ║                                                                         ║
    ║     npx playwright install                                              ║
    ║                                                                         ║
    ║ <3 Playwright Team                                                      ║
    ╚═════════════════════════════════════════════════════════════════════════╝

    attachment #1: trace (application/zip) ─────────────────────────────────────────────────────────
    ..\..\test-results\mobile-Mobile-Experience-s-ffaeb-yboard-appearance-on-mobile-Desktop-Chrome\trace.zip
    Usage:

        npx playwright show-trace ..\..\test-results\mobile-Mobile-Experience-s-ffaeb-yboard-appearance-on-mobile-Desktop-Chrome\trace.zip

    ────────────────────────────────────────────────────────────────────────────────────────────────
]]>
</failure>
<system-out>
<![CDATA[
[[ATTACHMENT|mobile-Mobile-Experience-s-ffaeb-yboard-appearance-on-mobile-Desktop-Chrome\trace.zip]]
]]>
</system-out>
</testcase>
<testcase name="Mobile Experience › should have readable text on mobile" classname="mobile.spec.ts" time="0.022">
<failure message="mobile.spec.ts:72:3 should have readable text on mobile" type="FAILURE">
<![CDATA[  [Desktop Chrome] › mobile.spec.ts:72:3 › Mobile Experience › should have readable text on mobile ─

    Error: browserType.launch: Executable doesn't exist at C:\Users\tomto\AppData\Local\ms-playwright\chromium_headless_shell-1194\chrome-win\headless_shell.exe
    ╔═════════════════════════════════════════════════════════════════════════╗
    ║ Looks like Playwright Test or Playwright was just installed or updated. ║
    ║ Please run the following command to download new browsers:              ║
    ║                                                                         ║
    ║     npx playwright install                                              ║
    ║                                                                         ║
    ║ <3 Playwright Team                                                      ║
    ╚═════════════════════════════════════════════════════════════════════════╝

    attachment #1: trace (application/zip) ─────────────────────────────────────────────────────────
    ..\..\test-results\mobile-Mobile-Experience-should-have-readable-text-on-mobile-Desktop-Chrome\trace.zip
    Usage:

        npx playwright show-trace ..\..\test-results\mobile-Mobile-Experience-should-have-readable-text-on-mobile-Desktop-Chrome\trace.zip

    ────────────────────────────────────────────────────────────────────────────────────────────────
]]>
</failure>
<system-out>
<![CDATA[
[[ATTACHMENT|mobile-Mobile-Experience-should-have-readable-text-on-mobile-Desktop-Chrome\trace.zip]]
]]>
</system-out>
</testcase>
<testcase name="Mobile Experience › should support pull-to-refresh gesture" classname="mobile.spec.ts" time="0.031">
<failure message="mobile.spec.ts:83:3 should support pull-to-refresh gesture" type="FAILURE">
<![CDATA[  [Desktop Chrome] › mobile.spec.ts:83:3 › Mobile Experience › should support pull-to-refresh gesture 

    Error: browserType.launch: Executable doesn't exist at C:\Users\tomto\AppData\Local\ms-playwright\chromium_headless_shell-1194\chrome-win\headless_shell.exe
    ╔═════════════════════════════════════════════════════════════════════════╗
    ║ Looks like Playwright Test or Playwright was just installed or updated. ║
    ║ Please run the following command to download new browsers:              ║
    ║                                                                         ║
    ║     npx playwright install                                              ║
    ║                                                                         ║
    ║ <3 Playwright Team                                                      ║
    ╚═════════════════════════════════════════════════════════════════════════╝

    attachment #1: trace (application/zip) ─────────────────────────────────────────────────────────
    ..\..\test-results\mobile-Mobile-Experience-s-76711-ort-pull-to-refresh-gesture-Desktop-Chrome\trace.zip
    Usage:

        npx playwright show-trace ..\..\test-results\mobile-Mobile-Experience-s-76711-ort-pull-to-refresh-gesture-Desktop-Chrome\trace.zip

    ────────────────────────────────────────────────────────────────────────────────────────────────
]]>
</failure>
<system-out>
<![CDATA[
[[ATTACHMENT|mobile-Mobile-Experience-s-76711-ort-pull-to-refresh-gesture-Desktop-Chrome\trace.zip]]
]]>
</system-out>
</testcase>
<testcase name="Mobile Experience › should handle image upload on mobile" classname="mobile.spec.ts" time="0.046">
<failure message="mobile.spec.ts:96:3 should handle image upload on mobile" type="FAILURE">
<![CDATA[  [Desktop Chrome] › mobile.spec.ts:96:3 › Mobile Experience › should handle image upload on mobile 

    Error: browserType.launch: Executable doesn't exist at C:\Users\tomto\AppData\Local\ms-playwright\chromium_headless_shell-1194\chrome-win\headless_shell.exe
    ╔═════════════════════════════════════════════════════════════════════════╗
    ║ Looks like Playwright Test or Playwright was just installed or updated. ║
    ║ Please run the following command to download new browsers:              ║
    ║                                                                         ║
    ║     npx playwright install                                              ║
    ║                                                                         ║
    ║ <3 Playwright Team                                                      ║
    ╚═════════════════════════════════════════════════════════════════════════╝

    attachment #1: trace (application/zip) ─────────────────────────────────────────────────────────
    ..\..\test-results\mobile-Mobile-Experience-s-8d39d-ndle-image-upload-on-mobile-Desktop-Chrome\trace.zip
    Usage:

        npx playwright show-trace ..\..\test-results\mobile-Mobile-Experience-s-8d39d-ndle-image-upload-on-mobile-Desktop-Chrome\trace.zip

    ────────────────────────────────────────────────────────────────────────────────────────────────
]]>
</failure>
<system-out>
<![CDATA[
[[ATTACHMENT|mobile-Mobile-Experience-s-8d39d-ndle-image-upload-on-mobile-Desktop-Chrome\trace.zip]]
]]>
</system-out>
</testcase>
<testcase name="Mobile Experience › should display notifications permission prompt" classname="mobile.spec.ts" time="0.048">
<failure message="mobile.spec.ts:111:3 should display notifications permission prompt" type="FAILURE">
<![CDATA[  [Desktop Chrome] › mobile.spec.ts:111:3 › Mobile Experience › should display notifications permission prompt 

    Error: browserType.launch: Executable doesn't exist at C:\Users\tomto\AppData\Local\ms-playwright\chromium_headless_shell-1194\chrome-win\headless_shell.exe
    ╔═════════════════════════════════════════════════════════════════════════╗
    ║ Looks like Playwright Test or Playwright was just installed or updated. ║
    ║ Please run the following command to download new browsers:              ║
    ║                                                                         ║
    ║     npx playwright install                                              ║
    ║                                                                         ║
    ║ <3 Playwright Team                                                      ║
    ╚═════════════════════════════════════════════════════════════════════════╝

    attachment #1: trace (application/zip) ─────────────────────────────────────────────────────────
    ..\..\test-results\mobile-Mobile-Experience-s-2d2cd-fications-permission-prompt-Desktop-Chrome\trace.zip
    Usage:

        npx playwright show-trace ..\..\test-results\mobile-Mobile-Experience-s-2d2cd-fications-permission-prompt-Desktop-Chrome\trace.zip

    ────────────────────────────────────────────────────────────────────────────────────────────────
]]>
</failure>
<system-out>
<![CDATA[
[[ATTACHMENT|mobile-Mobile-Experience-s-2d2cd-fications-permission-prompt-Desktop-Chrome\trace.zip]]
]]>
</system-out>
</testcase>
<testcase name="Mobile Experience › should handle offline mode gracefully" classname="mobile.spec.ts" time="0.021">
<failure message="mobile.spec.ts:120:3 should handle offline mode gracefully" type="FAILURE">
<![CDATA[  [Desktop Chrome] › mobile.spec.ts:120:3 › Mobile Experience › should handle offline mode gracefully 

    Error: browserType.launch: Executable doesn't exist at C:\Users\tomto\AppData\Local\ms-playwright\chromium_headless_shell-1194\chrome-win\headless_shell.exe
    ╔═════════════════════════════════════════════════════════════════════════╗
    ║ Looks like Playwright Test or Playwright was just installed or updated. ║
    ║ Please run the following command to download new browsers:              ║
    ║                                                                         ║
    ║     npx playwright install                                              ║
    ║                                                                         ║
    ║ <3 Playwright Team                                                      ║
    ╚═════════════════════════════════════════════════════════════════════════╝

    attachment #1: trace (application/zip) ─────────────────────────────────────────────────────────
    ..\..\test-results\mobile-Mobile-Experience-s-8c22d-dle-offline-mode-gracefully-Desktop-Chrome\trace.zip
    Usage:

        npx playwright show-trace ..\..\test-results\mobile-Mobile-Experience-s-8c22d-dle-offline-mode-gracefully-Desktop-Chrome\trace.zip

    ────────────────────────────────────────────────────────────────────────────────────────────────
]]>
</failure>
<system-out>
<![CDATA[
[[ATTACHMENT|mobile-Mobile-Experience-s-8c22d-dle-offline-mode-gracefully-Desktop-Chrome\trace.zip]]
]]>
</system-out>
</testcase>
<testcase name="Mobile Performance › should load quickly on mobile" classname="mobile.spec.ts" time="0.022">
<failure message="mobile.spec.ts:137:3 should load quickly on mobile" type="FAILURE">
<![CDATA[  [Desktop Chrome] › mobile.spec.ts:137:3 › Mobile Performance › should load quickly on mobile ─────

    Error: browserType.launch: Executable doesn't exist at C:\Users\tomto\AppData\Local\ms-playwright\chromium_headless_shell-1194\chrome-win\headless_shell.exe
    ╔═════════════════════════════════════════════════════════════════════════╗
    ║ Looks like Playwright Test or Playwright was just installed or updated. ║
    ║ Please run the following command to download new browsers:              ║
    ║                                                                         ║
    ║     npx playwright install                                              ║
    ║                                                                         ║
    ║ <3 Playwright Team                                                      ║
    ╚═════════════════════════════════════════════════════════════════════════╝

    attachment #1: trace (application/zip) ─────────────────────────────────────────────────────────
    ..\..\test-results\mobile-Mobile-Performance-should-load-quickly-on-mobile-Desktop-Chrome\trace.zip
    Usage:

        npx playwright show-trace ..\..\test-results\mobile-Mobile-Performance-should-load-quickly-on-mobile-Desktop-Chrome\trace.zip

    ────────────────────────────────────────────────────────────────────────────────────────────────
]]>
</failure>
<system-out>
<![CDATA[
[[ATTACHMENT|mobile-Mobile-Performance-should-load-quickly-on-mobile-Desktop-Chrome\trace.zip]]
]]>
</system-out>
</testcase>
<testcase name="Mobile Performance › should not have layout shift on load" classname="mobile.spec.ts" time="0.03">
<failure message="mobile.spec.ts:146:3 should not have layout shift on load" type="FAILURE">
<![CDATA[  [Desktop Chrome] › mobile.spec.ts:146:3 › Mobile Performance › should not have layout shift on load 

    Error: browserType.launch: Executable doesn't exist at C:\Users\tomto\AppData\Local\ms-playwright\chromium_headless_shell-1194\chrome-win\headless_shell.exe
    ╔═════════════════════════════════════════════════════════════════════════╗
    ║ Looks like Playwright Test or Playwright was just installed or updated. ║
    ║ Please run the following command to download new browsers:              ║
    ║                                                                         ║
    ║     npx playwright install                                              ║
    ║                                                                         ║
    ║ <3 Playwright Team                                                      ║
    ╚═════════════════════════════════════════════════════════════════════════╝

    attachment #1: trace (application/zip) ─────────────────────────────────────────────────────────
    ..\..\test-results\mobile-Mobile-Performance--a39b0-t-have-layout-shift-on-load-Desktop-Chrome\trace.zip
    Usage:

        npx playwright show-trace ..\..\test-results\mobile-Mobile-Performance--a39b0-t-have-layout-shift-on-load-Desktop-Chrome\trace.zip

    ────────────────────────────────────────────────────────────────────────────────────────────────
]]>
</failure>
<system-out>
<![CDATA[
[[ATTACHMENT|mobile-Mobile-Performance--a39b0-t-have-layout-shift-on-load-Desktop-Chrome\trace.zip]]
]]>
</system-out>
</testcase>
<testcase name="Mobile-Specific Features › should handle status bar on mobile" classname="mobile.spec.ts" time="0.029">
<failure message="mobile.spec.ts:167:3 should handle status bar on mobile" type="FAILURE">
<![CDATA[  [Desktop Chrome] › mobile.spec.ts:167:3 › Mobile-Specific Features › should handle status bar on mobile 

    Error: browserType.launch: Executable doesn't exist at C:\Users\tomto\AppData\Local\ms-playwright\chromium_headless_shell-1194\chrome-win\headless_shell.exe
    ╔═════════════════════════════════════════════════════════════════════════╗
    ║ Looks like Playwright Test or Playwright was just installed or updated. ║
    ║ Please run the following command to download new browsers:              ║
    ║                                                                         ║
    ║     npx playwright install                                              ║
    ║                                                                         ║
    ║ <3 Playwright Team                                                      ║
    ╚═════════════════════════════════════════════════════════════════════════╝

    attachment #1: trace (application/zip) ─────────────────────────────────────────────────────────
    ..\..\test-results\mobile-Mobile-Specific-Fea-c845b-handle-status-bar-on-mobile-Desktop-Chrome\trace.zip
    Usage:

        npx playwright show-trace ..\..\test-results\mobile-Mobile-Specific-Fea-c845b-handle-status-bar-on-mobile-Desktop-Chrome\trace.zip

    ────────────────────────────────────────────────────────────────────────────────────────────────
]]>
</failure>
<system-out>
<![CDATA[
[[ATTACHMENT|mobile-Mobile-Specific-Fea-c845b-handle-status-bar-on-mobile-Desktop-Chrome\trace.zip]]
]]>
</system-out>
</testcase>
<testcase name="Mobile-Specific Features › should support native-like navigation" classname="mobile.spec.ts" time="0.022">
<failure message="mobile.spec.ts:181:3 should support native-like navigation" type="FAILURE">
<![CDATA[  [Desktop Chrome] › mobile.spec.ts:181:3 › Mobile-Specific Features › should support native-like navigation 

    Error: browserType.launch: Executable doesn't exist at C:\Users\tomto\AppData\Local\ms-playwright\chromium_headless_shell-1194\chrome-win\headless_shell.exe
    ╔═════════════════════════════════════════════════════════════════════════╗
    ║ Looks like Playwright Test or Playwright was just installed or updated. ║
    ║ Please run the following command to download new browsers:              ║
    ║                                                                         ║
    ║     npx playwright install                                              ║
    ║                                                                         ║
    ║ <3 Playwright Team                                                      ║
    ╚═════════════════════════════════════════════════════════════════════════╝

    attachment #1: trace (application/zip) ─────────────────────────────────────────────────────────
    ..\..\test-results\mobile-Mobile-Specific-Fea-cf462-port-native-like-navigation-Desktop-Chrome\trace.zip
    Usage:

        npx playwright show-trace ..\..\test-results\mobile-Mobile-Specific-Fea-cf462-port-native-like-navigation-Desktop-Chrome\trace.zip

    ────────────────────────────────────────────────────────────────────────────────────────────────
]]>
</failure>
<system-out>
<![CDATA[
[[ATTACHMENT|mobile-Mobile-Specific-Fea-cf462-port-native-like-navigation-Desktop-Chrome\trace.zip]]
]]>
</system-out>
</testcase>
<testcase name="Mobile-Specific Features › should handle deep links" classname="mobile.spec.ts" time="0.023">
<failure message="mobile.spec.ts:193:3 should handle deep links" type="FAILURE">
<![CDATA[  [Desktop Chrome] › mobile.spec.ts:193:3 › Mobile-Specific Features › should handle deep links ────

    Error: browserType.launch: Executable doesn't exist at C:\Users\tomto\AppData\Local\ms-playwright\chromium_headless_shell-1194\chrome-win\headless_shell.exe
    ╔═════════════════════════════════════════════════════════════════════════╗
    ║ Looks like Playwright Test or Playwright was just installed or updated. ║
    ║ Please run the following command to download new browsers:              ║
    ║                                                                         ║
    ║     npx playwright install                                              ║
    ║                                                                         ║
    ║ <3 Playwright Team                                                      ║
    ╚═════════════════════════════════════════════════════════════════════════╝

    attachment #1: trace (application/zip) ─────────────────────────────────────────────────────────
    ..\..\test-results\mobile-Mobile-Specific-Features-should-handle-deep-links-Desktop-Chrome\trace.zip
    Usage:

        npx playwright show-trace ..\..\test-results\mobile-Mobile-Specific-Features-should-handle-deep-links-Desktop-Chrome\trace.zip

    ────────────────────────────────────────────────────────────────────────────────────────────────
]]>
</failure>
<system-out>
<![CDATA[
[[ATTACHMENT|mobile-Mobile-Specific-Features-should-handle-deep-links-Desktop-Chrome\trace.zip]]
]]>
</system-out>
</testcase>
<testcase name="Mobile-Specific Features › should support haptic feedback triggers" classname="mobile.spec.ts" time="0.023">
<failure message="mobile.spec.ts:201:3 should support haptic feedback triggers" type="FAILURE">
<![CDATA[  [Desktop Chrome] › mobile.spec.ts:201:3 › Mobile-Specific Features › should support haptic feedback triggers 

    Error: browserType.launch: Executable doesn't exist at C:\Users\tomto\AppData\Local\ms-playwright\chromium_headless_shell-1194\chrome-win\headless_shell.exe
    ╔═════════════════════════════════════════════════════════════════════════╗
    ║ Looks like Playwright Test or Playwright was just installed or updated. ║
    ║ Please run the following command to download new browsers:              ║
    ║                                                                         ║
    ║     npx playwright install                                              ║
    ║                                                                         ║
    ║ <3 Playwright Team                                                      ║
    ╚═════════════════════════════════════════════════════════════════════════╝

    attachment #1: trace (application/zip) ─────────────────────────────────────────────────────────
    ..\..\test-results\mobile-Mobile-Specific-Fea-1b1e4-rt-haptic-feedback-triggers-Desktop-Chrome\trace.zip
    Usage:

        npx playwright show-trace ..\..\test-results\mobile-Mobile-Specific-Fea-1b1e4-rt-haptic-feedback-triggers-Desktop-Chrome\trace.zip

    ────────────────────────────────────────────────────────────────────────────────────────────────
]]>
</failure>
<system-out>
<![CDATA[
[[ATTACHMENT|mobile-Mobile-Specific-Fea-1b1e4-rt-haptic-feedback-triggers-Desktop-Chrome\trace.zip]]
]]>
</system-out>
</testcase>
<testcase name="Mobile Accessibility › should support screen reader on mobile" classname="mobile.spec.ts" time="0.028">
<failure message="mobile.spec.ts:217:3 should support screen reader on mobile" type="FAILURE">
<![CDATA[  [Desktop Chrome] › mobile.spec.ts:217:3 › Mobile Accessibility › should support screen reader on mobile 

    Error: browserType.launch: Executable doesn't exist at C:\Users\tomto\AppData\Local\ms-playwright\chromium_headless_shell-1194\chrome-win\headless_shell.exe
    ╔═════════════════════════════════════════════════════════════════════════╗
    ║ Looks like Playwright Test or Playwright was just installed or updated. ║
    ║ Please run the following command to download new browsers:              ║
    ║                                                                         ║
    ║     npx playwright install                                              ║
    ║                                                                         ║
    ║ <3 Playwright Team                                                      ║
    ╚═════════════════════════════════════════════════════════════════════════╝

    attachment #1: trace (application/zip) ─────────────────────────────────────────────────────────
    ..\..\test-results\mobile-Mobile-Accessibilit-58880-ort-screen-reader-on-mobile-Desktop-Chrome\trace.zip
    Usage:

        npx playwright show-trace ..\..\test-results\mobile-Mobile-Accessibilit-58880-ort-screen-reader-on-mobile-Desktop-Chrome\trace.zip

    ────────────────────────────────────────────────────────────────────────────────────────────────
]]>
</failure>
<system-out>
<![CDATA[
[[ATTACHMENT|mobile-Mobile-Accessibilit-58880-ort-screen-reader-on-mobile-Desktop-Chrome\trace.zip]]
]]>
</system-out>
</testcase>
<testcase name="Mobile Accessibility › should have sufficient color contrast" classname="mobile.spec.ts" time="0.025">
<failure message="mobile.spec.ts:225:3 should have sufficient color contrast" type="FAILURE">
<![CDATA[  [Desktop Chrome] › mobile.spec.ts:225:3 › Mobile Accessibility › should have sufficient color contrast 

    Error: browserType.launch: Executable doesn't exist at C:\Users\tomto\AppData\Local\ms-playwright\chromium_headless_shell-1194\chrome-win\headless_shell.exe
    ╔═════════════════════════════════════════════════════════════════════════╗
    ║ Looks like Playwright Test or Playwright was just installed or updated. ║
    ║ Please run the following command to download new browsers:              ║
    ║                                                                         ║
    ║     npx playwright install                                              ║
    ║                                                                         ║
    ║ <3 Playwright Team                                                      ║
    ╚═════════════════════════════════════════════════════════════════════════╝

    attachment #1: trace (application/zip) ─────────────────────────────────────────────────────────
    ..\..\test-results\mobile-Mobile-Accessibilit-3b4a8-e-sufficient-color-contrast-Desktop-Chrome\trace.zip
    Usage:

        npx playwright show-trace ..\..\test-results\mobile-Mobile-Accessibilit-3b4a8-e-sufficient-color-contrast-Desktop-Chrome\trace.zip

    ────────────────────────────────────────────────────────────────────────────────────────────────
]]>
</failure>
<system-out>
<![CDATA[
[[ATTACHMENT|mobile-Mobile-Accessibilit-3b4a8-e-sufficient-color-contrast-Desktop-Chrome\trace.zip]]
]]>
</system-out>
</testcase>
<testcase name="Mobile Accessibility › should support dynamic text sizing" classname="mobile.spec.ts" time="0.02">
<failure message="mobile.spec.ts:237:3 should support dynamic text sizing" type="FAILURE">
<![CDATA[  [Desktop Chrome] › mobile.spec.ts:237:3 › Mobile Accessibility › should support dynamic text sizing 

    Error: browserType.launch: Executable doesn't exist at C:\Users\tomto\AppData\Local\ms-playwright\chromium_headless_shell-1194\chrome-win\headless_shell.exe
    ╔═════════════════════════════════════════════════════════════════════════╗
    ║ Looks like Playwright Test or Playwright was just installed or updated. ║
    ║ Please run the following command to download new browsers:              ║
    ║                                                                         ║
    ║     npx playwright install                                              ║
    ║                                                                         ║
    ║ <3 Playwright Team                                                      ║
    ╚═════════════════════════════════════════════════════════════════════════╝

    attachment #1: trace (application/zip) ─────────────────────────────────────────────────────────
    ..\..\test-results\mobile-Mobile-Accessibilit-f47d5-support-dynamic-text-sizing-Desktop-Chrome\trace.zip
    Usage:

        npx playwright show-trace ..\..\test-results\mobile-Mobile-Accessibilit-f47d5-support-dynamic-text-sizing-Desktop-Chrome\trace.zip

    ────────────────────────────────────────────────────────────────────────────────────────────────
]]>
</failure>
<system-out>
<![CDATA[
[[ATTACHMENT|mobile-Mobile-Accessibilit-f47d5-support-dynamic-text-sizing-Desktop-Chrome\trace.zip]]
]]>
</system-out>
</testcase>
</testsuite>
<testsuite name="navigation.spec.ts" timestamp="2025-11-02T17:37:24.527Z" hostname="Desktop Chrome" tests="13" failures="13" skipped="0" time="0.336" errors="0">
<testcase name="Navigation Flow Tests › should navigate to all main pages from dashboard" classname="navigation.spec.ts" time="0.022">
<failure message="navigation.spec.ts:22:3 should navigate to all main pages from dashboard" type="FAILURE">
<![CDATA[  [Desktop Chrome] › navigation.spec.ts:22:3 › Navigation Flow Tests › should navigate to all main pages from dashboard 

    Error: browserType.launch: Executable doesn't exist at C:\Users\tomto\AppData\Local\ms-playwright\chromium_headless_shell-1194\chrome-win\headless_shell.exe
    ╔═════════════════════════════════════════════════════════════════════════╗
    ║ Looks like Playwright Test or Playwright was just installed or updated. ║
    ║ Please run the following command to download new browsers:              ║
    ║                                                                         ║
    ║     npx playwright install                                              ║
    ║                                                                         ║
    ║ <3 Playwright Team                                                      ║
    ╚═════════════════════════════════════════════════════════════════════════╝

    attachment #1: trace (application/zip) ─────────────────────────────────────────────────────────
    ..\..\test-results\navigation-Navigation-Flow-d90e3-l-main-pages-from-dashboard-Desktop-Chrome\trace.zip
    Usage:

        npx playwright show-trace ..\..\test-results\navigation-Navigation-Flow-d90e3-l-main-pages-from-dashboard-Desktop-Chrome\trace.zip

    ────────────────────────────────────────────────────────────────────────────────────────────────
]]>
</failure>
<system-out>
<![CDATA[
[[ATTACHMENT|navigation-Navigation-Flow-d90e3-l-main-pages-from-dashboard-Desktop-Chrome\trace.zip]]
]]>
</system-out>
</testcase>
<testcase name="Navigation Flow Tests › should complete new user onboarding flow" classname="navigation.spec.ts" time="0.044">
<failure message="navigation.spec.ts:63:3 should complete new user onboarding flow" type="FAILURE">
<![CDATA[  [Desktop Chrome] › navigation.spec.ts:63:3 › Navigation Flow Tests › should complete new user onboarding flow 

    Error: browserType.launch: Executable doesn't exist at C:\Users\tomto\AppData\Local\ms-playwright\chromium_headless_shell-1194\chrome-win\headless_shell.exe
    ╔═════════════════════════════════════════════════════════════════════════╗
    ║ Looks like Playwright Test or Playwright was just installed or updated. ║
    ║ Please run the following command to download new browsers:              ║
    ║                                                                         ║
    ║     npx playwright install                                              ║
    ║                                                                         ║
    ║ <3 Playwright Team                                                      ║
    ╚═════════════════════════════════════════════════════════════════════════╝

    attachment #1: trace (application/zip) ─────────────────────────────────────────────────────────
    ..\..\test-results\navigation-Navigation-Flow-94bfe-te-new-user-onboarding-flow-Desktop-Chrome\trace.zip
    Usage:

        npx playwright show-trace ..\..\test-results\navigation-Navigation-Flow-94bfe-te-new-user-onboarding-flow-Desktop-Chrome\trace.zip

    ────────────────────────────────────────────────────────────────────────────────────────────────
]]>
</failure>
<system-out>
<![CDATA[
[[ATTACHMENT|navigation-Navigation-Flow-94bfe-te-new-user-onboarding-flow-Desktop-Chrome\trace.zip]]
]]>
</system-out>
</testcase>
<testcase name="Navigation Flow Tests › should handle booking flow end-to-end" classname="navigation.spec.ts" time="0.014">
<failure message="navigation.spec.ts:85:3 should handle booking flow end-to-end" type="FAILURE">
<![CDATA[  [Desktop Chrome] › navigation.spec.ts:85:3 › Navigation Flow Tests › should handle booking flow end-to-end 

    Error: browserType.launch: Executable doesn't exist at C:\Users\tomto\AppData\Local\ms-playwright\chromium_headless_shell-1194\chrome-win\headless_shell.exe
    ╔═════════════════════════════════════════════════════════════════════════╗
    ║ Looks like Playwright Test or Playwright was just installed or updated. ║
    ║ Please run the following command to download new browsers:              ║
    ║                                                                         ║
    ║     npx playwright install                                              ║
    ║                                                                         ║
    ║ <3 Playwright Team                                                      ║
    ╚═════════════════════════════════════════════════════════════════════════╝

    attachment #1: trace (application/zip) ─────────────────────────────────────────────────────────
    ..\..\test-results\navigation-Navigation-Flow-f1bac-dle-booking-flow-end-to-end-Desktop-Chrome\trace.zip
    Usage:

        npx playwright show-trace ..\..\test-results\navigation-Navigation-Flow-f1bac-dle-booking-flow-end-to-end-Desktop-Chrome\trace.zip

    ────────────────────────────────────────────────────────────────────────────────────────────────
]]>
</failure>
<system-out>
<![CDATA[
[[ATTACHMENT|navigation-Navigation-Flow-f1bac-dle-booking-flow-end-to-end-Desktop-Chrome\trace.zip]]
]]>
</system-out>
</testcase>
<testcase name="Navigation Flow Tests › should not have dead-end pages" classname="navigation.spec.ts" time="0.033">
<failure message="navigation.spec.ts:111:3 should not have dead-end pages" type="FAILURE">
<![CDATA[  [Desktop Chrome] › navigation.spec.ts:111:3 › Navigation Flow Tests › should not have dead-end pages 

    Error: browserType.launch: Executable doesn't exist at C:\Users\tomto\AppData\Local\ms-playwright\chromium_headless_shell-1194\chrome-win\headless_shell.exe
    ╔═════════════════════════════════════════════════════════════════════════╗
    ║ Looks like Playwright Test or Playwright was just installed or updated. ║
    ║ Please run the following command to download new browsers:              ║
    ║                                                                         ║
    ║     npx playwright install                                              ║
    ║                                                                         ║
    ║ <3 Playwright Team                                                      ║
    ╚═════════════════════════════════════════════════════════════════════════╝

    attachment #1: trace (application/zip) ─────────────────────────────────────────────────────────
    ..\..\test-results\navigation-Navigation-Flow-9b42d-uld-not-have-dead-end-pages-Desktop-Chrome\trace.zip
    Usage:

        npx playwright show-trace ..\..\test-results\navigation-Navigation-Flow-9b42d-uld-not-have-dead-end-pages-Desktop-Chrome\trace.zip

    ────────────────────────────────────────────────────────────────────────────────────────────────
]]>
</failure>
<system-out>
<![CDATA[
[[ATTACHMENT|navigation-Navigation-Flow-9b42d-uld-not-have-dead-end-pages-Desktop-Chrome\trace.zip]]
]]>
</system-out>
</testcase>
<testcase name="Navigation Flow Tests › should preserve state during navigation" classname="navigation.spec.ts" time="0.092">
<failure message="navigation.spec.ts:131:3 should preserve state during navigation" type="FAILURE">
<![CDATA[  [Desktop Chrome] › navigation.spec.ts:131:3 › Navigation Flow Tests › should preserve state during navigation 

    Error: browserType.launch: Executable doesn't exist at C:\Users\tomto\AppData\Local\ms-playwright\chromium_headless_shell-1194\chrome-win\headless_shell.exe
    ╔═════════════════════════════════════════════════════════════════════════╗
    ║ Looks like Playwright Test or Playwright was just installed or updated. ║
    ║ Please run the following command to download new browsers:              ║
    ║                                                                         ║
    ║     npx playwright install                                              ║
    ║                                                                         ║
    ║ <3 Playwright Team                                                      ║
    ╚═════════════════════════════════════════════════════════════════════════╝

    attachment #1: trace (application/zip) ─────────────────────────────────────────────────────────
    ..\..\test-results\navigation-Navigation-Flow-18b89-rve-state-during-navigation-Desktop-Chrome\trace.zip
    Usage:

        npx playwright show-trace ..\..\test-results\navigation-Navigation-Flow-18b89-rve-state-during-navigation-Desktop-Chrome\trace.zip

    ────────────────────────────────────────────────────────────────────────────────────────────────
]]>
</failure>
<system-out>
<![CDATA[
[[ATTACHMENT|navigation-Navigation-Flow-18b89-rve-state-during-navigation-Desktop-Chrome\trace.zip]]
]]>
</system-out>
</testcase>
<testcase name="Navigation Flow Tests › should show confirmation for critical actions" classname="navigation.spec.ts" time="0.015">
<failure message="navigation.spec.ts:154:3 should show confirmation for critical actions" type="FAILURE">
<![CDATA[  [Desktop Chrome] › navigation.spec.ts:154:3 › Navigation Flow Tests › should show confirmation for critical actions 

    Error: browserType.launch: Executable doesn't exist at C:\Users\tomto\AppData\Local\ms-playwright\chromium_headless_shell-1194\chrome-win\headless_shell.exe
    ╔═════════════════════════════════════════════════════════════════════════╗
    ║ Looks like Playwright Test or Playwright was just installed or updated. ║
    ║ Please run the following command to download new browsers:              ║
    ║                                                                         ║
    ║     npx playwright install                                              ║
    ║                                                                         ║
    ║ <3 Playwright Team                                                      ║
    ╚═════════════════════════════════════════════════════════════════════════╝

    attachment #1: trace (application/zip) ─────────────────────────────────────────────────────────
    ..\..\test-results\navigation-Navigation-Flow-5b5cd-mation-for-critical-actions-Desktop-Chrome\trace.zip
    Usage:

        npx playwright show-trace ..\..\test-results\navigation-Navigation-Flow-5b5cd-mation-for-critical-actions-Desktop-Chrome\trace.zip

    ────────────────────────────────────────────────────────────────────────────────────────────────
]]>
</failure>
<system-out>
<![CDATA[
[[ATTACHMENT|navigation-Navigation-Flow-5b5cd-mation-for-critical-actions-Desktop-Chrome\trace.zip]]
]]>
</system-out>
</testcase>
<testcase name="Navigation Flow Tests › should handle rapid navigation without breaking" classname="navigation.spec.ts" time="0.014">
<failure message="navigation.spec.ts:167:3 should handle rapid navigation without breaking" type="FAILURE">
<![CDATA[  [Desktop Chrome] › navigation.spec.ts:167:3 › Navigation Flow Tests › should handle rapid navigation without breaking 

    Error: browserType.launch: Executable doesn't exist at C:\Users\tomto\AppData\Local\ms-playwright\chromium_headless_shell-1194\chrome-win\headless_shell.exe
    ╔═════════════════════════════════════════════════════════════════════════╗
    ║ Looks like Playwright Test or Playwright was just installed or updated. ║
    ║ Please run the following command to download new browsers:              ║
    ║                                                                         ║
    ║     npx playwright install                                              ║
    ║                                                                         ║
    ║ <3 Playwright Team                                                      ║
    ╚═════════════════════════════════════════════════════════════════════════╝

    attachment #1: trace (application/zip) ─────────────────────────────────────────────────────────
    ..\..\test-results\navigation-Navigation-Flow-aa986-navigation-without-breaking-Desktop-Chrome\trace.zip
    Usage:

        npx playwright show-trace ..\..\test-results\navigation-Navigation-Flow-aa986-navigation-without-breaking-Desktop-Chrome\trace.zip

    ────────────────────────────────────────────────────────────────────────────────────────────────
]]>
</failure>
<system-out>
<![CDATA[
[[ATTACHMENT|navigation-Navigation-Flow-aa986-navigation-without-breaking-Desktop-Chrome\trace.zip]]
]]>
</system-out>
</testcase>
<testcase name="Navigation Flow Tests › should have working breadcrumbs on nested pages" classname="navigation.spec.ts" time="0.018">
<failure message="navigation.spec.ts:189:3 should have working breadcrumbs on nested pages" type="FAILURE">
<![CDATA[  [Desktop Chrome] › navigation.spec.ts:189:3 › Navigation Flow Tests › should have working breadcrumbs on nested pages 

    Error: browserType.launch: Executable doesn't exist at C:\Users\tomto\AppData\Local\ms-playwright\chromium_headless_shell-1194\chrome-win\headless_shell.exe
    ╔═════════════════════════════════════════════════════════════════════════╗
    ║ Looks like Playwright Test or Playwright was just installed or updated. ║
    ║ Please run the following command to download new browsers:              ║
    ║                                                                         ║
    ║     npx playwright install                                              ║
    ║                                                                         ║
    ║ <3 Playwright Team                                                      ║
    ╚═════════════════════════════════════════════════════════════════════════╝

    attachment #1: trace (application/zip) ─────────────────────────────────────────────────────────
    ..\..\test-results\navigation-Navigation-Flow-04fd6-breadcrumbs-on-nested-pages-Desktop-Chrome\trace.zip
    Usage:

        npx playwright show-trace ..\..\test-results\navigation-Navigation-Flow-04fd6-breadcrumbs-on-nested-pages-Desktop-Chrome\trace.zip

    ────────────────────────────────────────────────────────────────────────────────────────────────
]]>
</failure>
<system-out>
<![CDATA[
[[ATTACHMENT|navigation-Navigation-Flow-04fd6-breadcrumbs-on-nested-pages-Desktop-Chrome\trace.zip]]
]]>
</system-out>
</testcase>
<testcase name="Modal &amp; Dialog Navigation › should close modals with escape key" classname="navigation.spec.ts" time="0.026">
<failure message="navigation.spec.ts:216:3 should close modals with escape key" type="FAILURE">
<![CDATA[  [Desktop Chrome] › navigation.spec.ts:216:3 › Modal & Dialog Navigation › should close modals with escape key 

    Error: browserType.launch: Executable doesn't exist at C:\Users\tomto\AppData\Local\ms-playwright\chromium_headless_shell-1194\chrome-win\headless_shell.exe
    ╔═════════════════════════════════════════════════════════════════════════╗
    ║ Looks like Playwright Test or Playwright was just installed or updated. ║
    ║ Please run the following command to download new browsers:              ║
    ║                                                                         ║
    ║     npx playwright install                                              ║
    ║                                                                         ║
    ║ <3 Playwright Team                                                      ║
    ╚═════════════════════════════════════════════════════════════════════════╝

    attachment #1: trace (application/zip) ─────────────────────────────────────────────────────────
    ..\..\test-results\navigation-Modal-Dialog-Na-8a1a6-lose-modals-with-escape-key-Desktop-Chrome\trace.zip
    Usage:

        npx playwright show-trace ..\..\test-results\navigation-Modal-Dialog-Na-8a1a6-lose-modals-with-escape-key-Desktop-Chrome\trace.zip

    ────────────────────────────────────────────────────────────────────────────────────────────────
]]>
</failure>
<system-out>
<![CDATA[
[[ATTACHMENT|navigation-Modal-Dialog-Na-8a1a6-lose-modals-with-escape-key-Desktop-Chrome\trace.zip]]
]]>
</system-out>
</testcase>
<testcase name="Modal &amp; Dialog Navigation › should close modals by clicking overlay" classname="navigation.spec.ts" time="0.016">
<failure message="navigation.spec.ts:230:3 should close modals by clicking overlay" type="FAILURE">
<![CDATA[  [Desktop Chrome] › navigation.spec.ts:230:3 › Modal & Dialog Navigation › should close modals by clicking overlay 

    Error: browserType.launch: Executable doesn't exist at C:\Users\tomto\AppData\Local\ms-playwright\chromium_headless_shell-1194\chrome-win\headless_shell.exe
    ╔═════════════════════════════════════════════════════════════════════════╗
    ║ Looks like Playwright Test or Playwright was just installed or updated. ║
    ║ Please run the following command to download new browsers:              ║
    ║                                                                         ║
    ║     npx playwright install                                              ║
    ║                                                                         ║
    ║ <3 Playwright Team                                                      ║
    ╚═════════════════════════════════════════════════════════════════════════╝

    attachment #1: trace (application/zip) ─────────────────────────────────────────────────────────
    ..\..\test-results\navigation-Modal-Dialog-Na-c6cbe--modals-by-clicking-overlay-Desktop-Chrome\trace.zip
    Usage:

        npx playwright show-trace ..\..\test-results\navigation-Modal-Dialog-Na-c6cbe--modals-by-clicking-overlay-Desktop-Chrome\trace.zip

    ────────────────────────────────────────────────────────────────────────────────────────────────
]]>
</failure>
<system-out>
<![CDATA[
[[ATTACHMENT|navigation-Modal-Dialog-Na-c6cbe--modals-by-clicking-overlay-Desktop-Chrome\trace.zip]]
]]>
</system-out>
</testcase>
<testcase name="Modal &amp; Dialog Navigation › should trap focus within modals" classname="navigation.spec.ts" time="0.02">
<failure message="navigation.spec.ts:244:3 should trap focus within modals" type="FAILURE">
<![CDATA[  [Desktop Chrome] › navigation.spec.ts:244:3 › Modal & Dialog Navigation › should trap focus within modals 

    Error: browserType.launch: Executable doesn't exist at C:\Users\tomto\AppData\Local\ms-playwright\chromium_headless_shell-1194\chrome-win\headless_shell.exe
    ╔═════════════════════════════════════════════════════════════════════════╗
    ║ Looks like Playwright Test or Playwright was just installed or updated. ║
    ║ Please run the following command to download new browsers:              ║
    ║                                                                         ║
    ║     npx playwright install                                              ║
    ║                                                                         ║
    ║ <3 Playwright Team                                                      ║
    ╚═════════════════════════════════════════════════════════════════════════╝

    attachment #1: trace (application/zip) ─────────────────────────────────────────────────────────
    ..\..\test-results\navigation-Modal-Dialog-Na-a9ddc-ld-trap-focus-within-modals-Desktop-Chrome\trace.zip
    Usage:

        npx playwright show-trace ..\..\test-results\navigation-Modal-Dialog-Na-a9ddc-ld-trap-focus-within-modals-Desktop-Chrome\trace.zip

    ────────────────────────────────────────────────────────────────────────────────────────────────
]]>
</failure>
<system-out>
<![CDATA[
[[ATTACHMENT|navigation-Modal-Dialog-Na-a9ddc-ld-trap-focus-within-modals-Desktop-Chrome\trace.zip]]
]]>
</system-out>
</testcase>
<testcase name="Error State Navigation › should handle 404 pages gracefully" classname="navigation.spec.ts" time="0.012">
<failure message="navigation.spec.ts:272:3 should handle 404 pages gracefully" type="FAILURE">
<![CDATA[  [Desktop Chrome] › navigation.spec.ts:272:3 › Error State Navigation › should handle 404 pages gracefully 

    Error: browserType.launch: Executable doesn't exist at C:\Users\tomto\AppData\Local\ms-playwright\chromium_headless_shell-1194\chrome-win\headless_shell.exe
    ╔═════════════════════════════════════════════════════════════════════════╗
    ║ Looks like Playwright Test or Playwright was just installed or updated. ║
    ║ Please run the following command to download new browsers:              ║
    ║                                                                         ║
    ║     npx playwright install                                              ║
    ║                                                                         ║
    ║ <3 Playwright Team                                                      ║
    ╚═════════════════════════════════════════════════════════════════════════╝

    attachment #1: trace (application/zip) ─────────────────────────────────────────────────────────
    ..\..\test-results\navigation-Error-State-Nav-40f9a-handle-404-pages-gracefully-Desktop-Chrome\trace.zip
    Usage:

        npx playwright show-trace ..\..\test-results\navigation-Error-State-Nav-40f9a-handle-404-pages-gracefully-Desktop-Chrome\trace.zip

    ────────────────────────────────────────────────────────────────────────────────────────────────
]]>
</failure>
<system-out>
<![CDATA[
[[ATTACHMENT|navigation-Error-State-Nav-40f9a-handle-404-pages-gracefully-Desktop-Chrome\trace.zip]]
]]>
</system-out>
</testcase>
<testcase name="Error State Navigation › should provide way to recover from errors" classname="navigation.spec.ts" time="0.01">
<failure message="navigation.spec.ts:283:3 should provide way to recover from errors" type="FAILURE">
<![CDATA[  [Desktop Chrome] › navigation.spec.ts:283:3 › Error State Navigation › should provide way to recover from errors 

    Error: browserType.launch: Executable doesn't exist at C:\Users\tomto\AppData\Local\ms-playwright\chromium_headless_shell-1194\chrome-win\headless_shell.exe
    ╔═════════════════════════════════════════════════════════════════════════╗
    ║ Looks like Playwright Test or Playwright was just installed or updated. ║
    ║ Please run the following command to download new browsers:              ║
    ║                                                                         ║
    ║     npx playwright install                                              ║
    ║                                                                         ║
    ║ <3 Playwright Team                                                      ║
    ╚═════════════════════════════════════════════════════════════════════════╝

    attachment #1: trace (application/zip) ─────────────────────────────────────────────────────────
    ..\..\test-results\navigation-Error-State-Nav-4ba67--way-to-recover-from-errors-Desktop-Chrome\trace.zip
    Usage:

        npx playwright show-trace ..\..\test-results\navigation-Error-State-Nav-4ba67--way-to-recover-from-errors-Desktop-Chrome\trace.zip

    ────────────────────────────────────────────────────────────────────────────────────────────────
]]>
</failure>
<system-out>
<![CDATA[
[[ATTACHMENT|navigation-Error-State-Nav-4ba67--way-to-recover-from-errors-Desktop-Chrome\trace.zip]]
]]>
</system-out>
</testcase>
</testsuite>
<testsuite name="new-features-mobile.spec.ts" timestamp="2025-11-02T17:37:24.527Z" hostname="Desktop Chrome" tests="20" failures="20" skipped="0" time="0.482" errors="0">
<testcase name="Background Removal - Mobile › should show background removal button with proper touch target" classname="new-features-mobile.spec.ts" time="0.021">
<failure message="new-features-mobile.spec.ts:14:3 should show background removal button with proper touch target" type="FAILURE">
<![CDATA[  [Desktop Chrome] › new-features-mobile.spec.ts:14:3 › Background Removal - Mobile › should show background removal button with proper touch target 

    Error: browserType.launch: Executable doesn't exist at C:\Users\tomto\AppData\Local\ms-playwright\chromium_headless_shell-1194\chrome-win\headless_shell.exe
    ╔═════════════════════════════════════════════════════════════════════════╗
    ║ Looks like Playwright Test or Playwright was just installed or updated. ║
    ║ Please run the following command to download new browsers:              ║
    ║                                                                         ║
    ║     npx playwright install                                              ║
    ║                                                                         ║
    ║ <3 Playwright Team                                                      ║
    ╚═════════════════════════════════════════════════════════════════════════╝

    attachment #1: trace (application/zip) ─────────────────────────────────────────────────────────
    ..\..\test-results\new-features-mobile-Backgr-bc43d-on-with-proper-touch-target-Desktop-Chrome\trace.zip
    Usage:

        npx playwright show-trace ..\..\test-results\new-features-mobile-Backgr-bc43d-on-with-proper-touch-target-Desktop-Chrome\trace.zip

    ────────────────────────────────────────────────────────────────────────────────────────────────
]]>
</failure>
<system-out>
<![CDATA[
[[ATTACHMENT|new-features-mobile-Backgr-bc43d-on-with-proper-touch-target-Desktop-Chrome\trace.zip]]
]]>
</system-out>
</testcase>
<testcase name="Background Removal - Mobile › should open background removal dialog on mobile" classname="new-features-mobile.spec.ts" time="0.016">
<failure message="new-features-mobile.spec.ts:33:3 should open background removal dialog on mobile" type="FAILURE">
<![CDATA[  [Desktop Chrome] › new-features-mobile.spec.ts:33:3 › Background Removal - Mobile › should open background removal dialog on mobile 

    Error: browserType.launch: Executable doesn't exist at C:\Users\tomto\AppData\Local\ms-playwright\chromium_headless_shell-1194\chrome-win\headless_shell.exe
    ╔═════════════════════════════════════════════════════════════════════════╗
    ║ Looks like Playwright Test or Playwright was just installed or updated. ║
    ║ Please run the following command to download new browsers:              ║
    ║                                                                         ║
    ║     npx playwright install                                              ║
    ║                                                                         ║
    ║ <3 Playwright Team                                                      ║
    ╚═════════════════════════════════════════════════════════════════════════╝

    attachment #1: trace (application/zip) ─────────────────────────────────────────────────────────
    ..\..\test-results\new-features-mobile-Backgr-c8688-nd-removal-dialog-on-mobile-Desktop-Chrome\trace.zip
    Usage:

        npx playwright show-trace ..\..\test-results\new-features-mobile-Backgr-c8688-nd-removal-dialog-on-mobile-Desktop-Chrome\trace.zip

    ────────────────────────────────────────────────────────────────────────────────────────────────
]]>
</failure>
<system-out>
<![CDATA[
[[ATTACHMENT|new-features-mobile-Backgr-c8688-nd-removal-dialog-on-mobile-Desktop-Chrome\trace.zip]]
]]>
</system-out>
</testcase>
<testcase name="Background Removal - Mobile › should display image previews properly on mobile" classname="new-features-mobile.spec.ts" time="0.024">
<failure message="new-features-mobile.spec.ts:53:3 should display image previews properly on mobile" type="FAILURE">
<![CDATA[  [Desktop Chrome] › new-features-mobile.spec.ts:53:3 › Background Removal - Mobile › should display image previews properly on mobile 

    Error: browserType.launch: Executable doesn't exist at C:\Users\tomto\AppData\Local\ms-playwright\chromium_headless_shell-1194\chrome-win\headless_shell.exe
    ╔═════════════════════════════════════════════════════════════════════════╗
    ║ Looks like Playwright Test or Playwright was just installed or updated. ║
    ║ Please run the following command to download new browsers:              ║
    ║                                                                         ║
    ║     npx playwright install                                              ║
    ║                                                                         ║
    ║ <3 Playwright Team                                                      ║
    ╚═════════════════════════════════════════════════════════════════════════╝

    attachment #1: trace (application/zip) ─────────────────────────────────────────────────────────
    ..\..\test-results\new-features-mobile-Backgr-63771-previews-properly-on-mobile-Desktop-Chrome\trace.zip
    Usage:

        npx playwright show-trace ..\..\test-results\new-features-mobile-Backgr-63771-previews-properly-on-mobile-Desktop-Chrome\trace.zip

    ────────────────────────────────────────────────────────────────────────────────────────────────
]]>
</failure>
<system-out>
<![CDATA[
[[ATTACHMENT|new-features-mobile-Backgr-63771-previews-properly-on-mobile-Desktop-Chrome\trace.zip]]
]]>
</system-out>
</testcase>
<testcase name="Background Removal - Mobile › should show progress indicator during processing" classname="new-features-mobile.spec.ts" time="0.014">
<failure message="new-features-mobile.spec.ts:82:3 should show progress indicator during processing" type="FAILURE">
<![CDATA[  [Desktop Chrome] › new-features-mobile.spec.ts:82:3 › Background Removal - Mobile › should show progress indicator during processing 

    Error: browserType.launch: Executable doesn't exist at C:\Users\tomto\AppData\Local\ms-playwright\chromium_headless_shell-1194\chrome-win\headless_shell.exe
    ╔═════════════════════════════════════════════════════════════════════════╗
    ║ Looks like Playwright Test or Playwright was just installed or updated. ║
    ║ Please run the following command to download new browsers:              ║
    ║                                                                         ║
    ║     npx playwright install                                              ║
    ║                                                                         ║
    ║ <3 Playwright Team                                                      ║
    ╚═════════════════════════════════════════════════════════════════════════╝

    attachment #1: trace (application/zip) ─────────────────────────────────────────────────────────
    ..\..\test-results\new-features-mobile-Backgr-f6eb9-indicator-during-processing-Desktop-Chrome\trace.zip
    Usage:

        npx playwright show-trace ..\..\test-results\new-features-mobile-Backgr-f6eb9-indicator-during-processing-Desktop-Chrome\trace.zip

    ────────────────────────────────────────────────────────────────────────────────────────────────
]]>
</failure>
<system-out>
<![CDATA[
[[ATTACHMENT|new-features-mobile-Backgr-f6eb9-indicator-during-processing-Desktop-Chrome\trace.zip]]
]]>
</system-out>
</testcase>
<testcase name="Background Removal - Mobile › should handle download button on mobile" classname="new-features-mobile.spec.ts" time="0.013">
<failure message="new-features-mobile.spec.ts:104:3 should handle download button on mobile" type="FAILURE">
<![CDATA[  [Desktop Chrome] › new-features-mobile.spec.ts:104:3 › Background Removal - Mobile › should handle download button on mobile 

    Error: browserType.launch: Executable doesn't exist at C:\Users\tomto\AppData\Local\ms-playwright\chromium_headless_shell-1194\chrome-win\headless_shell.exe
    ╔═════════════════════════════════════════════════════════════════════════╗
    ║ Looks like Playwright Test or Playwright was just installed or updated. ║
    ║ Please run the following command to download new browsers:              ║
    ║                                                                         ║
    ║     npx playwright install                                              ║
    ║                                                                         ║
    ║ <3 Playwright Team                                                      ║
    ╚═════════════════════════════════════════════════════════════════════════╝

    attachment #1: trace (application/zip) ─────────────────────────────────────────────────────────
    ..\..\test-results\new-features-mobile-Backgr-67293-e-download-button-on-mobile-Desktop-Chrome\trace.zip
    Usage:

        npx playwright show-trace ..\..\test-results\new-features-mobile-Backgr-67293-e-download-button-on-mobile-Desktop-Chrome\trace.zip

    ────────────────────────────────────────────────────────────────────────────────────────────────
]]>
</failure>
<system-out>
<![CDATA[
[[ATTACHMENT|new-features-mobile-Backgr-67293-e-download-button-on-mobile-Desktop-Chrome\trace.zip]]
]]>
</system-out>
</testcase>
<testcase name="Background Removal - Mobile › should close dialog properly on mobile" classname="new-features-mobile.spec.ts" time="0.014">
<failure message="new-features-mobile.spec.ts:121:3 should close dialog properly on mobile" type="FAILURE">
<![CDATA[  [Desktop Chrome] › new-features-mobile.spec.ts:121:3 › Background Removal - Mobile › should close dialog properly on mobile 

    Error: browserType.launch: Executable doesn't exist at C:\Users\tomto\AppData\Local\ms-playwright\chromium_headless_shell-1194\chrome-win\headless_shell.exe
    ╔═════════════════════════════════════════════════════════════════════════╗
    ║ Looks like Playwright Test or Playwright was just installed or updated. ║
    ║ Please run the following command to download new browsers:              ║
    ║                                                                         ║
    ║     npx playwright install                                              ║
    ║                                                                         ║
    ║ <3 Playwright Team                                                      ║
    ╚═════════════════════════════════════════════════════════════════════════╝

    attachment #1: trace (application/zip) ─────────────────────────────────────────────────────────
    ..\..\test-results\new-features-mobile-Backgr-5e44c-e-dialog-properly-on-mobile-Desktop-Chrome\trace.zip
    Usage:

        npx playwright show-trace ..\..\test-results\new-features-mobile-Backgr-5e44c-e-dialog-properly-on-mobile-Desktop-Chrome\trace.zip

    ────────────────────────────────────────────────────────────────────────────────────────────────
]]>
</failure>
<system-out>
<![CDATA[
[[ATTACHMENT|new-features-mobile-Backgr-5e44c-e-dialog-properly-on-mobile-Desktop-Chrome\trace.zip]]
]]>
</system-out>
</testcase>
<testcase name="Zapier Integration - Mobile › should display Zapier page on mobile" classname="new-features-mobile.spec.ts" time="0.016">
<failure message="new-features-mobile.spec.ts:150:3 should display Zapier page on mobile" type="FAILURE">
<![CDATA[  [Desktop Chrome] › new-features-mobile.spec.ts:150:3 › Zapier Integration - Mobile › should display Zapier page on mobile 

    Error: browserType.launch: Executable doesn't exist at C:\Users\tomto\AppData\Local\ms-playwright\chromium_headless_shell-1194\chrome-win\headless_shell.exe
    ╔═════════════════════════════════════════════════════════════════════════╗
    ║ Looks like Playwright Test or Playwright was just installed or updated. ║
    ║ Please run the following command to download new browsers:              ║
    ║                                                                         ║
    ║     npx playwright install                                              ║
    ║                                                                         ║
    ║ <3 Playwright Team                                                      ║
    ╚═════════════════════════════════════════════════════════════════════════╝

    attachment #1: trace (application/zip) ─────────────────────────────────────────────────────────
    ..\..\test-results\new-features-mobile-Zapier-48f91-splay-Zapier-page-on-mobile-Desktop-Chrome\trace.zip
    Usage:

        npx playwright show-trace ..\..\test-results\new-features-mobile-Zapier-48f91-splay-Zapier-page-on-mobile-Desktop-Chrome\trace.zip

    ────────────────────────────────────────────────────────────────────────────────────────────────
]]>
</failure>
<system-out>
<![CDATA[
[[ATTACHMENT|new-features-mobile-Zapier-48f91-splay-Zapier-page-on-mobile-Desktop-Chrome\trace.zip]]
]]>
</system-out>
</testcase>
<testcase name="Zapier Integration - Mobile › should have proper touch targets for buttons" classname="new-features-mobile.spec.ts" time="0.021">
<failure message="new-features-mobile.spec.ts:162:3 should have proper touch targets for buttons" type="FAILURE">
<![CDATA[  [Desktop Chrome] › new-features-mobile.spec.ts:162:3 › Zapier Integration - Mobile › should have proper touch targets for buttons 

    Error: browserType.launch: Executable doesn't exist at C:\Users\tomto\AppData\Local\ms-playwright\chromium_headless_shell-1194\chrome-win\headless_shell.exe
    ╔═════════════════════════════════════════════════════════════════════════╗
    ║ Looks like Playwright Test or Playwright was just installed or updated. ║
    ║ Please run the following command to download new browsers:              ║
    ║                                                                         ║
    ║     npx playwright install                                              ║
    ║                                                                         ║
    ║ <3 Playwright Team                                                      ║
    ╚═════════════════════════════════════════════════════════════════════════╝

    attachment #1: trace (application/zip) ─────────────────────────────────────────────────────────
    ..\..\test-results\new-features-mobile-Zapier-1e2d4-r-touch-targets-for-buttons-Desktop-Chrome\trace.zip
    Usage:

        npx playwright show-trace ..\..\test-results\new-features-mobile-Zapier-1e2d4-r-touch-targets-for-buttons-Desktop-Chrome\trace.zip

    ────────────────────────────────────────────────────────────────────────────────────────────────
]]>
</failure>
<system-out>
<![CDATA[
[[ATTACHMENT|new-features-mobile-Zapier-1e2d4-r-touch-targets-for-buttons-Desktop-Chrome\trace.zip]]
]]>
</system-out>
</testcase>
<testcase name="Zapier Integration - Mobile › should display webhook input properly on mobile" classname="new-features-mobile.spec.ts" time="0.015">
<failure message="new-features-mobile.spec.ts:181:3 should display webhook input properly on mobile" type="FAILURE">
<![CDATA[  [Desktop Chrome] › new-features-mobile.spec.ts:181:3 › Zapier Integration - Mobile › should display webhook input properly on mobile 

    Error: browserType.launch: Executable doesn't exist at C:\Users\tomto\AppData\Local\ms-playwright\chromium_headless_shell-1194\chrome-win\headless_shell.exe
    ╔═════════════════════════════════════════════════════════════════════════╗
    ║ Looks like Playwright Test or Playwright was just installed or updated. ║
    ║ Please run the following command to download new browsers:              ║
    ║                                                                         ║
    ║     npx playwright install                                              ║
    ║                                                                         ║
    ║ <3 Playwright Team                                                      ║
    ╚═════════════════════════════════════════════════════════════════════════╝

    attachment #1: trace (application/zip) ─────────────────────────────────────────────────────────
    ..\..\test-results\new-features-mobile-Zapier-38dda-ok-input-properly-on-mobile-Desktop-Chrome\trace.zip
    Usage:

        npx playwright show-trace ..\..\test-results\new-features-mobile-Zapier-38dda-ok-input-properly-on-mobile-Desktop-Chrome\trace.zip

    ────────────────────────────────────────────────────────────────────────────────────────────────
]]>
</failure>
<system-out>
<![CDATA[
[[ATTACHMENT|new-features-mobile-Zapier-38dda-ok-input-properly-on-mobile-Desktop-Chrome\trace.zip]]
]]>
</system-out>
</testcase>
<testcase name="Zapier Integration - Mobile › should display use cases grid on mobile" classname="new-features-mobile.spec.ts" time="0.022">
<failure message="new-features-mobile.spec.ts:198:3 should display use cases grid on mobile" type="FAILURE">
<![CDATA[  [Desktop Chrome] › new-features-mobile.spec.ts:198:3 › Zapier Integration - Mobile › should display use cases grid on mobile 

    Error: browserType.launch: Executable doesn't exist at C:\Users\tomto\AppData\Local\ms-playwright\chromium_headless_shell-1194\chrome-win\headless_shell.exe
    ╔═════════════════════════════════════════════════════════════════════════╗
    ║ Looks like Playwright Test or Playwright was just installed or updated. ║
    ║ Please run the following command to download new browsers:              ║
    ║                                                                         ║
    ║     npx playwright install                                              ║
    ║                                                                         ║
    ║ <3 Playwright Team                                                      ║
    ╚═════════════════════════════════════════════════════════════════════════╝

    attachment #1: trace (application/zip) ─────────────────────────────────────────────────────────
    ..\..\test-results\new-features-mobile-Zapier-12ae4-ay-use-cases-grid-on-mobile-Desktop-Chrome\trace.zip
    Usage:

        npx playwright show-trace ..\..\test-results\new-features-mobile-Zapier-12ae4-ay-use-cases-grid-on-mobile-Desktop-Chrome\trace.zip

    ────────────────────────────────────────────────────────────────────────────────────────────────
]]>
</failure>
<system-out>
<![CDATA[
[[ATTACHMENT|new-features-mobile-Zapier-12ae4-ay-use-cases-grid-on-mobile-Desktop-Chrome\trace.zip]]
]]>
</system-out>
</testcase>
<testcase name="Zapier Integration - Mobile › should display tutorial steps on mobile" classname="new-features-mobile.spec.ts" time="0.073">
<failure message="new-features-mobile.spec.ts:216:3 should display tutorial steps on mobile" type="FAILURE">
<![CDATA[  [Desktop Chrome] › new-features-mobile.spec.ts:216:3 › Zapier Integration - Mobile › should display tutorial steps on mobile 

    Error: browserType.launch: Executable doesn't exist at C:\Users\tomto\AppData\Local\ms-playwright\chromium_headless_shell-1194\chrome-win\headless_shell.exe
    ╔═════════════════════════════════════════════════════════════════════════╗
    ║ Looks like Playwright Test or Playwright was just installed or updated. ║
    ║ Please run the following command to download new browsers:              ║
    ║                                                                         ║
    ║     npx playwright install                                              ║
    ║                                                                         ║
    ║ <3 Playwright Team                                                      ║
    ╚═════════════════════════════════════════════════════════════════════════╝

    attachment #1: trace (application/zip) ─────────────────────────────────────────────────────────
    ..\..\test-results\new-features-mobile-Zapier-cbcf1-ay-tutorial-steps-on-mobile-Desktop-Chrome\trace.zip
    Usage:

        npx playwright show-trace ..\..\test-results\new-features-mobile-Zapier-cbcf1-ay-tutorial-steps-on-mobile-Desktop-Chrome\trace.zip

    ────────────────────────────────────────────────────────────────────────────────────────────────
]]>
</failure>
<system-out>
<![CDATA[
[[ATTACHMENT|new-features-mobile-Zapier-cbcf1-ay-tutorial-steps-on-mobile-Desktop-Chrome\trace.zip]]
]]>
</system-out>
</testcase>
<testcase name="Zapier Integration - Mobile › should handle external links on mobile" classname="new-features-mobile.spec.ts" time="0.07">
<failure message="new-features-mobile.spec.ts:233:3 should handle external links on mobile" type="FAILURE">
<![CDATA[  [Desktop Chrome] › new-features-mobile.spec.ts:233:3 › Zapier Integration - Mobile › should handle external links on mobile 

    Error: browserType.launch: Executable doesn't exist at C:\Users\tomto\AppData\Local\ms-playwright\chromium_headless_shell-1194\chrome-win\headless_shell.exe
    ╔═════════════════════════════════════════════════════════════════════════╗
    ║ Looks like Playwright Test or Playwright was just installed or updated. ║
    ║ Please run the following command to download new browsers:              ║
    ║                                                                         ║
    ║     npx playwright install                                              ║
    ║                                                                         ║
    ║ <3 Playwright Team                                                      ║
    ╚═════════════════════════════════════════════════════════════════════════╝

    attachment #1: trace (application/zip) ─────────────────────────────────────────────────────────
    ..\..\test-results\new-features-mobile-Zapier-f2cae-le-external-links-on-mobile-Desktop-Chrome\trace.zip
    Usage:

        npx playwright show-trace ..\..\test-results\new-features-mobile-Zapier-f2cae-le-external-links-on-mobile-Desktop-Chrome\trace.zip

    ────────────────────────────────────────────────────────────────────────────────────────────────
]]>
</failure>
<system-out>
<![CDATA[
[[ATTACHMENT|new-features-mobile-Zapier-f2cae-le-external-links-on-mobile-Desktop-Chrome\trace.zip]]
]]>
</system-out>
</testcase>
<testcase name="Zapier Integration - Mobile › should show validation error on empty webhook" classname="new-features-mobile.spec.ts" time="0.011">
<failure message="new-features-mobile.spec.ts:249:3 should show validation error on empty webhook" type="FAILURE">
<![CDATA[  [Desktop Chrome] › new-features-mobile.spec.ts:249:3 › Zapier Integration - Mobile › should show validation error on empty webhook 

    Error: browserType.launch: Executable doesn't exist at C:\Users\tomto\AppData\Local\ms-playwright\chromium_headless_shell-1194\chrome-win\headless_shell.exe
    ╔═════════════════════════════════════════════════════════════════════════╗
    ║ Looks like Playwright Test or Playwright was just installed or updated. ║
    ║ Please run the following command to download new browsers:              ║
    ║                                                                         ║
    ║     npx playwright install                                              ║
    ║                                                                         ║
    ║ <3 Playwright Team                                                      ║
    ╚═════════════════════════════════════════════════════════════════════════╝

    attachment #1: trace (application/zip) ─────────────────────────────────────────────────────────
    ..\..\test-results\new-features-mobile-Zapier-26a58-tion-error-on-empty-webhook-Desktop-Chrome\trace.zip
    Usage:

        npx playwright show-trace ..\..\test-results\new-features-mobile-Zapier-26a58-tion-error-on-empty-webhook-Desktop-Chrome\trace.zip

    ────────────────────────────────────────────────────────────────────────────────────────────────
]]>
</failure>
<system-out>
<![CDATA[
[[ATTACHMENT|new-features-mobile-Zapier-26a58-tion-error-on-empty-webhook-Desktop-Chrome\trace.zip]]
]]>
</system-out>
</testcase>
<testcase name="Zapier Integration - Mobile › should scroll smoothly on mobile" classname="new-features-mobile.spec.ts" time="0.009">
<failure message="new-features-mobile.spec.ts:264:3 should scroll smoothly on mobile" type="FAILURE">
<![CDATA[  [Desktop Chrome] › new-features-mobile.spec.ts:264:3 › Zapier Integration - Mobile › should scroll smoothly on mobile 

    Error: browserType.launch: Executable doesn't exist at C:\Users\tomto\AppData\Local\ms-playwright\chromium_headless_shell-1194\chrome-win\headless_shell.exe
    ╔═════════════════════════════════════════════════════════════════════════╗
    ║ Looks like Playwright Test or Playwright was just installed or updated. ║
    ║ Please run the following command to download new browsers:              ║
    ║                                                                         ║
    ║     npx playwright install                                              ║
    ║                                                                         ║
    ║ <3 Playwright Team                                                      ║
    ╚═════════════════════════════════════════════════════════════════════════╝

    attachment #1: trace (application/zip) ─────────────────────────────────────────────────────────
    ..\..\test-results\new-features-mobile-Zapier-c145e-d-scroll-smoothly-on-mobile-Desktop-Chrome\trace.zip
    Usage:

        npx playwright show-trace ..\..\test-results\new-features-mobile-Zapier-c145e-d-scroll-smoothly-on-mobile-Desktop-Chrome\trace.zip

    ────────────────────────────────────────────────────────────────────────────────────────────────
]]>
</failure>
<system-out>
<![CDATA[
[[ATTACHMENT|new-features-mobile-Zapier-c145e-d-scroll-smoothly-on-mobile-Desktop-Chrome\trace.zip]]
]]>
</system-out>
</testcase>
<testcase name="Integration - Mobile Responsiveness › should adapt to different mobile orientations" classname="new-features-mobile.spec.ts" time="0.024">
<failure message="new-features-mobile.spec.ts:278:3 should adapt to different mobile orientations" type="FAILURE">
<![CDATA[  [Desktop Chrome] › new-features-mobile.spec.ts:278:3 › Integration - Mobile Responsiveness › should adapt to different mobile orientations 

    Error: browserType.launch: Executable doesn't exist at C:\Users\tomto\AppData\Local\ms-playwright\chromium_headless_shell-1194\chrome-win\headless_shell.exe
    ╔═════════════════════════════════════════════════════════════════════════╗
    ║ Looks like Playwright Test or Playwright was just installed or updated. ║
    ║ Please run the following command to download new browsers:              ║
    ║                                                                         ║
    ║     npx playwright install                                              ║
    ║                                                                         ║
    ║ <3 Playwright Team                                                      ║
    ╚═════════════════════════════════════════════════════════════════════════╝

    attachment #1: trace (application/zip) ─────────────────────────────────────────────────────────
    ..\..\test-results\new-features-mobile-Integr-93072-fferent-mobile-orientations-Desktop-Chrome\trace.zip
    Usage:

        npx playwright show-trace ..\..\test-results\new-features-mobile-Integr-93072-fferent-mobile-orientations-Desktop-Chrome\trace.zip

    ────────────────────────────────────────────────────────────────────────────────────────────────
]]>
</failure>
<system-out>
<![CDATA[
[[ATTACHMENT|new-features-mobile-Integr-93072-fferent-mobile-orientations-Desktop-Chrome\trace.zip]]
]]>
</system-out>
</testcase>
<testcase name="Integration - Mobile Responsiveness › should work on different mobile screen sizes" classname="new-features-mobile.spec.ts" time="0.033">
<failure message="new-features-mobile.spec.ts:294:3 should work on different mobile screen sizes" type="FAILURE">
<![CDATA[  [Desktop Chrome] › new-features-mobile.spec.ts:294:3 › Integration - Mobile Responsiveness › should work on different mobile screen sizes 

    Error: browserType.launch: Executable doesn't exist at C:\Users\tomto\AppData\Local\ms-playwright\chromium_headless_shell-1194\chrome-win\headless_shell.exe
    ╔═════════════════════════════════════════════════════════════════════════╗
    ║ Looks like Playwright Test or Playwright was just installed or updated. ║
    ║ Please run the following command to download new browsers:              ║
    ║                                                                         ║
    ║     npx playwright install                                              ║
    ║                                                                         ║
    ║ <3 Playwright Team                                                      ║
    ╚═════════════════════════════════════════════════════════════════════════╝

    attachment #1: trace (application/zip) ─────────────────────────────────────────────────────────
    ..\..\test-results\new-features-mobile-Integr-d748b-fferent-mobile-screen-sizes-Desktop-Chrome\trace.zip
    Usage:

        npx playwright show-trace ..\..\test-results\new-features-mobile-Integr-d748b-fferent-mobile-screen-sizes-Desktop-Chrome\trace.zip

    ────────────────────────────────────────────────────────────────────────────────────────────────
]]>
</failure>
<system-out>
<![CDATA[
[[ATTACHMENT|new-features-mobile-Integr-d748b-fferent-mobile-screen-sizes-Desktop-Chrome\trace.zip]]
]]>
</system-out>
</testcase>
<testcase name="Integration - Mobile Responsiveness › should maintain readability on small screens" classname="new-features-mobile.spec.ts" time="0.018">
<failure message="new-features-mobile.spec.ts:310:3 should maintain readability on small screens" type="FAILURE">
<![CDATA[  [Desktop Chrome] › new-features-mobile.spec.ts:310:3 › Integration - Mobile Responsiveness › should maintain readability on small screens 

    Error: browserType.launch: Executable doesn't exist at C:\Users\tomto\AppData\Local\ms-playwright\chromium_headless_shell-1194\chrome-win\headless_shell.exe
    ╔═════════════════════════════════════════════════════════════════════════╗
    ║ Looks like Playwright Test or Playwright was just installed or updated. ║
    ║ Please run the following command to download new browsers:              ║
    ║                                                                         ║
    ║     npx playwright install                                              ║
    ║                                                                         ║
    ║ <3 Playwright Team                                                      ║
    ╚═════════════════════════════════════════════════════════════════════════╝

    attachment #1: trace (application/zip) ─────────────────────────────────────────────────────────
    ..\..\test-results\new-features-mobile-Integr-a7583-eadability-on-small-screens-Desktop-Chrome\trace.zip
    Usage:

        npx playwright show-trace ..\..\test-results\new-features-mobile-Integr-a7583-eadability-on-small-screens-Desktop-Chrome\trace.zip

    ────────────────────────────────────────────────────────────────────────────────────────────────
]]>
</failure>
<system-out>
<![CDATA[
[[ATTACHMENT|new-features-mobile-Integr-a7583-eadability-on-small-screens-Desktop-Chrome\trace.zip]]
]]>
</system-out>
</testcase>
<testcase name="Accessibility - New Features Mobile › background removal dialog should be keyboard accessible" classname="new-features-mobile.spec.ts" time="0.033">
<failure message="new-features-mobile.spec.ts:324:3 background removal dialog should be keyboard accessible" type="FAILURE">
<![CDATA[  [Desktop Chrome] › new-features-mobile.spec.ts:324:3 › Accessibility - New Features Mobile › background removal dialog should be keyboard accessible 

    Error: browserType.launch: Executable doesn't exist at C:\Users\tomto\AppData\Local\ms-playwright\chromium_headless_shell-1194\chrome-win\headless_shell.exe
    ╔═════════════════════════════════════════════════════════════════════════╗
    ║ Looks like Playwright Test or Playwright was just installed or updated. ║
    ║ Please run the following command to download new browsers:              ║
    ║                                                                         ║
    ║     npx playwright install                                              ║
    ║                                                                         ║
    ║ <3 Playwright Team                                                      ║
    ╚═════════════════════════════════════════════════════════════════════════╝

    attachment #1: trace (application/zip) ─────────────────────────────────────────────────────────
    ..\..\test-results\new-features-mobile-Access-3ee8c-ould-be-keyboard-accessible-Desktop-Chrome\trace.zip
    Usage:

        npx playwright show-trace ..\..\test-results\new-features-mobile-Access-3ee8c-ould-be-keyboard-accessible-Desktop-Chrome\trace.zip

    ────────────────────────────────────────────────────────────────────────────────────────────────
]]>
</failure>
<system-out>
<![CDATA[
[[ATTACHMENT|new-features-mobile-Access-3ee8c-ould-be-keyboard-accessible-Desktop-Chrome\trace.zip]]
]]>
</system-out>
</testcase>
<testcase name="Accessibility - New Features Mobile › Zapier form should have proper labels" classname="new-features-mobile.spec.ts" time="0.02">
<failure message="new-features-mobile.spec.ts:341:3 Zapier form should have proper labels" type="FAILURE">
<![CDATA[  [Desktop Chrome] › new-features-mobile.spec.ts:341:3 › Accessibility - New Features Mobile › Zapier form should have proper labels 

    Error: browserType.launch: Executable doesn't exist at C:\Users\tomto\AppData\Local\ms-playwright\chromium_headless_shell-1194\chrome-win\headless_shell.exe
    ╔═════════════════════════════════════════════════════════════════════════╗
    ║ Looks like Playwright Test or Playwright was just installed or updated. ║
    ║ Please run the following command to download new browsers:              ║
    ║                                                                         ║
    ║     npx playwright install                                              ║
    ║                                                                         ║
    ║ <3 Playwright Team                                                      ║
    ╚═════════════════════════════════════════════════════════════════════════╝

    attachment #1: trace (application/zip) ─────────────────────────────────────────────────────────
    ..\..\test-results\new-features-mobile-Access-e9b9c-m-should-have-proper-labels-Desktop-Chrome\trace.zip
    Usage:

        npx playwright show-trace ..\..\test-results\new-features-mobile-Access-e9b9c-m-should-have-proper-labels-Desktop-Chrome\trace.zip

    ────────────────────────────────────────────────────────────────────────────────────────────────
]]>
</failure>
<system-out>
<![CDATA[
[[ATTACHMENT|new-features-mobile-Access-e9b9c-m-should-have-proper-labels-Desktop-Chrome\trace.zip]]
]]>
</system-out>
</testcase>
<testcase name="Accessibility - New Features Mobile › should support voice control navigation" classname="new-features-mobile.spec.ts" time="0.015">
<failure message="new-features-mobile.spec.ts:354:3 should support voice control navigation" type="FAILURE">
<![CDATA[  [Desktop Chrome] › new-features-mobile.spec.ts:354:3 › Accessibility - New Features Mobile › should support voice control navigation 

    Error: browserType.launch: Executable doesn't exist at C:\Users\tomto\AppData\Local\ms-playwright\chromium_headless_shell-1194\chrome-win\headless_shell.exe
    ╔═════════════════════════════════════════════════════════════════════════╗
    ║ Looks like Playwright Test or Playwright was just installed or updated. ║
    ║ Please run the following command to download new browsers:              ║
    ║                                                                         ║
    ║     npx playwright install                                              ║
    ║                                                                         ║
    ║ <3 Playwright Team                                                      ║
    ╚═════════════════════════════════════════════════════════════════════════╝

    attachment #1: trace (application/zip) ─────────────────────────────────────────────────────────
    ..\..\test-results\new-features-mobile-Access-65e3a-rt-voice-control-navigation-Desktop-Chrome\trace.zip
    Usage:

        npx playwright show-trace ..\..\test-results\new-features-mobile-Access-65e3a-rt-voice-control-navigation-Desktop-Chrome\trace.zip

    ────────────────────────────────────────────────────────────────────────────────────────────────
]]>
</failure>
<system-out>
<![CDATA[
[[ATTACHMENT|new-features-mobile-Access-65e3a-rt-voice-control-navigation-Desktop-Chrome\trace.zip]]
]]>
</system-out>
</testcase>
</testsuite>
<testsuite name="performance.spec.ts" timestamp="2025-11-02T17:37:24.527Z" hostname="Desktop Chrome" tests="16" failures="16" skipped="0" time="0.298" errors="0">
<testcase name="Performance Metrics › should have acceptable First Contentful Paint" classname="performance.spec.ts" time="0.02">
<failure message="performance.spec.ts:9:3 should have acceptable First Contentful Paint" type="FAILURE">
<![CDATA[  [Desktop Chrome] › performance.spec.ts:9:3 › Performance Metrics › should have acceptable First Contentful Paint 

    Error: browserType.launch: Executable doesn't exist at C:\Users\tomto\AppData\Local\ms-playwright\chromium_headless_shell-1194\chrome-win\headless_shell.exe
    ╔═════════════════════════════════════════════════════════════════════════╗
    ║ Looks like Playwright Test or Playwright was just installed or updated. ║
    ║ Please run the following command to download new browsers:              ║
    ║                                                                         ║
    ║     npx playwright install                                              ║
    ║                                                                         ║
    ║ <3 Playwright Team                                                      ║
    ╚═════════════════════════════════════════════════════════════════════════╝

    attachment #1: trace (application/zip) ─────────────────────────────────────────────────────────
    ..\..\test-results\performance-Performance-Me-fa25a-able-First-Contentful-Paint-Desktop-Chrome\trace.zip
    Usage:

        npx playwright show-trace ..\..\test-results\performance-Performance-Me-fa25a-able-First-Contentful-Paint-Desktop-Chrome\trace.zip

    ────────────────────────────────────────────────────────────────────────────────────────────────
]]>
</failure>
<system-out>
<![CDATA[
[[ATTACHMENT|performance-Performance-Me-fa25a-able-First-Contentful-Paint-Desktop-Chrome\trace.zip]]
]]>
</system-out>
</testcase>
<testcase name="Performance Metrics › should have acceptable Largest Contentful Paint" classname="performance.spec.ts" time="0.024">
<failure message="performance.spec.ts:24:3 should have acceptable Largest Contentful Paint" type="FAILURE">
<![CDATA[  [Desktop Chrome] › performance.spec.ts:24:3 › Performance Metrics › should have acceptable Largest Contentful Paint 

    Error: browserType.launch: Executable doesn't exist at C:\Users\tomto\AppData\Local\ms-playwright\chromium_headless_shell-1194\chrome-win\headless_shell.exe
    ╔═════════════════════════════════════════════════════════════════════════╗
    ║ Looks like Playwright Test or Playwright was just installed or updated. ║
    ║ Please run the following command to download new browsers:              ║
    ║                                                                         ║
    ║     npx playwright install                                              ║
    ║                                                                         ║
    ║ <3 Playwright Team                                                      ║
    ╚═════════════════════════════════════════════════════════════════════════╝

    attachment #1: trace (application/zip) ─────────────────────────────────────────────────────────
    ..\..\test-results\performance-Performance-Me-af354-le-Largest-Contentful-Paint-Desktop-Chrome\trace.zip
    Usage:

        npx playwright show-trace ..\..\test-results\performance-Performance-Me-af354-le-Largest-Contentful-Paint-Desktop-Chrome\trace.zip

    ────────────────────────────────────────────────────────────────────────────────────────────────
]]>
</failure>
<system-out>
<![CDATA[
[[ATTACHMENT|performance-Performance-Me-af354-le-Largest-Contentful-Paint-Desktop-Chrome\trace.zip]]
]]>
</system-out>
</testcase>
<testcase name="Performance Metrics › should have acceptable Time to Interactive" classname="performance.spec.ts" time="0.014">
<failure message="performance.spec.ts:52:3 should have acceptable Time to Interactive" type="FAILURE">
<![CDATA[  [Desktop Chrome] › performance.spec.ts:52:3 › Performance Metrics › should have acceptable Time to Interactive 

    Error: browserType.launch: Executable doesn't exist at C:\Users\tomto\AppData\Local\ms-playwright\chromium_headless_shell-1194\chrome-win\headless_shell.exe
    ╔═════════════════════════════════════════════════════════════════════════╗
    ║ Looks like Playwright Test or Playwright was just installed or updated. ║
    ║ Please run the following command to download new browsers:              ║
    ║                                                                         ║
    ║     npx playwright install                                              ║
    ║                                                                         ║
    ║ <3 Playwright Team                                                      ║
    ╚═════════════════════════════════════════════════════════════════════════╝

    attachment #1: trace (application/zip) ─────────────────────────────────────────────────────────
    ..\..\test-results\performance-Performance-Me-65248-eptable-Time-to-Interactive-Desktop-Chrome\trace.zip
    Usage:

        npx playwright show-trace ..\..\test-results\performance-Performance-Me-65248-eptable-Time-to-Interactive-Desktop-Chrome\trace.zip

    ────────────────────────────────────────────────────────────────────────────────────────────────
]]>
</failure>
<system-out>
<![CDATA[
[[ATTACHMENT|performance-Performance-Me-65248-eptable-Time-to-Interactive-Desktop-Chrome\trace.zip]]
]]>
</system-out>
</testcase>
<testcase name="Performance Metrics › should have minimal Cumulative Layout Shift" classname="performance.spec.ts" time="0.024">
<failure message="performance.spec.ts:67:3 should have minimal Cumulative Layout Shift" type="FAILURE">
<![CDATA[  [Desktop Chrome] › performance.spec.ts:67:3 › Performance Metrics › should have minimal Cumulative Layout Shift 

    Error: browserType.launch: Executable doesn't exist at C:\Users\tomto\AppData\Local\ms-playwright\chromium_headless_shell-1194\chrome-win\headless_shell.exe
    ╔═════════════════════════════════════════════════════════════════════════╗
    ║ Looks like Playwright Test or Playwright was just installed or updated. ║
    ║ Please run the following command to download new browsers:              ║
    ║                                                                         ║
    ║     npx playwright install                                              ║
    ║                                                                         ║
    ║ <3 Playwright Team                                                      ║
    ╚═════════════════════════════════════════════════════════════════════════╝

    attachment #1: trace (application/zip) ─────────────────────────────────────────────────────────
    ..\..\test-results\performance-Performance-Me-551c0-mal-Cumulative-Layout-Shift-Desktop-Chrome\trace.zip
    Usage:

        npx playwright show-trace ..\..\test-results\performance-Performance-Me-551c0-mal-Cumulative-Layout-Shift-Desktop-Chrome\trace.zip

    ────────────────────────────────────────────────────────────────────────────────────────────────
]]>
</failure>
<system-out>
<![CDATA[
[[ATTACHMENT|performance-Performance-Me-551c0-mal-Cumulative-Layout-Shift-Desktop-Chrome\trace.zip]]
]]>
</system-out>
</testcase>
<testcase name="Performance Metrics › should have acceptable Total Blocking Time" classname="performance.spec.ts" time="0.015">
<failure message="performance.spec.ts:97:3 should have acceptable Total Blocking Time" type="FAILURE">
<![CDATA[  [Desktop Chrome] › performance.spec.ts:97:3 › Performance Metrics › should have acceptable Total Blocking Time 

    Error: browserType.launch: Executable doesn't exist at C:\Users\tomto\AppData\Local\ms-playwright\chromium_headless_shell-1194\chrome-win\headless_shell.exe
    ╔═════════════════════════════════════════════════════════════════════════╗
    ║ Looks like Playwright Test or Playwright was just installed or updated. ║
    ║ Please run the following command to download new browsers:              ║
    ║                                                                         ║
    ║     npx playwright install                                              ║
    ║                                                                         ║
    ║ <3 Playwright Team                                                      ║
    ╚═════════════════════════════════════════════════════════════════════════╝

    attachment #1: trace (application/zip) ─────────────────────────────────────────────────────────
    ..\..\test-results\performance-Performance-Me-46117-eptable-Total-Blocking-Time-Desktop-Chrome\trace.zip
    Usage:

        npx playwright show-trace ..\..\test-results\performance-Performance-Me-46117-eptable-Total-Blocking-Time-Desktop-Chrome\trace.zip

    ────────────────────────────────────────────────────────────────────────────────────────────────
]]>
</failure>
<system-out>
<![CDATA[
[[ATTACHMENT|performance-Performance-Me-46117-eptable-Total-Blocking-Time-Desktop-Chrome\trace.zip]]
]]>
</system-out>
</testcase>
<testcase name="API Performance › should have fast API response times" classname="performance.spec.ts" time="0.016">
<failure message="performance.spec.ts:129:3 should have fast API response times" type="FAILURE">
<![CDATA[  [Desktop Chrome] › performance.spec.ts:129:3 › API Performance › should have fast API response times 

    Error: browserType.launch: Executable doesn't exist at C:\Users\tomto\AppData\Local\ms-playwright\chromium_headless_shell-1194\chrome-win\headless_shell.exe
    ╔═════════════════════════════════════════════════════════════════════════╗
    ║ Looks like Playwright Test or Playwright was just installed or updated. ║
    ║ Please run the following command to download new browsers:              ║
    ║                                                                         ║
    ║     npx playwright install                                              ║
    ║                                                                         ║
    ║ <3 Playwright Team                                                      ║
    ╚═════════════════════════════════════════════════════════════════════════╝

    attachment #1: trace (application/zip) ─────────────────────────────────────────────────────────
    ..\..\test-results\performance-API-Performanc-6ddcc-ave-fast-API-response-times-Desktop-Chrome\trace.zip
    Usage:

        npx playwright show-trace ..\..\test-results\performance-API-Performanc-6ddcc-ave-fast-API-response-times-Desktop-Chrome\trace.zip

    ────────────────────────────────────────────────────────────────────────────────────────────────
]]>
</failure>
<system-out>
<![CDATA[
[[ATTACHMENT|performance-API-Performanc-6ddcc-ave-fast-API-response-times-Desktop-Chrome\trace.zip]]
]]>
</system-out>
</testcase>
<testcase name="API Performance › should handle concurrent API requests efficiently" classname="performance.spec.ts" time="0.011">
<failure message="performance.spec.ts:157:3 should handle concurrent API requests efficiently" type="FAILURE">
<![CDATA[  [Desktop Chrome] › performance.spec.ts:157:3 › API Performance › should handle concurrent API requests efficiently 

    Error: browserType.launch: Executable doesn't exist at C:\Users\tomto\AppData\Local\ms-playwright\chromium_headless_shell-1194\chrome-win\headless_shell.exe
    ╔═════════════════════════════════════════════════════════════════════════╗
    ║ Looks like Playwright Test or Playwright was just installed or updated. ║
    ║ Please run the following command to download new browsers:              ║
    ║                                                                         ║
    ║     npx playwright install                                              ║
    ║                                                                         ║
    ║ <3 Playwright Team                                                      ║
    ╚═════════════════════════════════════════════════════════════════════════╝

    attachment #1: trace (application/zip) ─────────────────────────────────────────────────────────
    ..\..\test-results\performance-API-Performanc-8403b-nt-API-requests-efficiently-Desktop-Chrome\trace.zip
    Usage:

        npx playwright show-trace ..\..\test-results\performance-API-Performanc-8403b-nt-API-requests-efficiently-Desktop-Chrome\trace.zip

    ────────────────────────────────────────────────────────────────────────────────────────────────
]]>
</failure>
<system-out>
<![CDATA[
[[ATTACHMENT|performance-API-Performanc-8403b-nt-API-requests-efficiently-Desktop-Chrome\trace.zip]]
]]>
</system-out>
</testcase>
<testcase name="Resource Loading › should load images efficiently" classname="performance.spec.ts" time="0.013">
<failure message="performance.spec.ts:182:3 should load images efficiently" type="FAILURE">
<![CDATA[  [Desktop Chrome] › performance.spec.ts:182:3 › Resource Loading › should load images efficiently ─

    Error: browserType.launch: Executable doesn't exist at C:\Users\tomto\AppData\Local\ms-playwright\chromium_headless_shell-1194\chrome-win\headless_shell.exe
    ╔═════════════════════════════════════════════════════════════════════════╗
    ║ Looks like Playwright Test or Playwright was just installed or updated. ║
    ║ Please run the following command to download new browsers:              ║
    ║                                                                         ║
    ║     npx playwright install                                              ║
    ║                                                                         ║
    ║ <3 Playwright Team                                                      ║
    ╚═════════════════════════════════════════════════════════════════════════╝

    attachment #1: trace (application/zip) ─────────────────────────────────────────────────────────
    ..\..\test-results\performance-Resource-Loading-should-load-images-efficiently-Desktop-Chrome\trace.zip
    Usage:

        npx playwright show-trace ..\..\test-results\performance-Resource-Loading-should-load-images-efficiently-Desktop-Chrome\trace.zip

    ────────────────────────────────────────────────────────────────────────────────────────────────
]]>
</failure>
<system-out>
<![CDATA[
[[ATTACHMENT|performance-Resource-Loading-should-load-images-efficiently-Desktop-Chrome\trace.zip]]
]]>
</system-out>
</testcase>
<testcase name="Resource Loading › should use lazy loading for images" classname="performance.spec.ts" time="0.05">
<failure message="performance.spec.ts:208:3 should use lazy loading for images" type="FAILURE">
<![CDATA[  [Desktop Chrome] › performance.spec.ts:208:3 › Resource Loading › should use lazy loading for images 

    Error: browserType.launch: Executable doesn't exist at C:\Users\tomto\AppData\Local\ms-playwright\chromium_headless_shell-1194\chrome-win\headless_shell.exe
    ╔═════════════════════════════════════════════════════════════════════════╗
    ║ Looks like Playwright Test or Playwright was just installed or updated. ║
    ║ Please run the following command to download new browsers:              ║
    ║                                                                         ║
    ║     npx playwright install                                              ║
    ║                                                                         ║
    ║ <3 Playwright Team                                                      ║
    ╚═════════════════════════════════════════════════════════════════════════╝

    attachment #1: trace (application/zip) ─────────────────────────────────────────────────────────
    ..\..\test-results\performance-Resource-Loadi-7518a-use-lazy-loading-for-images-Desktop-Chrome\trace.zip
    Usage:

        npx playwright show-trace ..\..\test-results\performance-Resource-Loadi-7518a-use-lazy-loading-for-images-Desktop-Chrome\trace.zip

    ────────────────────────────────────────────────────────────────────────────────────────────────
]]>
</failure>
<system-out>
<![CDATA[
[[ATTACHMENT|performance-Resource-Loadi-7518a-use-lazy-loading-for-images-Desktop-Chrome\trace.zip]]
]]>
</system-out>
</testcase>
<testcase name="Resource Loading › should have acceptable bundle size" classname="performance.spec.ts" time="0.018">
<failure message="performance.spec.ts:219:3 should have acceptable bundle size" type="FAILURE">
<![CDATA[  [Desktop Chrome] › performance.spec.ts:219:3 › Resource Loading › should have acceptable bundle size 

    Error: browserType.launch: Executable doesn't exist at C:\Users\tomto\AppData\Local\ms-playwright\chromium_headless_shell-1194\chrome-win\headless_shell.exe
    ╔═════════════════════════════════════════════════════════════════════════╗
    ║ Looks like Playwright Test or Playwright was just installed or updated. ║
    ║ Please run the following command to download new browsers:              ║
    ║                                                                         ║
    ║     npx playwright install                                              ║
    ║                                                                         ║
    ║ <3 Playwright Team                                                      ║
    ╚═════════════════════════════════════════════════════════════════════════╝

    attachment #1: trace (application/zip) ─────────────────────────────────────────────────────────
    ..\..\test-results\performance-Resource-Loadi-ddeb2-have-acceptable-bundle-size-Desktop-Chrome\trace.zip
    Usage:

        npx playwright show-trace ..\..\test-results\performance-Resource-Loadi-ddeb2-have-acceptable-bundle-size-Desktop-Chrome\trace.zip

    ────────────────────────────────────────────────────────────────────────────────────────────────
]]>
</failure>
<system-out>
<![CDATA[
[[ATTACHMENT|performance-Resource-Loadi-ddeb2-have-acceptable-bundle-size-Desktop-Chrome\trace.zip]]
]]>
</system-out>
</testcase>
<testcase name="Caching › should cache static assets" classname="performance.spec.ts" time="0.014">
<failure message="performance.spec.ts:246:3 should cache static assets" type="FAILURE">
<![CDATA[  [Desktop Chrome] › performance.spec.ts:246:3 › Caching › should cache static assets ──────────────

    Error: browserType.launch: Executable doesn't exist at C:\Users\tomto\AppData\Local\ms-playwright\chromium_headless_shell-1194\chrome-win\headless_shell.exe
    ╔═════════════════════════════════════════════════════════════════════════╗
    ║ Looks like Playwright Test or Playwright was just installed or updated. ║
    ║ Please run the following command to download new browsers:              ║
    ║                                                                         ║
    ║     npx playwright install                                              ║
    ║                                                                         ║
    ║ <3 Playwright Team                                                      ║
    ╚═════════════════════════════════════════════════════════════════════════╝

    attachment #1: trace (application/zip) ─────────────────────────────────────────────────────────
    ..\..\test-results\performance-Caching-should-cache-static-assets-Desktop-Chrome\trace.zip
    Usage:

        npx playwright show-trace ..\..\test-results\performance-Caching-should-cache-static-assets-Desktop-Chrome\trace.zip

    ────────────────────────────────────────────────────────────────────────────────────────────────
]]>
</failure>
<system-out>
<![CDATA[
[[ATTACHMENT|performance-Caching-should-cache-static-assets-Desktop-Chrome\trace.zip]]
]]>
</system-out>
</testcase>
<testcase name="Caching › should use service worker for offline capability" classname="performance.spec.ts" time="0.012">
<failure message="performance.spec.ts:276:3 should use service worker for offline capability" type="FAILURE">
<![CDATA[  [Desktop Chrome] › performance.spec.ts:276:3 › Caching › should use service worker for offline capability 

    Error: browserType.launch: Executable doesn't exist at C:\Users\tomto\AppData\Local\ms-playwright\chromium_headless_shell-1194\chrome-win\headless_shell.exe
    ╔═════════════════════════════════════════════════════════════════════════╗
    ║ Looks like Playwright Test or Playwright was just installed or updated. ║
    ║ Please run the following command to download new browsers:              ║
    ║                                                                         ║
    ║     npx playwright install                                              ║
    ║                                                                         ║
    ║ <3 Playwright Team                                                      ║
    ╚═════════════════════════════════════════════════════════════════════════╝

    attachment #1: trace (application/zip) ─────────────────────────────────────────────────────────
    ..\..\test-results\performance-Caching-should-f1372-rker-for-offline-capability-Desktop-Chrome\trace.zip
    Usage:

        npx playwright show-trace ..\..\test-results\performance-Caching-should-f1372-rker-for-offline-capability-Desktop-Chrome\trace.zip

    ────────────────────────────────────────────────────────────────────────────────────────────────
]]>
</failure>
<system-out>
<![CDATA[
[[ATTACHMENT|performance-Caching-should-f1372-rker-for-offline-capability-Desktop-Chrome\trace.zip]]
]]>
</system-out>
</testcase>
<testcase name="Memory Performance › should not leak memory on navigation" classname="performance.spec.ts" time="0.016">
<failure message="performance.spec.ts:310:3 should not leak memory on navigation" type="FAILURE">
<![CDATA[  [Desktop Chrome] › performance.spec.ts:310:3 › Memory Performance › should not leak memory on navigation 

    Error: browserType.launch: Executable doesn't exist at C:\Users\tomto\AppData\Local\ms-playwright\chromium_headless_shell-1194\chrome-win\headless_shell.exe
    ╔═════════════════════════════════════════════════════════════════════════╗
    ║ Looks like Playwright Test or Playwright was just installed or updated. ║
    ║ Please run the following command to download new browsers:              ║
    ║                                                                         ║
    ║     npx playwright install                                              ║
    ║                                                                         ║
    ║ <3 Playwright Team                                                      ║
    ╚═════════════════════════════════════════════════════════════════════════╝

    attachment #1: trace (application/zip) ─────────────────────────────────────────────────────────
    ..\..\test-results\performance-Memory-Perform-edfd3-t-leak-memory-on-navigation-Desktop-Chrome\trace.zip
    Usage:

        npx playwright show-trace ..\..\test-results\performance-Memory-Perform-edfd3-t-leak-memory-on-navigation-Desktop-Chrome\trace.zip

    ────────────────────────────────────────────────────────────────────────────────────────────────
]]>
</failure>
<system-out>
<![CDATA[
[[ATTACHMENT|performance-Memory-Perform-edfd3-t-leak-memory-on-navigation-Desktop-Chrome\trace.zip]]
]]>
</system-out>
</testcase>
<testcase name="Performance Best Practices › should preload critical resources" classname="performance.spec.ts" time="0.01">
<failure message="performance.spec.ts:349:3 should preload critical resources" type="FAILURE">
<![CDATA[  [Desktop Chrome] › performance.spec.ts:349:3 › Performance Best Practices › should preload critical resources 

    Error: browserType.launch: Executable doesn't exist at C:\Users\tomto\AppData\Local\ms-playwright\chromium_headless_shell-1194\chrome-win\headless_shell.exe
    ╔═════════════════════════════════════════════════════════════════════════╗
    ║ Looks like Playwright Test or Playwright was just installed or updated. ║
    ║ Please run the following command to download new browsers:              ║
    ║                                                                         ║
    ║     npx playwright install                                              ║
    ║                                                                         ║
    ║ <3 Playwright Team                                                      ║
    ╚═════════════════════════════════════════════════════════════════════════╝

    attachment #1: trace (application/zip) ─────────────────────────────────────────────────────────
    ..\..\test-results\performance-Performance-Be-f45c5--preload-critical-resources-Desktop-Chrome\trace.zip
    Usage:

        npx playwright show-trace ..\..\test-results\performance-Performance-Be-f45c5--preload-critical-resources-Desktop-Chrome\trace.zip

    ────────────────────────────────────────────────────────────────────────────────────────────────
]]>
</failure>
<system-out>
<![CDATA[
[[ATTACHMENT|performance-Performance-Be-f45c5--preload-critical-resources-Desktop-Chrome\trace.zip]]
]]>
</system-out>
</testcase>
<testcase name="Performance Best Practices › should use modern image formats" classname="performance.spec.ts" time="0.022">
<failure message="performance.spec.ts:361:3 should use modern image formats" type="FAILURE">
<![CDATA[  [Desktop Chrome] › performance.spec.ts:361:3 › Performance Best Practices › should use modern image formats 

    Error: browserType.launch: Executable doesn't exist at C:\Users\tomto\AppData\Local\ms-playwright\chromium_headless_shell-1194\chrome-win\headless_shell.exe
    ╔═════════════════════════════════════════════════════════════════════════╗
    ║ Looks like Playwright Test or Playwright was just installed or updated. ║
    ║ Please run the following command to download new browsers:              ║
    ║                                                                         ║
    ║     npx playwright install                                              ║
    ║                                                                         ║
    ║ <3 Playwright Team                                                      ║
    ╚═════════════════════════════════════════════════════════════════════════╝

    attachment #1: trace (application/zip) ─────────────────────────────────────────────────────────
    ..\..\test-results\performance-Performance-Be-aeeac-ld-use-modern-image-formats-Desktop-Chrome\trace.zip
    Usage:

        npx playwright show-trace ..\..\test-results\performance-Performance-Be-aeeac-ld-use-modern-image-formats-Desktop-Chrome\trace.zip

    ────────────────────────────────────────────────────────────────────────────────────────────────
]]>
</failure>
<system-out>
<![CDATA[
[[ATTACHMENT|performance-Performance-Be-aeeac-ld-use-modern-image-formats-Desktop-Chrome\trace.zip]]
]]>
</system-out>
</testcase>
<testcase name="Performance Best Practices › should minimize main thread work" classname="performance.spec.ts" time="0.019">
<failure message="performance.spec.ts:384:3 should minimize main thread work" type="FAILURE">
<![CDATA[  [Desktop Chrome] › performance.spec.ts:384:3 › Performance Best Practices › should minimize main thread work 

    Error: browserType.launch: Executable doesn't exist at C:\Users\tomto\AppData\Local\ms-playwright\chromium_headless_shell-1194\chrome-win\headless_shell.exe
    ╔═════════════════════════════════════════════════════════════════════════╗
    ║ Looks like Playwright Test or Playwright was just installed or updated. ║
    ║ Please run the following command to download new browsers:              ║
    ║                                                                         ║
    ║     npx playwright install                                              ║
    ║                                                                         ║
    ║ <3 Playwright Team                                                      ║
    ╚═════════════════════════════════════════════════════════════════════════╝

    attachment #1: trace (application/zip) ─────────────────────────────────────────────────────────
    ..\..\test-results\performance-Performance-Be-aed6b-d-minimize-main-thread-work-Desktop-Chrome\trace.zip
    Usage:

        npx playwright show-trace ..\..\test-results\performance-Performance-Be-aed6b-d-minimize-main-thread-work-Desktop-Chrome\trace.zip

    ────────────────────────────────────────────────────────────────────────────────────────────────
]]>
</failure>
<system-out>
<![CDATA[
[[ATTACHMENT|performance-Performance-Be-aed6b-d-minimize-main-thread-work-Desktop-Chrome\trace.zip]]
]]>
</system-out>
</testcase>
</testsuite>
<testsuite name="security.spec.ts" timestamp="2025-11-02T17:37:24.527Z" hostname="Desktop Chrome" tests="19" failures="19" skipped="0" time="0.397" errors="0">
<testcase name="Security › should not expose sensitive data in client-side code" classname="security.spec.ts" time="0.014">
<failure message="security.spec.ts:4:3 should not expose sensitive data in client-side code" type="FAILURE">
<![CDATA[  [Desktop Chrome] › security.spec.ts:4:3 › Security › should not expose sensitive data in client-side code 

    Error: browserType.launch: Executable doesn't exist at C:\Users\tomto\AppData\Local\ms-playwright\chromium_headless_shell-1194\chrome-win\headless_shell.exe
    ╔═════════════════════════════════════════════════════════════════════════╗
    ║ Looks like Playwright Test or Playwright was just installed or updated. ║
    ║ Please run the following command to download new browsers:              ║
    ║                                                                         ║
    ║     npx playwright install                                              ║
    ║                                                                         ║
    ║ <3 Playwright Team                                                      ║
    ╚═════════════════════════════════════════════════════════════════════════╝

    attachment #1: trace (application/zip) ─────────────────────────────────────────────────────────
    ..\..\test-results\security-Security-should-n-26a73-ve-data-in-client-side-code-Desktop-Chrome\trace.zip
    Usage:

        npx playwright show-trace ..\..\test-results\security-Security-should-n-26a73-ve-data-in-client-side-code-Desktop-Chrome\trace.zip

    ────────────────────────────────────────────────────────────────────────────────────────────────
]]>
</failure>
<system-out>
<![CDATA[
[[ATTACHMENT|security-Security-should-n-26a73-ve-data-in-client-side-code-Desktop-Chrome\trace.zip]]
]]>
</system-out>
</testcase>
<testcase name="Security › should redirect unauthenticated users from protected routes" classname="security.spec.ts" time="0.017">
<failure message="security.spec.ts:16:3 should redirect unauthenticated users from protected routes" type="FAILURE">
<![CDATA[  [Desktop Chrome] › security.spec.ts:16:3 › Security › should redirect unauthenticated users from protected routes 

    Error: browserType.launch: Executable doesn't exist at C:\Users\tomto\AppData\Local\ms-playwright\chromium_headless_shell-1194\chrome-win\headless_shell.exe
    ╔═════════════════════════════════════════════════════════════════════════╗
    ║ Looks like Playwright Test or Playwright was just installed or updated. ║
    ║ Please run the following command to download new browsers:              ║
    ║                                                                         ║
    ║     npx playwright install                                              ║
    ║                                                                         ║
    ║ <3 Playwright Team                                                      ║
    ╚═════════════════════════════════════════════════════════════════════════╝

    attachment #1: trace (application/zip) ─────────────────────────────────────────────────────────
    ..\..\test-results\security-Security-should-r-2ba94-users-from-protected-routes-Desktop-Chrome\trace.zip
    Usage:

        npx playwright show-trace ..\..\test-results\security-Security-should-r-2ba94-users-from-protected-routes-Desktop-Chrome\trace.zip

    ────────────────────────────────────────────────────────────────────────────────────────────────
]]>
</failure>
<system-out>
<![CDATA[
[[ATTACHMENT|security-Security-should-r-2ba94-users-from-protected-routes-Desktop-Chrome\trace.zip]]
]]>
</system-out>
</testcase>
<testcase name="Security › should clear session data on logout" classname="security.spec.ts" time="0.047">
<failure message="security.spec.ts:26:3 should clear session data on logout" type="FAILURE">
<![CDATA[  [Desktop Chrome] › security.spec.ts:26:3 › Security › should clear session data on logout ────────

    Error: browserType.launch: Executable doesn't exist at C:\Users\tomto\AppData\Local\ms-playwright\chromium_headless_shell-1194\chrome-win\headless_shell.exe
    ╔═════════════════════════════════════════════════════════════════════════╗
    ║ Looks like Playwright Test or Playwright was just installed or updated. ║
    ║ Please run the following command to download new browsers:              ║
    ║                                                                         ║
    ║     npx playwright install                                              ║
    ║                                                                         ║
    ║ <3 Playwright Team                                                      ║
    ╚═════════════════════════════════════════════════════════════════════════╝

    attachment #1: trace (application/zip) ─────────────────────────────────────────────────────────
    ..\..\test-results\security-Security-should-clear-session-data-on-logout-Desktop-Chrome\trace.zip
    Usage:

        npx playwright show-trace ..\..\test-results\security-Security-should-clear-session-data-on-logout-Desktop-Chrome\trace.zip

    ────────────────────────────────────────────────────────────────────────────────────────────────
]]>
</failure>
<system-out>
<![CDATA[
[[ATTACHMENT|security-Security-should-clear-session-data-on-logout-Desktop-Chrome\trace.zip]]
]]>
</system-out>
</testcase>
<testcase name="Security › should not allow SQL injection in search inputs" classname="security.spec.ts" time="0.032">
<failure message="security.spec.ts:50:3 should not allow SQL injection in search inputs" type="FAILURE">
<![CDATA[  [Desktop Chrome] › security.spec.ts:50:3 › Security › should not allow SQL injection in search inputs 

    Error: browserType.launch: Executable doesn't exist at C:\Users\tomto\AppData\Local\ms-playwright\chromium_headless_shell-1194\chrome-win\headless_shell.exe
    ╔═════════════════════════════════════════════════════════════════════════╗
    ║ Looks like Playwright Test or Playwright was just installed or updated. ║
    ║ Please run the following command to download new browsers:              ║
    ║                                                                         ║
    ║     npx playwright install                                              ║
    ║                                                                         ║
    ║ <3 Playwright Team                                                      ║
    ╚═════════════════════════════════════════════════════════════════════════╝

    attachment #1: trace (application/zip) ─────────────────────────────────────────────────────────
    ..\..\test-results\security-Security-should-n-a6eef--injection-in-search-inputs-Desktop-Chrome\trace.zip
    Usage:

        npx playwright show-trace ..\..\test-results\security-Security-should-n-a6eef--injection-in-search-inputs-Desktop-Chrome\trace.zip

    ────────────────────────────────────────────────────────────────────────────────────────────────
]]>
</failure>
<system-out>
<![CDATA[
[[ATTACHMENT|security-Security-should-n-a6eef--injection-in-search-inputs-Desktop-Chrome\trace.zip]]
]]>
</system-out>
</testcase>
<testcase name="Security › should not allow XSS through user input" classname="security.spec.ts" time="0.018">
<failure message="security.spec.ts:66:3 should not allow XSS through user input" type="FAILURE">
<![CDATA[  [Desktop Chrome] › security.spec.ts:66:3 › Security › should not allow XSS through user input ────

    Error: browserType.launch: Executable doesn't exist at C:\Users\tomto\AppData\Local\ms-playwright\chromium_headless_shell-1194\chrome-win\headless_shell.exe
    ╔═════════════════════════════════════════════════════════════════════════╗
    ║ Looks like Playwright Test or Playwright was just installed or updated. ║
    ║ Please run the following command to download new browsers:              ║
    ║                                                                         ║
    ║     npx playwright install                                              ║
    ║                                                                         ║
    ║ <3 Playwright Team                                                      ║
    ╚═════════════════════════════════════════════════════════════════════════╝

    attachment #1: trace (application/zip) ─────────────────────────────────────────────────────────
    ..\..\test-results\security-Security-should-not-allow-XSS-through-user-input-Desktop-Chrome\trace.zip
    Usage:

        npx playwright show-trace ..\..\test-results\security-Security-should-not-allow-XSS-through-user-input-Desktop-Chrome\trace.zip

    ────────────────────────────────────────────────────────────────────────────────────────────────
]]>
</failure>
<system-out>
<![CDATA[
[[ATTACHMENT|security-Security-should-not-allow-XSS-through-user-input-Desktop-Chrome\trace.zip]]
]]>
</system-out>
</testcase>
<testcase name="Security › should implement CSRF protection" classname="security.spec.ts" time="0.017">
<failure message="security.spec.ts:86:3 should implement CSRF protection" type="FAILURE">
<![CDATA[  [Desktop Chrome] › security.spec.ts:86:3 › Security › should implement CSRF protection ───────────

    Error: browserType.launch: Executable doesn't exist at C:\Users\tomto\AppData\Local\ms-playwright\chromium_headless_shell-1194\chrome-win\headless_shell.exe
    ╔═════════════════════════════════════════════════════════════════════════╗
    ║ Looks like Playwright Test or Playwright was just installed or updated. ║
    ║ Please run the following command to download new browsers:              ║
    ║                                                                         ║
    ║     npx playwright install                                              ║
    ║                                                                         ║
    ║ <3 Playwright Team                                                      ║
    ╚═════════════════════════════════════════════════════════════════════════╝

    attachment #1: trace (application/zip) ─────────────────────────────────────────────────────────
    ..\..\test-results\security-Security-should-implement-CSRF-protection-Desktop-Chrome\trace.zip
    Usage:

        npx playwright show-trace ..\..\test-results\security-Security-should-implement-CSRF-protection-Desktop-Chrome\trace.zip

    ────────────────────────────────────────────────────────────────────────────────────────────────
]]>
</failure>
<system-out>
<![CDATA[
[[ATTACHMENT|security-Security-should-implement-CSRF-protection-Desktop-Chrome\trace.zip]]
]]>
</system-out>
</testcase>
<testcase name="Security › should enforce password complexity requirements" classname="security.spec.ts" time="0.014">
<failure message="security.spec.ts:96:3 should enforce password complexity requirements" type="FAILURE">
<![CDATA[  [Desktop Chrome] › security.spec.ts:96:3 › Security › should enforce password complexity requirements 

    Error: browserType.launch: Executable doesn't exist at C:\Users\tomto\AppData\Local\ms-playwright\chromium_headless_shell-1194\chrome-win\headless_shell.exe
    ╔═════════════════════════════════════════════════════════════════════════╗
    ║ Looks like Playwright Test or Playwright was just installed or updated. ║
    ║ Please run the following command to download new browsers:              ║
    ║                                                                         ║
    ║     npx playwright install                                              ║
    ║                                                                         ║
    ║ <3 Playwright Team                                                      ║
    ╚═════════════════════════════════════════════════════════════════════════╝

    attachment #1: trace (application/zip) ─────────────────────────────────────────────────────────
    ..\..\test-results\security-Security-should-e-08390-ord-complexity-requirements-Desktop-Chrome\trace.zip
    Usage:

        npx playwright show-trace ..\..\test-results\security-Security-should-e-08390-ord-complexity-requirements-Desktop-Chrome\trace.zip

    ────────────────────────────────────────────────────────────────────────────────────────────────
]]>
</failure>
<system-out>
<![CDATA[
[[ATTACHMENT|security-Security-should-e-08390-ord-complexity-requirements-Desktop-Chrome\trace.zip]]
]]>
</system-out>
</testcase>
<testcase name="Security › should rate limit login attempts" classname="security.spec.ts" time="0.026">
<failure message="security.spec.ts:114:3 should rate limit login attempts" type="FAILURE">
<![CDATA[  [Desktop Chrome] › security.spec.ts:114:3 › Security › should rate limit login attempts ──────────

    Error: browserType.launch: Executable doesn't exist at C:\Users\tomto\AppData\Local\ms-playwright\chromium_headless_shell-1194\chrome-win\headless_shell.exe
    ╔═════════════════════════════════════════════════════════════════════════╗
    ║ Looks like Playwright Test or Playwright was just installed or updated. ║
    ║ Please run the following command to download new browsers:              ║
    ║                                                                         ║
    ║     npx playwright install                                              ║
    ║                                                                         ║
    ║ <3 Playwright Team                                                      ║
    ╚═════════════════════════════════════════════════════════════════════════╝

    attachment #1: trace (application/zip) ─────────────────────────────────────────────────────────
    ..\..\test-results\security-Security-should-rate-limit-login-attempts-Desktop-Chrome\trace.zip
    Usage:

        npx playwright show-trace ..\..\test-results\security-Security-should-rate-limit-login-attempts-Desktop-Chrome\trace.zip

    ────────────────────────────────────────────────────────────────────────────────────────────────
]]>
</failure>
<system-out>
<![CDATA[
[[ATTACHMENT|security-Security-should-rate-limit-login-attempts-Desktop-Chrome\trace.zip]]
]]>
</system-out>
</testcase>
<testcase name="Security › should not expose user enumeration" classname="security.spec.ts" time="0.018">
<failure message="security.spec.ts:136:3 should not expose user enumeration" type="FAILURE">
<![CDATA[  [Desktop Chrome] › security.spec.ts:136:3 › Security › should not expose user enumeration ────────

    Error: browserType.launch: Executable doesn't exist at C:\Users\tomto\AppData\Local\ms-playwright\chromium_headless_shell-1194\chrome-win\headless_shell.exe
    ╔═════════════════════════════════════════════════════════════════════════╗
    ║ Looks like Playwright Test or Playwright was just installed or updated. ║
    ║ Please run the following command to download new browsers:              ║
    ║                                                                         ║
    ║     npx playwright install                                              ║
    ║                                                                         ║
    ║ <3 Playwright Team                                                      ║
    ╚═════════════════════════════════════════════════════════════════════════╝

    attachment #1: trace (application/zip) ─────────────────────────────────────────────────────────
    ..\..\test-results\security-Security-should-not-expose-user-enumeration-Desktop-Chrome\trace.zip
    Usage:

        npx playwright show-trace ..\..\test-results\security-Security-should-not-expose-user-enumeration-Desktop-Chrome\trace.zip

    ────────────────────────────────────────────────────────────────────────────────────────────────
]]>
</failure>
<system-out>
<![CDATA[
[[ATTACHMENT|security-Security-should-not-expose-user-enumeration-Desktop-Chrome\trace.zip]]
]]>
</system-out>
</testcase>
<testcase name="Security › should use secure HTTPS connections" classname="security.spec.ts" time="0.026">
<failure message="security.spec.ts:158:3 should use secure HTTPS connections" type="FAILURE">
<![CDATA[  [Desktop Chrome] › security.spec.ts:158:3 › Security › should use secure HTTPS connections ───────

    Error: browserType.launch: Executable doesn't exist at C:\Users\tomto\AppData\Local\ms-playwright\chromium_headless_shell-1194\chrome-win\headless_shell.exe
    ╔═════════════════════════════════════════════════════════════════════════╗
    ║ Looks like Playwright Test or Playwright was just installed or updated. ║
    ║ Please run the following command to download new browsers:              ║
    ║                                                                         ║
    ║     npx playwright install                                              ║
    ║                                                                         ║
    ║ <3 Playwright Team                                                      ║
    ╚═════════════════════════════════════════════════════════════════════════╝

    attachment #1: trace (application/zip) ─────────────────────────────────────────────────────────
    ..\..\test-results\security-Security-should-use-secure-HTTPS-connections-Desktop-Chrome\trace.zip
    Usage:

        npx playwright show-trace ..\..\test-results\security-Security-should-use-secure-HTTPS-connections-Desktop-Chrome\trace.zip

    ────────────────────────────────────────────────────────────────────────────────────────────────
]]>
</failure>
<system-out>
<![CDATA[
[[ATTACHMENT|security-Security-should-use-secure-HTTPS-connections-Desktop-Chrome\trace.zip]]
]]>
</system-out>
</testcase>
<testcase name="Security › should implement Content Security Policy" classname="security.spec.ts" time="0.015">
<failure message="security.spec.ts:172:3 should implement Content Security Policy" type="FAILURE">
<![CDATA[  [Desktop Chrome] › security.spec.ts:172:3 › Security › should implement Content Security Policy ──

    Error: browserType.launch: Executable doesn't exist at C:\Users\tomto\AppData\Local\ms-playwright\chromium_headless_shell-1194\chrome-win\headless_shell.exe
    ╔═════════════════════════════════════════════════════════════════════════╗
    ║ Looks like Playwright Test or Playwright was just installed or updated. ║
    ║ Please run the following command to download new browsers:              ║
    ║                                                                         ║
    ║     npx playwright install                                              ║
    ║                                                                         ║
    ║ <3 Playwright Team                                                      ║
    ╚═════════════════════════════════════════════════════════════════════════╝

    attachment #1: trace (application/zip) ─────────────────────────────────────────────────────────
    ..\..\test-results\security-Security-should-implement-Content-Security-Policy-Desktop-Chrome\trace.zip
    Usage:

        npx playwright show-trace ..\..\test-results\security-Security-should-implement-Content-Security-Policy-Desktop-Chrome\trace.zip

    ────────────────────────────────────────────────────────────────────────────────────────────────
]]>
</failure>
<system-out>
<![CDATA[
[[ATTACHMENT|security-Security-should-implement-Content-Security-Policy-Desktop-Chrome\trace.zip]]
]]>
</system-out>
</testcase>
<testcase name="Security › should sanitize file uploads" classname="security.spec.ts" time="0.013">
<failure message="security.spec.ts:183:3 should sanitize file uploads" type="FAILURE">
<![CDATA[  [Desktop Chrome] › security.spec.ts:183:3 › Security › should sanitize file uploads ──────────────

    Error: browserType.launch: Executable doesn't exist at C:\Users\tomto\AppData\Local\ms-playwright\chromium_headless_shell-1194\chrome-win\headless_shell.exe
    ╔═════════════════════════════════════════════════════════════════════════╗
    ║ Looks like Playwright Test or Playwright was just installed or updated. ║
    ║ Please run the following command to download new browsers:              ║
    ║                                                                         ║
    ║     npx playwright install                                              ║
    ║                                                                         ║
    ║ <3 Playwright Team                                                      ║
    ╚═════════════════════════════════════════════════════════════════════════╝

    attachment #1: trace (application/zip) ─────────────────────────────────────────────────────────
    ..\..\test-results\security-Security-should-sanitize-file-uploads-Desktop-Chrome\trace.zip
    Usage:

        npx playwright show-trace ..\..\test-results\security-Security-should-sanitize-file-uploads-Desktop-Chrome\trace.zip

    ────────────────────────────────────────────────────────────────────────────────────────────────
]]>
</failure>
<system-out>
<![CDATA[
[[ATTACHMENT|security-Security-should-sanitize-file-uploads-Desktop-Chrome\trace.zip]]
]]>
</system-out>
</testcase>
<testcase name="Security › should implement secure session timeout" classname="security.spec.ts" time="0.036">
<failure message="security.spec.ts:199:3 should implement secure session timeout" type="FAILURE">
<![CDATA[  [Desktop Chrome] › security.spec.ts:199:3 › Security › should implement secure session timeout ───

    Error: browserType.launch: Executable doesn't exist at C:\Users\tomto\AppData\Local\ms-playwright\chromium_headless_shell-1194\chrome-win\headless_shell.exe
    ╔═════════════════════════════════════════════════════════════════════════╗
    ║ Looks like Playwright Test or Playwright was just installed or updated. ║
    ║ Please run the following command to download new browsers:              ║
    ║                                                                         ║
    ║     npx playwright install                                              ║
    ║                                                                         ║
    ║ <3 Playwright Team                                                      ║
    ╚═════════════════════════════════════════════════════════════════════════╝

    attachment #1: trace (application/zip) ─────────────────────────────────────────────────────────
    ..\..\test-results\security-Security-should-implement-secure-session-timeout-Desktop-Chrome\trace.zip
    Usage:

        npx playwright show-trace ..\..\test-results\security-Security-should-implement-secure-session-timeout-Desktop-Chrome\trace.zip

    ────────────────────────────────────────────────────────────────────────────────────────────────
]]>
</failure>
<system-out>
<![CDATA[
[[ATTACHMENT|security-Security-should-implement-secure-session-timeout-Desktop-Chrome\trace.zip]]
]]>
</system-out>
</testcase>
<testcase name="Security › should prevent signup with leaked passwords" classname="security.spec.ts" time="0.019">
<failure message="security.spec.ts:222:3 should prevent signup with leaked passwords" type="FAILURE">
<![CDATA[  [Desktop Chrome] › security.spec.ts:222:3 › Security › should prevent signup with leaked passwords 

    Error: browserType.launch: Executable doesn't exist at C:\Users\tomto\AppData\Local\ms-playwright\chromium_headless_shell-1194\chrome-win\headless_shell.exe
    ╔═════════════════════════════════════════════════════════════════════════╗
    ║ Looks like Playwright Test or Playwright was just installed or updated. ║
    ║ Please run the following command to download new browsers:              ║
    ║                                                                         ║
    ║     npx playwright install                                              ║
    ║                                                                         ║
    ║ <3 Playwright Team                                                      ║
    ╚═════════════════════════════════════════════════════════════════════════╝

    attachment #1: trace (application/zip) ─────────────────────────────────────────────────────────
    ..\..\test-results\security-Security-should-p-95c50-ignup-with-leaked-passwords-Desktop-Chrome\trace.zip
    Usage:

        npx playwright show-trace ..\..\test-results\security-Security-should-p-95c50-ignup-with-leaked-passwords-Desktop-Chrome\trace.zip

    ────────────────────────────────────────────────────────────────────────────────────────────────
]]>
</failure>
<system-out>
<![CDATA[
[[ATTACHMENT|security-Security-should-p-95c50-ignup-with-leaked-passwords-Desktop-Chrome\trace.zip]]
]]>
</system-out>
</testcase>
<testcase name="Security › should enforce medical data consent" classname="security.spec.ts" time="0.019">
<failure message="security.spec.ts:240:3 should enforce medical data consent" type="FAILURE">
<![CDATA[  [Desktop Chrome] › security.spec.ts:240:3 › Security › should enforce medical data consent ───────

    Error: browserType.launch: Executable doesn't exist at C:\Users\tomto\AppData\Local\ms-playwright\chromium_headless_shell-1194\chrome-win\headless_shell.exe
    ╔═════════════════════════════════════════════════════════════════════════╗
    ║ Looks like Playwright Test or Playwright was just installed or updated. ║
    ║ Please run the following command to download new browsers:              ║
    ║                                                                         ║
    ║     npx playwright install                                              ║
    ║                                                                         ║
    ║ <3 Playwright Team                                                      ║
    ╚═════════════════════════════════════════════════════════════════════════╝

    attachment #1: trace (application/zip) ─────────────────────────────────────────────────────────
    ..\..\test-results\security-Security-should-enforce-medical-data-consent-Desktop-Chrome\trace.zip
    Usage:

        npx playwright show-trace ..\..\test-results\security-Security-should-enforce-medical-data-consent-Desktop-Chrome\trace.zip

    ────────────────────────────────────────────────────────────────────────────────────────────────
]]>
</failure>
<system-out>
<![CDATA[
[[ATTACHMENT|security-Security-should-enforce-medical-data-consent-Desktop-Chrome\trace.zip]]
]]>
</system-out>
</testcase>
<testcase name="Security › should rate limit calendar token access" classname="security.spec.ts" time="0.016">
<failure message="security.spec.ts:260:3 should rate limit calendar token access" type="FAILURE">
<![CDATA[  [Desktop Chrome] › security.spec.ts:260:3 › Security › should rate limit calendar token access ───

    Error: browserType.launch: Executable doesn't exist at C:\Users\tomto\AppData\Local\ms-playwright\chromium_headless_shell-1194\chrome-win\headless_shell.exe
    ╔═════════════════════════════════════════════════════════════════════════╗
    ║ Looks like Playwright Test or Playwright was just installed or updated. ║
    ║ Please run the following command to download new browsers:              ║
    ║                                                                         ║
    ║     npx playwright install                                              ║
    ║                                                                         ║
    ║ <3 Playwright Team                                                      ║
    ╚═════════════════════════════════════════════════════════════════════════╝

    attachment #1: trace (application/zip) ─────────────────────────────────────────────────────────
    ..\..\test-results\security-Security-should-rate-limit-calendar-token-access-Desktop-Chrome\trace.zip
    Usage:

        npx playwright show-trace ..\..\test-results\security-Security-should-rate-limit-calendar-token-access-Desktop-Chrome\trace.zip

    ────────────────────────────────────────────────────────────────────────────────────────────────
]]>
</failure>
<system-out>
<![CDATA[
[[ATTACHMENT|security-Security-should-rate-limit-calendar-token-access-Desktop-Chrome\trace.zip]]
]]>
</system-out>
</testcase>
<testcase name="Security › should audit SECURITY DEFINER function calls" classname="security.spec.ts" time="0.021">
<failure message="security.spec.ts:276:3 should audit SECURITY DEFINER function calls" type="FAILURE">
<![CDATA[  [Desktop Chrome] › security.spec.ts:276:3 › Security › should audit SECURITY DEFINER function calls 

    Error: browserType.launch: Executable doesn't exist at C:\Users\tomto\AppData\Local\ms-playwright\chromium_headless_shell-1194\chrome-win\headless_shell.exe
    ╔═════════════════════════════════════════════════════════════════════════╗
    ║ Looks like Playwright Test or Playwright was just installed or updated. ║
    ║ Please run the following command to download new browsers:              ║
    ║                                                                         ║
    ║     npx playwright install                                              ║
    ║                                                                         ║
    ║ <3 Playwright Team                                                      ║
    ╚═════════════════════════════════════════════════════════════════════════╝

    attachment #1: trace (application/zip) ─────────────────────────────────────────────────────────
    ..\..\test-results\security-Security-should-a-e3f19-RITY-DEFINER-function-calls-Desktop-Chrome\trace.zip
    Usage:

        npx playwright show-trace ..\..\test-results\security-Security-should-a-e3f19-RITY-DEFINER-function-calls-Desktop-Chrome\trace.zip

    ────────────────────────────────────────────────────────────────────────────────────────────────
]]>
</failure>
<system-out>
<![CDATA[
[[ATTACHMENT|security-Security-should-a-e3f19-RITY-DEFINER-function-calls-Desktop-Chrome\trace.zip]]
]]>
</system-out>
</testcase>
<testcase name="Security › should protect admin security dashboard" classname="security.spec.ts" time="0.014">
<failure message="security.spec.ts:298:3 should protect admin security dashboard" type="FAILURE">
<![CDATA[  [Desktop Chrome] › security.spec.ts:298:3 › Security › should protect admin security dashboard ───

    Error: browserType.launch: Executable doesn't exist at C:\Users\tomto\AppData\Local\ms-playwright\chromium_headless_shell-1194\chrome-win\headless_shell.exe
    ╔═════════════════════════════════════════════════════════════════════════╗
    ║ Looks like Playwright Test or Playwright was just installed or updated. ║
    ║ Please run the following command to download new browsers:              ║
    ║                                                                         ║
    ║     npx playwright install                                              ║
    ║                                                                         ║
    ║ <3 Playwright Team                                                      ║
    ╚═════════════════════════════════════════════════════════════════════════╝

    attachment #1: trace (application/zip) ─────────────────────────────────────────────────────────
    ..\..\test-results\security-Security-should-protect-admin-security-dashboard-Desktop-Chrome\trace.zip
    Usage:

        npx playwright show-trace ..\..\test-results\security-Security-should-protect-admin-security-dashboard-Desktop-Chrome\trace.zip

    ────────────────────────────────────────────────────────────────────────────────────────────────
]]>
</failure>
<system-out>
<![CDATA[
[[ATTACHMENT|security-Security-should-protect-admin-security-dashboard-Desktop-Chrome\trace.zip]]
]]>
</system-out>
</testcase>
<testcase name="Security › should display security health metrics" classname="security.spec.ts" time="0.015">
<failure message="security.spec.ts:314:3 should display security health metrics" type="FAILURE">
<![CDATA[  [Desktop Chrome] › security.spec.ts:314:3 › Security › should display security health metrics ────

    Error: browserType.launch: Executable doesn't exist at C:\Users\tomto\AppData\Local\ms-playwright\chromium_headless_shell-1194\chrome-win\headless_shell.exe
    ╔═════════════════════════════════════════════════════════════════════════╗
    ║ Looks like Playwright Test or Playwright was just installed or updated. ║
    ║ Please run the following command to download new browsers:              ║
    ║                                                                         ║
    ║     npx playwright install                                              ║
    ║                                                                         ║
    ║ <3 Playwright Team                                                      ║
    ╚═════════════════════════════════════════════════════════════════════════╝

    attachment #1: trace (application/zip) ─────────────────────────────────────────────────────────
    ..\..\test-results\security-Security-should-display-security-health-metrics-Desktop-Chrome\trace.zip
    Usage:

        npx playwright show-trace ..\..\test-results\security-Security-should-display-security-health-metrics-Desktop-Chrome\trace.zip

    ────────────────────────────────────────────────────────────────────────────────────────────────
]]>
</failure>
<system-out>
<![CDATA[
[[ATTACHMENT|security-Security-should-display-security-health-metrics-Desktop-Chrome\trace.zip]]
]]>
</system-out>
</testcase>
</testsuite>
<testsuite name="system-health.spec.ts" timestamp="2025-11-02T17:37:24.527Z" hostname="Desktop Chrome" tests="15" failures="15" skipped="0" time="0.286" errors="0">
<testcase name="System Health Monitoring › should not have console errors on main pages" classname="system-health.spec.ts" time="0.016">
<failure message="system-health.spec.ts:17:3 should not have console errors on main pages" type="FAILURE">
<![CDATA[  [Desktop Chrome] › system-health.spec.ts:17:3 › System Health Monitoring › should not have console errors on main pages 

    Error: browserType.launch: Executable doesn't exist at C:\Users\tomto\AppData\Local\ms-playwright\chromium_headless_shell-1194\chrome-win\headless_shell.exe
    ╔═════════════════════════════════════════════════════════════════════════╗
    ║ Looks like Playwright Test or Playwright was just installed or updated. ║
    ║ Please run the following command to download new browsers:              ║
    ║                                                                         ║
    ║     npx playwright install                                              ║
    ║                                                                         ║
    ║ <3 Playwright Team                                                      ║
    ╚═════════════════════════════════════════════════════════════════════════╝

    attachment #1: trace (application/zip) ─────────────────────────────────────────────────────────
    ..\..\test-results\system-health-System-Healt-fc659-onsole-errors-on-main-pages-Desktop-Chrome\trace.zip
    Usage:

        npx playwright show-trace ..\..\test-results\system-health-System-Healt-fc659-onsole-errors-on-main-pages-Desktop-Chrome\trace.zip

    ────────────────────────────────────────────────────────────────────────────────────────────────
]]>
</failure>
<system-out>
<![CDATA[
[[ATTACHMENT|system-health-System-Healt-fc659-onsole-errors-on-main-pages-Desktop-Chrome\trace.zip]]
]]>
</system-out>
</testcase>
<testcase name="System Health Monitoring › should not have failed network requests" classname="system-health.spec.ts" time="0.009">
<failure message="system-health.spec.ts:55:3 should not have failed network requests" type="FAILURE">
<![CDATA[  [Desktop Chrome] › system-health.spec.ts:55:3 › System Health Monitoring › should not have failed network requests 

    Error: browserType.launch: Executable doesn't exist at C:\Users\tomto\AppData\Local\ms-playwright\chromium_headless_shell-1194\chrome-win\headless_shell.exe
    ╔═════════════════════════════════════════════════════════════════════════╗
    ║ Looks like Playwright Test or Playwright was just installed or updated. ║
    ║ Please run the following command to download new browsers:              ║
    ║                                                                         ║
    ║     npx playwright install                                              ║
    ║                                                                         ║
    ║ <3 Playwright Team                                                      ║
    ╚═════════════════════════════════════════════════════════════════════════╝

    attachment #1: trace (application/zip) ─────────────────────────────────────────────────────────
    ..\..\test-results\system-health-System-Healt-9a7bf-ave-failed-network-requests-Desktop-Chrome\trace.zip
    Usage:

        npx playwright show-trace ..\..\test-results\system-health-System-Healt-9a7bf-ave-failed-network-requests-Desktop-Chrome\trace.zip

    ────────────────────────────────────────────────────────────────────────────────────────────────
]]>
</failure>
<system-out>
<![CDATA[
[[ATTACHMENT|system-health-System-Healt-9a7bf-ave-failed-network-requests-Desktop-Chrome\trace.zip]]
]]>
</system-out>
</testcase>
<testcase name="System Health Monitoring › should handle network disconnection gracefully" classname="system-health.spec.ts" time="0.018">
<failure message="system-health.spec.ts:78:3 should handle network disconnection gracefully" type="FAILURE">
<![CDATA[  [Desktop Chrome] › system-health.spec.ts:78:3 › System Health Monitoring › should handle network disconnection gracefully 

    Error: browserType.launch: Executable doesn't exist at C:\Users\tomto\AppData\Local\ms-playwright\chromium_headless_shell-1194\chrome-win\headless_shell.exe
    ╔═════════════════════════════════════════════════════════════════════════╗
    ║ Looks like Playwright Test or Playwright was just installed or updated. ║
    ║ Please run the following command to download new browsers:              ║
    ║                                                                         ║
    ║     npx playwright install                                              ║
    ║                                                                         ║
    ║ <3 Playwright Team                                                      ║
    ╚═════════════════════════════════════════════════════════════════════════╝

    attachment #1: trace (application/zip) ─────────────────────────────────────────────────────────
    ..\..\test-results\system-health-System-Healt-5a04b-rk-disconnection-gracefully-Desktop-Chrome\trace.zip
    Usage:

        npx playwright show-trace ..\..\test-results\system-health-System-Healt-5a04b-rk-disconnection-gracefully-Desktop-Chrome\trace.zip

    ────────────────────────────────────────────────────────────────────────────────────────────────
]]>
</failure>
<system-out>
<![CDATA[
[[ATTACHMENT|system-health-System-Healt-5a04b-rk-disconnection-gracefully-Desktop-Chrome\trace.zip]]
]]>
</system-out>
</testcase>
<testcase name="System Health Monitoring › should not have memory leaks on rapid navigation" classname="system-health.spec.ts" time="0.022">
<failure message="system-health.spec.ts:110:3 should not have memory leaks on rapid navigation" type="FAILURE">
<![CDATA[  [Desktop Chrome] › system-health.spec.ts:110:3 › System Health Monitoring › should not have memory leaks on rapid navigation 

    Error: browserType.launch: Executable doesn't exist at C:\Users\tomto\AppData\Local\ms-playwright\chromium_headless_shell-1194\chrome-win\headless_shell.exe
    ╔═════════════════════════════════════════════════════════════════════════╗
    ║ Looks like Playwright Test or Playwright was just installed or updated. ║
    ║ Please run the following command to download new browsers:              ║
    ║                                                                         ║
    ║     npx playwright install                                              ║
    ║                                                                         ║
    ║ <3 Playwright Team                                                      ║
    ╚═════════════════════════════════════════════════════════════════════════╝

    attachment #1: trace (application/zip) ─────────────────────────────────────────────────────────
    ..\..\test-results\system-health-System-Healt-f5ada-y-leaks-on-rapid-navigation-Desktop-Chrome\trace.zip
    Usage:

        npx playwright show-trace ..\..\test-results\system-health-System-Healt-f5ada-y-leaks-on-rapid-navigation-Desktop-Chrome\trace.zip

    ────────────────────────────────────────────────────────────────────────────────────────────────
]]>
</failure>
<system-out>
<![CDATA[
[[ATTACHMENT|system-health-System-Healt-f5ada-y-leaks-on-rapid-navigation-Desktop-Chrome\trace.zip]]
]]>
</system-out>
</testcase>
<testcase name="System Health Monitoring › should load all critical resources" classname="system-health.spec.ts" time="0.022">
<failure message="system-health.spec.ts:128:3 should load all critical resources" type="FAILURE">
<![CDATA[  [Desktop Chrome] › system-health.spec.ts:128:3 › System Health Monitoring › should load all critical resources 

    Error: browserType.launch: Executable doesn't exist at C:\Users\tomto\AppData\Local\ms-playwright\chromium_headless_shell-1194\chrome-win\headless_shell.exe
    ╔═════════════════════════════════════════════════════════════════════════╗
    ║ Looks like Playwright Test or Playwright was just installed or updated. ║
    ║ Please run the following command to download new browsers:              ║
    ║                                                                         ║
    ║     npx playwright install                                              ║
    ║                                                                         ║
    ║ <3 Playwright Team                                                      ║
    ╚═════════════════════════════════════════════════════════════════════════╝

    attachment #1: trace (application/zip) ─────────────────────────────────────────────────────────
    ..\..\test-results\system-health-System-Healt-534c3-load-all-critical-resources-Desktop-Chrome\trace.zip
    Usage:

        npx playwright show-trace ..\..\test-results\system-health-System-Healt-534c3-load-all-critical-resources-Desktop-Chrome\trace.zip

    ────────────────────────────────────────────────────────────────────────────────────────────────
]]>
</failure>
<system-out>
<![CDATA[
[[ATTACHMENT|system-health-System-Healt-534c3-load-all-critical-resources-Desktop-Chrome\trace.zip]]
]]>
</system-out>
</testcase>
<testcase name="System Health Monitoring › should not have unhandled promise rejections" classname="system-health.spec.ts" time="0.037">
<failure message="system-health.spec.ts:148:3 should not have unhandled promise rejections" type="FAILURE">
<![CDATA[  [Desktop Chrome] › system-health.spec.ts:148:3 › System Health Monitoring › should not have unhandled promise rejections 

    Error: browserType.launch: Executable doesn't exist at C:\Users\tomto\AppData\Local\ms-playwright\chromium_headless_shell-1194\chrome-win\headless_shell.exe
    ╔═════════════════════════════════════════════════════════════════════════╗
    ║ Looks like Playwright Test or Playwright was just installed or updated. ║
    ║ Please run the following command to download new browsers:              ║
    ║                                                                         ║
    ║     npx playwright install                                              ║
    ║                                                                         ║
    ║ <3 Playwright Team                                                      ║
    ╚═════════════════════════════════════════════════════════════════════════╝

    attachment #1: trace (application/zip) ─────────────────────────────────────────────────────────
    ..\..\test-results\system-health-System-Healt-f16d1-nhandled-promise-rejections-Desktop-Chrome\trace.zip
    Usage:

        npx playwright show-trace ..\..\test-results\system-health-System-Healt-f16d1-nhandled-promise-rejections-Desktop-Chrome\trace.zip

    ────────────────────────────────────────────────────────────────────────────────────────────────
]]>
</failure>
<system-out>
<![CDATA[
[[ATTACHMENT|system-health-System-Healt-f16d1-nhandled-promise-rejections-Desktop-Chrome\trace.zip]]
]]>
</system-out>
</testcase>
<testcase name="System Health Monitoring › should maintain session across page refreshes" classname="system-health.spec.ts" time="0.02">
<failure message="system-health.spec.ts:168:3 should maintain session across page refreshes" type="FAILURE">
<![CDATA[  [Desktop Chrome] › system-health.spec.ts:168:3 › System Health Monitoring › should maintain session across page refreshes 

    Error: browserType.launch: Executable doesn't exist at C:\Users\tomto\AppData\Local\ms-playwright\chromium_headless_shell-1194\chrome-win\headless_shell.exe
    ╔═════════════════════════════════════════════════════════════════════════╗
    ║ Looks like Playwright Test or Playwright was just installed or updated. ║
    ║ Please run the following command to download new browsers:              ║
    ║                                                                         ║
    ║     npx playwright install                                              ║
    ║                                                                         ║
    ║ <3 Playwright Team                                                      ║
    ╚═════════════════════════════════════════════════════════════════════════╝

    attachment #1: trace (application/zip) ─────────────────────────────────────────────────────────
    ..\..\test-results\system-health-System-Healt-9025c-ssion-across-page-refreshes-Desktop-Chrome\trace.zip
    Usage:

        npx playwright show-trace ..\..\test-results\system-health-System-Healt-9025c-ssion-across-page-refreshes-Desktop-Chrome\trace.zip

    ────────────────────────────────────────────────────────────────────────────────────────────────
]]>
</failure>
<system-out>
<![CDATA[
[[ATTACHMENT|system-health-System-Healt-9025c-ssion-across-page-refreshes-Desktop-Chrome\trace.zip]]
]]>
</system-out>
</testcase>
<testcase name="System Health Monitoring › should handle rapid button clicks without errors" classname="system-health.spec.ts" time="0.022">
<failure message="system-health.spec.ts:180:3 should handle rapid button clicks without errors" type="FAILURE">
<![CDATA[  [Desktop Chrome] › system-health.spec.ts:180:3 › System Health Monitoring › should handle rapid button clicks without errors 

    Error: browserType.launch: Executable doesn't exist at C:\Users\tomto\AppData\Local\ms-playwright\chromium_headless_shell-1194\chrome-win\headless_shell.exe
    ╔═════════════════════════════════════════════════════════════════════════╗
    ║ Looks like Playwright Test or Playwright was just installed or updated. ║
    ║ Please run the following command to download new browsers:              ║
    ║                                                                         ║
    ║     npx playwright install                                              ║
    ║                                                                         ║
    ║ <3 Playwright Team                                                      ║
    ╚═════════════════════════════════════════════════════════════════════════╝

    attachment #1: trace (application/zip) ─────────────────────────────────────────────────────────
    ..\..\test-results\system-health-System-Healt-4e39c-utton-clicks-without-errors-Desktop-Chrome\trace.zip
    Usage:

        npx playwright show-trace ..\..\test-results\system-health-System-Healt-4e39c-utton-clicks-without-errors-Desktop-Chrome\trace.zip

    ────────────────────────────────────────────────────────────────────────────────────────────────
]]>
</failure>
<system-out>
<![CDATA[
[[ATTACHMENT|system-health-System-Healt-4e39c-utton-clicks-without-errors-Desktop-Chrome\trace.zip]]
]]>
</system-out>
</testcase>
<testcase name="System Health Monitoring › should recover from API errors" classname="system-health.spec.ts" time="0.014">
<failure message="system-health.spec.ts:201:3 should recover from API errors" type="FAILURE">
<![CDATA[  [Desktop Chrome] › system-health.spec.ts:201:3 › System Health Monitoring › should recover from API errors 

    Error: browserType.launch: Executable doesn't exist at C:\Users\tomto\AppData\Local\ms-playwright\chromium_headless_shell-1194\chrome-win\headless_shell.exe
    ╔═════════════════════════════════════════════════════════════════════════╗
    ║ Looks like Playwright Test or Playwright was just installed or updated. ║
    ║ Please run the following command to download new browsers:              ║
    ║                                                                         ║
    ║     npx playwright install                                              ║
    ║                                                                         ║
    ║ <3 Playwright Team                                                      ║
    ╚═════════════════════════════════════════════════════════════════════════╝

    attachment #1: trace (application/zip) ─────────────────────────────────────────────────────────
    ..\..\test-results\system-health-System-Healt-49303-uld-recover-from-API-errors-Desktop-Chrome\trace.zip
    Usage:

        npx playwright show-trace ..\..\test-results\system-health-System-Healt-49303-uld-recover-from-API-errors-Desktop-Chrome\trace.zip

    ────────────────────────────────────────────────────────────────────────────────────────────────
]]>
</failure>
<system-out>
<![CDATA[
[[ATTACHMENT|system-health-System-Healt-49303-uld-recover-from-API-errors-Desktop-Chrome\trace.zip]]
]]>
</system-out>
</testcase>
<testcase name="System Health Monitoring › should have working error boundaries" classname="system-health.spec.ts" time="0.01">
<failure message="system-health.spec.ts:219:3 should have working error boundaries" type="FAILURE">
<![CDATA[  [Desktop Chrome] › system-health.spec.ts:219:3 › System Health Monitoring › should have working error boundaries 

    Error: browserType.launch: Executable doesn't exist at C:\Users\tomto\AppData\Local\ms-playwright\chromium_headless_shell-1194\chrome-win\headless_shell.exe
    ╔═════════════════════════════════════════════════════════════════════════╗
    ║ Looks like Playwright Test or Playwright was just installed or updated. ║
    ║ Please run the following command to download new browsers:              ║
    ║                                                                         ║
    ║     npx playwright install                                              ║
    ║                                                                         ║
    ║ <3 Playwright Team                                                      ║
    ╚═════════════════════════════════════════════════════════════════════════╝

    attachment #1: trace (application/zip) ─────────────────────────────────────────────────────────
    ..\..\test-results\system-health-System-Healt-83856-ve-working-error-boundaries-Desktop-Chrome\trace.zip
    Usage:

        npx playwright show-trace ..\..\test-results\system-health-System-Healt-83856-ve-working-error-boundaries-Desktop-Chrome\trace.zip

    ────────────────────────────────────────────────────────────────────────────────────────────────
]]>
</failure>
<system-out>
<![CDATA[
[[ATTACHMENT|system-health-System-Healt-83856-ve-working-error-boundaries-Desktop-Chrome\trace.zip]]
]]>
</system-out>
</testcase>
<testcase name="Performance Health › should load dashboard within performance budget" classname="system-health.spec.ts" time="0.024">
<failure message="system-health.spec.ts:235:3 should load dashboard within performance budget" type="FAILURE">
<![CDATA[  [Desktop Chrome] › system-health.spec.ts:235:3 › Performance Health › should load dashboard within performance budget 

    Error: browserType.launch: Executable doesn't exist at C:\Users\tomto\AppData\Local\ms-playwright\chromium_headless_shell-1194\chrome-win\headless_shell.exe
    ╔═════════════════════════════════════════════════════════════════════════╗
    ║ Looks like Playwright Test or Playwright was just installed or updated. ║
    ║ Please run the following command to download new browsers:              ║
    ║                                                                         ║
    ║     npx playwright install                                              ║
    ║                                                                         ║
    ║ <3 Playwright Team                                                      ║
    ╚═════════════════════════════════════════════════════════════════════════╝

    attachment #1: trace (application/zip) ─────────────────────────────────────────────────────────
    ..\..\test-results\system-health-Performance--1595b-d-within-performance-budget-Desktop-Chrome\trace.zip
    Usage:

        npx playwright show-trace ..\..\test-results\system-health-Performance--1595b-d-within-performance-budget-Desktop-Chrome\trace.zip

    ────────────────────────────────────────────────────────────────────────────────────────────────
]]>
</failure>
<system-out>
<![CDATA[
[[ATTACHMENT|system-health-Performance--1595b-d-within-performance-budget-Desktop-Chrome\trace.zip]]
]]>
</system-out>
</testcase>
<testcase name="Performance Health › should not have long tasks blocking the UI" classname="system-health.spec.ts" time="0.015">
<failure message="system-health.spec.ts:246:3 should not have long tasks blocking the UI" type="FAILURE">
<![CDATA[  [Desktop Chrome] › system-health.spec.ts:246:3 › Performance Health › should not have long tasks blocking the UI 

    Error: browserType.launch: Executable doesn't exist at C:\Users\tomto\AppData\Local\ms-playwright\chromium_headless_shell-1194\chrome-win\headless_shell.exe
    ╔═════════════════════════════════════════════════════════════════════════╗
    ║ Looks like Playwright Test or Playwright was just installed or updated. ║
    ║ Please run the following command to download new browsers:              ║
    ║                                                                         ║
    ║     npx playwright install                                              ║
    ║                                                                         ║
    ║ <3 Playwright Team                                                      ║
    ╚═════════════════════════════════════════════════════════════════════════╝

    attachment #1: trace (application/zip) ─────────────────────────────────────────────────────────
    ..\..\test-results\system-health-Performance--9681a--long-tasks-blocking-the-UI-Desktop-Chrome\trace.zip
    Usage:

        npx playwright show-trace ..\..\test-results\system-health-Performance--9681a--long-tasks-blocking-the-UI-Desktop-Chrome\trace.zip

    ────────────────────────────────────────────────────────────────────────────────────────────────
]]>
</failure>
<system-out>
<![CDATA[
[[ATTACHMENT|system-health-Performance--9681a--long-tasks-blocking-the-UI-Desktop-Chrome\trace.zip]]
]]>
</system-out>
</testcase>
<testcase name="Performance Health › should not have layout shifts on page load" classname="system-health.spec.ts" time="0.016">
<failure message="system-health.spec.ts:272:3 should not have layout shifts on page load" type="FAILURE">
<![CDATA[  [Desktop Chrome] › system-health.spec.ts:272:3 › Performance Health › should not have layout shifts on page load 

    Error: browserType.launch: Executable doesn't exist at C:\Users\tomto\AppData\Local\ms-playwright\chromium_headless_shell-1194\chrome-win\headless_shell.exe
    ╔═════════════════════════════════════════════════════════════════════════╗
    ║ Looks like Playwright Test or Playwright was just installed or updated. ║
    ║ Please run the following command to download new browsers:              ║
    ║                                                                         ║
    ║     npx playwright install                                              ║
    ║                                                                         ║
    ║ <3 Playwright Team                                                      ║
    ╚═════════════════════════════════════════════════════════════════════════╝

    attachment #1: trace (application/zip) ─────────────────────────────────────────────────────────
    ..\..\test-results\system-health-Performance--15cf8--layout-shifts-on-page-load-Desktop-Chrome\trace.zip
    Usage:

        npx playwright show-trace ..\..\test-results\system-health-Performance--15cf8--layout-shifts-on-page-load-Desktop-Chrome\trace.zip

    ────────────────────────────────────────────────────────────────────────────────────────────────
]]>
</failure>
<system-out>
<![CDATA[
[[ATTACHMENT|system-health-Performance--15cf8--layout-shifts-on-page-load-Desktop-Chrome\trace.zip]]
]]>
</system-out>
</testcase>
<testcase name="Data Integrity › should not lose form data on navigation" classname="system-health.spec.ts" time="0.018">
<failure message="system-health.spec.ts:300:3 should not lose form data on navigation" type="FAILURE">
<![CDATA[  [Desktop Chrome] › system-health.spec.ts:300:3 › Data Integrity › should not lose form data on navigation 

    Error: browserType.launch: Executable doesn't exist at C:\Users\tomto\AppData\Local\ms-playwright\chromium_headless_shell-1194\chrome-win\headless_shell.exe
    ╔═════════════════════════════════════════════════════════════════════════╗
    ║ Looks like Playwright Test or Playwright was just installed or updated. ║
    ║ Please run the following command to download new browsers:              ║
    ║                                                                         ║
    ║     npx playwright install                                              ║
    ║                                                                         ║
    ║ <3 Playwright Team                                                      ║
    ╚═════════════════════════════════════════════════════════════════════════╝

    attachment #1: trace (application/zip) ─────────────────────────────────────────────────────────
    ..\..\test-results\system-health-Data-Integri-72d86-ose-form-data-on-navigation-Desktop-Chrome\trace.zip
    Usage:

        npx playwright show-trace ..\..\test-results\system-health-Data-Integri-72d86-ose-form-data-on-navigation-Desktop-Chrome\trace.zip

    ────────────────────────────────────────────────────────────────────────────────────────────────
]]>
</failure>
<system-out>
<![CDATA[
[[ATTACHMENT|system-health-Data-Integri-72d86-ose-form-data-on-navigation-Desktop-Chrome\trace.zip]]
]]>
</system-out>
</testcase>
<testcase name="Data Integrity › should maintain filter state during pagination" classname="system-health.spec.ts" time="0.023">
<failure message="system-health.spec.ts:324:3 should maintain filter state during pagination" type="FAILURE">
<![CDATA[  [Desktop Chrome] › system-health.spec.ts:324:3 › Data Integrity › should maintain filter state during pagination 

    Error: browserType.launch: Executable doesn't exist at C:\Users\tomto\AppData\Local\ms-playwright\chromium_headless_shell-1194\chrome-win\headless_shell.exe
    ╔═════════════════════════════════════════════════════════════════════════╗
    ║ Looks like Playwright Test or Playwright was just installed or updated. ║
    ║ Please run the following command to download new browsers:              ║
    ║                                                                         ║
    ║     npx playwright install                                              ║
    ║                                                                         ║
    ║ <3 Playwright Team                                                      ║
    ╚═════════════════════════════════════════════════════════════════════════╝

    attachment #1: trace (application/zip) ─────────────────────────────────────────────────────────
    ..\..\test-results\system-health-Data-Integri-65f46-ter-state-during-pagination-Desktop-Chrome\trace.zip
    Usage:

        npx playwright show-trace ..\..\test-results\system-health-Data-Integri-65f46-ter-state-during-pagination-Desktop-Chrome\trace.zip

    ────────────────────────────────────────────────────────────────────────────────────────────────
]]>
</failure>
<system-out>
<![CDATA[
[[ATTACHMENT|system-health-Data-Integri-65f46-ter-state-during-pagination-Desktop-Chrome\trace.zip]]
]]>
</system-out>
</testcase>
</testsuite>
<testsuite name="tap-targets.spec.ts" timestamp="2025-11-02T17:37:24.527Z" hostname="Desktop Chrome" tests="8" failures="8" skipped="0" time="0.106" errors="0">
<testcase name="Tap Target Size Compliance › all buttons meet 44x44px minimum on mobile" classname="tap-targets.spec.ts" time="0.011">
<failure message="tap-targets.spec.ts:4:3 all buttons meet 44x44px minimum on mobile" type="FAILURE">
<![CDATA[  [Desktop Chrome] › tap-targets.spec.ts:4:3 › Tap Target Size Compliance › all buttons meet 44x44px minimum on mobile 

    Error: browserType.launch: Executable doesn't exist at C:\Users\tomto\AppData\Local\ms-playwright\chromium_headless_shell-1194\chrome-win\headless_shell.exe
    ╔═════════════════════════════════════════════════════════════════════════╗
    ║ Looks like Playwright Test or Playwright was just installed or updated. ║
    ║ Please run the following command to download new browsers:              ║
    ║                                                                         ║
    ║     npx playwright install                                              ║
    ║                                                                         ║
    ║ <3 Playwright Team                                                      ║
    ╚═════════════════════════════════════════════════════════════════════════╝

    attachment #1: trace (application/zip) ─────────────────────────────────────────────────────────
    ..\..\test-results\tap-targets-Tap-Target-Siz-60e2d-t-44x44px-minimum-on-mobile-Desktop-Chrome\trace.zip
    Usage:

        npx playwright show-trace ..\..\test-results\tap-targets-Tap-Target-Siz-60e2d-t-44x44px-minimum-on-mobile-Desktop-Chrome\trace.zip

    ────────────────────────────────────────────────────────────────────────────────────────────────
]]>
</failure>
<system-out>
<![CDATA[
[[ATTACHMENT|tap-targets-Tap-Target-Siz-60e2d-t-44x44px-minimum-on-mobile-Desktop-Chrome\trace.zip]]
]]>
</system-out>
</testcase>
<testcase name="Tap Target Size Compliance › sidebar trigger meets minimum size" classname="tap-targets.spec.ts" time="0.015">
<failure message="tap-targets.spec.ts:38:3 sidebar trigger meets minimum size" type="FAILURE">
<![CDATA[  [Desktop Chrome] › tap-targets.spec.ts:38:3 › Tap Target Size Compliance › sidebar trigger meets minimum size 

    Error: browserType.launch: Executable doesn't exist at C:\Users\tomto\AppData\Local\ms-playwright\chromium_headless_shell-1194\chrome-win\headless_shell.exe
    ╔═════════════════════════════════════════════════════════════════════════╗
    ║ Looks like Playwright Test or Playwright was just installed or updated. ║
    ║ Please run the following command to download new browsers:              ║
    ║                                                                         ║
    ║     npx playwright install                                              ║
    ║                                                                         ║
    ║ <3 Playwright Team                                                      ║
    ╚═════════════════════════════════════════════════════════════════════════╝

    attachment #1: trace (application/zip) ─────────────────────────────────────────────────────────
    ..\..\test-results\tap-targets-Tap-Target-Siz-fd7e5--trigger-meets-minimum-size-Desktop-Chrome\trace.zip
    Usage:

        npx playwright show-trace ..\..\test-results\tap-targets-Tap-Target-Siz-fd7e5--trigger-meets-minimum-size-Desktop-Chrome\trace.zip

    ────────────────────────────────────────────────────────────────────────────────────────────────
]]>
</failure>
<system-out>
<![CDATA[
[[ATTACHMENT|tap-targets-Tap-Target-Siz-fd7e5--trigger-meets-minimum-size-Desktop-Chrome\trace.zip]]
]]>
</system-out>
</testcase>
<testcase name="Tap Target Size Compliance › notification bell meets minimum size" classname="tap-targets.spec.ts" time="0.013">
<failure message="tap-targets.spec.ts:51:3 notification bell meets minimum size" type="FAILURE">
<![CDATA[  [Desktop Chrome] › tap-targets.spec.ts:51:3 › Tap Target Size Compliance › notification bell meets minimum size 

    Error: browserType.launch: Executable doesn't exist at C:\Users\tomto\AppData\Local\ms-playwright\chromium_headless_shell-1194\chrome-win\headless_shell.exe
    ╔═════════════════════════════════════════════════════════════════════════╗
    ║ Looks like Playwright Test or Playwright was just installed or updated. ║
    ║ Please run the following command to download new browsers:              ║
    ║                                                                         ║
    ║     npx playwright install                                              ║
    ║                                                                         ║
    ║ <3 Playwright Team                                                      ║
    ╚═════════════════════════════════════════════════════════════════════════╝

    attachment #1: trace (application/zip) ─────────────────────────────────────────────────────────
    ..\..\test-results\tap-targets-Tap-Target-Siz-71b6b-ion-bell-meets-minimum-size-Desktop-Chrome\trace.zip
    Usage:

        npx playwright show-trace ..\..\test-results\tap-targets-Tap-Target-Siz-71b6b-ion-bell-meets-minimum-size-Desktop-Chrome\trace.zip

    ────────────────────────────────────────────────────────────────────────────────────────────────
]]>
</failure>
<system-out>
<![CDATA[
[[ATTACHMENT|tap-targets-Tap-Target-Siz-71b6b-ion-bell-meets-minimum-size-Desktop-Chrome\trace.zip]]
]]>
</system-out>
</testcase>
<testcase name="Tap Target Size Compliance › icon buttons in cards meet minimum size" classname="tap-targets.spec.ts" time="0.017">
<failure message="tap-targets.spec.ts:67:3 icon buttons in cards meet minimum size" type="FAILURE">
<![CDATA[  [Desktop Chrome] › tap-targets.spec.ts:67:3 › Tap Target Size Compliance › icon buttons in cards meet minimum size 

    Error: browserType.launch: Executable doesn't exist at C:\Users\tomto\AppData\Local\ms-playwright\chromium_headless_shell-1194\chrome-win\headless_shell.exe
    ╔═════════════════════════════════════════════════════════════════════════╗
    ║ Looks like Playwright Test or Playwright was just installed or updated. ║
    ║ Please run the following command to download new browsers:              ║
    ║                                                                         ║
    ║     npx playwright install                                              ║
    ║                                                                         ║
    ║ <3 Playwright Team                                                      ║
    ╚═════════════════════════════════════════════════════════════════════════╝

    attachment #1: trace (application/zip) ─────────────────────────────────────────────────────────
    ..\..\test-results\tap-targets-Tap-Target-Siz-7266f--in-cards-meet-minimum-size-Desktop-Chrome\trace.zip
    Usage:

        npx playwright show-trace ..\..\test-results\tap-targets-Tap-Target-Siz-7266f--in-cards-meet-minimum-size-Desktop-Chrome\trace.zip

    ────────────────────────────────────────────────────────────────────────────────────────────────
]]>
</failure>
<system-out>
<![CDATA[
[[ATTACHMENT|tap-targets-Tap-Target-Siz-7266f--in-cards-meet-minimum-size-Desktop-Chrome\trace.zip]]
]]>
</system-out>
</testcase>
<testcase name="Tap Target Size Compliance › mobile nav items have adequate spacing" classname="tap-targets.spec.ts" time="0.014">
<failure message="tap-targets.spec.ts:91:3 mobile nav items have adequate spacing" type="FAILURE">
<![CDATA[  [Desktop Chrome] › tap-targets.spec.ts:91:3 › Tap Target Size Compliance › mobile nav items have adequate spacing 

    Error: browserType.launch: Executable doesn't exist at C:\Users\tomto\AppData\Local\ms-playwright\chromium_headless_shell-1194\chrome-win\headless_shell.exe
    ╔═════════════════════════════════════════════════════════════════════════╗
    ║ Looks like Playwright Test or Playwright was just installed or updated. ║
    ║ Please run the following command to download new browsers:              ║
    ║                                                                         ║
    ║     npx playwright install                                              ║
    ║                                                                         ║
    ║ <3 Playwright Team                                                      ║
    ╚═════════════════════════════════════════════════════════════════════════╝

    attachment #1: trace (application/zip) ─────────────────────────────────────────────────────────
    ..\..\test-results\tap-targets-Tap-Target-Siz-eb307-items-have-adequate-spacing-Desktop-Chrome\trace.zip
    Usage:

        npx playwright show-trace ..\..\test-results\tap-targets-Tap-Target-Siz-eb307-items-have-adequate-spacing-Desktop-Chrome\trace.zip

    ────────────────────────────────────────────────────────────────────────────────────────────────
]]>
</failure>
<system-out>
<![CDATA[
[[ATTACHMENT|tap-targets-Tap-Target-Siz-eb307-items-have-adequate-spacing-Desktop-Chrome\trace.zip]]
]]>
</system-out>
</testcase>
<testcase name="Tap Target Size Compliance › dialog close buttons meet minimum size" classname="tap-targets.spec.ts" time="0.019">
<failure message="tap-targets.spec.ts:114:3 dialog close buttons meet minimum size" type="FAILURE">
<![CDATA[  [Desktop Chrome] › tap-targets.spec.ts:114:3 › Tap Target Size Compliance › dialog close buttons meet minimum size 

    Error: browserType.launch: Executable doesn't exist at C:\Users\tomto\AppData\Local\ms-playwright\chromium_headless_shell-1194\chrome-win\headless_shell.exe
    ╔═════════════════════════════════════════════════════════════════════════╗
    ║ Looks like Playwright Test or Playwright was just installed or updated. ║
    ║ Please run the following command to download new browsers:              ║
    ║                                                                         ║
    ║     npx playwright install                                              ║
    ║                                                                         ║
    ║ <3 Playwright Team                                                      ║
    ╚═════════════════════════════════════════════════════════════════════════╝

    attachment #1: trace (application/zip) ─────────────────────────────────────────────────────────
    ..\..\test-results\tap-targets-Tap-Target-Siz-8052b-e-buttons-meet-minimum-size-Desktop-Chrome\trace.zip
    Usage:

        npx playwright show-trace ..\..\test-results\tap-targets-Tap-Target-Siz-8052b-e-buttons-meet-minimum-size-Desktop-Chrome\trace.zip

    ────────────────────────────────────────────────────────────────────────────────────────────────
]]>
</failure>
<system-out>
<![CDATA[
[[ATTACHMENT|tap-targets-Tap-Target-Siz-8052b-e-buttons-meet-minimum-size-Desktop-Chrome\trace.zip]]
]]>
</system-out>
</testcase>
<testcase name="Tap Target Size Compliance › appointment action buttons have proper spacing" classname="tap-targets.spec.ts" time="0.007">
<failure message="tap-targets.spec.ts:136:3 appointment action buttons have proper spacing" type="FAILURE">
<![CDATA[  [Desktop Chrome] › tap-targets.spec.ts:136:3 › Tap Target Size Compliance › appointment action buttons have proper spacing 

    Error: browserType.launch: Executable doesn't exist at C:\Users\tomto\AppData\Local\ms-playwright\chromium_headless_shell-1194\chrome-win\headless_shell.exe
    ╔═════════════════════════════════════════════════════════════════════════╗
    ║ Looks like Playwright Test or Playwright was just installed or updated. ║
    ║ Please run the following command to download new browsers:              ║
    ║                                                                         ║
    ║     npx playwright install                                              ║
    ║                                                                         ║
    ║ <3 Playwright Team                                                      ║
    ╚═════════════════════════════════════════════════════════════════════════╝

    attachment #1: trace (application/zip) ─────────────────────────────────────────────────────────
    ..\..\test-results\tap-targets-Tap-Target-Siz-08f7b-buttons-have-proper-spacing-Desktop-Chrome\trace.zip
    Usage:

        npx playwright show-trace ..\..\test-results\tap-targets-Tap-Target-Siz-08f7b-buttons-have-proper-spacing-Desktop-Chrome\trace.zip

    ────────────────────────────────────────────────────────────────────────────────────────────────
]]>
</failure>
<system-out>
<![CDATA[
[[ATTACHMENT|tap-targets-Tap-Target-Siz-08f7b-buttons-have-proper-spacing-Desktop-Chrome\trace.zip]]
]]>
</system-out>
</testcase>
<testcase name="Tap Target Size Compliance › all interactive elements meet minimum on tablet" classname="tap-targets.spec.ts" time="0.01">
<failure message="tap-targets.spec.ts:171:3 all interactive elements meet minimum on tablet" type="FAILURE">
<![CDATA[  [Desktop Chrome] › tap-targets.spec.ts:171:3 › Tap Target Size Compliance › all interactive elements meet minimum on tablet 

    Error: browserType.launch: Executable doesn't exist at C:\Users\tomto\AppData\Local\ms-playwright\chromium_headless_shell-1194\chrome-win\headless_shell.exe
    ╔═════════════════════════════════════════════════════════════════════════╗
    ║ Looks like Playwright Test or Playwright was just installed or updated. ║
    ║ Please run the following command to download new browsers:              ║
    ║                                                                         ║
    ║     npx playwright install                                              ║
    ║                                                                         ║
    ║ <3 Playwright Team                                                      ║
    ╚═════════════════════════════════════════════════════════════════════════╝

    attachment #1: trace (application/zip) ─────────────────────────────────────────────────────────
    ..\..\test-results\tap-targets-Tap-Target-Siz-66e8c-ents-meet-minimum-on-tablet-Desktop-Chrome\trace.zip
    Usage:

        npx playwright show-trace ..\..\test-results\tap-targets-Tap-Target-Siz-66e8c-ents-meet-minimum-on-tablet-Desktop-Chrome\trace.zip

    ────────────────────────────────────────────────────────────────────────────────────────────────
]]>
</failure>
<system-out>
<![CDATA[
[[ATTACHMENT|tap-targets-Tap-Target-Siz-66e8c-ents-meet-minimum-on-tablet-Desktop-Chrome\trace.zip]]
]]>
</system-out>
</testcase>
</testsuite>
<testsuite name="ui-consistency.spec.ts" timestamp="2025-11-02T17:37:24.527Z" hostname="Desktop Chrome" tests="16" failures="16" skipped="0" time="0.216" errors="0">
<testcase name="Design System Consistency › primary buttons should have consistent styling" classname="ui-consistency.spec.ts" time="0.011">
<failure message="ui-consistency.spec.ts:21:3 primary buttons should have consistent styling" type="FAILURE">
<![CDATA[  [Desktop Chrome] › ui-consistency.spec.ts:21:3 › Design System Consistency › primary buttons should have consistent styling 

    Error: browserType.launch: Executable doesn't exist at C:\Users\tomto\AppData\Local\ms-playwright\chromium_headless_shell-1194\chrome-win\headless_shell.exe
    ╔═════════════════════════════════════════════════════════════════════════╗
    ║ Looks like Playwright Test or Playwright was just installed or updated. ║
    ║ Please run the following command to download new browsers:              ║
    ║                                                                         ║
    ║     npx playwright install                                              ║
    ║                                                                         ║
    ║ <3 Playwright Team                                                      ║
    ╚═════════════════════════════════════════════════════════════════════════╝

    attachment #1: trace (application/zip) ─────────────────────────────────────────────────────────
    ..\..\test-results\ui-consistency-Design-Syst-68cea-uld-have-consistent-styling-Desktop-Chrome\trace.zip
    Usage:

        npx playwright show-trace ..\..\test-results\ui-consistency-Design-Syst-68cea-uld-have-consistent-styling-Desktop-Chrome\trace.zip

    ────────────────────────────────────────────────────────────────────────────────────────────────
]]>
</failure>
<system-out>
<![CDATA[
[[ATTACHMENT|ui-consistency-Design-Syst-68cea-uld-have-consistent-styling-Desktop-Chrome\trace.zip]]
]]>
</system-out>
</testcase>
<testcase name="Design System Consistency › headings should follow hierarchy" classname="ui-consistency.spec.ts" time="0.018">
<failure message="ui-consistency.spec.ts:59:3 headings should follow hierarchy" type="FAILURE">
<![CDATA[  [Desktop Chrome] › ui-consistency.spec.ts:59:3 › Design System Consistency › headings should follow hierarchy 

    Error: browserType.launch: Executable doesn't exist at C:\Users\tomto\AppData\Local\ms-playwright\chromium_headless_shell-1194\chrome-win\headless_shell.exe
    ╔═════════════════════════════════════════════════════════════════════════╗
    ║ Looks like Playwright Test or Playwright was just installed or updated. ║
    ║ Please run the following command to download new browsers:              ║
    ║                                                                         ║
    ║     npx playwright install                                              ║
    ║                                                                         ║
    ║ <3 Playwright Team                                                      ║
    ╚═════════════════════════════════════════════════════════════════════════╝

    attachment #1: trace (application/zip) ─────────────────────────────────────────────────────────
    ..\..\test-results\ui-consistency-Design-Syst-bdd3c-ngs-should-follow-hierarchy-Desktop-Chrome\trace.zip
    Usage:

        npx playwright show-trace ..\..\test-results\ui-consistency-Design-Syst-bdd3c-ngs-should-follow-hierarchy-Desktop-Chrome\trace.zip

    ────────────────────────────────────────────────────────────────────────────────────────────────
]]>
</failure>
<system-out>
<![CDATA[
[[ATTACHMENT|ui-consistency-Design-Syst-bdd3c-ngs-should-follow-hierarchy-Desktop-Chrome\trace.zip]]
]]>
</system-out>
</testcase>
<testcase name="Design System Consistency › color tokens should use HSL format" classname="ui-consistency.spec.ts" time="0.014">
<failure message="ui-consistency.spec.ts:94:3 color tokens should use HSL format" type="FAILURE">
<![CDATA[  [Desktop Chrome] › ui-consistency.spec.ts:94:3 › Design System Consistency › color tokens should use HSL format 

    Error: browserType.launch: Executable doesn't exist at C:\Users\tomto\AppData\Local\ms-playwright\chromium_headless_shell-1194\chrome-win\headless_shell.exe
    ╔═════════════════════════════════════════════════════════════════════════╗
    ║ Looks like Playwright Test or Playwright was just installed or updated. ║
    ║ Please run the following command to download new browsers:              ║
    ║                                                                         ║
    ║     npx playwright install                                              ║
    ║                                                                         ║
    ║ <3 Playwright Team                                                      ║
    ╚═════════════════════════════════════════════════════════════════════════╝

    attachment #1: trace (application/zip) ─────────────────────────────────────────────────────────
    ..\..\test-results\ui-consistency-Design-Syst-9f870-okens-should-use-HSL-format-Desktop-Chrome\trace.zip
    Usage:

        npx playwright show-trace ..\..\test-results\ui-consistency-Design-Syst-9f870-okens-should-use-HSL-format-Desktop-Chrome\trace.zip

    ────────────────────────────────────────────────────────────────────────────────────────────────
]]>
</failure>
<system-out>
<![CDATA[
[[ATTACHMENT|ui-consistency-Design-Syst-9f870-okens-should-use-HSL-format-Desktop-Chrome\trace.zip]]
]]>
</system-out>
</testcase>
<testcase name="Design System Consistency › spacing should be consistent using design tokens" classname="ui-consistency.spec.ts" time="0.01">
<failure message="ui-consistency.spec.ts:117:3 spacing should be consistent using design tokens" type="FAILURE">
<![CDATA[  [Desktop Chrome] › ui-consistency.spec.ts:117:3 › Design System Consistency › spacing should be consistent using design tokens 

    Error: browserType.launch: Executable doesn't exist at C:\Users\tomto\AppData\Local\ms-playwright\chromium_headless_shell-1194\chrome-win\headless_shell.exe
    ╔═════════════════════════════════════════════════════════════════════════╗
    ║ Looks like Playwright Test or Playwright was just installed or updated. ║
    ║ Please run the following command to download new browsers:              ║
    ║                                                                         ║
    ║     npx playwright install                                              ║
    ║                                                                         ║
    ║ <3 Playwright Team                                                      ║
    ╚═════════════════════════════════════════════════════════════════════════╝

    attachment #1: trace (application/zip) ─────────────────────────────────────────────────────────
    ..\..\test-results\ui-consistency-Design-Syst-19989-sistent-using-design-tokens-Desktop-Chrome\trace.zip
    Usage:

        npx playwright show-trace ..\..\test-results\ui-consistency-Design-Syst-19989-sistent-using-design-tokens-Desktop-Chrome\trace.zip

    ────────────────────────────────────────────────────────────────────────────────────────────────
]]>
</failure>
<system-out>
<![CDATA[
[[ATTACHMENT|ui-consistency-Design-Syst-19989-sistent-using-design-tokens-Desktop-Chrome\trace.zip]]
]]>
</system-out>
</testcase>
<testcase name="Design System Consistency › icons should be consistent size within sections" classname="ui-consistency.spec.ts" time="0.013">
<failure message="ui-consistency.spec.ts:135:3 icons should be consistent size within sections" type="FAILURE">
<![CDATA[  [Desktop Chrome] › ui-consistency.spec.ts:135:3 › Design System Consistency › icons should be consistent size within sections 

    Error: browserType.launch: Executable doesn't exist at C:\Users\tomto\AppData\Local\ms-playwright\chromium_headless_shell-1194\chrome-win\headless_shell.exe
    ╔═════════════════════════════════════════════════════════════════════════╗
    ║ Looks like Playwright Test or Playwright was just installed or updated. ║
    ║ Please run the following command to download new browsers:              ║
    ║                                                                         ║
    ║     npx playwright install                                              ║
    ║                                                                         ║
    ║ <3 Playwright Team                                                      ║
    ╚═════════════════════════════════════════════════════════════════════════╝

    attachment #1: trace (application/zip) ─────────────────────────────────────────────────────────
    ..\..\test-results\ui-consistency-Design-Syst-32c4f-istent-size-within-sections-Desktop-Chrome\trace.zip
    Usage:

        npx playwright show-trace ..\..\test-results\ui-consistency-Design-Syst-32c4f-istent-size-within-sections-Desktop-Chrome\trace.zip

    ────────────────────────────────────────────────────────────────────────────────────────────────
]]>
</failure>
<system-out>
<![CDATA[
[[ATTACHMENT|ui-consistency-Design-Syst-32c4f-istent-size-within-sections-Desktop-Chrome\trace.zip]]
]]>
</system-out>
</testcase>
<testcase name="Design System Consistency › border radius should be consistent" classname="ui-consistency.spec.ts" time="0.01">
<failure message="ui-consistency.spec.ts:153:3 border radius should be consistent" type="FAILURE">
<![CDATA[  [Desktop Chrome] › ui-consistency.spec.ts:153:3 › Design System Consistency › border radius should be consistent 

    Error: browserType.launch: Executable doesn't exist at C:\Users\tomto\AppData\Local\ms-playwright\chromium_headless_shell-1194\chrome-win\headless_shell.exe
    ╔═════════════════════════════════════════════════════════════════════════╗
    ║ Looks like Playwright Test or Playwright was just installed or updated. ║
    ║ Please run the following command to download new browsers:              ║
    ║                                                                         ║
    ║     npx playwright install                                              ║
    ║                                                                         ║
    ║ <3 Playwright Team                                                      ║
    ╚═════════════════════════════════════════════════════════════════════════╝

    attachment #1: trace (application/zip) ─────────────────────────────────────────────────────────
    ..\..\test-results\ui-consistency-Design-Syst-83180-radius-should-be-consistent-Desktop-Chrome\trace.zip
    Usage:

        npx playwright show-trace ..\..\test-results\ui-consistency-Design-Syst-83180-radius-should-be-consistent-Desktop-Chrome\trace.zip

    ────────────────────────────────────────────────────────────────────────────────────────────────
]]>
</failure>
<system-out>
<![CDATA[
[[ATTACHMENT|ui-consistency-Design-Syst-83180-radius-should-be-consistent-Desktop-Chrome\trace.zip]]
]]>
</system-out>
</testcase>
<testcase name="Visual Feedback Consistency › hover states should be visible" classname="ui-consistency.spec.ts" time="0.011">
<failure message="ui-consistency.spec.ts:179:3 hover states should be visible" type="FAILURE">
<![CDATA[  [Desktop Chrome] › ui-consistency.spec.ts:179:3 › Visual Feedback Consistency › hover states should be visible 

    Error: browserType.launch: Executable doesn't exist at C:\Users\tomto\AppData\Local\ms-playwright\chromium_headless_shell-1194\chrome-win\headless_shell.exe
    ╔═════════════════════════════════════════════════════════════════════════╗
    ║ Looks like Playwright Test or Playwright was just installed or updated. ║
    ║ Please run the following command to download new browsers:              ║
    ║                                                                         ║
    ║     npx playwright install                                              ║
    ║                                                                         ║
    ║ <3 Playwright Team                                                      ║
    ╚═════════════════════════════════════════════════════════════════════════╝

    attachment #1: trace (application/zip) ─────────────────────────────────────────────────────────
    ..\..\test-results\ui-consistency-Visual-Feed-cb99d-er-states-should-be-visible-Desktop-Chrome\trace.zip
    Usage:

        npx playwright show-trace ..\..\test-results\ui-consistency-Visual-Feed-cb99d-er-states-should-be-visible-Desktop-Chrome\trace.zip

    ────────────────────────────────────────────────────────────────────────────────────────────────
]]>
</failure>
<system-out>
<![CDATA[
[[ATTACHMENT|ui-consistency-Visual-Feed-cb99d-er-states-should-be-visible-Desktop-Chrome\trace.zip]]
]]>
</system-out>
</testcase>
<testcase name="Visual Feedback Consistency › focus states should be visible" classname="ui-consistency.spec.ts" time="0.011">
<failure message="ui-consistency.spec.ts:223:3 focus states should be visible" type="FAILURE">
<![CDATA[  [Desktop Chrome] › ui-consistency.spec.ts:223:3 › Visual Feedback Consistency › focus states should be visible 

    Error: browserType.launch: Executable doesn't exist at C:\Users\tomto\AppData\Local\ms-playwright\chromium_headless_shell-1194\chrome-win\headless_shell.exe
    ╔═════════════════════════════════════════════════════════════════════════╗
    ║ Looks like Playwright Test or Playwright was just installed or updated. ║
    ║ Please run the following command to download new browsers:              ║
    ║                                                                         ║
    ║     npx playwright install                                              ║
    ║                                                                         ║
    ║ <3 Playwright Team                                                      ║
    ╚═════════════════════════════════════════════════════════════════════════╝

    attachment #1: trace (application/zip) ─────────────────────────────────────────────────────────
    ..\..\test-results\ui-consistency-Visual-Feed-98069-us-states-should-be-visible-Desktop-Chrome\trace.zip
    Usage:

        npx playwright show-trace ..\..\test-results\ui-consistency-Visual-Feed-98069-us-states-should-be-visible-Desktop-Chrome\trace.zip

    ────────────────────────────────────────────────────────────────────────────────────────────────
]]>
</failure>
<system-out>
<![CDATA[
[[ATTACHMENT|ui-consistency-Visual-Feed-98069-us-states-should-be-visible-Desktop-Chrome\trace.zip]]
]]>
</system-out>
</testcase>
<testcase name="Visual Feedback Consistency › disabled states should be visually distinct" classname="ui-consistency.spec.ts" time="0.007">
<failure message="ui-consistency.spec.ts:245:3 disabled states should be visually distinct" type="FAILURE">
<![CDATA[  [Desktop Chrome] › ui-consistency.spec.ts:245:3 › Visual Feedback Consistency › disabled states should be visually distinct 

    Error: browserType.launch: Executable doesn't exist at C:\Users\tomto\AppData\Local\ms-playwright\chromium_headless_shell-1194\chrome-win\headless_shell.exe
    ╔═════════════════════════════════════════════════════════════════════════╗
    ║ Looks like Playwright Test or Playwright was just installed or updated. ║
    ║ Please run the following command to download new browsers:              ║
    ║                                                                         ║
    ║     npx playwright install                                              ║
    ║                                                                         ║
    ║ <3 Playwright Team                                                      ║
    ╚═════════════════════════════════════════════════════════════════════════╝

    attachment #1: trace (application/zip) ─────────────────────────────────────────────────────────
    ..\..\test-results\ui-consistency-Visual-Feed-ecfc8-should-be-visually-distinct-Desktop-Chrome\trace.zip
    Usage:

        npx playwright show-trace ..\..\test-results\ui-consistency-Visual-Feed-ecfc8-should-be-visually-distinct-Desktop-Chrome\trace.zip

    ────────────────────────────────────────────────────────────────────────────────────────────────
]]>
</failure>
<system-out>
<![CDATA[
[[ATTACHMENT|ui-consistency-Visual-Feed-ecfc8-should-be-visually-distinct-Desktop-Chrome\trace.zip]]
]]>
</system-out>
</testcase>
<testcase name="Visual Feedback Consistency › loading states should be animated" classname="ui-consistency.spec.ts" time="0.009">
<failure message="ui-consistency.spec.ts:261:3 loading states should be animated" type="FAILURE">
<![CDATA[  [Desktop Chrome] › ui-consistency.spec.ts:261:3 › Visual Feedback Consistency › loading states should be animated 

    Error: browserType.launch: Executable doesn't exist at C:\Users\tomto\AppData\Local\ms-playwright\chromium_headless_shell-1194\chrome-win\headless_shell.exe
    ╔═════════════════════════════════════════════════════════════════════════╗
    ║ Looks like Playwright Test or Playwright was just installed or updated. ║
    ║ Please run the following command to download new browsers:              ║
    ║                                                                         ║
    ║     npx playwright install                                              ║
    ║                                                                         ║
    ║ <3 Playwright Team                                                      ║
    ╚═════════════════════════════════════════════════════════════════════════╝

    attachment #1: trace (application/zip) ─────────────────────────────────────────────────────────
    ..\..\test-results\ui-consistency-Visual-Feed-ec884-g-states-should-be-animated-Desktop-Chrome\trace.zip
    Usage:

        npx playwright show-trace ..\..\test-results\ui-consistency-Visual-Feed-ec884-g-states-should-be-animated-Desktop-Chrome\trace.zip

    ────────────────────────────────────────────────────────────────────────────────────────────────
]]>
</failure>
<system-out>
<![CDATA[
[[ATTACHMENT|ui-consistency-Visual-Feed-ec884-g-states-should-be-animated-Desktop-Chrome\trace.zip]]
]]>
</system-out>
</testcase>
<testcase name="Dark/Light Mode Consistency › should support theme switching" classname="ui-consistency.spec.ts" time="0.009">
<failure message="ui-consistency.spec.ts:284:3 should support theme switching" type="FAILURE">
<![CDATA[  [Desktop Chrome] › ui-consistency.spec.ts:284:3 › Dark/Light Mode Consistency › should support theme switching 

    Error: browserType.launch: Executable doesn't exist at C:\Users\tomto\AppData\Local\ms-playwright\chromium_headless_shell-1194\chrome-win\headless_shell.exe
    ╔═════════════════════════════════════════════════════════════════════════╗
    ║ Looks like Playwright Test or Playwright was just installed or updated. ║
    ║ Please run the following command to download new browsers:              ║
    ║                                                                         ║
    ║     npx playwright install                                              ║
    ║                                                                         ║
    ║ <3 Playwright Team                                                      ║
    ╚═════════════════════════════════════════════════════════════════════════╝

    attachment #1: trace (application/zip) ─────────────────────────────────────────────────────────
    ..\..\test-results\ui-consistency-Dark-Light--9b7c2-uld-support-theme-switching-Desktop-Chrome\trace.zip
    Usage:

        npx playwright show-trace ..\..\test-results\ui-consistency-Dark-Light--9b7c2-uld-support-theme-switching-Desktop-Chrome\trace.zip

    ────────────────────────────────────────────────────────────────────────────────────────────────
]]>
</failure>
<system-out>
<![CDATA[
[[ATTACHMENT|ui-consistency-Dark-Light--9b7c2-uld-support-theme-switching-Desktop-Chrome\trace.zip]]
]]>
</system-out>
</testcase>
<testcase name="Dark/Light Mode Consistency › all text should be readable in both themes" classname="ui-consistency.spec.ts" time="0.053">
<failure message="ui-consistency.spec.ts:314:3 all text should be readable in both themes" type="FAILURE">
<![CDATA[  [Desktop Chrome] › ui-consistency.spec.ts:314:3 › Dark/Light Mode Consistency › all text should be readable in both themes 

    Error: browserType.launch: Executable doesn't exist at C:\Users\tomto\AppData\Local\ms-playwright\chromium_headless_shell-1194\chrome-win\headless_shell.exe
    ╔═════════════════════════════════════════════════════════════════════════╗
    ║ Looks like Playwright Test or Playwright was just installed or updated. ║
    ║ Please run the following command to download new browsers:              ║
    ║                                                                         ║
    ║     npx playwright install                                              ║
    ║                                                                         ║
    ║ <3 Playwright Team                                                      ║
    ╚═════════════════════════════════════════════════════════════════════════╝

    attachment #1: trace (application/zip) ─────────────────────────────────────────────────────────
    ..\..\test-results\ui-consistency-Dark-Light--9c5dc--be-readable-in-both-themes-Desktop-Chrome\trace.zip
    Usage:

        npx playwright show-trace ..\..\test-results\ui-consistency-Dark-Light--9c5dc--be-readable-in-both-themes-Desktop-Chrome\trace.zip

    ────────────────────────────────────────────────────────────────────────────────────────────────
]]>
</failure>
<system-out>
<![CDATA[
[[ATTACHMENT|ui-consistency-Dark-Light--9c5dc--be-readable-in-both-themes-Desktop-Chrome\trace.zip]]
]]>
</system-out>
</testcase>
<testcase name="Animation Consistency › page transitions should be smooth" classname="ui-consistency.spec.ts" time="0.013">
<failure message="ui-consistency.spec.ts:348:3 page transitions should be smooth" type="FAILURE">
<![CDATA[  [Desktop Chrome] › ui-consistency.spec.ts:348:3 › Animation Consistency › page transitions should be smooth 

    Error: browserType.launch: Executable doesn't exist at C:\Users\tomto\AppData\Local\ms-playwright\chromium_headless_shell-1194\chrome-win\headless_shell.exe
    ╔═════════════════════════════════════════════════════════════════════════╗
    ║ Looks like Playwright Test or Playwright was just installed or updated. ║
    ║ Please run the following command to download new browsers:              ║
    ║                                                                         ║
    ║     npx playwright install                                              ║
    ║                                                                         ║
    ║ <3 Playwright Team                                                      ║
    ╚═════════════════════════════════════════════════════════════════════════╝

    attachment #1: trace (application/zip) ─────────────────────────────────────────────────────────
    ..\..\test-results\ui-consistency-Animation-C-eda51-ransitions-should-be-smooth-Desktop-Chrome\trace.zip
    Usage:

        npx playwright show-trace ..\..\test-results\ui-consistency-Animation-C-eda51-ransitions-should-be-smooth-Desktop-Chrome\trace.zip

    ────────────────────────────────────────────────────────────────────────────────────────────────
]]>
</failure>
<system-out>
<![CDATA[
[[ATTACHMENT|ui-consistency-Animation-C-eda51-ransitions-should-be-smooth-Desktop-Chrome\trace.zip]]
]]>
</system-out>
</testcase>
<testcase name="Animation Consistency › modal animations should be consistent" classname="ui-consistency.spec.ts" time="0.009">
<failure message="ui-consistency.spec.ts:370:3 modal animations should be consistent" type="FAILURE">
<![CDATA[  [Desktop Chrome] › ui-consistency.spec.ts:370:3 › Animation Consistency › modal animations should be consistent 

    Error: browserType.launch: Executable doesn't exist at C:\Users\tomto\AppData\Local\ms-playwright\chromium_headless_shell-1194\chrome-win\headless_shell.exe
    ╔═════════════════════════════════════════════════════════════════════════╗
    ║ Looks like Playwright Test or Playwright was just installed or updated. ║
    ║ Please run the following command to download new browsers:              ║
    ║                                                                         ║
    ║     npx playwright install                                              ║
    ║                                                                         ║
    ║ <3 Playwright Team                                                      ║
    ╚═════════════════════════════════════════════════════════════════════════╝

    attachment #1: trace (application/zip) ─────────────────────────────────────────────────────────
    ..\..\test-results\ui-consistency-Animation-C-53f5a-ations-should-be-consistent-Desktop-Chrome\trace.zip
    Usage:

        npx playwright show-trace ..\..\test-results\ui-consistency-Animation-C-53f5a-ations-should-be-consistent-Desktop-Chrome\trace.zip

    ────────────────────────────────────────────────────────────────────────────────────────────────
]]>
</failure>
<system-out>
<![CDATA[
[[ATTACHMENT|ui-consistency-Animation-C-53f5a-ations-should-be-consistent-Desktop-Chrome\trace.zip]]
]]>
</system-out>
</testcase>
<testcase name="Responsive Typography › font sizes should scale with viewport" classname="ui-consistency.spec.ts" time="0.009">
<failure message="ui-consistency.spec.ts:389:3 font sizes should scale with viewport" type="FAILURE">
<![CDATA[  [Desktop Chrome] › ui-consistency.spec.ts:389:3 › Responsive Typography › font sizes should scale with viewport 

    Error: browserType.launch: Executable doesn't exist at C:\Users\tomto\AppData\Local\ms-playwright\chromium_headless_shell-1194\chrome-win\headless_shell.exe
    ╔═════════════════════════════════════════════════════════════════════════╗
    ║ Looks like Playwright Test or Playwright was just installed or updated. ║
    ║ Please run the following command to download new browsers:              ║
    ║                                                                         ║
    ║     npx playwright install                                              ║
    ║                                                                         ║
    ║ <3 Playwright Team                                                      ║
    ╚═════════════════════════════════════════════════════════════════════════╝

    attachment #1: trace (application/zip) ─────────────────────────────────────────────────────────
    ..\..\test-results\ui-consistency-Responsive--6f2e0--should-scale-with-viewport-Desktop-Chrome\trace.zip
    Usage:

        npx playwright show-trace ..\..\test-results\ui-consistency-Responsive--6f2e0--should-scale-with-viewport-Desktop-Chrome\trace.zip

    ────────────────────────────────────────────────────────────────────────────────────────────────
]]>
</failure>
<system-out>
<![CDATA[
[[ATTACHMENT|ui-consistency-Responsive--6f2e0--should-scale-with-viewport-Desktop-Chrome\trace.zip]]
]]>
</system-out>
</testcase>
<testcase name="Responsive Typography › text should not overflow containers" classname="ui-consistency.spec.ts" time="0.009">
<failure message="ui-consistency.spec.ts:411:3 text should not overflow containers" type="FAILURE">
<![CDATA[  [Desktop Chrome] › ui-consistency.spec.ts:411:3 › Responsive Typography › text should not overflow containers 

    Error: browserType.launch: Executable doesn't exist at C:\Users\tomto\AppData\Local\ms-playwright\chromium_headless_shell-1194\chrome-win\headless_shell.exe
    ╔═════════════════════════════════════════════════════════════════════════╗
    ║ Looks like Playwright Test or Playwright was just installed or updated. ║
    ║ Please run the following command to download new browsers:              ║
    ║                                                                         ║
    ║     npx playwright install                                              ║
    ║                                                                         ║
    ║ <3 Playwright Team                                                      ║
    ╚═════════════════════════════════════════════════════════════════════════╝

    attachment #1: trace (application/zip) ─────────────────────────────────────────────────────────
    ..\..\test-results\ui-consistency-Responsive--92e1e-uld-not-overflow-containers-Desktop-Chrome\trace.zip
    Usage:

        npx playwright show-trace ..\..\test-results\ui-consistency-Responsive--92e1e-uld-not-overflow-containers-Desktop-Chrome\trace.zip

    ────────────────────────────────────────────────────────────────────────────────────────────────
]]>
</failure>
<system-out>
<![CDATA[
[[ATTACHMENT|ui-consistency-Responsive--92e1e-uld-not-overflow-containers-Desktop-Chrome\trace.zip]]
]]>
</system-out>
</testcase>
</testsuite>
</testsuites>